Archive member included because of file (symbol)

/Applications/lpcxpresso_4.2.4/lpcxpresso/Tools/bin/../lib/gcc/arm-none-eabi/4.6.2/armv7-m/libgcc.a(unwind-arm.o)
                              ./src/user_application.o (__aeabi_unwind_cpp_pr0)
/Applications/lpcxpresso_4.2.4/lpcxpresso/Tools/bin/../lib/gcc/arm-none-eabi/4.6.2/armv7-m/libgcc.a(libunwind.o)
                              /Applications/lpcxpresso_4.2.4/lpcxpresso/Tools/bin/../lib/gcc/arm-none-eabi/4.6.2/armv7-m/libgcc.a(unwind-arm.o) (restore_core_regs)
/Applications/lpcxpresso_4.2.4/lpcxpresso/Tools/bin/../lib/gcc/arm-none-eabi/4.6.2/armv7-m/libgcc.a(pr-support.o)
                              /Applications/lpcxpresso_4.2.4/lpcxpresso/Tools/bin/../lib/gcc/arm-none-eabi/4.6.2/armv7-m/libgcc.a(unwind-arm.o) (__gnu_unwind_execute)
/Applications/lpcxpresso_4.2.4/lpcxpresso/Tools/bin/../lib/gcc/arm-none-eabi/4.6.2/../../../../arm-none-eabi/lib/armv7-m/libc.a(lib_a-abort.o)
                              /Applications/lpcxpresso_4.2.4/lpcxpresso/Tools/bin/../lib/gcc/arm-none-eabi/4.6.2/armv7-m/libgcc.a(unwind-arm.o) (abort)
/Applications/lpcxpresso_4.2.4/lpcxpresso/Tools/bin/../lib/gcc/arm-none-eabi/4.6.2/../../../../arm-none-eabi/lib/armv7-m/libc.a(lib_a-init.o)
                              ./src/core/cr_startup_lpc11.o (__libc_init_array)
/Applications/lpcxpresso_4.2.4/lpcxpresso/Tools/bin/../lib/gcc/arm-none-eabi/4.6.2/../../../../arm-none-eabi/lib/armv7-m/libc.a(lib_a-malloc.o)
                              ./src/core/cr_cpp_config.o (malloc)
/Applications/lpcxpresso_4.2.4/lpcxpresso/Tools/bin/../lib/gcc/arm-none-eabi/4.6.2/../../../../arm-none-eabi/lib/armv7-m/libc.a(lib_a-mallocr.o)
                              /Applications/lpcxpresso_4.2.4/lpcxpresso/Tools/bin/../lib/gcc/arm-none-eabi/4.6.2/../../../../arm-none-eabi/lib/armv7-m/libc.a(lib_a-malloc.o) (_malloc_r)
/Applications/lpcxpresso_4.2.4/lpcxpresso/Tools/bin/../lib/gcc/arm-none-eabi/4.6.2/../../../../arm-none-eabi/lib/armv7-m/libc.a(lib_a-memcpy.o)
                              ./src/core/maryoled.o (memcpy)
/Applications/lpcxpresso_4.2.4/lpcxpresso/Tools/bin/../lib/gcc/arm-none-eabi/4.6.2/../../../../arm-none-eabi/lib/armv7-m/libc.a(lib_a-mlock.o)
                              /Applications/lpcxpresso_4.2.4/lpcxpresso/Tools/bin/../lib/gcc/arm-none-eabi/4.6.2/../../../../arm-none-eabi/lib/armv7-m/libc.a(lib_a-mallocr.o) (__malloc_lock)
/Applications/lpcxpresso_4.2.4/lpcxpresso/Tools/bin/../lib/gcc/arm-none-eabi/4.6.2/../../../../arm-none-eabi/lib/armv7-m/libc.a(lib_a-sbrkr.o)
                              /Applications/lpcxpresso_4.2.4/lpcxpresso/Tools/bin/../lib/gcc/arm-none-eabi/4.6.2/../../../../arm-none-eabi/lib/armv7-m/libc.a(lib_a-mallocr.o) (_sbrk_r)
/Applications/lpcxpresso_4.2.4/lpcxpresso/Tools/bin/../lib/gcc/arm-none-eabi/4.6.2/../../../../arm-none-eabi/lib/armv7-m/libc.a(lib_a-signal.o)
                              /Applications/lpcxpresso_4.2.4/lpcxpresso/Tools/bin/../lib/gcc/arm-none-eabi/4.6.2/../../../../arm-none-eabi/lib/armv7-m/libc.a(lib_a-abort.o) (raise)
/Applications/lpcxpresso_4.2.4/lpcxpresso/Tools/bin/../lib/gcc/arm-none-eabi/4.6.2/../../../../arm-none-eabi/lib/armv7-m/libc.a(lib_a-signalr.o)
                              /Applications/lpcxpresso_4.2.4/lpcxpresso/Tools/bin/../lib/gcc/arm-none-eabi/4.6.2/../../../../arm-none-eabi/lib/armv7-m/libc.a(lib_a-signal.o) (_kill_r)
/Applications/lpcxpresso_4.2.4/lpcxpresso/Tools/bin/../lib/gcc/arm-none-eabi/4.6.2/../../../../arm-none-eabi/lib/armv7-m/libc.a(lib_a-strlen.o)
                              ./src/core/Wire.o (strlen)
/Applications/lpcxpresso_4.2.4/lpcxpresso/Tools/bin/../lib/gcc/arm-none-eabi/4.6.2/../../../../arm-none-eabi/lib/armv7-m/libc.a(lib_a-freer.o)
                              /Applications/lpcxpresso_4.2.4/lpcxpresso/Tools/bin/../lib/gcc/arm-none-eabi/4.6.2/../../../../arm-none-eabi/lib/armv7-m/libc.a(lib_a-malloc.o) (_free_r)
/Applications/lpcxpresso_4.2.4/lpcxpresso/Tools/bin/../lib/gcc/arm-none-eabi/4.6.2/../../../../arm-none-eabi/lib/armv7-m/libc.a(lib_a-impure.o)
                              /Applications/lpcxpresso_4.2.4/lpcxpresso/Tools/bin/../lib/gcc/arm-none-eabi/4.6.2/../../../../arm-none-eabi/lib/armv7-m/libc.a(lib_a-malloc.o) (_impure_ptr)
/Applications/lpcxpresso_4.2.4/lpcxpresso/Tools/bin/../lib/gcc/arm-none-eabi/4.6.2/../../../../arm-none-eabi/lib/armv7-m/libc.a(lib_a-reent.o)
                              /Applications/lpcxpresso_4.2.4/lpcxpresso/Tools/bin/../lib/gcc/arm-none-eabi/4.6.2/../../../../arm-none-eabi/lib/armv7-m/libc.a(lib_a-sbrkr.o) (errno)
/Applications/lpcxpresso_4.2.4/lpcxpresso/Tools/bin/../lib/gcc/arm-none-eabi/4.6.2/../../../../arm-none-eabi/lib/armv7-m/libcr_newlib_nohost.a(_cr_sbrk.o)
                              /Applications/lpcxpresso_4.2.4/lpcxpresso/Tools/bin/../lib/gcc/arm-none-eabi/4.6.2/../../../../arm-none-eabi/lib/armv7-m/libc.a(lib_a-sbrkr.o) (_sbrk)
[...]
Memory Configuration

Name             Origin             Length             Attributes
MFlash32         0x0000000000000000 0x0000000000008000 xr
RamLoc8          0x0000000010000000 0x0000000000001000 xrw
*default*        0x0000000000000000 0xffffffffffffffff

Linker script and memory map

LOAD ./src/user_application.o
LOAD ./src/core/LiquidCrystal.o
LOAD ./src/core/Print.o
LOAD ./src/core/SPI.o
LOAD ./src/core/SPI1.o
LOAD ./src/core/SoftwareSerial.o
LOAD ./src/core/Wire.o
LOAD ./src/core/analogio.o
LOAD ./src/core/arithmetical.o
LOAD ./src/core/cr_cpp_config.o
LOAD ./src/core/cr_startup_lpc11.o
LOAD ./src/core/delay.o
LOAD ./src/core/gpio.o
LOAD ./src/core/gpio_int.o
LOAD ./src/core/maryoled.o
LOAD ./src/core/startup_mary.o
LOAD ./src/core/system_LPC11xx.o
LOAD ./src/core/uart.o
LOAD ./src/XBee/XBee.o
LOAD ./src/FatFs/SD.o
LOAD ./src/FatFs/pff.o
LOAD ./src/FatFs/sdcard.o
START GROUP
LOAD /Applications/lpcxpresso_4.2.4/lpcxpresso/Tools/bin/../lib/gcc/arm-none-eabi/4.6.2/armv7-m/libgcc.a
LOAD /Applications/lpcxpresso_4.2.4/lpcxpresso/Tools/bin/../lib/gcc/arm-none-eabi/4.6.2/../../../../arm-none-eabi/lib/armv7-m/libc.a
LOAD /Applications/lpcxpresso_4.2.4/lpcxpresso/Tools/bin/../lib/gcc/arm-none-eabi/4.6.2/../../../../arm-none-eabi/lib/armv7-m/libm.a
LOAD /Applications/lpcxpresso_4.2.4/lpcxpresso/Tools/bin/../lib/gcc/arm-none-eabi/4.6.2/../../../../arm-none-eabi/lib/armv7-m/libcr_newlib_nohost.a
LOAD /Applications/lpcxpresso_4.2.4/lpcxpresso/Tools/bin/../lib/gcc/arm-none-eabi/4.6.2/armv7-m/crti.o
LOAD /Applications/lpcxpresso_4.2.4/lpcxpresso/Tools/bin/../lib/gcc/arm-none-eabi/4.6.2/armv7-m/crtn.o
LOAD /Applications/lpcxpresso_4.2.4/lpcxpresso/Tools/bin/../lib/gcc/arm-none-eabi/4.6.2/armv7-m/crtbegin.o
LOAD /Applications/lpcxpresso_4.2.4/lpcxpresso/Tools/bin/../lib/gcc/arm-none-eabi/4.6.2/armv7-m/crtend.o
END GROUP
                0x0000000000008000                __top_MFlash32 = 0x8000
                0x0000000010001000                __top_RamLoc8 = 0x10001000

.text           0x0000000000000000     0x2a08
 FILL mask 0xff
 *(.isr_vector)
 .isr_vector    0x0000000000000000       0xc0 ./src/core/cr_startup_lpc11.o
                0x0000000000000000                g_pfnVectors
                0x00000000000000c0                . = ALIGN (0x4)
                0x00000000000000c0                __section_table_start = .
                0x00000000000000c0                __data_section_table = .
                0x00000000000000c0        0x4 LONG 0x2bc0 LOADADDR (.data)
                0x00000000000000c4        0x4 LONG 0x10000000 ADDR (.data)
                0x00000000000000c8        0x4 LONG 0x84c SIZEOF (.data)
                0x00000000000000cc                __data_section_table_end = .
                0x00000000000000cc                __bss_section_table = .
                0x00000000000000cc        0x4 LONG 0x1000084c ADDR (.bss)
                0x00000000000000d0        0x4 LONG 0x1cc SIZEOF (.bss)
                0x00000000000000d4                __bss_section_table_end = .
                0x00000000000000d4                __section_table_end = .
 *(.after_vectors*)
 .after_vectors
                0x00000000000000d4       0x74 ./src/core/cr_startup_lpc11.o
                0x00000000000000d4                NMI_Handler
                0x00000000000000d6                HardFault_Handler
                0x00000000000000d8                SVCall_Handler
                0x00000000000000da                PendSV_Handler
                0x00000000000000de                _Z9data_initjjj
                0x00000000000000f0                _Z8bss_initjj
                0x0000000000000100                ResetISR
                0x0000000000000144                UART_IRQHandler
                0x0000000000000144                SSP0_IRQHandler
                0x0000000000000144                ADC_IRQHandler
                0x0000000000000144                SSP1_IRQHandler
                0x0000000000000144                IntDefaultHandler
                0x0000000000000144                BOD_IRQHandler
                0x0000000000000144                WAKEUP_IRQHandler
                0x0000000000000144                I2C_IRQHandler
                0x0000000000000144                TIMER32_0_IRQHandler
                0x0000000000000144                WDT_IRQHandler
                0x0000000000000144                CAN_IRQHandler
 *(.text*)
 .text._Z5setupv
                0x0000000000000148       0x24 ./src/user_application.o
                0x0000000000000148                _Z5setupv
 .text._Z4loopv
                0x000000000000016c       0x24 ./src/user_application.o
                0x000000000000016c                _Z4loopv
 .text._ZN5Print7printlnEv
                0x0000000000000190       0x18 ./src/core/Print.o
                0x0000000000000190                _ZN5Print7printlnEv
 .text._ZN5Print5printEPKc
                0x00000000000001a8       0x1a ./src/core/Print.o
                0x00000000000001a8                _ZN5Print5printEPKc
 *fill*         0x00000000000001c2        0x2 00
 .text._ZN5Print5printEi12RADIX_FORMAT
                0x00000000000001c4      0x114 ./src/core/Print.o
                0x00000000000001c4                _ZN5Print5printEi12RADIX_FORMAT
 .text._ZN5Print7printlnEPKc
                0x00000000000002d8       0x12 ./src/core/Print.o
                0x00000000000002d8                _ZN5Print7printlnEPKc
 .text._ZN5Print7printlnEi12RADIX_FORMAT
                0x00000000000002ea       0x12 ./src/core/Print.o
                0x00000000000002ea                _ZN5Print7printlnEi12RADIX_FORMAT
 .text._ZN3SSPD2Ev
                0x00000000000002fc        0x2 ./src/core/SPI.o
                0x00000000000002fc                _ZN3SSPD2Ev
                0x00000000000002fc                _ZN3SSPD1Ev
 *fill*         0x00000000000002fe        0x2 00
 .text.ssp_begin
                0x0000000000000300       0xe8 ./src/core/SPI.o
                0x0000000000000300                ssp_begin
 .text._ZN3SSP5beginEv
                0x00000000000003e8        0xe ./src/core/SPI.o
                0x00000000000003e8                _ZN3SSP5beginEv
 .text._ZN3SSPC2Ev
                0x00000000000003f6       0x1c ./src/core/SPI.o
                0x00000000000003f6                _ZN3SSPC2Ev
                0x00000000000003f6                _ZN3SSPC1Ev
 *fill*         0x0000000000000412        0x2 00
 .text.startup._GLOBAL__sub_I_SPI
                0x0000000000000414       0x24 ./src/core/SPI.o
 .text._ZN4SSP1D2Ev
                0x0000000000000438        0x2 ./src/core/SPI1.o
                0x0000000000000438                _ZN4SSP1D2Ev
                0x0000000000000438                _ZN4SSP1D1Ev
 *fill*         0x000000000000043a        0x2 00
 .text.ssp1_begin
                0x000000000000043c       0xd4 ./src/core/SPI1.o
                0x000000000000043c                ssp1_begin
 .text._ZN4SSP15beginEv
                0x0000000000000510        0xe ./src/core/SPI1.o
                0x0000000000000510                _ZN4SSP15beginEv
 .text._ZN4SSP1C2Ev
                0x000000000000051e       0x1c ./src/core/SPI1.o
                0x000000000000051e                _ZN4SSP1C2Ev
                0x000000000000051e                _ZN4SSP1C1Ev
 *fill*         0x000000000000053a        0x2 00
 .text.startup._GLOBAL__sub_I_SPI1
                0x000000000000053c       0x24 ./src/core/SPI1.o
 .text.TIMER16_0_IRQHandler
                0x0000000000000560       0xec ./src/core/analogio.o
                0x0000000000000560                TIMER16_0_IRQHandler
 .text.TIMER16_1_IRQHandler
                0x000000000000064c        0x4 ./src/core/analogio.o
                0x000000000000064c                TIMER16_1_IRQHandler
 .text.__aeabi_atexit
                0x0000000000000650        0x4 ./src/core/cr_cpp_config.o
                0x0000000000000650                __aeabi_atexit
 .text.NVIC_SetPriority
                0x0000000000000654       0x64 ./src/core/delay.o
 .text.delay    0x00000000000006b8       0x1c ./src/core/delay.o
                0x00000000000006b8                delay
 .text.millis   0x00000000000006d4        0xc ./src/core/delay.o
                0x00000000000006d4                millis
 .text.setup_TIMER32_1
                0x00000000000006e0       0x30 ./src/core/delay.o
                0x00000000000006e0                setup_TIMER32_1
 .text.TIMER32_1_IRQHandler
                0x0000000000000710       0x28 ./src/core/delay.o
                0x0000000000000710                TIMER32_1_IRQHandler
 .text.SysTick_Handler
                0x0000000000000738       0x10 ./src/core/delay.o
                0x0000000000000738                SysTick_Handler
 .text.setup_systick
                0x0000000000000748       0x50 ./src/core/delay.o
                0x0000000000000748                setup_systick
 .text.pinMode  0x0000000000000798      0x110 ./src/core/gpio.o
                0x0000000000000798                pinMode
 .text.digitalWrite
                0x00000000000008a8       0xf8 ./src/core/gpio.o
                0x00000000000008a8                digitalWrite
 .text.GPIOIntStatus
                0x00000000000009a0       0x58 ./src/core/gpio.o
                0x00000000000009a0                GPIOIntStatus
 .text.GPIOIntClear
                0x00000000000009f8       0x6c ./src/core/gpio.o
                0x00000000000009f8                GPIOIntClear
 .text.GPIO_IRQHandler
                0x0000000000000a64       0x2c ./src/core/gpio_int.o
                0x0000000000000a64                GPIO_IRQHandler
 .text.PIOINT0_IRQHandler
                0x0000000000000a90        0x4 ./src/core/gpio_int.o
                0x0000000000000a90                PIOINT0_IRQHandler
 .text.PIOINT1_IRQHandler
                0x0000000000000a94        0x4 ./src/core/gpio_int.o
                0x0000000000000a94                PIOINT1_IRQHandler
 .text.PIOINT2_IRQHandler
                0x0000000000000a98        0x4 ./src/core/gpio_int.o
                0x0000000000000a98                PIOINT2_IRQHandler
 .text.PIOINT3_IRQHandler
                0x0000000000000a9c        0x4 ./src/core/gpio_int.o
                0x0000000000000a9c                PIOINT3_IRQHandler
 .text._ZN8MARYOLEDD2Ev
                0x0000000000000aa0        0x2 ./src/core/maryoled.o
                0x0000000000000aa0                _ZN8MARYOLEDD1Ev
                0x0000000000000aa0                _ZN8MARYOLEDD2Ev
 .text._ZN8MARYOLEDC2Ev
                0x0000000000000aa2       0x20 ./src/core/maryoled.o
                0x0000000000000aa2                _ZN8MARYOLEDC1Ev
                0x0000000000000aa2                _ZN8MARYOLEDC2Ev
 *fill*         0x0000000000000ac2        0x2 00
 .text.startup._GLOBAL__sub_I_oled
                0x0000000000000ac4       0x24 ./src/core/maryoled.o
 .text.startup.main
                0x0000000000000ae8       0x14 ./src/core/startup_mary.o
                0x0000000000000ae8                main
 .text.SystemInit
                0x0000000000000afc       0x80 ./src/core/system_LPC11xx.o
                0x0000000000000afc                SystemInit
 .text._ZN7USerialD2Ev
                0x0000000000000b7c        0xc ./src/core/uart.o
                0x0000000000000b7c                _ZN7USerialD1Ev
                0x0000000000000b7c                _ZN7USerialD2Ev
 .text._ZN7USerial5writeEc
                0x0000000000000b88       0x14 ./src/core/uart.o
                0x0000000000000b88                _ZN7USerial5writeEc
 .text._ZN7USerial5beginEi
                0x0000000000000b9c       0x90 ./src/core/uart.o
                0x0000000000000b9c                _ZN7USerial5beginEi
 .text.startup._GLOBAL__sub_I_Serial
                0x0000000000000c2c       0x28 ./src/core/uart.o
 .text.startup._GLOBAL__sub_I__ZN12XBeeResponseC2Ev
                0x0000000000000c54       0x14 ./src/XBee/XBee.o
 .text._ZN7PETITFSD2Ev
                0x0000000000000c68        0x2 ./src/FatFs/SD.o
                0x0000000000000c68                _ZN7PETITFSD2Ev
                0x0000000000000c68                _ZN7PETITFSD1Ev
 *fill*         0x0000000000000c6a        0x2 00
 .text.startup._GLOBAL__sub_I_SDFile
                0x0000000000000c6c       0x1c ./src/FatFs/SD.o
 .text          0x0000000000000c88      0xb4c /Applications/lpcxpresso_4.2.4/lpcxpresso/Tools/bin/../lib/gcc/arm-none-eabi/4.6.2/armv7-m/libgcc.a(unwind-arm.o)
                0x0000000000000f30                _Unwind_VRS_Get
                0x0000000000000f70                _Unwind_VRS_Set
                0x00000000000012c8                __aeabi_unwind_cpp_pr2
                0x00000000000012cc                __aeabi_unwind_cpp_pr1
                0x00000000000012d0                __aeabi_unwind_cpp_pr0
                0x00000000000012d4                _Unwind_VRS_Pop
                0x0000000000001688                _Unwind_GetCFA
                0x000000000000168c                __gnu_Unwind_RaiseException
                0x00000000000016ec                __gnu_Unwind_ForcedUnwind
                0x0000000000001700                __gnu_Unwind_Resume
                0x000000000000173c                __gnu_Unwind_Resume_or_Rethrow
                0x000000000000174c                _Unwind_Complete
                0x0000000000001750                _Unwind_DeleteException
                0x0000000000001760                __gnu_Unwind_Backtrace
 .text          0x00000000000017d4      0x1ac /Applications/lpcxpresso_4.2.4/lpcxpresso/Tools/bin/../lib/gcc/arm-none-eabi/4.6.2/armv7-m/libgcc.a(libunwind.o)
                0x00000000000017d4                __restore_core_regs
                0x00000000000017d4                restore_core_regs
                0x00000000000017ec                __gnu_Unwind_Restore_VFP
                0x00000000000017f4                __gnu_Unwind_Save_VFP
                0x00000000000017fc                __gnu_Unwind_Restore_VFP_D
                0x0000000000001804                __gnu_Unwind_Save_VFP_D
                0x000000000000180c                __gnu_Unwind_Restore_VFP_D_16_to_31
                0x0000000000001814                __gnu_Unwind_Save_VFP_D_16_to_31
                0x000000000000181c                __gnu_Unwind_Restore_WMMXD
                0x0000000000001860                __gnu_Unwind_Save_WMMXD
                0x00000000000018a4                __gnu_Unwind_Restore_WMMXC
                0x00000000000018b8                __gnu_Unwind_Save_WMMXC
                0x00000000000018cc                _Unwind_RaiseException
                0x00000000000018cc                ___Unwind_RaiseException
                0x00000000000018f0                ___Unwind_Resume
                0x00000000000018f0                _Unwind_Resume
                0x0000000000001914                ___Unwind_Resume_or_Rethrow
                0x0000000000001914                _Unwind_Resume_or_Rethrow
                0x0000000000001938                _Unwind_ForcedUnwind
                0x0000000000001938                ___Unwind_ForcedUnwind
                0x000000000000195c                _Unwind_Backtrace
                0x000000000000195c                ___Unwind_Backtrace
 .text          0x0000000000001980      0x374 /Applications/lpcxpresso_4.2.4/lpcxpresso/Tools/bin/../lib/gcc/arm-none-eabi/4.6.2/armv7-m/libgcc.a(pr-support.o)
                0x00000000000019d4                __gnu_unwind_execute
                0x0000000000001c9c                __gnu_unwind_frame
                0x0000000000001cc4                _Unwind_GetRegionStart
                0x0000000000001cd0                _Unwind_GetLanguageSpecificData
                0x0000000000001ce4                _Unwind_GetDataRelBase
                0x0000000000001cec                _Unwind_GetTextRelBase
 .text          0x0000000000001cf4       0x10 /Applications/lpcxpresso_4.2.4/lpcxpresso/Tools/bin/../lib/gcc/arm-none-eabi/4.6.2/../../../../arm-none-eabi/lib/armv7-m/libc.a(lib_a-abort.o)
                0x0000000000001cf4                abort
 .text          0x0000000000001d04       0x48 /Applications/lpcxpresso_4.2.4/lpcxpresso/Tools/bin/../lib/gcc/arm-none-eabi/4.6.2/../../../../arm-none-eabi/lib/armv7-m/libc.a(lib_a-init.o)
                0x0000000000001d04                __libc_init_array
 .text          0x0000000000001d4c      0x51c /Applications/lpcxpresso_4.2.4/lpcxpresso/Tools/bin/../lib/gcc/arm-none-eabi/4.6.2/../../../../arm-none-eabi/lib/armv7-m/libc.a(lib_a-mallocr.o)
                0x0000000000001d4c                _malloc_r
 .text          0x0000000000002268       0x84 /Applications/lpcxpresso_4.2.4/lpcxpresso/Tools/bin/../lib/gcc/arm-none-eabi/4.6.2/../../../../arm-none-eabi/lib/armv7-m/libc.a(lib_a-memcpy.o)
                0x0000000000002268                memcpy
 .text          0x00000000000022ec        0x8 /Applications/lpcxpresso_4.2.4/lpcxpresso/Tools/bin/../lib/gcc/arm-none-eabi/4.6.2/../../../../arm-none-eabi/lib/armv7-m/libc.a(lib_a-mlock.o)
                0x00000000000022ec                __malloc_lock
                0x00000000000022f0                __malloc_unlock
 .text          0x00000000000022f4       0x24 /Applications/lpcxpresso_4.2.4/lpcxpresso/Tools/bin/../lib/gcc/arm-none-eabi/4.6.2/../../../../arm-none-eabi/lib/armv7-m/libc.a(lib_a-sbrkr.o)
                0x00000000000022f4                _sbrk_r
 .text          0x0000000000002318      0x160 /Applications/lpcxpresso_4.2.4/lpcxpresso/Tools/bin/../lib/gcc/arm-none-eabi/4.6.2/../../../../arm-none-eabi/lib/armv7-m/libc.a(lib_a-signal.o)
                0x0000000000002318                _init_signal_r
                0x000000000000234c                _signal_r
                0x000000000000238c                _raise_r
                0x00000000000023e4                __sigtramp_r
                0x0000000000002438                raise
                0x0000000000002448                signal
                0x000000000000245c                _init_signal
                0x0000000000002468                __sigtramp
 .text          0x0000000000002478       0x2c /Applications/lpcxpresso_4.2.4/lpcxpresso/Tools/bin/../lib/gcc/arm-none-eabi/4.6.2/../../../../arm-none-eabi/lib/armv7-m/libc.a(lib_a-signalr.o)
                0x0000000000002478                _kill_r
                0x00000000000024a0                _getpid_r
 .text          0x00000000000024a4      0x22c /Applications/lpcxpresso_4.2.4/lpcxpresso/Tools/bin/../lib/gcc/arm-none-eabi/4.6.2/../../../../arm-none-eabi/lib/armv7-m/libc.a(lib_a-freer.o)
                0x00000000000024a4                _malloc_trim_r
                0x0000000000002544                _free_r
 .text          0x00000000000026d0       0x3c /Applications/lpcxpresso_4.2.4/lpcxpresso/Tools/bin/../lib/gcc/arm-none-eabi/4.6.2/../../../../arm-none-eabi/lib/armv7-m/libcr_newlib_nohost.a(_cr_sbrk.o)
                0x00000000000026d0                _sbrk
 .text          0x000000000000270c        0x2 /Applications/lpcxpresso_4.2.4/lpcxpresso/Tools/bin/../lib/gcc/arm-none-eabi/4.6.2/../../../../arm-none-eabi/lib/armv7-m/libcr_newlib_nohost.a(_exit.o)
                0x000000000000270c                _exit
 *fill*         0x000000000000270e        0x2 00
 .text          0x0000000000002710       0x10 /Applications/lpcxpresso_4.2.4/lpcxpresso/Tools/bin/../lib/gcc/arm-none-eabi/4.6.2/../../../../arm-none-eabi/lib/armv7-m/libcr_newlib_nohost.a(getpid.o)
                0x0000000000002710                _getpid
 .text          0x0000000000002720       0x10 /Applications/lpcxpresso_4.2.4/lpcxpresso/Tools/bin/../lib/gcc/arm-none-eabi/4.6.2/../../../../arm-none-eabi/lib/armv7-m/libcr_newlib_nohost.a(kill.o)
                0x0000000000002720                _kill
 .text          0x0000000000002730       0x2c /Applications/lpcxpresso_4.2.4/lpcxpresso/Tools/bin/../lib/gcc/arm-none-eabi/4.6.2/../../../../arm-none-eabi/lib/armv7-m/libcr_newlib_nohost.a(_cr_check_heap.o)
                0x0000000000002730                __check_heap_overflow
 .text          0x000000000000275c       0x54 /Applications/lpcxpresso_4.2.4/lpcxpresso/Tools/bin/../lib/gcc/arm-none-eabi/4.6.2/armv7-m/crtbegin.o
 .text          0x00000000000027b0        0xc /Applications/lpcxpresso_4.2.4/lpcxpresso/Tools/bin/../lib/gcc/arm-none-eabi/4.6.2/../../../../arm-none-eabi/lib/armv7-m/libc.a(lib_a-errno.o)
                0x00000000000027b0                __errno
 *(.rodata .rodata.*)
 .rodata.str1.1
                0x00000000000027bc        0xb ./src/user_application.o
 .rodata._ZL9radix_hex
                0x00000000000027c7       0x11 ./src/core/Print.o
 .rodata._ZL9radix_dec
                0x00000000000027d8        0xb ./src/core/Print.o
 .rodata._ZL9radix_oct
                0x00000000000027e3        0x9 ./src/core/Print.o
 .rodata._ZL9radix_bin
                0x00000000000027ec        0x3 ./src/core/Print.o
 .rodata._ZL9IOCON_LUT
                0x00000000000027ef       0x30 ./src/core/gpio.o
 *fill*         0x000000000000281f        0x1 00
 .rodata._ZL8LPC_GPIO
                0x0000000000002820       0x10 ./src/core/gpio.o
 .rodata._ZL14mary_pinAssign
                0x0000000000002830       0xe0 ./src/core/gpio.o
 .rodata._ZL17arduino_pinAssign
                0x0000000000002910       0xb0 ./src/core/gpio.o
 .rodata._ZTV7USerial
                0x00000000000029c0       0x10 ./src/core/uart.o
                0x00000000000029c0                _ZTV7USerial
 .rodata.str1.4
                0x00000000000029d0        0x4 /Applications/lpcxpresso_4.2.4/lpcxpresso/Tools/bin/../lib/gcc/arm-none-eabi/4.6.2/../../../../arm-none-eabi/lib/armv7-m/libc.a(lib_a-impure.o)
                0x00000000000029d4                . = ALIGN (0x4)
                0x00000000000029d4                . = ALIGN (0x4)
 *(.init)
 .init          0x00000000000029d4        0x4 /Applications/lpcxpresso_4.2.4/lpcxpresso/Tools/bin/../lib/gcc/arm-none-eabi/4.6.2/armv7-m/crti.o
                0x00000000000029d4                _init
 .init          0x00000000000029d8        0x8 /Applications/lpcxpresso_4.2.4/lpcxpresso/Tools/bin/../lib/gcc/arm-none-eabi/4.6.2/armv7-m/crtn.o
                0x00000000000029e0                . = ALIGN (0x4)
                0x00000000000029e0                __preinit_array_start = .
 *(.preinit_array)
                0x00000000000029e0                __preinit_array_end = .
                0x00000000000029e0                . = ALIGN (0x4)
                0x00000000000029e0                __init_array_start = .
 *(SORT(.init_array.*))
 *(.init_array)
 .init_array    0x00000000000029e0        0x4 ./src/core/SPI.o
 .init_array    0x00000000000029e4        0x4 ./src/core/SPI1.o
 .init_array    0x00000000000029e8        0x4 ./src/core/maryoled.o
 .init_array    0x00000000000029ec        0x4 ./src/core/uart.o
 .init_array    0x00000000000029f0        0x4 ./src/XBee/XBee.o
 .init_array    0x00000000000029f4        0x4 ./src/FatFs/SD.o
 .init_array    0x00000000000029f8        0x4 /Applications/lpcxpresso_4.2.4/lpcxpresso/Tools/bin/../lib/gcc/arm-none-eabi/4.6.2/armv7-m/crtbegin.o
                0x00000000000029fc                __init_array_end = .
 *(.fini)
 .fini          0x00000000000029fc        0x4 /Applications/lpcxpresso_4.2.4/lpcxpresso/Tools/bin/../lib/gcc/arm-none-eabi/4.6.2/armv7-m/crti.o
                0x00000000000029fc                _fini
 .fini          0x0000000000002a00        0x8 /Applications/lpcxpresso_4.2.4/lpcxpresso/Tools/bin/../lib/gcc/arm-none-eabi/4.6.2/armv7-m/crtn.o
                0x0000000000002a08                . = ALIGN (0x4)
 *crtbegin.o(.ctors)
 *(EXCLUDE_FILE(*crtend.o) .ctors)
 *(SORT(.ctors.*))
 *crtend.o(.ctors)
                0x0000000000002a08                . = ALIGN (0x4)
 *crtbegin.o(.dtors)
 *(EXCLUDE_FILE(*crtend.o) .dtors)
 *(SORT(.dtors.*))
 *crtend.o(.dtors)

.glue_7         0x0000000000002a08        0x0
 .glue_7        0x0000000000000000        0x0 linker stubs

.glue_7t        0x0000000000002a08        0x0
 .glue_7t       0x0000000000000000        0x0 linker stubs

.vfp11_veneer   0x0000000000002a08        0x0
 .vfp11_veneer  0x0000000000000000        0x0 linker stubs

.v4_bx          0x0000000000002a08        0x0
 .v4_bx         0x0000000000000000        0x0 linker stubs

.ARM.extab      0x0000000000002a08       0x3c
 *(.ARM.extab* .gnu.linkonce.armextab.*)
 .ARM.extab.text.startup.main
                0x0000000000002a08        0xc ./src/core/startup_mary.o
 .ARM.extab     0x0000000000002a14       0x18 /Applications/lpcxpresso_4.2.4/lpcxpresso/Tools/bin/../lib/gcc/arm-none-eabi/4.6.2/armv7-m/libgcc.a(unwind-arm.o)
 .ARM.extab     0x0000000000002a2c       0x18 /Applications/lpcxpresso_4.2.4/lpcxpresso/Tools/bin/../lib/gcc/arm-none-eabi/4.6.2/armv7-m/libgcc.a(pr-support.o)
                0x0000000000002a44                __exidx_start = .

.eh_frame       0x0000000000002a44        0x0
 .eh_frame      0x0000000000002a44        0x0 /Applications/lpcxpresso_4.2.4/lpcxpresso/Tools/bin/../lib/gcc/arm-none-eabi/4.6.2/armv7-m/crtbegin.o

.ARM.exidx      0x0000000000002a44      0x178
 *(.ARM.exidx* .gnu.linkonce.armexidx.*)
 .ARM.exidx.text._Z5setupv
                0x0000000000002a5c        0x8 ./src/user_application.o
 .ARM.exidx.text._Z4loopv
                0x0000000000002a64        0x0 ./src/user_application.o
                                          0x8 (size before relaxing)
 .ARM.exidx.text._ZN5Print7printlnEv
                0x0000000000002a64        0x0 ./src/core/Print.o
                                          0x8 (size before relaxing)
 .ARM.exidx.text._ZN5Print5printEPKc
                0x0000000000002a64        0x8 ./src/core/Print.o
 .ARM.exidx.text._ZN5Print5printEi12RADIX_FORMAT
                0x0000000000002a6c        0x8 ./src/core/Print.o
 .ARM.exidx.text._ZN5Print7printlnEPKc
                0x0000000000002a74        0x8 ./src/core/Print.o
 .ARM.exidx.text._ZN5Print7printlnEi12RADIX_FORMAT
                0x0000000000002a7c        0x0 ./src/core/Print.o
                                          0x8 (size before relaxing)
 .ARM.exidx.text._ZN3SSPD2Ev
                0x0000000000002a7c        0x8 ./src/core/SPI.o
 .ARM.exidx.text.ssp_begin
                0x0000000000002a84        0x8 ./src/core/SPI.o
 .ARM.exidx.text._ZN3SSP5beginEv
                0x0000000000002a8c        0x8 ./src/core/SPI.o
 .ARM.exidx.text._ZN3SSPC2Ev
                0x0000000000002a94        0x8 ./src/core/SPI.o
 .ARM.exidx.text.startup._GLOBAL__sub_I_SPI
                0x0000000000002a9c        0x8 ./src/core/SPI.o
 .ARM.exidx.text._ZN4SSP1D2Ev
                0x0000000000002aa4        0x0 ./src/core/SPI1.o
                                          0x8 (size before relaxing)
 .ARM.exidx.text.ssp1_begin
                0x0000000000002aa4        0x8 ./src/core/SPI1.o
 .ARM.exidx.text._ZN4SSP15beginEv
                0x0000000000002aac        0x8 ./src/core/SPI1.o
 .ARM.exidx.text._ZN4SSP1C2Ev
                0x0000000000002ab4        0x8 ./src/core/SPI1.o
 .ARM.exidx.text.startup._GLOBAL__sub_I_SPI1
                0x0000000000002abc        0x8 ./src/core/SPI1.o
 .ARM.exidx.text.TIMER16_0_IRQHandler
                0x0000000000002ac4        0x8 ./src/core/analogio.o
 .ARM.exidx.text.TIMER16_1_IRQHandler
                0x0000000000002acc        0x8 ./src/core/analogio.o
 .ARM.exidx.text.__aeabi_atexit
                0x0000000000002ad4        0x0 ./src/core/cr_cpp_config.o
                                          0x8 (size before relaxing)
 .ARM.exidx.after_vectors
                0x0000000000002a44       0x18 ./src/core/cr_startup_lpc11.o
                                         0x48 (size before relaxing)
 .ARM.exidx.text.NVIC_SetPriority
                0x0000000000002ad4        0x0 ./src/core/delay.o
                                          0x8 (size before relaxing)
 .ARM.exidx.text.delay
                0x0000000000002ad4        0x0 ./src/core/delay.o
                                          0x8 (size before relaxing)
 .ARM.exidx.text.millis
                0x0000000000002ad4        0x0 ./src/core/delay.o
                                          0x8 (size before relaxing)
 .ARM.exidx.text.setup_TIMER32_1
                0x0000000000002ad4        0x0 ./src/core/delay.o
                                          0x8 (size before relaxing)
 .ARM.exidx.text.TIMER32_1_IRQHandler
                0x0000000000002ad4        0x8 ./src/core/delay.o
 .ARM.exidx.text.SysTick_Handler
                0x0000000000002adc        0x8 ./src/core/delay.o
 .ARM.exidx.text.setup_systick
                0x0000000000002ae4        0x0 ./src/core/delay.o
                                          0x8 (size before relaxing)
 .ARM.exidx.text.pinMode
                0x0000000000002ae4        0x0 ./src/core/gpio.o
                                          0x8 (size before relaxing)
 .ARM.exidx.text.digitalWrite
                0x0000000000002ae4        0x0 ./src/core/gpio.o
                                          0x8 (size before relaxing)
 .ARM.exidx.text.GPIOIntStatus
                0x0000000000002ae4        0x0 ./src/core/gpio.o
                                          0x8 (size before relaxing)
 .ARM.exidx.text.GPIOIntClear
                0x0000000000002ae4        0x0 ./src/core/gpio.o
                                          0x8 (size before relaxing)
 .ARM.exidx.text.GPIO_IRQHandler
                0x0000000000002ae4        0x8 ./src/core/gpio_int.o
 .ARM.exidx.text.PIOINT0_IRQHandler
                0x0000000000002aec        0x8 ./src/core/gpio_int.o
 .ARM.exidx.text.PIOINT1_IRQHandler
                0x0000000000002af4        0x0 ./src/core/gpio_int.o
                                          0x8 (size before relaxing)
 .ARM.exidx.text.PIOINT2_IRQHandler
                0x0000000000002af4        0x0 ./src/core/gpio_int.o
                                          0x8 (size before relaxing)
 .ARM.exidx.text.PIOINT3_IRQHandler
                0x0000000000002af4        0x0 ./src/core/gpio_int.o
                                          0x8 (size before relaxing)
 .ARM.exidx.text._ZN8MARYOLEDD2Ev
                0x0000000000002af4        0x0 ./src/core/maryoled.o
                                          0x8 (size before relaxing)
 .ARM.exidx.text._ZN8MARYOLEDC2Ev
                0x0000000000002af4        0x0 ./src/core/maryoled.o
                                          0x8 (size before relaxing)
 .ARM.exidx.text.startup._GLOBAL__sub_I_oled
                0x0000000000002af4        0x0 ./src/core/maryoled.o
                                          0x8 (size before relaxing)
 .ARM.exidx.text.startup.main
                0x0000000000002af4        0x8 ./src/core/startup_mary.o
 .ARM.exidx.text.SystemInit
                0x0000000000002afc        0x8 ./src/core/system_LPC11xx.o
 .ARM.exidx.text._ZN7USerialD2Ev
                0x0000000000002b04        0x0 ./src/core/uart.o
                                          0x8 (size before relaxing)
 .ARM.exidx.text._ZN7USerial5writeEc
                0x0000000000002b04        0x0 ./src/core/uart.o
                                          0x8 (size before relaxing)
 .ARM.exidx.text._ZN7USerial5beginEi
                0x0000000000002b04        0x0 ./src/core/uart.o
                                          0x8 (size before relaxing)
 .ARM.exidx.text.startup._GLOBAL__sub_I_Serial
                0x0000000000002b04        0x0 ./src/core/uart.o
                                          0x8 (size before relaxing)
 .ARM.exidx.text.startup._GLOBAL__sub_I__ZN12XBeeResponseC2Ev
                0x0000000000002b04        0x0 ./src/XBee/XBee.o
                                          0x8 (size before relaxing)
 .ARM.exidx.text._ZN7PETITFSD2Ev
                0x0000000000002b04        0x0 ./src/FatFs/SD.o
                                          0x8 (size before relaxing)
 .ARM.exidx.text.startup._GLOBAL__sub_I_SDFile
                0x0000000000002b04        0x0 ./src/FatFs/SD.o
                                          0x8 (size before relaxing)
 .ARM.exidx     0x0000000000002b04       0x80 /Applications/lpcxpresso_4.2.4/lpcxpresso/Tools/bin/../lib/gcc/arm-none-eabi/4.6.2/armv7-m/libgcc.a(unwind-arm.o)
                                         0xc0 (size before relaxing)
 .ARM.exidx     0x0000000000002b84       0x38 /Applications/lpcxpresso_4.2.4/lpcxpresso/Tools/bin/../lib/gcc/arm-none-eabi/4.6.2/armv7-m/libgcc.a(pr-support.o)
                                         0x48 (size before relaxing)
                0x0000000000002bbc                __exidx_end = .
                0x0000000000002bbc                _etext = .

.uninit_RESERVED
 *(.bss.$RESERVED*)

.data           0x0000000010000000      0x84c load address 0x0000000000002bc0
 FILL mask 0xff
                0x0000000010000000                _data = .
 *(vtable)
 *(.data*)
 .data.SystemCoreClock
                0x0000000010000000        0x4 ./src/core/system_LPC11xx.o
                0x0000000010000000                SystemCoreClock
 .data          0x0000000010000004      0x410 /Applications/lpcxpresso_4.2.4/lpcxpresso/Tools/bin/../lib/gcc/arm-none-eabi/4.6.2/../../../../arm-none-eabi/lib/armv7-m/libc.a(lib_a-mallocr.o)
                0x0000000010000004                __malloc_av_
                0x000000001000040c                __malloc_sbrk_base
                0x0000000010000410                __malloc_trim_threshold
 *fill*         0x0000000010000414        0x4 00
 .data          0x0000000010000418      0x430 /Applications/lpcxpresso_4.2.4/lpcxpresso/Tools/bin/../lib/gcc/arm-none-eabi/4.6.2/../../../../arm-none-eabi/lib/armv7-m/libc.a(lib_a-impure.o)
                0x0000000010000418                _impure_ptr
 .data          0x0000000010000848        0x4 /Applications/lpcxpresso_4.2.4/lpcxpresso/Tools/bin/../lib/gcc/arm-none-eabi/4.6.2/armv7-m/crtbegin.o
                0x0000000010000848                __dso_handle
                0x000000001000084c                . = ALIGN (0x4)
                0x000000001000084c                _edata = .

.jcr            0x000000001000084c        0x0 load address 0x000000000000340c
 .jcr           0x000000001000084c        0x0 /Applications/lpcxpresso_4.2.4/lpcxpresso/Tools/bin/../lib/gcc/arm-none-eabi/4.6.2/armv7-m/crtbegin.o

.bss            0x000000001000084c      0x1cc load address 0x000000000000340c
                0x000000001000084c                _bss = .
 *(.bss*)
 .bss.SPI       0x000000001000084c        0x8 ./src/core/SPI.o
                0x000000001000084c                SPI
 .bss.SPI1      0x0000000010000854        0x8 ./src/core/SPI1.o
                0x0000000010000854                SPI1
 .bss._ZL11pwm_pin_num
                0x000000001000085c       0x10 ./src/core/analogio.o
 .bss._ZL14pwm_duty_value
                0x000000001000086c       0x10 ./src/core/analogio.o
 .bss.userfunc  0x000000001000087c        0x4 ./src/core/delay.o
                0x000000001000087c                userfunc
 .bss._ZL7msTicks
                0x0000000010000880        0x4 ./src/core/delay.o
 .bss._ZL7intFunc
                0x0000000010000884       0x58 ./src/core/gpio_int.o
 .bss.oled      0x00000000100008dc       0x28 ./src/core/maryoled.o
                0x00000000100008dc                oled
 .bss.Serial    0x0000000010000904        0xc ./src/core/uart.o
                0x0000000010000904                Serial
 .bss._ZN22RemoteAtCommandRequest18broadcastAddress64E
                0x0000000010000910        0x8 ./src/XBee/XBee.o
                0x0000000010000910                _ZN22RemoteAtCommandRequest18broadcastAddress64E
 .bss.SDFile    0x0000000010000918       0xa8 ./src/FatFs/SD.o
                0x0000000010000918                SDFile
 .bss           0x00000000100009c0       0x34 /Applications/lpcxpresso_4.2.4/lpcxpresso/Tools/bin/../lib/gcc/arm-none-eabi/4.6.2/../../../../arm-none-eabi/lib/armv7-m/libc.a(lib_a-mallocr.o)
                0x00000000100009c0                __malloc_top_pad
                0x00000000100009c4                __malloc_current_mallinfo
                0x00000000100009ec                __malloc_max_sbrked_mem
                0x00000000100009f0                __malloc_max_total_mem
 .bss           0x00000000100009f4       0x1c /Applications/lpcxpresso_4.2.4/lpcxpresso/Tools/bin/../lib/gcc/arm-none-eabi/4.6.2/armv7-m/crtbegin.o
 *(COMMON)
 COMMON         0x0000000010000a10        0x4 /Applications/lpcxpresso_4.2.4/lpcxpresso/Tools/bin/../lib/gcc/arm-none-eabi/4.6.2/../../../../arm-none-eabi/lib/armv7-m/libc.a(lib_a-reent.o)
                0x0000000010000a10                errno
 COMMON         0x0000000010000a14        0x4 /Applications/lpcxpresso_4.2.4/lpcxpresso/Tools/bin/../lib/gcc/arm-none-eabi/4.6.2/../../../../arm-none-eabi/lib/armv7-m/libcr_newlib_nohost.a(_cr_sbrk.o)
                0x0000000010000a14                __end_of_heap
                0x0000000010000a18                . = ALIGN (0x4)
                0x0000000010000a18                _ebss = .
                0x0000000010000a18                PROVIDE (end, .)
                0x0000000010000a18                PROVIDE (_pvHeapStart, .)
                0x0000000010001000                PROVIDE (_vStackTop, (__top_RamLoc8 - 0x0))
OUTPUT(eXodusino.axf elf32-littlearm)

.debug_info     0x0000000000000000    0x1440f
 .debug_info    0x0000000000000000      0x30c ./src/user_application.o
 .debug_info    0x000000000000030c     0x11e7 ./src/core/LiquidCrystal.o
 .debug_info    0x00000000000014f3      0x541 ./src/core/Print.o
 .debug_info    0x0000000000001a34     0x12c0 ./src/core/SPI.o
 .debug_info    0x0000000000002cf4     0x12c0 ./src/core/SPI1.o
 .debug_info    0x0000000000003fb4      0xb5c ./src/core/SoftwareSerial.o
 .debug_info    0x0000000000004b10     0x27b7 ./src/core/Wire.o
 .debug_info    0x00000000000072c7      0xc13 ./src/core/analogio.o
 .debug_info    0x0000000000007eda      0x3f1 ./src/core/arithmetical.o
 .debug_info    0x00000000000082cb      0x132 ./src/core/cr_cpp_config.o
 .debug_info    0x00000000000083fd      0x2a0 ./src/core/cr_startup_lpc11.o
 .debug_info    0x000000000000869d      0xbce ./src/core/delay.o
 .debug_info    0x000000000000926b      0x50d ./src/core/gpio.o
 .debug_info    0x0000000000009778      0x5d0 ./src/core/gpio_int.o
 .debug_info    0x0000000000009d48     0x12fb ./src/core/maryoled.o
 .debug_info    0x000000000000b043      0x2ab ./src/core/startup_mary.o
 .debug_info    0x000000000000b2ee      0x4ff ./src/core/system_LPC11xx.o
 .debug_info    0x000000000000b7ed      0xda4 ./src/core/uart.o
 .debug_info    0x000000000000c591     0x4c0a ./src/XBee/XBee.o
 .debug_info    0x000000000001119b     0x1127 ./src/FatFs/SD.o
 .debug_info    0x00000000000122c2      0xf6b ./src/FatFs/pff.o
 .debug_info    0x000000000001322d      0xe69 ./src/FatFs/sdcard.o
 .debug_info    0x0000000000014096      0x102 /Applications/lpcxpresso_4.2.4/lpcxpresso/Tools/bin/../lib/gcc/arm-none-eabi/4.6.2/../../../../arm-none-eabi/lib/armv7-m/libcr_newlib_nohost.a(_cr_sbrk.o)
 .debug_info    0x0000000000014198       0x5b /Applications/lpcxpresso_4.2.4/lpcxpresso/Tools/bin/../lib/gcc/arm-none-eabi/4.6.2/../../../../arm-none-eabi/lib/armv7-m/libcr_newlib_nohost.a(_exit.o)
 .debug_info    0x00000000000141f3       0xa5 /Applications/lpcxpresso_4.2.4/lpcxpresso/Tools/bin/../lib/gcc/arm-none-eabi/4.6.2/../../../../arm-none-eabi/lib/armv7-m/libcr_newlib_nohost.a(getpid.o)
 .debug_info    0x0000000000014298       0xc6 /Applications/lpcxpresso_4.2.4/lpcxpresso/Tools/bin/../lib/gcc/arm-none-eabi/4.6.2/../../../../arm-none-eabi/lib/armv7-m/libcr_newlib_nohost.a(kill.o)
 .debug_info    0x000000000001435e       0xb1 /Applications/lpcxpresso_4.2.4/lpcxpresso/Tools/bin/../lib/gcc/arm-none-eabi/4.6.2/../../../../arm-none-eabi/lib/armv7-m/libcr_newlib_nohost.a(_cr_check_heap.o)

.debug_abbrev   0x0000000000000000     0x3e7d
 .debug_abbrev  0x0000000000000000      0x13c ./src/user_application.o
 .debug_abbrev  0x000000000000013c      0x357 ./src/core/LiquidCrystal.o
 .debug_abbrev  0x0000000000000493      0x183 ./src/core/Print.o
 .debug_abbrev  0x0000000000000616      0x393 ./src/core/SPI.o
 .debug_abbrev  0x00000000000009a9      0x37e ./src/core/SPI1.o
 .debug_abbrev  0x0000000000000d27      0x402 ./src/core/SoftwareSerial.o
 .debug_abbrev  0x0000000000001129      0x5ef ./src/core/Wire.o
 .debug_abbrev  0x0000000000001718      0x283 ./src/core/analogio.o
 .debug_abbrev  0x000000000000199b      0x18c ./src/core/arithmetical.o
 .debug_abbrev  0x0000000000001b27       0xcd ./src/core/cr_cpp_config.o
 .debug_abbrev  0x0000000000001bf4      0x141 ./src/core/cr_startup_lpc11.o
 .debug_abbrev  0x0000000000001d35      0x279 ./src/core/delay.o
 .debug_abbrev  0x0000000000001fae      0x1c1 ./src/core/gpio.o
 .debug_abbrev  0x000000000000216f      0x1ce ./src/core/gpio_int.o
 .debug_abbrev  0x000000000000233d      0x3c0 ./src/core/maryoled.o
 .debug_abbrev  0x00000000000026fd       0xff ./src/core/startup_mary.o
 .debug_abbrev  0x00000000000027fc       0xda ./src/core/system_LPC11xx.o
 .debug_abbrev  0x00000000000028d6      0x33f ./src/core/uart.o
 .debug_abbrev  0x0000000000002c15      0x617 ./src/XBee/XBee.o
 .debug_abbrev  0x000000000000322c      0x39a ./src/FatFs/SD.o
 .debug_abbrev  0x00000000000035c6      0x360 ./src/FatFs/pff.o
 .debug_abbrev  0x0000000000003926      0x32b ./src/FatFs/sdcard.o
 .debug_abbrev  0x0000000000003c51       0xa6 /Applications/lpcxpresso_4.2.4/lpcxpresso/Tools/bin/../lib/gcc/arm-none-eabi/4.6.2/../../../../arm-none-eabi/lib/armv7-m/libcr_newlib_nohost.a(_cr_sbrk.o)
 .debug_abbrev  0x0000000000003cf7       0x52 /Applications/lpcxpresso_4.2.4/lpcxpresso/Tools/bin/../lib/gcc/arm-none-eabi/4.6.2/../../../../arm-none-eabi/lib/armv7-m/libcr_newlib_nohost.a(_exit.o)
 .debug_abbrev  0x0000000000003d49       0x52 /Applications/lpcxpresso_4.2.4/lpcxpresso/Tools/bin/../lib/gcc/arm-none-eabi/4.6.2/../../../../arm-none-eabi/lib/armv7-m/libcr_newlib_nohost.a(getpid.o)
 .debug_abbrev  0x0000000000003d9b       0x72 /Applications/lpcxpresso_4.2.4/lpcxpresso/Tools/bin/../lib/gcc/arm-none-eabi/4.6.2/../../../../arm-none-eabi/lib/armv7-m/libcr_newlib_nohost.a(kill.o)
 .debug_abbrev  0x0000000000003e0d       0x70 /Applications/lpcxpresso_4.2.4/lpcxpresso/Tools/bin/../lib/gcc/arm-none-eabi/4.6.2/../../../../arm-none-eabi/lib/armv7-m/libcr_newlib_nohost.a(_cr_check_heap.o)

.debug_loc      0x0000000000000000     0x5f37
 .debug_loc     0x0000000000000000       0x40 ./src/user_application.o
 .debug_loc     0x0000000000000040      0x714 ./src/core/LiquidCrystal.o
 .debug_loc     0x0000000000000754      0x3d2 ./src/core/Print.o
 .debug_loc     0x0000000000000b26      0x19a ./src/core/SPI.o
 .debug_loc     0x0000000000000cc0      0x19a ./src/core/SPI1.o
 .debug_loc     0x0000000000000e5a      0x439 ./src/core/SoftwareSerial.o
 .debug_loc     0x0000000000001293      0xa9c ./src/core/Wire.o
 .debug_loc     0x0000000000001d2f      0x1f7 ./src/core/analogio.o
 .debug_loc     0x0000000000001f26      0x13a ./src/core/arithmetical.o
 .debug_loc     0x0000000000002060       0x39 ./src/core/cr_cpp_config.o
 .debug_loc     0x0000000000002099      0x102 ./src/core/cr_startup_lpc11.o
 .debug_loc     0x000000000000219b      0x1e2 ./src/core/delay.o
 .debug_loc     0x000000000000237d      0x359 ./src/core/gpio.o
 .debug_loc     0x00000000000026d6      0x141 ./src/core/gpio_int.o
 .debug_loc     0x0000000000002817      0x8c6 ./src/core/maryoled.o
 .debug_loc     0x00000000000030dd       0x20 ./src/core/startup_mary.o
 .debug_loc     0x00000000000030fd       0x5d ./src/core/system_LPC11xx.o
 .debug_loc     0x000000000000315a       0x5f ./src/core/uart.o
 .debug_loc     0x00000000000031b9     0x17ee ./src/XBee/XBee.o
 .debug_loc     0x00000000000049a7      0x217 ./src/FatFs/SD.o
 .debug_loc     0x0000000000004bbe      0xf1d ./src/FatFs/pff.o
 .debug_loc     0x0000000000005adb      0x3cb ./src/FatFs/sdcard.o
 .debug_loc     0x0000000000005ea6       0x55 /Applications/lpcxpresso_4.2.4/lpcxpresso/Tools/bin/../lib/gcc/arm-none-eabi/4.6.2/../../../../arm-none-eabi/lib/armv7-m/libcr_newlib_nohost.a(_cr_sbrk.o)
 .debug_loc     0x0000000000005efb       0x13 /Applications/lpcxpresso_4.2.4/lpcxpresso/Tools/bin/../lib/gcc/arm-none-eabi/4.6.2/../../../../arm-none-eabi/lib/armv7-m/libcr_newlib_nohost.a(kill.o)
 .debug_loc     0x0000000000005f0e       0x29 /Applications/lpcxpresso_4.2.4/lpcxpresso/Tools/bin/../lib/gcc/arm-none-eabi/4.6.2/../../../../arm-none-eabi/lib/armv7-m/libcr_newlib_nohost.a(_cr_check_heap.o)

.debug_aranges  0x0000000000000000      0xec0
 .debug_aranges
                0x0000000000000000       0x28 ./src/user_application.o
 .debug_aranges
                0x0000000000000028       0xf8 ./src/core/LiquidCrystal.o
 .debug_aranges
                0x0000000000000120       0x58 ./src/core/Print.o
 .debug_aranges
                0x0000000000000178       0x80 ./src/core/SPI.o
 .debug_aranges
                0x00000000000001f8       0x80 ./src/core/SPI1.o
 .debug_aranges
                0x0000000000000278       0x88 ./src/core/SoftwareSerial.o
 .debug_aranges
                0x0000000000000300      0x128 ./src/core/Wire.o
 .debug_aranges
                0x0000000000000428       0x50 ./src/core/analogio.o
 .debug_aranges
                0x0000000000000478       0x40 ./src/core/arithmetical.o
 .debug_aranges
                0x00000000000004b8       0x30 ./src/core/cr_cpp_config.o
 .debug_aranges
                0x00000000000004e8       0x70 ./src/core/cr_startup_lpc11.o
 .debug_aranges
                0x0000000000000558       0x70 ./src/core/delay.o
 .debug_aranges
                0x00000000000005c8       0x58 ./src/core/gpio.o
 .debug_aranges
                0x0000000000000620       0x60 ./src/core/gpio_int.o
 .debug_aranges
                0x0000000000000680       0xe8 ./src/core/maryoled.o
 .debug_aranges
                0x0000000000000768       0x20 ./src/core/startup_mary.o
 .debug_aranges
                0x0000000000000788       0x28 ./src/core/system_LPC11xx.o
 .debug_aranges
                0x00000000000007b0       0x58 ./src/core/uart.o
 .debug_aranges
                0x0000000000000808      0x468 ./src/XBee/XBee.o
 .debug_aranges
                0x0000000000000c70       0xe0 ./src/FatFs/SD.o
 .debug_aranges
                0x0000000000000d50       0x80 ./src/FatFs/pff.o
 .debug_aranges
                0x0000000000000dd0       0x50 ./src/FatFs/sdcard.o
 .debug_aranges
                0x0000000000000e20       0x20 /Applications/lpcxpresso_4.2.4/lpcxpresso/Tools/bin/../lib/gcc/arm-none-eabi/4.6.2/../../../../arm-none-eabi/lib/armv7-m/libcr_newlib_nohost.a(_cr_sbrk.o)
 .debug_aranges
                0x0000000000000e40       0x20 /Applications/lpcxpresso_4.2.4/lpcxpresso/Tools/bin/../lib/gcc/arm-none-eabi/4.6.2/../../../../arm-none-eabi/lib/armv7-m/libcr_newlib_nohost.a(_exit.o)
 .debug_aranges
                0x0000000000000e60       0x20 /Applications/lpcxpresso_4.2.4/lpcxpresso/Tools/bin/../lib/gcc/arm-none-eabi/4.6.2/../../../../arm-none-eabi/lib/armv7-m/libcr_newlib_nohost.a(getpid.o)
 .debug_aranges
                0x0000000000000e80       0x20 /Applications/lpcxpresso_4.2.4/lpcxpresso/Tools/bin/../lib/gcc/arm-none-eabi/4.6.2/../../../../arm-none-eabi/lib/armv7-m/libcr_newlib_nohost.a(kill.o)
 .debug_aranges
                0x0000000000000ea0       0x20 /Applications/lpcxpresso_4.2.4/lpcxpresso/Tools/bin/../lib/gcc/arm-none-eabi/4.6.2/../../../../arm-none-eabi/lib/armv7-m/libcr_newlib_nohost.a(_cr_check_heap.o)

.debug_ranges   0x0000000000000000     0x1720
 .debug_ranges  0x0000000000000000       0x18 ./src/user_application.o
 .debug_ranges  0x0000000000000018      0x140 ./src/core/LiquidCrystal.o
 .debug_ranges  0x0000000000000158       0x60 ./src/core/Print.o
 .debug_ranges  0x00000000000001b8       0xd8 ./src/core/SPI.o
 .debug_ranges  0x0000000000000290       0xe0 ./src/core/SPI1.o
 .debug_ranges  0x0000000000000370       0xd8 ./src/core/SoftwareSerial.o
 .debug_ranges  0x0000000000000448      0x190 ./src/core/Wire.o
 .debug_ranges  0x00000000000005d8       0x68 ./src/core/analogio.o
 .debug_ranges  0x0000000000000640       0x30 ./src/core/arithmetical.o
 .debug_ranges  0x0000000000000670       0x20 ./src/core/cr_cpp_config.o
 .debug_ranges  0x0000000000000690       0x60 ./src/core/cr_startup_lpc11.o
 .debug_ranges  0x00000000000006f0       0x90 ./src/core/delay.o
 .debug_ranges  0x0000000000000780       0x60 ./src/core/gpio.o
 .debug_ranges  0x00000000000007e0       0x68 ./src/core/gpio_int.o
 .debug_ranges  0x0000000000000848      0x1c0 ./src/core/maryoled.o
 .debug_ranges  0x0000000000000a08       0x10 ./src/core/startup_mary.o
 .debug_ranges  0x0000000000000a18       0x18 ./src/core/system_LPC11xx.o
 .debug_ranges  0x0000000000000a30       0x80 ./src/core/uart.o
 .debug_ranges  0x0000000000000ab0      0x7d8 ./src/XBee/XBee.o
 .debug_ranges  0x0000000000001288      0x130 ./src/FatFs/SD.o
 .debug_ranges  0x00000000000013b8      0x2d0 ./src/FatFs/pff.o
 .debug_ranges  0x0000000000001688       0x98 ./src/FatFs/sdcard.o

.debug_line     0x0000000000000000     0x46ca
 .debug_line    0x0000000000000000      0x155 ./src/user_application.o
 .debug_line    0x0000000000000155      0x3ed ./src/core/LiquidCrystal.o
 .debug_line    0x0000000000000542      0x168 ./src/core/Print.o
 .debug_line    0x00000000000006aa      0x253 ./src/core/SPI.o
 .debug_line    0x00000000000008fd      0x262 ./src/core/SPI1.o
 .debug_line    0x0000000000000b5f      0x29f ./src/core/SoftwareSerial.o
 .debug_line    0x0000000000000dfe      0x97f ./src/core/Wire.o
 .debug_line    0x000000000000177d      0x236 ./src/core/analogio.o
 .debug_line    0x00000000000019b3      0x190 ./src/core/arithmetical.o
 .debug_line    0x0000000000001b43       0xe2 ./src/core/cr_cpp_config.o
 .debug_line    0x0000000000001c25       0xca ./src/core/cr_startup_lpc11.o
 .debug_line    0x0000000000001cef      0x23f ./src/core/delay.o
 .debug_line    0x0000000000001f2e      0x1dd ./src/core/gpio.o
 .debug_line    0x000000000000210b      0x1c8 ./src/core/gpio_int.o
 .debug_line    0x00000000000022d3      0x3e0 ./src/core/maryoled.o
 .debug_line    0x00000000000026b3      0x102 ./src/core/startup_mary.o
 .debug_line    0x00000000000027b5      0x150 ./src/core/system_LPC11xx.o
 .debug_line    0x0000000000002905      0x1ac ./src/core/uart.o
 .debug_line    0x0000000000002ab1      0xed7 ./src/XBee/XBee.o
 .debug_line    0x0000000000003988      0x311 ./src/FatFs/SD.o
 .debug_line    0x0000000000003c99      0x509 ./src/FatFs/pff.o
 .debug_line    0x00000000000041a2      0x356 ./src/FatFs/sdcard.o
 .debug_line    0x00000000000044f8       0xc0 /Applications/lpcxpresso_4.2.4/lpcxpresso/Tools/bin/../lib/gcc/arm-none-eabi/4.6.2/../../../../arm-none-eabi/lib/armv7-m/libcr_newlib_nohost.a(_cr_sbrk.o)
 .debug_line    0x00000000000045b8       0x3e /Applications/lpcxpresso_4.2.4/lpcxpresso/Tools/bin/../lib/gcc/arm-none-eabi/4.6.2/../../../../arm-none-eabi/lib/armv7-m/libcr_newlib_nohost.a(_exit.o)
 .debug_line    0x00000000000045f6       0x41 /Applications/lpcxpresso_4.2.4/lpcxpresso/Tools/bin/../lib/gcc/arm-none-eabi/4.6.2/../../../../arm-none-eabi/lib/armv7-m/libcr_newlib_nohost.a(getpid.o)
 .debug_line    0x0000000000004637       0x3f /Applications/lpcxpresso_4.2.4/lpcxpresso/Tools/bin/../lib/gcc/arm-none-eabi/4.6.2/../../../../arm-none-eabi/lib/armv7-m/libcr_newlib_nohost.a(kill.o)
 .debug_line    0x0000000000004676       0x54 /Applications/lpcxpresso_4.2.4/lpcxpresso/Tools/bin/../lib/gcc/arm-none-eabi/4.6.2/../../../../arm-none-eabi/lib/armv7-m/libcr_newlib_nohost.a(_cr_check_heap.o)

.debug_str      0x0000000000000000     0x5152
 .debug_str     0x0000000000000000      0x1b9 ./src/user_application.o
                                        0x22e (size before relaxing)
 .debug_str     0x00000000000001b9      0x502 ./src/core/LiquidCrystal.o
                                        0x722 (size before relaxing)
 .debug_str     0x00000000000006bb      0x10e ./src/core/Print.o
                                        0x2a7 (size before relaxing)
 .debug_str     0x00000000000007c9      0x8f5 ./src/core/SPI.o
                                        0xbd6 (size before relaxing)
 .debug_str     0x00000000000010be      0x126 ./src/core/SPI1.o
                                        0xbed (size before relaxing)
 .debug_str     0x00000000000011e4      0x3b6 ./src/core/SoftwareSerial.o
                                        0x6ae (size before relaxing)
 .debug_str     0x000000000000159a      0xd61 ./src/core/Wire.o
                                       0x116f (size before relaxing)
 .debug_str     0x00000000000022fb      0x11f ./src/core/analogio.o
                                        0x7f8 (size before relaxing)
 .debug_str     0x000000000000241a       0xa4 ./src/core/arithmetical.o
                                        0x26d (size before relaxing)
 .debug_str     0x00000000000024be       0x62 ./src/core/cr_cpp_config.o
                                        0x19e (size before relaxing)
 .debug_str     0x0000000000002520      0x173 ./src/core/cr_startup_lpc11.o
                                        0x297 (size before relaxing)
 .debug_str     0x0000000000002693      0x120 ./src/core/delay.o
                                        0x79e (size before relaxing)
 .debug_str     0x00000000000027b3      0x225 ./src/core/gpio.o
                                        0x440 (size before relaxing)
 .debug_str     0x00000000000029d8       0xac ./src/core/gpio_int.o
                                        0x4e0 (size before relaxing)
 .debug_str     0x0000000000002a84      0x5a1 ./src/core/maryoled.o
                                        0xb50 (size before relaxing)
 .debug_str     0x0000000000003025       0x1d ./src/core/startup_mary.o
                                        0x1e6 (size before relaxing)
 .debug_str     0x0000000000003042       0x4e ./src/core/system_LPC11xx.o
                                        0x412 (size before relaxing)
 .debug_str     0x0000000000003090      0x13b ./src/core/uart.o
                                        0x783 (size before relaxing)
 .debug_str     0x00000000000031cb     0x1832 ./src/XBee/XBee.o
                                       0x1c71 (size before relaxing)
 .debug_str     0x00000000000049fd      0x377 ./src/FatFs/SD.o
                                        0x911 (size before relaxing)
 .debug_str     0x0000000000004d74      0x1d9 ./src/FatFs/pff.o
                                        0x4ff (size before relaxing)
 .debug_str     0x0000000000004f4d       0xcc ./src/FatFs/sdcard.o
                                        0x9eb (size before relaxing)
 .debug_str     0x0000000000005019       0xb3 /Applications/lpcxpresso_4.2.4/lpcxpresso/Tools/bin/../lib/gcc/arm-none-eabi/4.6.2/../../../../arm-none-eabi/lib/armv7-m/libcr_newlib_nohost.a(_cr_sbrk.o)
                                        0x143 (size before relaxing)
 .debug_str     0x00000000000050cc       0x15 /Applications/lpcxpresso_4.2.4/lpcxpresso/Tools/bin/../lib/gcc/arm-none-eabi/4.6.2/../../../../arm-none-eabi/lib/armv7-m/libcr_newlib_nohost.a(_exit.o)
                                         0x70 (size before relaxing)
 .debug_str     0x00000000000050e1       0x18 /Applications/lpcxpresso_4.2.4/lpcxpresso/Tools/bin/../lib/gcc/arm-none-eabi/4.6.2/../../../../arm-none-eabi/lib/armv7-m/libcr_newlib_nohost.a(getpid.o)
                                        0x102 (size before relaxing)
 .debug_str     0x00000000000050f9       0x14 /Applications/lpcxpresso_4.2.4/lpcxpresso/Tools/bin/../lib/gcc/arm-none-eabi/4.6.2/../../../../arm-none-eabi/lib/armv7-m/libcr_newlib_nohost.a(kill.o)
                                         0xfe (size before relaxing)
 .debug_str     0x000000000000510d       0x45 /Applications/lpcxpresso_4.2.4/lpcxpresso/Tools/bin/../lib/gcc/arm-none-eabi/4.6.2/../../../../arm-none-eabi/lib/armv7-m/libcr_newlib_nohost.a(_cr_check_heap.o)
                                         0xcf (size before relaxing)

.comment        0x0000000000000000       0x9a
 .comment       0x0000000000000000       0x70 ./src/user_application.o
                                         0x71 (size before relaxing)
 .comment       0x0000000000000000       0x71 ./src/core/LiquidCrystal.o
 .comment       0x0000000000000000       0x71 ./src/core/Print.o
 .comment       0x0000000000000000       0x71 ./src/core/SPI.o
 .comment       0x0000000000000000       0x71 ./src/core/SPI1.o
 .comment       0x0000000000000000       0x71 ./src/core/SoftwareSerial.o
 .comment       0x0000000000000000       0x71 ./src/core/Wire.o
 .comment       0x0000000000000000       0x71 ./src/core/analogio.o
 .comment       0x0000000000000000       0x71 ./src/core/arithmetical.o
 .comment       0x0000000000000000       0x71 ./src/core/cr_cpp_config.o
 .comment       0x0000000000000000       0x71 ./src/core/cr_startup_lpc11.o
 .comment       0x0000000000000000       0x71 ./src/core/delay.o
 .comment       0x0000000000000000       0x71 ./src/core/gpio.o
 .comment       0x0000000000000000       0x71 ./src/core/gpio_int.o
 .comment       0x0000000000000000       0x71 ./src/core/maryoled.o
 .comment       0x0000000000000000       0x71 ./src/core/startup_mary.o
 .comment       0x0000000000000000       0x71 ./src/core/system_LPC11xx.o
 .comment       0x0000000000000000       0x71 ./src/core/uart.o
 .comment       0x0000000000000000       0x71 ./src/XBee/XBee.o
 .comment       0x0000000000000000       0x71 ./src/FatFs/SD.o
 .comment       0x0000000000000000       0x71 ./src/FatFs/pff.o
 .comment       0x0000000000000000       0x71 ./src/FatFs/sdcard.o
 .comment       0x0000000000000070       0x2a /Applications/lpcxpresso_4.2.4/lpcxpresso/Tools/bin/../lib/gcc/arm-none-eabi/4.6.2/../../../../arm-none-eabi/lib/armv7-m/libcr_newlib_nohost.a(_cr_sbrk.o)
                                         0x2b (size before relaxing)
 .comment       0x0000000000000000       0x2b /Applications/lpcxpresso_4.2.4/lpcxpresso/Tools/bin/../lib/gcc/arm-none-eabi/4.6.2/../../../../arm-none-eabi/lib/armv7-m/libcr_newlib_nohost.a(_exit.o)
 .comment       0x0000000000000000       0x2b /Applications/lpcxpresso_4.2.4/lpcxpresso/Tools/bin/../lib/gcc/arm-none-eabi/4.6.2/../../../../arm-none-eabi/lib/armv7-m/libcr_newlib_nohost.a(getpid.o)
 .comment       0x0000000000000000       0x2b /Applications/lpcxpresso_4.2.4/lpcxpresso/Tools/bin/../lib/gcc/arm-none-eabi/4.6.2/../../../../arm-none-eabi/lib/armv7-m/libcr_newlib_nohost.a(kill.o)
 .comment       0x0000000000000000       0x2b /Applications/lpcxpresso_4.2.4/lpcxpresso/Tools/bin/../lib/gcc/arm-none-eabi/4.6.2/../../../../arm-none-eabi/lib/armv7-m/libcr_newlib_nohost.a(_cr_check_heap.o)

.ARM.attributes
                0x0000000000000000       0x33
 .ARM.attributes
                0x0000000000000000       0x33 ./src/user_application.o
 .ARM.attributes
                0x0000000000000033       0x33 ./src/core/LiquidCrystal.o
 .ARM.attributes
                0x0000000000000066       0x33 ./src/core/Print.o
 .ARM.attributes
                0x0000000000000099       0x33 ./src/core/SPI.o
 .ARM.attributes
                0x00000000000000cc       0x33 ./src/core/SPI1.o
 .ARM.attributes
                0x00000000000000ff       0x33 ./src/core/SoftwareSerial.o
 .ARM.attributes
                0x0000000000000132       0x33 ./src/core/Wire.o
 .ARM.attributes
                0x0000000000000165       0x33 ./src/core/analogio.o
 .ARM.attributes
                0x0000000000000198       0x33 ./src/core/arithmetical.o
 .ARM.attributes
                0x00000000000001cb       0x33 ./src/core/cr_cpp_config.o
 .ARM.attributes
                0x00000000000001fe       0x33 ./src/core/cr_startup_lpc11.o
 .ARM.attributes
                0x0000000000000231       0x33 ./src/core/delay.o
 .ARM.attributes
                0x0000000000000264       0x33 ./src/core/gpio.o
 .ARM.attributes
                0x0000000000000297       0x33 ./src/core/gpio_int.o
 .ARM.attributes
                0x00000000000002ca       0x33 ./src/core/maryoled.o
 .ARM.attributes
                0x00000000000002fd       0x33 ./src/core/startup_mary.o
 .ARM.attributes
                0x0000000000000330       0x33 ./src/core/system_LPC11xx.o
 .ARM.attributes
                0x0000000000000363       0x33 ./src/core/uart.o
 .ARM.attributes
                0x0000000000000396       0x33 ./src/XBee/XBee.o
 .ARM.attributes
                0x00000000000003c9       0x33 ./src/FatFs/SD.o
 .ARM.attributes
                0x00000000000003fc       0x33 ./src/FatFs/pff.o
 .ARM.attributes
                0x000000000000042f       0x33 ./src/FatFs/sdcard.o
 .ARM.attributes
                0x0000000000000462       0x2d /Applications/lpcxpresso_4.2.4/lpcxpresso/Tools/bin/../lib/gcc/arm-none-eabi/4.6.2/armv7-m/libgcc.a(unwind-arm.o)
 .ARM.attributes
                0x000000000000048f       0x1d /Applications/lpcxpresso_4.2.4/lpcxpresso/Tools/bin/../lib/gcc/arm-none-eabi/4.6.2/armv7-m/libgcc.a(libunwind.o)
 .ARM.attributes
                0x00000000000004ac       0x2d /Applications/lpcxpresso_4.2.4/lpcxpresso/Tools/bin/../lib/gcc/arm-none-eabi/4.6.2/armv7-m/libgcc.a(pr-support.o)
 .ARM.attributes
                0x00000000000004d9       0x2d /Applications/lpcxpresso_4.2.4/lpcxpresso/Tools/bin/../lib/gcc/arm-none-eabi/4.6.2/../../../../arm-none-eabi/lib/armv7-m/libc.a(lib_a-abort.o)
 .ARM.attributes
                0x0000000000000506       0x2d /Applications/lpcxpresso_4.2.4/lpcxpresso/Tools/bin/../lib/gcc/arm-none-eabi/4.6.2/../../../../arm-none-eabi/lib/armv7-m/libc.a(lib_a-init.o)
 .ARM.attributes
                0x0000000000000533       0x2d /Applications/lpcxpresso_4.2.4/lpcxpresso/Tools/bin/../lib/gcc/arm-none-eabi/4.6.2/../../../../arm-none-eabi/lib/armv7-m/libc.a(lib_a-malloc.o)
 .ARM.attributes
                0x0000000000000560       0x2d /Applications/lpcxpresso_4.2.4/lpcxpresso/Tools/bin/../lib/gcc/arm-none-eabi/4.6.2/../../../../arm-none-eabi/lib/armv7-m/libc.a(lib_a-mallocr.o)
 .ARM.attributes
                0x000000000000058d       0x2d /Applications/lpcxpresso_4.2.4/lpcxpresso/Tools/bin/../lib/gcc/arm-none-eabi/4.6.2/../../../../arm-none-eabi/lib/armv7-m/libc.a(lib_a-memcpy.o)
 .ARM.attributes
                0x00000000000005ba       0x2d /Applications/lpcxpresso_4.2.4/lpcxpresso/Tools/bin/../lib/gcc/arm-none-eabi/4.6.2/../../../../arm-none-eabi/lib/armv7-m/libc.a(lib_a-mlock.o)
 .ARM.attributes
                0x00000000000005e7       0x2d /Applications/lpcxpresso_4.2.4/lpcxpresso/Tools/bin/../lib/gcc/arm-none-eabi/4.6.2/../../../../arm-none-eabi/lib/armv7-m/libc.a(lib_a-sbrkr.o)
 .ARM.attributes
                0x0000000000000614       0x2d /Applications/lpcxpresso_4.2.4/lpcxpresso/Tools/bin/../lib/gcc/arm-none-eabi/4.6.2/../../../../arm-none-eabi/lib/armv7-m/libc.a(lib_a-signal.o)
 .ARM.attributes
                0x0000000000000641       0x2d /Applications/lpcxpresso_4.2.4/lpcxpresso/Tools/bin/../lib/gcc/arm-none-eabi/4.6.2/../../../../arm-none-eabi/lib/armv7-m/libc.a(lib_a-signalr.o)
 .ARM.attributes
                0x000000000000066e       0x2d /Applications/lpcxpresso_4.2.4/lpcxpresso/Tools/bin/../lib/gcc/arm-none-eabi/4.6.2/../../../../arm-none-eabi/lib/armv7-m/libc.a(lib_a-strlen.o)
 .ARM.attributes
                0x000000000000069b       0x2d /Applications/lpcxpresso_4.2.4/lpcxpresso/Tools/bin/../lib/gcc/arm-none-eabi/4.6.2/../../../../arm-none-eabi/lib/armv7-m/libc.a(lib_a-freer.o)
 .ARM.attributes
                0x00000000000006c8       0x2d /Applications/lpcxpresso_4.2.4/lpcxpresso/Tools/bin/../lib/gcc/arm-none-eabi/4.6.2/../../../../arm-none-eabi/lib/armv7-m/libc.a(lib_a-impure.o)
 .ARM.attributes
                0x00000000000006f5       0x2d /Applications/lpcxpresso_4.2.4/lpcxpresso/Tools/bin/../lib/gcc/arm-none-eabi/4.6.2/../../../../arm-none-eabi/lib/armv7-m/libc.a(lib_a-reent.o)
 .ARM.attributes
                0x0000000000000722       0x31 /Applications/lpcxpresso_4.2.4/lpcxpresso/Tools/bin/../lib/gcc/arm-none-eabi/4.6.2/../../../../arm-none-eabi/lib/armv7-m/libcr_newlib_nohost.a(_cr_sbrk.o)
 .ARM.attributes
                0x0000000000000753       0x31 /Applications/lpcxpresso_4.2.4/lpcxpresso/Tools/bin/../lib/gcc/arm-none-eabi/4.6.2/../../../../arm-none-eabi/lib/armv7-m/libcr_newlib_nohost.a(_exit.o)
 .ARM.attributes
                0x0000000000000784       0x31 /Applications/lpcxpresso_4.2.4/lpcxpresso/Tools/bin/../lib/gcc/arm-none-eabi/4.6.2/../../../../arm-none-eabi/lib/armv7-m/libcr_newlib_nohost.a(getpid.o)
 .ARM.attributes
                0x00000000000007b5       0x31 /Applications/lpcxpresso_4.2.4/lpcxpresso/Tools/bin/../lib/gcc/arm-none-eabi/4.6.2/../../../../arm-none-eabi/lib/armv7-m/libcr_newlib_nohost.a(kill.o)
 .ARM.attributes
                0x00000000000007e6       0x31 /Applications/lpcxpresso_4.2.4/lpcxpresso/Tools/bin/../lib/gcc/arm-none-eabi/4.6.2/../../../../arm-none-eabi/lib/armv7-m/libcr_newlib_nohost.a(_cr_check_heap.o)
 .ARM.attributes
                0x0000000000000817       0x1d /Applications/lpcxpresso_4.2.4/lpcxpresso/Tools/bin/../lib/gcc/arm-none-eabi/4.6.2/armv7-m/crti.o
 .ARM.attributes
                0x0000000000000834       0x1d /Applications/lpcxpresso_4.2.4/lpcxpresso/Tools/bin/../lib/gcc/arm-none-eabi/4.6.2/armv7-m/crtn.o
 .ARM.attributes
                0x0000000000000851       0x2d /Applications/lpcxpresso_4.2.4/lpcxpresso/Tools/bin/../lib/gcc/arm-none-eabi/4.6.2/armv7-m/crtbegin.o
 .ARM.attributes
                0x000000000000087e       0x2d /Applications/lpcxpresso_4.2.4/lpcxpresso/Tools/bin/../lib/gcc/arm-none-eabi/4.6.2/armv7-m/crtend.o
 .ARM.attributes
                0x00000000000008ab       0x2d /Applications/lpcxpresso_4.2.4/lpcxpresso/Tools/bin/../lib/gcc/arm-none-eabi/4.6.2/../../../../arm-none-eabi/lib/armv7-m/libc.a(lib_a-errno.o)

.debug_frame    0x0000000000000000     0x26ec
 .debug_frame   0x0000000000000000       0x40 ./src/user_application.o
 .debug_frame   0x0000000000000040      0x284 ./src/core/LiquidCrystal.o
 .debug_frame   0x00000000000002c4       0xe4 ./src/core/Print.o
 .debug_frame   0x00000000000003a8      0x108 ./src/core/SPI.o
 .debug_frame   0x00000000000004b0      0x108 ./src/core/SPI1.o
 .debug_frame   0x00000000000005b8      0x148 ./src/core/SoftwareSerial.o
 .debug_frame   0x0000000000000700      0x31c ./src/core/Wire.o
 .debug_frame   0x0000000000000a1c       0xac ./src/core/analogio.o
 .debug_frame   0x0000000000000ac8       0x70 ./src/core/arithmetical.o
 .debug_frame   0x0000000000000b38       0x40 ./src/core/cr_cpp_config.o
 .debug_frame   0x0000000000000b78       0xd4 ./src/core/cr_startup_lpc11.o
 .debug_frame   0x0000000000000c4c       0xf4 ./src/core/delay.o
 .debug_frame   0x0000000000000d40       0xb8 ./src/core/gpio.o
 .debug_frame   0x0000000000000df8       0xc0 ./src/core/gpio_int.o
 .debug_frame   0x0000000000000eb8      0x27c ./src/core/maryoled.o
 .debug_frame   0x0000000000001134       0x28 ./src/core/startup_mary.o
 .debug_frame   0x000000000000115c       0x30 ./src/core/system_LPC11xx.o
 .debug_frame   0x000000000000118c       0x90 ./src/core/uart.o
 .debug_frame   0x000000000000121c      0x980 ./src/XBee/XBee.o
 .debug_frame   0x0000000000001b9c      0x1c4 ./src/FatFs/SD.o
 .debug_frame   0x0000000000001d60      0x194 ./src/FatFs/pff.o
 .debug_frame   0x0000000000001ef4       0xc0 ./src/FatFs/sdcard.o
 .debug_frame   0x0000000000001fb4      0x268 /Applications/lpcxpresso_4.2.4/lpcxpresso/Tools/bin/../lib/gcc/arm-none-eabi/4.6.2/armv7-m/libgcc.a(unwind-arm.o)
 .debug_frame   0x000000000000221c       0xec /Applications/lpcxpresso_4.2.4/lpcxpresso/Tools/bin/../lib/gcc/arm-none-eabi/4.6.2/armv7-m/libgcc.a(pr-support.o)
 .debug_frame   0x0000000000002308       0x28 /Applications/lpcxpresso_4.2.4/lpcxpresso/Tools/bin/../lib/gcc/arm-none-eabi/4.6.2/../../../../arm-none-eabi/lib/armv7-m/libc.a(lib_a-abort.o)
 .debug_frame   0x0000000000002330       0x2c /Applications/lpcxpresso_4.2.4/lpcxpresso/Tools/bin/../lib/gcc/arm-none-eabi/4.6.2/../../../../arm-none-eabi/lib/armv7-m/libc.a(lib_a-init.o)
 .debug_frame   0x000000000000235c       0x30 /Applications/lpcxpresso_4.2.4/lpcxpresso/Tools/bin/../lib/gcc/arm-none-eabi/4.6.2/../../../../arm-none-eabi/lib/armv7-m/libc.a(lib_a-malloc.o)
 .debug_frame   0x000000000000238c       0x38 /Applications/lpcxpresso_4.2.4/lpcxpresso/Tools/bin/../lib/gcc/arm-none-eabi/4.6.2/../../../../arm-none-eabi/lib/armv7-m/libc.a(lib_a-mallocr.o)
 .debug_frame   0x00000000000023c4       0x2c /Applications/lpcxpresso_4.2.4/lpcxpresso/Tools/bin/../lib/gcc/arm-none-eabi/4.6.2/../../../../arm-none-eabi/lib/armv7-m/libc.a(lib_a-memcpy.o)
 .debug_frame   0x00000000000023f0       0x30 /Applications/lpcxpresso_4.2.4/lpcxpresso/Tools/bin/../lib/gcc/arm-none-eabi/4.6.2/../../../../arm-none-eabi/lib/armv7-m/libc.a(lib_a-mlock.o)
 .debug_frame   0x0000000000002420       0x2c /Applications/lpcxpresso_4.2.4/lpcxpresso/Tools/bin/../lib/gcc/arm-none-eabi/4.6.2/../../../../arm-none-eabi/lib/armv7-m/libc.a(lib_a-sbrkr.o)
 .debug_frame   0x000000000000244c       0xc0 /Applications/lpcxpresso_4.2.4/lpcxpresso/Tools/bin/../lib/gcc/arm-none-eabi/4.6.2/../../../../arm-none-eabi/lib/armv7-m/libc.a(lib_a-signal.o)
 .debug_frame   0x000000000000250c       0x3c /Applications/lpcxpresso_4.2.4/lpcxpresso/Tools/bin/../lib/gcc/arm-none-eabi/4.6.2/../../../../arm-none-eabi/lib/armv7-m/libc.a(lib_a-signalr.o)
 .debug_frame   0x0000000000002548       0x20 /Applications/lpcxpresso_4.2.4/lpcxpresso/Tools/bin/../lib/gcc/arm-none-eabi/4.6.2/../../../../arm-none-eabi/lib/armv7-m/libc.a(lib_a-strlen.o)
 .debug_frame   0x0000000000002568       0x50 /Applications/lpcxpresso_4.2.4/lpcxpresso/Tools/bin/../lib/gcc/arm-none-eabi/4.6.2/../../../../arm-none-eabi/lib/armv7-m/libc.a(lib_a-freer.o)
 .debug_frame   0x00000000000025b8       0x68 /Applications/lpcxpresso_4.2.4/lpcxpresso/Tools/bin/../lib/gcc/arm-none-eabi/4.6.2/../../../../arm-none-eabi/lib/armv7-m/libc.a(lib_a-reent.o)
 .debug_frame   0x0000000000002620       0x2c /Applications/lpcxpresso_4.2.4/lpcxpresso/Tools/bin/../lib/gcc/arm-none-eabi/4.6.2/../../../../arm-none-eabi/lib/armv7-m/libcr_newlib_nohost.a(_cr_sbrk.o)
 .debug_frame   0x000000000000264c       0x20 /Applications/lpcxpresso_4.2.4/lpcxpresso/Tools/bin/../lib/gcc/arm-none-eabi/4.6.2/../../../../arm-none-eabi/lib/armv7-m/libcr_newlib_nohost.a(_exit.o)
 .debug_frame   0x000000000000266c       0x20 /Applications/lpcxpresso_4.2.4/lpcxpresso/Tools/bin/../lib/gcc/arm-none-eabi/4.6.2/../../../../arm-none-eabi/lib/armv7-m/libcr_newlib_nohost.a(getpid.o)
 .debug_frame   0x000000000000268c       0x20 /Applications/lpcxpresso_4.2.4/lpcxpresso/Tools/bin/../lib/gcc/arm-none-eabi/4.6.2/../../../../arm-none-eabi/lib/armv7-m/libcr_newlib_nohost.a(kill.o)
 .debug_frame   0x00000000000026ac       0x20 /Applications/lpcxpresso_4.2.4/lpcxpresso/Tools/bin/../lib/gcc/arm-none-eabi/4.6.2/../../../../arm-none-eabi/lib/armv7-m/libcr_newlib_nohost.a(_cr_check_heap.o)
 .debug_frame   0x00000000000026cc       0x20 /Applications/lpcxpresso_4.2.4/lpcxpresso/Tools/bin/../lib/gcc/arm-none-eabi/4.6.2/../../../../arm-none-eabi/lib/armv7-m/libc.a(lib_a-errno.o)

.debug_pubnames
                0x0000000000000000       0xbe
 .debug_pubnames
                0x0000000000000000       0x2e /Applications/lpcxpresso_4.2.4/lpcxpresso/Tools/bin/../lib/gcc/arm-none-eabi/4.6.2/../../../../arm-none-eabi/lib/armv7-m/libcr_newlib_nohost.a(_cr_sbrk.o)
 .debug_pubnames
                0x000000000000002e       0x1c /Applications/lpcxpresso_4.2.4/lpcxpresso/Tools/bin/../lib/gcc/arm-none-eabi/4.6.2/../../../../arm-none-eabi/lib/armv7-m/libcr_newlib_nohost.a(_exit.o)
 .debug_pubnames
                0x000000000000004a       0x1e /Applications/lpcxpresso_4.2.4/lpcxpresso/Tools/bin/../lib/gcc/arm-none-eabi/4.6.2/../../../../arm-none-eabi/lib/armv7-m/libcr_newlib_nohost.a(getpid.o)
 .debug_pubnames
                0x0000000000000068       0x1c /Applications/lpcxpresso_4.2.4/lpcxpresso/Tools/bin/../lib/gcc/arm-none-eabi/4.6.2/../../../../arm-none-eabi/lib/armv7-m/libcr_newlib_nohost.a(kill.o)
 .debug_pubnames
                0x0000000000000084       0x3a /Applications/lpcxpresso_4.2.4/lpcxpresso/Tools/bin/../lib/gcc/arm-none-eabi/4.6.2/../../../../arm-none-eabi/lib/armv7-m/libcr_newlib_nohost.a(_cr_check_heap.o)

.debug_pubtypes
                0x0000000000000000       0x41
 .debug_pubtypes
                0x0000000000000000       0x1d /Applications/lpcxpresso_4.2.4/lpcxpresso/Tools/bin/../lib/gcc/arm-none-eabi/4.6.2/../../../../arm-none-eabi/lib/armv7-m/libcr_newlib_nohost.a(_cr_sbrk.o)
 .debug_pubtypes
                0x000000000000001d       0x12 /Applications/lpcxpresso_4.2.4/lpcxpresso/Tools/bin/../lib/gcc/arm-none-eabi/4.6.2/../../../../arm-none-eabi/lib/armv7-m/libcr_newlib_nohost.a(getpid.o)
 .debug_pubtypes
                0x000000000000002f       0x12 /Applications/lpcxpresso_4.2.4/lpcxpresso/Tools/bin/../lib/gcc/arm-none-eabi/4.6.2/../../../../arm-none-eabi/lib/armv7-m/libcr_newlib_nohost.a(kill.o)
