Archive member included because of file (symbol)

/home/nxp/Desktop/linuxtest1/CMSISv1p30_LPC13xx/Debug/libCMSISv1p30_LPC13xx.a(system_LPC13xx.o)
                              ./src/uart.o (SystemCoreClock)

Allocating common symbols
Common symbol       size              file

UARTBuffer          0x40              ./src/uart.o
dest_addr           0x10              ./src/ssptest.o
src_addr            0x10              ./src/ssptest.o
UARTStatus          0x4               ./src/uart.o

Discarded input sections

 .text          0x00000000        0x0 ./src/cr_startup_lpc13.o
 .data          0x00000000        0x0 ./src/cr_startup_lpc13.o
 .bss           0x00000000        0x0 ./src/cr_startup_lpc13.o
 .text          0x00000000        0x0 ./src/gpio.o
 .data          0x00000000        0x0 ./src/gpio.o
 .bss           0x00000000        0x0 ./src/gpio.o
 .text.NVIC_EnableIRQ
                0x00000000       0x38 ./src/gpio.o
 .rodata        0x00000000       0x10 ./src/gpio.o
 .text.GPIOInit
                0x00000000       0x44 ./src/gpio.o
 .text.GPIOSetInterrupt
                0x00000000      0x54c ./src/gpio.o
 .text.GPIOIntEnable
                0x00000000       0xf8 ./src/gpio.o
 .text.GPIOIntDisable
                0x00000000      0x108 ./src/gpio.o
 .text.GPIOIntStatus
                0x00000000       0xf0 ./src/gpio.o
 .text.GPIOIntClear
                0x00000000       0xf8 ./src/gpio.o
 .text          0x00000000        0x0 ./src/ssp.o
 .data          0x00000000        0x0 ./src/ssp.o
 .text          0x00000000        0x0 ./src/ssptest.o
 .data          0x00000000        0x0 ./src/ssptest.o
 .bss           0x00000000        0x0 ./src/ssptest.o
 .text.LoopbackTest
                0x00000000       0xa4 ./src/ssptest.o
 .text          0x00000000        0x0 ./src/uart.o
 .text.NVIC_EnableIRQ
                0x00000000       0x38 ./src/uart.o
 .text.NVIC_DisableIRQ
                0x00000000       0x3c ./src/uart.o
 .text.UARTInit
                0x00000000      0x1a8 ./src/uart.o
 .text.UARTSend
                0x00000000       0x4c ./src/uart.o
 .text          0x00000000        0x0 /home/nxp/Desktop/linuxtest1/CMSISv1p30_LPC13xx/Debug/libCMSISv1p30_LPC13xx.a(system_LPC13xx.o)
 .data          0x00000000        0x4 /home/nxp/Desktop/linuxtest1/CMSISv1p30_LPC13xx/Debug/libCMSISv1p30_LPC13xx.a(system_LPC13xx.o)
 .bss           0x00000000        0x0 /home/nxp/Desktop/linuxtest1/CMSISv1p30_LPC13xx/Debug/libCMSISv1p30_LPC13xx.a(system_LPC13xx.o)
 .text.SystemCoreClockUpdate
                0x00000000      0x358 /home/nxp/Desktop/linuxtest1/CMSISv1p30_LPC13xx/Debug/libCMSISv1p30_LPC13xx.a(system_LPC13xx.o)

Memory Configuration

Name             Origin             Length             Attributes
MFlash32         0x00000000         0x00008000         xr
RamLoc8          0x10000000         0x00002000         xrw
*default*        0x00000000         0xffffffff

Linker script and memory map

LOAD ./src/cr_startup_lpc13.o
LOAD ./src/gpio.o
LOAD ./src/ssp.o
LOAD ./src/ssptest.o
LOAD ./src/uart.o
LOAD /home/nxp/Desktop/linuxtest1/CMSISv1p30_LPC13xx/Debug/libCMSISv1p30_LPC13xx.a
START GROUP
LOAD /usr/local/LPCXpresso/tools/bin/../lib/gcc/arm-none-eabi/4.4.1/../../../../arm-none-eabi/lib/thumb2/libcr_semihost.a
LOAD /usr/local/LPCXpresso/tools/bin/../lib/gcc/arm-none-eabi/4.4.1/../../../../arm-none-eabi/lib/thumb2/libcr_c.a
LOAD /usr/local/LPCXpresso/tools/bin/../lib/gcc/arm-none-eabi/4.4.1/thumb2/libcr_eabihelpers.a
END GROUP
                0x00008000                __top_MFlash32 = 0x8000
                0x10002000                __top_RamLoc8 = 0x10002000

.text           0x00000000      0xd74
 *(.isr_vector)
 .isr_vector    0x00000000      0x124 ./src/cr_startup_lpc13.o
                0x00000000                g_pfnVectors
 *(.text*)
 .text.Reset_Handler
                0x00000124       0x78 ./src/cr_startup_lpc13.o
                0x00000124                Reset_Handler
                0x00000124                ResetISR
 .text.NMI_Handler
                0x0000019c        0x8 ./src/cr_startup_lpc13.o
                0x0000019c                NMI_Handler
 .text.HardFault_Handler
                0x000001a4        0x8 ./src/cr_startup_lpc13.o
                0x000001a4                HardFault_Handler
 .text.MemManage_Handler
                0x000001ac        0x8 ./src/cr_startup_lpc13.o
                0x000001ac                MemManage_Handler
 .text.BusFault_Handler
                0x000001b4        0x8 ./src/cr_startup_lpc13.o
                0x000001b4                BusFault_Handler
 .text.UsageFault_Handler
                0x000001bc        0x8 ./src/cr_startup_lpc13.o
                0x000001bc                UsageFault_Handler
 .text.SVCall_Handler
                0x000001c4        0x8 ./src/cr_startup_lpc13.o
                0x000001c4                SVCall_Handler
 .text.DebugMon_Handler
                0x000001cc        0x8 ./src/cr_startup_lpc13.o
                0x000001cc                DebugMon_Handler
 .text.PendSV_Handler
                0x000001d4        0x8 ./src/cr_startup_lpc13.o
                0x000001d4                PendSV_Handler
 .text.SysTick_Handler
                0x000001dc        0x8 ./src/cr_startup_lpc13.o
                0x000001dc                SysTick_Handler
 .text.IntDefaultHandler
                0x000001e4        0x8 ./src/cr_startup_lpc13.o
                0x000001e4                TIMER16_0_IRQHandler
                0x000001e4                TIMER32_0_IRQHandler
                0x000001e4                TIMER32_1_IRQHandler
                0x000001e4                PIOINT1_IRQHandler
                0x000001e4                TIMER16_1_IRQHandler
                0x000001e4                USB_FIQHandler
                0x000001e4                ADC_IRQHandler
                0x000001e4                PIOINT2_IRQHandler
                0x000001e4                USB_IRQHandler
                0x000001e4                BOD_IRQHandler
                0x000001e4                WAKEUP_IRQHandler
                0x000001e4                PIOINT0_IRQHandler
                0x000001e4                I2C_IRQHandler
                0x000001e4                WDT_IRQHandler
                0x000001e4                PIOINT3_IRQHandler
                0x000001e4                FMC_IRQHandler
 .text.NVIC_EnableIRQ
                0x000001ec       0x38 ./src/ssp.o
 .text.GPIOSetValue
                0x00000224       0x3c ./src/ssp.o
 .text.GPIOSetDir
                0x00000260       0x90 ./src/ssp.o
 .text.SSP_IRQHandler
                0x000002f0       0xa0 ./src/ssp.o
                0x000002f0                SSP_IRQHandler
 .text.SSPInit  0x00000390      0x16c ./src/ssp.o
                0x00000390                SSPInit
 .text.SSPSend  0x000004fc       0x74 ./src/ssp.o
                0x000004fc                SSPSend
 .text.SSPReceive
                0x00000570       0x64 ./src/ssp.o
                0x00000570                SSPReceive
 .text.GPIOSetValue
                0x000005d4       0x3c ./src/ssptest.o
 .text.GPIOSetDir
                0x00000610       0x90 ./src/ssptest.o
 .text.SEEPROMTest
                0x000006a0      0x2e4 ./src/ssptest.o
                0x000006a0                SEEPROMTest
 .text.main     0x00000984       0x54 ./src/ssptest.o
                0x00000984                main
 .text.UART_IRQHandler
                0x000009d8      0x178 ./src/uart.o
                0x000009d8                UART_IRQHandler
 .text.__NOP    0x00000b50        0xc /home/nxp/Desktop/linuxtest1/CMSISv1p30_LPC13xx/Debug/libCMSISv1p30_LPC13xx.a(system_LPC13xx.o)
 .text.SystemInit
                0x00000b5c      0x1f8 /home/nxp/Desktop/linuxtest1/CMSISv1p30_LPC13xx/Debug/libCMSISv1p30_LPC13xx.a(system_LPC13xx.o)
                0x00000b5c                SystemInit
 *(.rodata*)
 .rodata        0x00000d54       0x10 ./src/ssp.o
 .rodata        0x00000d64       0x10 ./src/ssptest.o

.glue_7         0x00000d74        0x0
 .glue_7        0x00000000        0x0 linker stubs

.glue_7t        0x00000d74        0x0
 .glue_7t       0x00000000        0x0 linker stubs

.vfp11_veneer   0x00000d74        0x0
 .vfp11_veneer  0x00000000        0x0 linker stubs

.v4_bx          0x00000d74        0x0
 .v4_bx         0x00000000        0x0 linker stubs

.ARM.extab
 *(.ARM.extab* .gnu.linkonce.armextab.*)
                0x00000d74                __exidx_start = .

.ARM.exidx
 *(.ARM.exidx* .gnu.linkonce.armexidx.*)
                0x00000d74                __exidx_end = .
                0x00000d74                _etext = .

.data           0x10000000        0x1 load address 0x00000d74
                0x10000000                _data = .
 *(vtable)
 *(.data*)
 .data          0x10000000        0x1 ./src/uart.o
                0x10000000                UARTTxEmpty
                0x10000001                _edata = .

.bss            0x10000004       0x74 load address 0x00000d75
                0x10000004                _bss = .
 *(.bss*)
 .bss           0x10000004        0xc ./src/ssp.o
                0x10000004                interruptRxStat
                0x10000008                interruptOverRunStat
                0x1000000c                interruptRxTimeoutStat
 .bss           0x10000010        0x4 ./src/uart.o
                0x10000010                UARTCount
 *(COMMON)
 COMMON         0x10000014       0x20 ./src/ssptest.o
                0x10000014                dest_addr
                0x10000024                src_addr
 COMMON         0x10000034       0x44 ./src/uart.o
                0x10000034                UARTBuffer
                0x10000074                UARTStatus
                0x10000078                _ebss = .

.cr_heap        0x10000078        0x0 load address 0x00000d75
                0x10000078                end = .
                0x10000078                _pvHeapStart = .
                0x10002000                _vRamTop = __top_RamLoc8
                0x10002000                _vStackTop = (_vRamTop - 0x0)
OUTPUT(ssp.axf elf32-littlearm)

.debug_abbrev   0x00000000      0x8ba
 .debug_abbrev  0x00000000       0xdf ./src/cr_startup_lpc13.o
 .debug_abbrev  0x000000df      0x1d9 ./src/gpio.o
 .debug_abbrev  0x000002b8      0x1e3 ./src/ssp.o
 .debug_abbrev  0x0000049b      0x197 ./src/ssptest.o
 .debug_abbrev  0x00000632      0x1a0 ./src/uart.o
 .debug_abbrev  0x000007d2       0xe8 /home/nxp/Desktop/linuxtest1/CMSISv1p30_LPC13xx/Debug/libCMSISv1p30_LPC13xx.a(system_LPC13xx.o)

.debug_info     0x00000000     0x32ae
 .debug_info    0x00000000      0x1ed ./src/cr_startup_lpc13.o
 .debug_info    0x000001ed      0xa80 ./src/gpio.o
 .debug_info    0x00000c6d      0xde7 ./src/ssp.o
 .debug_info    0x00001a54      0x5d2 ./src/ssptest.o
 .debug_info    0x00002026      0xd3b ./src/uart.o
 .debug_info    0x00002d61      0x54d /home/nxp/Desktop/linuxtest1/CMSISv1p30_LPC13xx/Debug/libCMSISv1p30_LPC13xx.a(system_LPC13xx.o)

.debug_line     0x00000000      0xaa1
 .debug_line    0x00000000      0x1b7 ./src/cr_startup_lpc13.o
 .debug_line    0x000001b7      0x205 ./src/gpio.o
 .debug_line    0x000003bc      0x1cd ./src/ssp.o
 .debug_line    0x00000589      0x1cb ./src/ssptest.o
 .debug_line    0x00000754      0x1b1 ./src/uart.o
 .debug_line    0x00000905      0x19c /home/nxp/Desktop/linuxtest1/CMSISv1p30_LPC13xx/Debug/libCMSISv1p30_LPC13xx.a(system_LPC13xx.o)

.debug_macinfo  0x00000000    0x1a8d4
 .debug_macinfo
                0x00000000     0x15a1 ./src/cr_startup_lpc13.o
 .debug_macinfo
                0x000015a1     0x4e38 ./src/gpio.o
 .debug_macinfo
                0x000063d9     0x51d0 ./src/ssp.o
 .debug_macinfo
                0x0000b5a9     0x51d0 ./src/ssptest.o
 .debug_macinfo
                0x00010779     0x4fdd ./src/uart.o
 .debug_macinfo
                0x00015756     0x517e /home/nxp/Desktop/linuxtest1/CMSISv1p30_LPC13xx/Debug/libCMSISv1p30_LPC13xx.a(system_LPC13xx.o)

.debug_loc      0x00000000      0x79a
 .debug_loc     0x00000000      0x1e5 ./src/cr_startup_lpc13.o
 .debug_loc     0x000001e5      0x175 ./src/gpio.o
 .debug_loc     0x0000035a      0x181 ./src/ssp.o
 .debug_loc     0x000004db      0x113 ./src/ssptest.o
 .debug_loc     0x000005ee      0x113 ./src/uart.o
 .debug_loc     0x00000701       0x99 /home/nxp/Desktop/linuxtest1/CMSISv1p30_LPC13xx/Debug/libCMSISv1p30_LPC13xx.a(system_LPC13xx.o)

.debug_pubnames
                0x00000000      0x31e
 .debug_pubnames
                0x00000000       0xec ./src/cr_startup_lpc13.o
 .debug_pubnames
                0x000000ec       0x7c ./src/gpio.o
 .debug_pubnames
                0x00000168       0x94 ./src/ssp.o
 .debug_pubnames
                0x000001fc       0x57 ./src/ssptest.o
 .debug_pubnames
                0x00000253       0x7c ./src/uart.o
 .debug_pubnames
                0x000002cf       0x4f /home/nxp/Desktop/linuxtest1/CMSISv1p30_LPC13xx/Debug/libCMSISv1p30_LPC13xx.a(system_LPC13xx.o)

.debug_aranges  0x00000000      0x1c0
 .debug_aranges
                0x00000000       0x70 ./src/cr_startup_lpc13.o
 .debug_aranges
                0x00000070       0x50 ./src/gpio.o
 .debug_aranges
                0x000000c0       0x50 ./src/ssp.o
 .debug_aranges
                0x00000110       0x40 ./src/ssptest.o
 .debug_aranges
                0x00000150       0x40 ./src/uart.o
 .debug_aranges
                0x00000190       0x30 /home/nxp/Desktop/linuxtest1/CMSISv1p30_LPC13xx/Debug/libCMSISv1p30_LPC13xx.a(system_LPC13xx.o)

.debug_ranges   0x00000000      0x190
 .debug_ranges  0x00000000       0x68 ./src/cr_startup_lpc13.o
 .debug_ranges  0x00000068       0x48 ./src/gpio.o
 .debug_ranges  0x000000b0       0x48 ./src/ssp.o
 .debug_ranges  0x000000f8       0x38 ./src/ssptest.o
 .debug_ranges  0x00000130       0x38 ./src/uart.o
 .debug_ranges  0x00000168       0x28 /home/nxp/Desktop/linuxtest1/CMSISv1p30_LPC13xx/Debug/libCMSISv1p30_LPC13xx.a(system_LPC13xx.o)

.debug_str      0x00000000      0xc5d
 .debug_str     0x00000000      0x18b ./src/cr_startup_lpc13.o
                                0x1bf (size before relaxing)
 .debug_str     0x0000018b      0x71d ./src/gpio.o
                                0x7d9 (size before relaxing)
 .debug_str     0x000008a8      0x224 ./src/ssp.o
                                0x983 (size before relaxing)
 .debug_str     0x00000acc       0x4a ./src/ssptest.o
                                0x301 (size before relaxing)
 .debug_str     0x00000b16       0xca ./src/uart.o
                                0x972 (size before relaxing)
 .debug_str     0x00000be0       0x7d /home/nxp/Desktop/linuxtest1/CMSISv1p30_LPC13xx/Debug/libCMSISv1p30_LPC13xx.a(system_LPC13xx.o)
                                0x3e1 (size before relaxing)

.comment        0x00000000      0x102
 .comment       0x00000000       0x2b ./src/cr_startup_lpc13.o
 .comment       0x0000002b       0x2b ./src/gpio.o
 .comment       0x00000056       0x2b ./src/ssp.o
 .comment       0x00000081       0x2b ./src/ssptest.o
 .comment       0x000000ac       0x2b ./src/uart.o
 .comment       0x000000d7       0x2b /home/nxp/Desktop/linuxtest1/CMSISv1p30_LPC13xx/Debug/libCMSISv1p30_LPC13xx.a(system_LPC13xx.o)

.ARM.attributes
                0x00000000       0x31
 .ARM.attributes
                0x00000000       0x31 ./src/cr_startup_lpc13.o
 .ARM.attributes
                0x00000031       0x31 ./src/gpio.o
 .ARM.attributes
                0x00000062       0x31 ./src/ssp.o
 .ARM.attributes
                0x00000093       0x31 ./src/ssptest.o
 .ARM.attributes
                0x000000c4       0x31 ./src/uart.o
 .ARM.attributes
                0x000000f5       0x31 /home/nxp/Desktop/linuxtest1/CMSISv1p30_LPC13xx/Debug/libCMSISv1p30_LPC13xx.a(system_LPC13xx.o)

.debug_frame    0x00000000      0x478
 .debug_frame   0x00000000      0x120 ./src/cr_startup_lpc13.o
 .debug_frame   0x00000120       0xd4 ./src/gpio.o
 .debug_frame   0x000001f4       0xd8 ./src/ssp.o
 .debug_frame   0x000002cc       0xa8 ./src/ssptest.o
 .debug_frame   0x00000374       0xa0 ./src/uart.o
 .debug_frame   0x00000414       0x64 /home/nxp/Desktop/linuxtest1/CMSISv1p30_LPC13xx/Debug/libCMSISv1p30_LPC13xx.a(system_LPC13xx.o)
