Archive member included because of file (symbol)

/Applications/redsuite_4.3.0_1033/redsuite/tools/bin/../lib/gcc/arm-none-eabi/4.6.2/armv7e-m/softfp/libgcc.a(unwind-arm.o)
                              ./src/cr_startup_stm32f4xx.o (__aeabi_unwind_cpp_pr0)
/Applications/redsuite_4.3.0_1033/redsuite/tools/bin/../lib/gcc/arm-none-eabi/4.6.2/armv7e-m/softfp/libgcc.a(libunwind.o)
                              /Applications/redsuite_4.3.0_1033/redsuite/tools/bin/../lib/gcc/arm-none-eabi/4.6.2/armv7e-m/softfp/libgcc.a(unwind-arm.o) (restore_core_regs)
/Applications/redsuite_4.3.0_1033/redsuite/tools/bin/../lib/gcc/arm-none-eabi/4.6.2/armv7e-m/softfp/libgcc.a(pr-support.o)
                              /Applications/redsuite_4.3.0_1033/redsuite/tools/bin/../lib/gcc/arm-none-eabi/4.6.2/armv7e-m/softfp/libgcc.a(unwind-arm.o) (__gnu_unwind_execute)
/Applications/redsuite_4.3.0_1033/redsuite/tools/bin/../lib/gcc/arm-none-eabi/4.6.2/../../../../arm-none-eabi/lib/armv7e-m/softfp/libc.a(lib_a-abort.o)
                              /Applications/redsuite_4.3.0_1033/redsuite/tools/bin/../lib/gcc/arm-none-eabi/4.6.2/armv7e-m/softfp/libgcc.a(unwind-arm.o) (abort)
/Applications/redsuite_4.3.0_1033/redsuite/tools/bin/../lib/gcc/arm-none-eabi/4.6.2/../../../../arm-none-eabi/lib/armv7e-m/softfp/libc.a(lib_a-init.o)
                              ./src/cr_startup_stm32f4xx.o (__libc_init_array)
/Applications/redsuite_4.3.0_1033/redsuite/tools/bin/../lib/gcc/arm-none-eabi/4.6.2/../../../../arm-none-eabi/lib/armv7e-m/softfp/libc.a(lib_a-malloc.o)
                              ./src/cr_cpp_config.o (malloc)
/Applications/redsuite_4.3.0_1033/redsuite/tools/bin/../lib/gcc/arm-none-eabi/4.6.2/../../../../arm-none-eabi/lib/armv7e-m/softfp/libc.a(lib_a-mallocr.o)
                              /Applications/redsuite_4.3.0_1033/redsuite/tools/bin/../lib/gcc/arm-none-eabi/4.6.2/../../../../arm-none-eabi/lib/armv7e-m/softfp/libc.a(lib_a-malloc.o) (_malloc_r)
/Applications/redsuite_4.3.0_1033/redsuite/tools/bin/../lib/gcc/arm-none-eabi/4.6.2/../../../../arm-none-eabi/lib/armv7e-m/softfp/libc.a(lib_a-memcpy.o)
                              /Applications/redsuite_4.3.0_1033/redsuite/tools/bin/../lib/gcc/arm-none-eabi/4.6.2/armv7e-m/softfp/libgcc.a(unwind-arm.o) (memcpy)
/Applications/redsuite_4.3.0_1033/redsuite/tools/bin/../lib/gcc/arm-none-eabi/4.6.2/../../../../arm-none-eabi/lib/armv7e-m/softfp/libc.a(lib_a-mlock.o)
                              /Applications/redsuite_4.3.0_1033/redsuite/tools/bin/../lib/gcc/arm-none-eabi/4.6.2/../../../../arm-none-eabi/lib/armv7e-m/softfp/libc.a(lib_a-mallocr.o) (__malloc_lock)
/Applications/redsuite_4.3.0_1033/redsuite/tools/bin/../lib/gcc/arm-none-eabi/4.6.2/../../../../arm-none-eabi/lib/armv7e-m/softfp/libc.a(lib_a-sbrkr.o)
                              /Applications/redsuite_4.3.0_1033/redsuite/tools/bin/../lib/gcc/arm-none-eabi/4.6.2/../../../../arm-none-eabi/lib/armv7e-m/softfp/libc.a(lib_a-mallocr.o) (_sbrk_r)
/Applications/redsuite_4.3.0_1033/redsuite/tools/bin/../lib/gcc/arm-none-eabi/4.6.2/../../../../arm-none-eabi/lib/armv7e-m/softfp/libc.a(lib_a-signal.o)
                              /Applications/redsuite_4.3.0_1033/redsuite/tools/bin/../lib/gcc/arm-none-eabi/4.6.2/../../../../arm-none-eabi/lib/armv7e-m/softfp/libc.a(lib_a-abort.o) (raise)
/Applications/redsuite_4.3.0_1033/redsuite/tools/bin/../lib/gcc/arm-none-eabi/4.6.2/../../../../arm-none-eabi/lib/armv7e-m/softfp/libc.a(lib_a-signalr.o)
                              /Applications/redsuite_4.3.0_1033/redsuite/tools/bin/../lib/gcc/arm-none-eabi/4.6.2/../../../../arm-none-eabi/lib/armv7e-m/softfp/libc.a(lib_a-signal.o) (_kill_r)
/Applications/redsuite_4.3.0_1033/redsuite/tools/bin/../lib/gcc/arm-none-eabi/4.6.2/../../../../arm-none-eabi/lib/armv7e-m/softfp/libc.a(lib_a-freer.o)
                              /Applications/redsuite_4.3.0_1033/redsuite/tools/bin/../lib/gcc/arm-none-eabi/4.6.2/../../../../arm-none-eabi/lib/armv7e-m/softfp/libc.a(lib_a-malloc.o) (_free_r)
/Applications/redsuite_4.3.0_1033/redsuite/tools/bin/../lib/gcc/arm-none-eabi/4.6.2/../../../../arm-none-eabi/lib/armv7e-m/softfp/libc.a(lib_a-impure.o)
                              /Applications/redsuite_4.3.0_1033/redsuite/tools/bin/../lib/gcc/arm-none-eabi/4.6.2/../../../../arm-none-eabi/lib/armv7e-m/softfp/libc.a(lib_a-malloc.o) (_impure_ptr)
/Applications/redsuite_4.3.0_1033/redsuite/tools/bin/../lib/gcc/arm-none-eabi/4.6.2/../../../../arm-none-eabi/lib/armv7e-m/softfp/libc.a(lib_a-reent.o)
                              /Applications/redsuite_4.3.0_1033/redsuite/tools/bin/../lib/gcc/arm-none-eabi/4.6.2/../../../../arm-none-eabi/lib/armv7e-m/softfp/libc.a(lib_a-sbrkr.o) (errno)
/Applications/redsuite_4.3.0_1033/redsuite/tools/bin/../lib/gcc/arm-none-eabi/4.6.2/../../../../arm-none-eabi/lib/armv7e-m/softfp/libcr_newlib_semihost.a(_cr_sbrk.o)
                              /Applications/redsuite_4.3.0_1033/redsuite/tools/bin/../lib/gcc/arm-none-eabi/4.6.2/../../../../arm-none-eabi/lib/armv7e-m/softfp/libc.a(lib_a-sbrkr.o) (_sbrk)
/Applications/redsuite_4.3.0_1033/redsuite/tools/bin/../lib/gcc/arm-none-eabi/4.6.2/../../../../arm-none-eabi/lib/armv7e-m/softfp/libcr_newlib_semihost.a(_exit.o)
                              /Applications/redsuite_4.3.0_1033/redsuite/tools/bin/../lib/gcc/arm-none-eabi/4.6.2/../../../../arm-none-eabi/lib/armv7e-m/softfp/libc.a(lib_a-abort.o) (_exit)
/Applications/redsuite_4.3.0_1033/redsuite/tools/bin/../lib/gcc/arm-none-eabi/4.6.2/../../../../arm-none-eabi/lib/armv7e-m/softfp/libcr_newlib_semihost.a(_kill.o)
                              /Applications/redsuite_4.3.0_1033/redsuite/tools/bin/../lib/gcc/arm-none-eabi/4.6.2/../../../../arm-none-eabi/lib/armv7e-m/softfp/libc.a(lib_a-signalr.o) (_kill)
/Applications/redsuite_4.3.0_1033/redsuite/tools/bin/../lib/gcc/arm-none-eabi/4.6.2/../../../../arm-none-eabi/lib/armv7e-m/softfp/libcr_newlib_semihost.a(syscalls.o)
                              /Applications/redsuite_4.3.0_1033/redsuite/tools/bin/../lib/gcc/arm-none-eabi/4.6.2/../../../../arm-none-eabi/lib/armv7e-m/softfp/libc.a(lib_a-signalr.o) (_getpid)
/Applications/redsuite_4.3.0_1033/redsuite/tools/bin/../lib/gcc/arm-none-eabi/4.6.2/../../../../arm-none-eabi/lib/armv7e-m/softfp/libcr_newlib_semihost.a(_cr_check_heap.o)
                              /Applications/redsuite_4.3.0_1033/redsuite/tools/bin/../lib/gcc/arm-none-eabi/4.6.2/../../../../arm-none-eabi/lib/armv7e-m/softfp/libcr_newlib_semihost.a(_cr_sbrk.o) (__check_heap_overflow)
/Applications/redsuite_4.3.0_1033/redsuite/tools/bin/../lib/gcc/arm-none-eabi/4.6.2/../../../../arm-none-eabi/lib/armv7e-m/softfp/libc.a(lib_a-errno.o)
                              /Applications/redsuite_4.3.0_1033/redsuite/tools/bin/../lib/gcc/arm-none-eabi/4.6.2/../../../../arm-none-eabi/lib/armv7e-m/softfp/libcr_newlib_semihost.a(_cr_sbrk.o) (__errno)
/Applications/redsuite_4.3.0_1033/redsuite/tools/bin/../lib/gcc/arm-none-eabi/4.6.2/../../../../arm-none-eabi/lib/armv7e-m/softfp/libc.a(lib_a-memset.o)
                              /Applications/redsuite_4.3.0_1033/redsuite/tools/bin/../lib/gcc/arm-none-eabi/4.6.2/../../../../arm-none-eabi/lib/armv7e-m/softfp/libcr_newlib_semihost.a(syscalls.o) (memset)
/Applications/redsuite_4.3.0_1033/redsuite/tools/bin/../lib/gcc/arm-none-eabi/4.6.2/../../../../arm-none-eabi/lib/armv7e-m/softfp/libc.a(lib_a-strlen.o)
                              /Applications/redsuite_4.3.0_1033/redsuite/tools/bin/../lib/gcc/arm-none-eabi/4.6.2/../../../../arm-none-eabi/lib/armv7e-m/softfp/libcr_newlib_semihost.a(syscalls.o) (strlen)

Allocating common symbols
Common symbol       size              file

errno               0x4               /Applications/redsuite_4.3.0_1033/redsuite/tools/bin/../lib/gcc/arm-none-eabi/4.6.2/../../../../arm-none-eabi/lib/armv7e-m/softfp/libc.a(lib_a-reent.o)
__end_of_heap       0x4               /Applications/redsuite_4.3.0_1033/redsuite/tools/bin/../lib/gcc/arm-none-eabi/4.6.2/../../../../arm-none-eabi/lib/armv7e-m/softfp/libcr_newlib_semihost.a(_cr_sbrk.o)

Discarded input sections

 .text          0x0000000000000000        0x0 ./src/cr_cpp_config.o
 .data          0x0000000000000000        0x0 ./src/cr_cpp_config.o
 .bss           0x0000000000000000        0x0 ./src/cr_cpp_config.o
 .text          0x0000000000000000        0x0 ./src/cr_startup_stm32f4xx.o
 .data          0x0000000000000000        0x0 ./src/cr_startup_stm32f4xx.o
 .bss           0x0000000000000000        0x0 ./src/cr_startup_stm32f4xx.o
 .text          0x0000000000000000        0x0 ./src/main.o
 .data          0x0000000000000000        0x0 ./src/main.o
 .bss           0x0000000000000000        0x0 ./src/main.o
 .data.GPIOPeriph
                0x0000000000000000       0x28 ./src/main.o
 .data.GPIOPort
                0x0000000000000000       0x28 ./src/main.o
 .data.GPIOPin  0x0000000000000000       0x24 ./src/main.o
 .text          0x0000000000000000        0x0 ./armduino/gpio.o
 .data          0x0000000000000000        0x0 ./armduino/gpio.o
 .bss           0x0000000000000000        0x0 ./armduino/gpio.o
 .data.GPIOPeriph
                0x0000000000000000       0x28 ./armduino/gpio.o
 .data.GPIOPort
                0x0000000000000000       0x28 ./armduino/gpio.o
 .data.GPIOPin  0x0000000000000000       0x24 ./armduino/gpio.o
 .text.pinMode  0x0000000000000000       0x78 ./armduino/gpio.o
 .text.digitalWrite
                0x0000000000000000       0x60 ./armduino/gpio.o
 .text.portWrite
                0x0000000000000000       0x20 ./armduino/gpio.o
 .text.digitalRead
                0x0000000000000000       0x5c ./armduino/gpio.o
 .group         0x0000000000000000       0x10 ./armduino/usart.o
 .group         0x0000000000000000       0x10 ./armduino/usart.o
 .group         0x0000000000000000       0x10 ./armduino/usart.o
 .group         0x0000000000000000       0x10 ./armduino/usart.o
 .group         0x0000000000000000       0x10 ./armduino/usart.o
 .group         0x0000000000000000       0x10 ./armduino/usart.o
 .group         0x0000000000000000       0x10 ./armduino/usart.o
 .group         0x0000000000000000       0x10 ./armduino/usart.o
 .text          0x0000000000000000        0x0 ./armduino/usart.o
 .data          0x0000000000000000        0x0 ./armduino/usart.o
 .bss           0x0000000000000000        0x0 ./armduino/usart.o
 .data          0x0000000000000000        0x0 /Applications/redsuite_4.3.0_1033/redsuite/tools/bin/../lib/gcc/arm-none-eabi/4.6.2/armv7e-m/softfp/libgcc.a(unwind-arm.o)
 .bss           0x0000000000000000        0x0 /Applications/redsuite_4.3.0_1033/redsuite/tools/bin/../lib/gcc/arm-none-eabi/4.6.2/armv7e-m/softfp/libgcc.a(unwind-arm.o)
 .data          0x0000000000000000        0x0 /Applications/redsuite_4.3.0_1033/redsuite/tools/bin/../lib/gcc/arm-none-eabi/4.6.2/armv7e-m/softfp/libgcc.a(libunwind.o)
 .bss           0x0000000000000000        0x0 /Applications/redsuite_4.3.0_1033/redsuite/tools/bin/../lib/gcc/arm-none-eabi/4.6.2/armv7e-m/softfp/libgcc.a(libunwind.o)
 .data          0x0000000000000000        0x0 /Applications/redsuite_4.3.0_1033/redsuite/tools/bin/../lib/gcc/arm-none-eabi/4.6.2/armv7e-m/softfp/libgcc.a(pr-support.o)
 .bss           0x0000000000000000        0x0 /Applications/redsuite_4.3.0_1033/redsuite/tools/bin/../lib/gcc/arm-none-eabi/4.6.2/armv7e-m/softfp/libgcc.a(pr-support.o)
 .data          0x0000000000000000        0x0 /Applications/redsuite_4.3.0_1033/redsuite/tools/bin/../lib/gcc/arm-none-eabi/4.6.2/../../../../arm-none-eabi/lib/armv7e-m/softfp/libc.a(lib_a-abort.o)
 .bss           0x0000000000000000        0x0 /Applications/redsuite_4.3.0_1033/redsuite/tools/bin/../lib/gcc/arm-none-eabi/4.6.2/../../../../arm-none-eabi/lib/armv7e-m/softfp/libc.a(lib_a-abort.o)
 .data          0x0000000000000000        0x0 /Applications/redsuite_4.3.0_1033/redsuite/tools/bin/../lib/gcc/arm-none-eabi/4.6.2/../../../../arm-none-eabi/lib/armv7e-m/softfp/libc.a(lib_a-init.o)
 .bss           0x0000000000000000        0x0 /Applications/redsuite_4.3.0_1033/redsuite/tools/bin/../lib/gcc/arm-none-eabi/4.6.2/../../../../arm-none-eabi/lib/armv7e-m/softfp/libc.a(lib_a-init.o)
 .data          0x0000000000000000        0x0 /Applications/redsuite_4.3.0_1033/redsuite/tools/bin/../lib/gcc/arm-none-eabi/4.6.2/../../../../arm-none-eabi/lib/armv7e-m/softfp/libc.a(lib_a-malloc.o)
 .bss           0x0000000000000000        0x0 /Applications/redsuite_4.3.0_1033/redsuite/tools/bin/../lib/gcc/arm-none-eabi/4.6.2/../../../../arm-none-eabi/lib/armv7e-m/softfp/libc.a(lib_a-malloc.o)
 .data          0x0000000000000000        0x0 /Applications/redsuite_4.3.0_1033/redsuite/tools/bin/../lib/gcc/arm-none-eabi/4.6.2/../../../../arm-none-eabi/lib/armv7e-m/softfp/libc.a(lib_a-memcpy.o)
 .bss           0x0000000000000000        0x0 /Applications/redsuite_4.3.0_1033/redsuite/tools/bin/../lib/gcc/arm-none-eabi/4.6.2/../../../../arm-none-eabi/lib/armv7e-m/softfp/libc.a(lib_a-memcpy.o)
 .data          0x0000000000000000        0x0 /Applications/redsuite_4.3.0_1033/redsuite/tools/bin/../lib/gcc/arm-none-eabi/4.6.2/../../../../arm-none-eabi/lib/armv7e-m/softfp/libc.a(lib_a-mlock.o)
 .bss           0x0000000000000000        0x0 /Applications/redsuite_4.3.0_1033/redsuite/tools/bin/../lib/gcc/arm-none-eabi/4.6.2/../../../../arm-none-eabi/lib/armv7e-m/softfp/libc.a(lib_a-mlock.o)
 .data          0x0000000000000000        0x0 /Applications/redsuite_4.3.0_1033/redsuite/tools/bin/../lib/gcc/arm-none-eabi/4.6.2/../../../../arm-none-eabi/lib/armv7e-m/softfp/libc.a(lib_a-sbrkr.o)
 .bss           0x0000000000000000        0x0 /Applications/redsuite_4.3.0_1033/redsuite/tools/bin/../lib/gcc/arm-none-eabi/4.6.2/../../../../arm-none-eabi/lib/armv7e-m/softfp/libc.a(lib_a-sbrkr.o)
 .data          0x0000000000000000        0x0 /Applications/redsuite_4.3.0_1033/redsuite/tools/bin/../lib/gcc/arm-none-eabi/4.6.2/../../../../arm-none-eabi/lib/armv7e-m/softfp/libc.a(lib_a-signal.o)
 .bss           0x0000000000000000        0x0 /Applications/redsuite_4.3.0_1033/redsuite/tools/bin/../lib/gcc/arm-none-eabi/4.6.2/../../../../arm-none-eabi/lib/armv7e-m/softfp/libc.a(lib_a-signal.o)
 .data          0x0000000000000000        0x0 /Applications/redsuite_4.3.0_1033/redsuite/tools/bin/../lib/gcc/arm-none-eabi/4.6.2/../../../../arm-none-eabi/lib/armv7e-m/softfp/libc.a(lib_a-signalr.o)
 .bss           0x0000000000000000        0x0 /Applications/redsuite_4.3.0_1033/redsuite/tools/bin/../lib/gcc/arm-none-eabi/4.6.2/../../../../arm-none-eabi/lib/armv7e-m/softfp/libc.a(lib_a-signalr.o)
 .data          0x0000000000000000        0x0 /Applications/redsuite_4.3.0_1033/redsuite/tools/bin/../lib/gcc/arm-none-eabi/4.6.2/../../../../arm-none-eabi/lib/armv7e-m/softfp/libc.a(lib_a-freer.o)
 .bss           0x0000000000000000        0x0 /Applications/redsuite_4.3.0_1033/redsuite/tools/bin/../lib/gcc/arm-none-eabi/4.6.2/../../../../arm-none-eabi/lib/armv7e-m/softfp/libc.a(lib_a-freer.o)
 .text          0x0000000000000000        0x0 /Applications/redsuite_4.3.0_1033/redsuite/tools/bin/../lib/gcc/arm-none-eabi/4.6.2/../../../../arm-none-eabi/lib/armv7e-m/softfp/libc.a(lib_a-impure.o)
 .bss           0x0000000000000000        0x0 /Applications/redsuite_4.3.0_1033/redsuite/tools/bin/../lib/gcc/arm-none-eabi/4.6.2/../../../../arm-none-eabi/lib/armv7e-m/softfp/libc.a(lib_a-impure.o)
 .rodata        0x0000000000000000        0x4 /Applications/redsuite_4.3.0_1033/redsuite/tools/bin/../lib/gcc/arm-none-eabi/4.6.2/../../../../arm-none-eabi/lib/armv7e-m/softfp/libc.a(lib_a-impure.o)
 .text          0x0000000000000000       0xec /Applications/redsuite_4.3.0_1033/redsuite/tools/bin/../lib/gcc/arm-none-eabi/4.6.2/../../../../arm-none-eabi/lib/armv7e-m/softfp/libc.a(lib_a-reent.o)
 .data          0x0000000000000000        0x0 /Applications/redsuite_4.3.0_1033/redsuite/tools/bin/../lib/gcc/arm-none-eabi/4.6.2/../../../../arm-none-eabi/lib/armv7e-m/softfp/libc.a(lib_a-reent.o)
 .bss           0x0000000000000000        0x0 /Applications/redsuite_4.3.0_1033/redsuite/tools/bin/../lib/gcc/arm-none-eabi/4.6.2/../../../../arm-none-eabi/lib/armv7e-m/softfp/libc.a(lib_a-reent.o)
 .text          0x0000000000000000        0x0 /Applications/redsuite_4.3.0_1033/redsuite/tools/bin/../lib/gcc/arm-none-eabi/4.6.2/../../../../arm-none-eabi/lib/armv7e-m/softfp/libcr_newlib_semihost.a(_cr_sbrk.o)
 .data          0x0000000000000000        0x0 /Applications/redsuite_4.3.0_1033/redsuite/tools/bin/../lib/gcc/arm-none-eabi/4.6.2/../../../../arm-none-eabi/lib/armv7e-m/softfp/libcr_newlib_semihost.a(_cr_sbrk.o)
 .bss           0x0000000000000000        0x0 /Applications/redsuite_4.3.0_1033/redsuite/tools/bin/../lib/gcc/arm-none-eabi/4.6.2/../../../../arm-none-eabi/lib/armv7e-m/softfp/libcr_newlib_semihost.a(_cr_sbrk.o)
 .text          0x0000000000000000        0x0 /Applications/redsuite_4.3.0_1033/redsuite/tools/bin/../lib/gcc/arm-none-eabi/4.6.2/../../../../arm-none-eabi/lib/armv7e-m/softfp/libcr_newlib_semihost.a(_exit.o)
 .data          0x0000000000000000        0x0 /Applications/redsuite_4.3.0_1033/redsuite/tools/bin/../lib/gcc/arm-none-eabi/4.6.2/../../../../arm-none-eabi/lib/armv7e-m/softfp/libcr_newlib_semihost.a(_exit.o)
 .bss           0x0000000000000000        0x0 /Applications/redsuite_4.3.0_1033/redsuite/tools/bin/../lib/gcc/arm-none-eabi/4.6.2/../../../../arm-none-eabi/lib/armv7e-m/softfp/libcr_newlib_semihost.a(_exit.o)
 .text          0x0000000000000000        0x0 /Applications/redsuite_4.3.0_1033/redsuite/tools/bin/../lib/gcc/arm-none-eabi/4.6.2/../../../../arm-none-eabi/lib/armv7e-m/softfp/libcr_newlib_semihost.a(_kill.o)
 .data          0x0000000000000000        0x0 /Applications/redsuite_4.3.0_1033/redsuite/tools/bin/../lib/gcc/arm-none-eabi/4.6.2/../../../../arm-none-eabi/lib/armv7e-m/softfp/libcr_newlib_semihost.a(_kill.o)
 .bss           0x0000000000000000        0x0 /Applications/redsuite_4.3.0_1033/redsuite/tools/bin/../lib/gcc/arm-none-eabi/4.6.2/../../../../arm-none-eabi/lib/armv7e-m/softfp/libcr_newlib_semihost.a(_kill.o)
 .text          0x0000000000000000        0x0 /Applications/redsuite_4.3.0_1033/redsuite/tools/bin/../lib/gcc/arm-none-eabi/4.6.2/../../../../arm-none-eabi/lib/armv7e-m/softfp/libcr_newlib_semihost.a(syscalls.o)
 .data          0x0000000000000000        0x0 /Applications/redsuite_4.3.0_1033/redsuite/tools/bin/../lib/gcc/arm-none-eabi/4.6.2/../../../../arm-none-eabi/lib/armv7e-m/softfp/libcr_newlib_semihost.a(syscalls.o)
 .bss           0x0000000000000000        0x0 /Applications/redsuite_4.3.0_1033/redsuite/tools/bin/../lib/gcc/arm-none-eabi/4.6.2/../../../../arm-none-eabi/lib/armv7e-m/softfp/libcr_newlib_semihost.a(syscalls.o)
 .text.do_AngelSWI
                0x0000000000000000       0x12 /Applications/redsuite_4.3.0_1033/redsuite/tools/bin/../lib/gcc/arm-none-eabi/4.6.2/../../../../arm-none-eabi/lib/armv7e-m/softfp/libcr_newlib_semihost.a(syscalls.o)
 .text.initialise_monitor_handles
                0x0000000000000000       0x9c /Applications/redsuite_4.3.0_1033/redsuite/tools/bin/../lib/gcc/arm-none-eabi/4.6.2/../../../../arm-none-eabi/lib/armv7e-m/softfp/libcr_newlib_semihost.a(syscalls.o)
 .text.findslot
                0x0000000000000000       0x2c /Applications/redsuite_4.3.0_1033/redsuite/tools/bin/../lib/gcc/arm-none-eabi/4.6.2/../../../../arm-none-eabi/lib/armv7e-m/softfp/libcr_newlib_semihost.a(syscalls.o)
 .text.error    0x0000000000000000       0x18 /Applications/redsuite_4.3.0_1033/redsuite/tools/bin/../lib/gcc/arm-none-eabi/4.6.2/../../../../arm-none-eabi/lib/armv7e-m/softfp/libcr_newlib_semihost.a(syscalls.o)
 .text.checkerror
                0x0000000000000000        0xc /Applications/redsuite_4.3.0_1033/redsuite/tools/bin/../lib/gcc/arm-none-eabi/4.6.2/../../../../arm-none-eabi/lib/armv7e-m/softfp/libcr_newlib_semihost.a(syscalls.o)
 .text._swiread
                0x0000000000000000       0x18 /Applications/redsuite_4.3.0_1033/redsuite/tools/bin/../lib/gcc/arm-none-eabi/4.6.2/../../../../arm-none-eabi/lib/armv7e-m/softfp/libcr_newlib_semihost.a(syscalls.o)
 .text._read    0x0000000000000000       0x36 /Applications/redsuite_4.3.0_1033/redsuite/tools/bin/../lib/gcc/arm-none-eabi/4.6.2/../../../../arm-none-eabi/lib/armv7e-m/softfp/libcr_newlib_semihost.a(syscalls.o)
 .text._swilseek
                0x0000000000000000       0x76 /Applications/redsuite_4.3.0_1033/redsuite/tools/bin/../lib/gcc/arm-none-eabi/4.6.2/../../../../arm-none-eabi/lib/armv7e-m/softfp/libcr_newlib_semihost.a(syscalls.o)
 .text._lseek   0x0000000000000000        0x4 /Applications/redsuite_4.3.0_1033/redsuite/tools/bin/../lib/gcc/arm-none-eabi/4.6.2/../../../../arm-none-eabi/lib/armv7e-m/softfp/libcr_newlib_semihost.a(syscalls.o)
 .text._swiwrite
                0x0000000000000000       0x18 /Applications/redsuite_4.3.0_1033/redsuite/tools/bin/../lib/gcc/arm-none-eabi/4.6.2/../../../../arm-none-eabi/lib/armv7e-m/softfp/libcr_newlib_semihost.a(syscalls.o)
 .text._write   0x0000000000000000       0x46 /Applications/redsuite_4.3.0_1033/redsuite/tools/bin/../lib/gcc/arm-none-eabi/4.6.2/../../../../arm-none-eabi/lib/armv7e-m/softfp/libcr_newlib_semihost.a(syscalls.o)
 .text._swiclose
                0x0000000000000000       0x14 /Applications/redsuite_4.3.0_1033/redsuite/tools/bin/../lib/gcc/arm-none-eabi/4.6.2/../../../../arm-none-eabi/lib/armv7e-m/softfp/libcr_newlib_semihost.a(syscalls.o)
 .text._close   0x0000000000000000       0x48 /Applications/redsuite_4.3.0_1033/redsuite/tools/bin/../lib/gcc/arm-none-eabi/4.6.2/../../../../arm-none-eabi/lib/armv7e-m/softfp/libcr_newlib_semihost.a(syscalls.o)
 .text._swistat
                0x0000000000000000       0x3e /Applications/redsuite_4.3.0_1033/redsuite/tools/bin/../lib/gcc/arm-none-eabi/4.6.2/../../../../arm-none-eabi/lib/armv7e-m/softfp/libcr_newlib_semihost.a(syscalls.o)
 .text._fstat   0x0000000000000000       0x1c /Applications/redsuite_4.3.0_1033/redsuite/tools/bin/../lib/gcc/arm-none-eabi/4.6.2/../../../../arm-none-eabi/lib/armv7e-m/softfp/libcr_newlib_semihost.a(syscalls.o)
 .text._stat    0x0000000000000000       0x3e /Applications/redsuite_4.3.0_1033/redsuite/tools/bin/../lib/gcc/arm-none-eabi/4.6.2/../../../../arm-none-eabi/lib/armv7e-m/softfp/libcr_newlib_semihost.a(syscalls.o)
 .text._swiopen
                0x0000000000000000       0xbc /Applications/redsuite_4.3.0_1033/redsuite/tools/bin/../lib/gcc/arm-none-eabi/4.6.2/../../../../arm-none-eabi/lib/armv7e-m/softfp/libcr_newlib_semihost.a(syscalls.o)
 .text._open    0x0000000000000000       0x12 /Applications/redsuite_4.3.0_1033/redsuite/tools/bin/../lib/gcc/arm-none-eabi/4.6.2/../../../../arm-none-eabi/lib/armv7e-m/softfp/libcr_newlib_semihost.a(syscalls.o)
 .text._link    0x0000000000000000       0x10 /Applications/redsuite_4.3.0_1033/redsuite/tools/bin/../lib/gcc/arm-none-eabi/4.6.2/../../../../arm-none-eabi/lib/armv7e-m/softfp/libcr_newlib_semihost.a(syscalls.o)
 .text._unlink  0x0000000000000000       0x22 /Applications/redsuite_4.3.0_1033/redsuite/tools/bin/../lib/gcc/arm-none-eabi/4.6.2/../../../../arm-none-eabi/lib/armv7e-m/softfp/libcr_newlib_semihost.a(syscalls.o)
 .text._gettimeofday
                0x0000000000000000       0x22 /Applications/redsuite_4.3.0_1033/redsuite/tools/bin/../lib/gcc/arm-none-eabi/4.6.2/../../../../arm-none-eabi/lib/armv7e-m/softfp/libcr_newlib_semihost.a(syscalls.o)
 .text._clock   0x0000000000000000        0x8 /Applications/redsuite_4.3.0_1033/redsuite/tools/bin/../lib/gcc/arm-none-eabi/4.6.2/../../../../arm-none-eabi/lib/armv7e-m/softfp/libcr_newlib_semihost.a(syscalls.o)
 .text._times   0x0000000000000000       0x16 /Applications/redsuite_4.3.0_1033/redsuite/tools/bin/../lib/gcc/arm-none-eabi/4.6.2/../../../../arm-none-eabi/lib/armv7e-m/softfp/libcr_newlib_semihost.a(syscalls.o)
 .text._isatty  0x0000000000000000       0x26 /Applications/redsuite_4.3.0_1033/redsuite/tools/bin/../lib/gcc/arm-none-eabi/4.6.2/../../../../arm-none-eabi/lib/armv7e-m/softfp/libcr_newlib_semihost.a(syscalls.o)
 .text._system  0x0000000000000000       0x3a /Applications/redsuite_4.3.0_1033/redsuite/tools/bin/../lib/gcc/arm-none-eabi/4.6.2/../../../../arm-none-eabi/lib/armv7e-m/softfp/libcr_newlib_semihost.a(syscalls.o)
 .text._rename  0x0000000000000000       0x30 /Applications/redsuite_4.3.0_1033/redsuite/tools/bin/../lib/gcc/arm-none-eabi/4.6.2/../../../../arm-none-eabi/lib/armv7e-m/softfp/libcr_newlib_semihost.a(syscalls.o)
 .bss.monitor_stdout
                0x0000000000000000        0x4 /Applications/redsuite_4.3.0_1033/redsuite/tools/bin/../lib/gcc/arm-none-eabi/4.6.2/../../../../arm-none-eabi/lib/armv7e-m/softfp/libcr_newlib_semihost.a(syscalls.o)
 .bss.monitor_stdin
                0x0000000000000000        0x4 /Applications/redsuite_4.3.0_1033/redsuite/tools/bin/../lib/gcc/arm-none-eabi/4.6.2/../../../../arm-none-eabi/lib/armv7e-m/softfp/libcr_newlib_semihost.a(syscalls.o)
 .bss.initialized.2429
                0x0000000000000000        0x4 /Applications/redsuite_4.3.0_1033/redsuite/tools/bin/../lib/gcc/arm-none-eabi/4.6.2/../../../../arm-none-eabi/lib/armv7e-m/softfp/libcr_newlib_semihost.a(syscalls.o)
 .rodata.str1.1
                0x0000000000000000        0x4 /Applications/redsuite_4.3.0_1033/redsuite/tools/bin/../lib/gcc/arm-none-eabi/4.6.2/../../../../arm-none-eabi/lib/armv7e-m/softfp/libcr_newlib_semihost.a(syscalls.o)
 .bss.monitor_stderr
                0x0000000000000000        0x4 /Applications/redsuite_4.3.0_1033/redsuite/tools/bin/../lib/gcc/arm-none-eabi/4.6.2/../../../../arm-none-eabi/lib/armv7e-m/softfp/libcr_newlib_semihost.a(syscalls.o)
 .bss.openfiles
                0x0000000000000000       0x28 /Applications/redsuite_4.3.0_1033/redsuite/tools/bin/../lib/gcc/arm-none-eabi/4.6.2/../../../../arm-none-eabi/lib/armv7e-m/softfp/libcr_newlib_semihost.a(syscalls.o)
 .text          0x0000000000000000        0x0 /Applications/redsuite_4.3.0_1033/redsuite/tools/bin/../lib/gcc/arm-none-eabi/4.6.2/../../../../arm-none-eabi/lib/armv7e-m/softfp/libcr_newlib_semihost.a(_cr_check_heap.o)
 .data          0x0000000000000000        0x0 /Applications/redsuite_4.3.0_1033/redsuite/tools/bin/../lib/gcc/arm-none-eabi/4.6.2/../../../../arm-none-eabi/lib/armv7e-m/softfp/libcr_newlib_semihost.a(_cr_check_heap.o)
 .bss           0x0000000000000000        0x0 /Applications/redsuite_4.3.0_1033/redsuite/tools/bin/../lib/gcc/arm-none-eabi/4.6.2/../../../../arm-none-eabi/lib/armv7e-m/softfp/libcr_newlib_semihost.a(_cr_check_heap.o)
 .text          0x0000000000000000        0x0 /Applications/redsuite_4.3.0_1033/redsuite/tools/bin/../lib/gcc/arm-none-eabi/4.6.2/armv7e-m/softfp/crti.o
 .data          0x0000000000000000        0x0 /Applications/redsuite_4.3.0_1033/redsuite/tools/bin/../lib/gcc/arm-none-eabi/4.6.2/armv7e-m/softfp/crti.o
 .bss           0x0000000000000000        0x0 /Applications/redsuite_4.3.0_1033/redsuite/tools/bin/../lib/gcc/arm-none-eabi/4.6.2/armv7e-m/softfp/crti.o
 .text          0x0000000000000000        0x0 /Applications/redsuite_4.3.0_1033/redsuite/tools/bin/../lib/gcc/arm-none-eabi/4.6.2/armv7e-m/softfp/crtn.o
 .data          0x0000000000000000        0x0 /Applications/redsuite_4.3.0_1033/redsuite/tools/bin/../lib/gcc/arm-none-eabi/4.6.2/armv7e-m/softfp/crtn.o
 .bss           0x0000000000000000        0x0 /Applications/redsuite_4.3.0_1033/redsuite/tools/bin/../lib/gcc/arm-none-eabi/4.6.2/armv7e-m/softfp/crtn.o
 .data          0x0000000000000000        0x4 /Applications/redsuite_4.3.0_1033/redsuite/tools/bin/../lib/gcc/arm-none-eabi/4.6.2/armv7e-m/softfp/crtbegin.o
 .fini_array    0x0000000000000000        0x4 /Applications/redsuite_4.3.0_1033/redsuite/tools/bin/../lib/gcc/arm-none-eabi/4.6.2/armv7e-m/softfp/crtbegin.o
 .text          0x0000000000000000        0x0 /Applications/redsuite_4.3.0_1033/redsuite/tools/bin/../lib/gcc/arm-none-eabi/4.6.2/armv7e-m/softfp/crtend.o
 .data          0x0000000000000000        0x0 /Applications/redsuite_4.3.0_1033/redsuite/tools/bin/../lib/gcc/arm-none-eabi/4.6.2/armv7e-m/softfp/crtend.o
 .bss           0x0000000000000000        0x0 /Applications/redsuite_4.3.0_1033/redsuite/tools/bin/../lib/gcc/arm-none-eabi/4.6.2/armv7e-m/softfp/crtend.o
 .eh_frame      0x0000000000000000        0x4 /Applications/redsuite_4.3.0_1033/redsuite/tools/bin/../lib/gcc/arm-none-eabi/4.6.2/armv7e-m/softfp/crtend.o
 .jcr           0x0000000000000000        0x4 /Applications/redsuite_4.3.0_1033/redsuite/tools/bin/../lib/gcc/arm-none-eabi/4.6.2/armv7e-m/softfp/crtend.o
 .data          0x0000000000000000        0x0 /Applications/redsuite_4.3.0_1033/redsuite/tools/bin/../lib/gcc/arm-none-eabi/4.6.2/../../../../arm-none-eabi/lib/armv7e-m/softfp/libc.a(lib_a-errno.o)
 .bss           0x0000000000000000        0x0 /Applications/redsuite_4.3.0_1033/redsuite/tools/bin/../lib/gcc/arm-none-eabi/4.6.2/../../../../arm-none-eabi/lib/armv7e-m/softfp/libc.a(lib_a-errno.o)
 .text          0x0000000000000000       0x90 /Applications/redsuite_4.3.0_1033/redsuite/tools/bin/../lib/gcc/arm-none-eabi/4.6.2/../../../../arm-none-eabi/lib/armv7e-m/softfp/libc.a(lib_a-memset.o)
 .data          0x0000000000000000        0x0 /Applications/redsuite_4.3.0_1033/redsuite/tools/bin/../lib/gcc/arm-none-eabi/4.6.2/../../../../arm-none-eabi/lib/armv7e-m/softfp/libc.a(lib_a-memset.o)
 .bss           0x0000000000000000        0x0 /Applications/redsuite_4.3.0_1033/redsuite/tools/bin/../lib/gcc/arm-none-eabi/4.6.2/../../../../arm-none-eabi/lib/armv7e-m/softfp/libc.a(lib_a-memset.o)
 .text          0x0000000000000000       0x60 /Applications/redsuite_4.3.0_1033/redsuite/tools/bin/../lib/gcc/arm-none-eabi/4.6.2/../../../../arm-none-eabi/lib/armv7e-m/softfp/libc.a(lib_a-strlen.o)
 .data          0x0000000000000000        0x0 /Applications/redsuite_4.3.0_1033/redsuite/tools/bin/../lib/gcc/arm-none-eabi/4.6.2/../../../../arm-none-eabi/lib/armv7e-m/softfp/libc.a(lib_a-strlen.o)
 .bss           0x0000000000000000        0x0 /Applications/redsuite_4.3.0_1033/redsuite/tools/bin/../lib/gcc/arm-none-eabi/4.6.2/../../../../arm-none-eabi/lib/armv7e-m/softfp/libc.a(lib_a-strlen.o)

Memory Configuration

Name             Origin             Length             Attributes
MFlash1024       0x0000000008000000 0x0000000000100000 xr
Ram112           0x0000000020000000 0x000000000001c000 xrw
PeriphRam16      0x000000002001c000 0x0000000000004000 xrw
Ram64            0x0000000010000000 0x0000000000010000 xrw
*default*        0x0000000000000000 0xffffffffffffffff

Linker script and memory map

LOAD ./src/cr_cpp_config.o
LOAD ./src/cr_startup_stm32f4xx.o
LOAD ./src/main.o
LOAD ./armduino/gpio.o
LOAD ./armduino/usart.o
START GROUP
LOAD /Applications/redsuite_4.3.0_1033/redsuite/tools/bin/../lib/gcc/arm-none-eabi/4.6.2/armv7e-m/softfp/libgcc.a
LOAD /Applications/redsuite_4.3.0_1033/redsuite/tools/bin/../lib/gcc/arm-none-eabi/4.6.2/../../../../arm-none-eabi/lib/armv7e-m/softfp/libc.a
LOAD /Applications/redsuite_4.3.0_1033/redsuite/tools/bin/../lib/gcc/arm-none-eabi/4.6.2/../../../../arm-none-eabi/lib/armv7e-m/softfp/libstdc++.a
LOAD /Applications/redsuite_4.3.0_1033/redsuite/tools/bin/../lib/gcc/arm-none-eabi/4.6.2/../../../../arm-none-eabi/lib/armv7e-m/softfp/libm.a
LOAD /Applications/redsuite_4.3.0_1033/redsuite/tools/bin/../lib/gcc/arm-none-eabi/4.6.2/../../../../arm-none-eabi/lib/armv7e-m/softfp/libcr_newlib_semihost.a
LOAD /Applications/redsuite_4.3.0_1033/redsuite/tools/bin/../lib/gcc/arm-none-eabi/4.6.2/armv7e-m/softfp/crti.o
LOAD /Applications/redsuite_4.3.0_1033/redsuite/tools/bin/../lib/gcc/arm-none-eabi/4.6.2/armv7e-m/softfp/crtn.o
LOAD /Applications/redsuite_4.3.0_1033/redsuite/tools/bin/../lib/gcc/arm-none-eabi/4.6.2/armv7e-m/softfp/crtbegin.o
LOAD /Applications/redsuite_4.3.0_1033/redsuite/tools/bin/../lib/gcc/arm-none-eabi/4.6.2/armv7e-m/softfp/crtend.o
END GROUP
                0x0000000008100000                __top_MFlash1024 = 0x8100000
                0x000000002001c000                __top_Ram112 = 0x2001c000
                0x0000000020020000                __top_PeriphRam16 = 0x20020000
                0x0000000010010000                __top_Ram64 = 0x10010000

.text           0x0000000008000000     0x2660
 FILL mask 0xff
 *(.isr_vector)
 .isr_vector    0x0000000008000000      0x188 ./src/cr_startup_stm32f4xx.o
                0x0000000008000000                g_pfnVectors
                0x0000000008000188                . = ALIGN (0x4)
                0x0000000008000188                __section_table_start = .
                0x0000000008000188                __data_section_table = .
                0x0000000008000188        0x4 LONG 0x8002800 LOADADDR (.data)
                0x000000000800018c        0x4 LONG 0x20000000 ADDR (.data)
                0x0000000008000190        0x4 LONG 0x840 SIZEOF (.data)
                0x0000000008000194        0x4 LONG 0x8002800 LOADADDR (.data_RAM2)
                0x0000000008000198        0x4 LONG 0x2001c000 ADDR (.data_RAM2)
                0x000000000800019c        0x4 LONG 0x0 SIZEOF (.data_RAM2)
                0x00000000080001a0        0x4 LONG 0x8002800 LOADADDR (.data_RAM3)
                0x00000000080001a4        0x4 LONG 0x10000000 ADDR (.data_RAM3)
                0x00000000080001a8        0x4 LONG 0x0 SIZEOF (.data_RAM3)
                0x00000000080001ac                __data_section_table_end = .
                0x00000000080001ac                __bss_section_table = .
                0x00000000080001ac        0x4 LONG 0x20000840 ADDR (.bss)
                0x00000000080001b0        0x4 LONG 0x174 SIZEOF (.bss)
                0x00000000080001b4        0x4 LONG 0x2001c000 ADDR (.bss_RAM2)
                0x00000000080001b8        0x4 LONG 0x0 SIZEOF (.bss_RAM2)
                0x00000000080001bc        0x4 LONG 0x10000000 ADDR (.bss_RAM3)
                0x00000000080001c0        0x4 LONG 0x0 SIZEOF (.bss_RAM3)
                0x00000000080001c4                __bss_section_table_end = .
                0x00000000080001c4                __section_table_end = .
 *(.after_vectors*)
 .after_vectors
                0x00000000080001c4       0x88 ./src/cr_startup_stm32f4xx.o
                0x00000000080001c4                NMI_Handler
                0x00000000080001c6                HardFault_Handler
                0x00000000080001c8                MemManage_Handler
                0x00000000080001ca                BusFault_Handler
                0x00000000080001cc                UsageFault_Handler
                0x00000000080001ce                SVC_Handler
                0x00000000080001d0                DebugMon_Handler
                0x00000000080001d2                PendSV_Handler
                0x00000000080001d4                SysTick_Handler
                0x00000000080001d6                _Z9data_initjjj
                0x00000000080001e8                _Z8bss_initjj
                0x00000000080001f8                ResetISR
                0x0000000008000244                TIM8_TRG_COM_TIM14_IRQHandler
                0x0000000008000244                TIM1_UP_TIM10_IRQHandler
                0x0000000008000244                TIM8_UP_TIM13_IRQHandler
                0x0000000008000244                I2C3_ER_IRQHandler
                0x0000000008000244                EXTI0_IRQHandler
                0x0000000008000244                I2C2_EV_IRQHandler
                0x0000000008000244                DMA1_Stream2_IRQHandler
                0x0000000008000244                CAN1_RX0_IRQHandler
                0x0000000008000244                FPU_IRQHandler
                0x0000000008000244                OTG_HS_WKUP_IRQHandler
                0x0000000008000244                CAN2_SCE_IRQHandler
                0x0000000008000244                DMA2_Stream2_IRQHandler
                0x0000000008000244                SPI1_IRQHandler
                0x0000000008000244                IntDefaultHandler
                0x0000000008000244                TIM6_DAC_IRQHandler
                0x0000000008000244                TIM1_BRK_TIM9_IRQHandler
                0x0000000008000244                DCMI_IRQHandler
                0x0000000008000244                CAN2_RX0_IRQHandler
                0x0000000008000244                DMA2_Stream3_IRQHandler
                0x0000000008000244                USART6_IRQHandler
                0x0000000008000244                CRYP_IRQHandler
                0x0000000008000244                CAN1_RX1_IRQHandler
                0x0000000008000244                UART5_IRQHandler
                0x0000000008000244                DMA2_Stream0_IRQHandler
                0x0000000008000244                TIM4_IRQHandler
                0x0000000008000244                I2C1_EV_IRQHandler
                0x0000000008000244                DMA1_Stream6_IRQHandler
                0x0000000008000244                DMA1_Stream1_IRQHandler
                0x0000000008000244                UART4_IRQHandler
                0x0000000008000244                TIM3_IRQHandler
                0x0000000008000244                RCC_IRQHandler
                0x0000000008000244                TIM8_BRK_TIM12_IRQHandler
                0x0000000008000244                EXTI15_10_IRQHandler
                0x0000000008000244                ADC_IRQHandler
                0x0000000008000244                DMA1_Stream7_IRQHandler
                0x0000000008000244                TIM7_IRQHandler
                0x0000000008000244                CAN2_TX_IRQHandler
                0x0000000008000244                TIM5_IRQHandler
                0x0000000008000244                DMA2_Stream7_IRQHandler
                0x0000000008000244                I2C3_EV_IRQHandler
                0x0000000008000244                EXTI9_5_IRQHandler
                0x0000000008000244                RTC_WKUP_IRQHandler
                0x0000000008000244                ETH_WKUP_IRQHandler
                0x0000000008000244                SPI2_IRQHandler
                0x0000000008000244                OTG_HS_EP1_IN_IRQHandler
                0x0000000008000244                DMA1_Stream0_IRQHandler
                0x0000000008000244                CAN1_TX_IRQHandler
                0x0000000008000244                EXTI4_IRQHandler
                0x0000000008000244                FSMC_IRQHandler
                0x0000000008000244                ETH_IRQHandler
                0x0000000008000244                OTG_HS_EP1_OUT_IRQHandler
                0x0000000008000244                WWDG_IRQHandler
                0x0000000008000244                TIM2_IRQHandler
                0x0000000008000244                OTG_FS_WKUP_IRQHandler
                0x0000000008000244                TIM1_TRG_COM_TIM11_IRQHandler
                0x0000000008000244                OTG_HS_IRQHandler
                0x0000000008000244                EXTI1_IRQHandler
                0x0000000008000244                USART2_IRQHandler
                0x0000000008000244                I2C2_ER_IRQHandler
                0x0000000008000244                DMA2_Stream1_IRQHandler
                0x0000000008000244                CAN1_SCE_IRQHandler
                0x0000000008000244                FLASH_IRQHandler
                0x0000000008000244                DMA2_Stream4_IRQHandler
                0x0000000008000244                USART1_IRQHandler
                0x0000000008000244                OTG_FS_IRQHandler
                0x0000000008000244                SPI3_IRQHandler
                0x0000000008000244                DMA1_Stream4_IRQHandler
                0x0000000008000244                I2C1_ER_IRQHandler
                0x0000000008000244                DMA2_Stream6_IRQHandler
                0x0000000008000244                RTC_Alarm_IRQHandler
                0x0000000008000244                DMA1_Stream3_IRQHandler
                0x0000000008000244                HASH_RNG_IRQHandler
                0x0000000008000244                EXTI2_IRQHandler
                0x0000000008000244                TIM8_CC_IRQHandler
                0x0000000008000244                TIM1_CC_IRQHandler
                0x0000000008000244                DMA2_Stream5_IRQHandler
                0x0000000008000244                DMA1_Stream5_IRQHandler
                0x0000000008000244                PVD_IRQHandler
                0x0000000008000244                SDIO_IRQHandler
                0x0000000008000244                TAMP_STAMP_IRQHandler
                0x0000000008000244                CAN2_RX1_IRQHandler
                0x0000000008000244                EXTI3_IRQHandler
 *(.text*)
 .text._Znwj    0x000000000800024c       0x1c ./src/cr_cpp_config.o
                0x000000000800024c                _Znwj
 .text._Znaj    0x0000000008000268       0x1c ./src/cr_cpp_config.o
                0x0000000008000268                _Znaj
 .text._ZdlPv   0x0000000008000284       0x18 ./src/cr_cpp_config.o
                0x0000000008000284                _ZdlPv
 .text._ZdaPv   0x000000000800029c       0x18 ./src/cr_cpp_config.o
                0x000000000800029c                _ZdaPv
 .text.__aeabi_atexit
                0x00000000080002b4       0x1c ./src/cr_cpp_config.o
                0x00000000080002b4                __aeabi_atexit
 .text._ZN9__gnu_cxx27__verbose_terminate_handlerEv
                0x00000000080002d0        0x8 ./src/cr_cpp_config.o
                0x00000000080002d0                _ZN9__gnu_cxx27__verbose_terminate_handlerEv
 .text.main     0x00000000080002d8       0x2c ./src/main.o
                0x00000000080002d8                main
 .text.GPIOMode
                0x0000000008000304       0x48 ./armduino/gpio.o
                0x0000000008000304                GPIOMode
 .text._ZN11USARTSerialC2ER4ringS1_
                0x000000000800034c       0x28 ./armduino/usart.o
                0x000000000800034c                _ZN11USARTSerialC2ER4ringS1_
                0x000000000800034c                _ZN11USARTSerialC1ER4ringS1_
 .text._ZN4ringC2Ev
                0x0000000008000374       0x1c ./armduino/usart.o
                0x0000000008000374                _ZN4ringC2Ev
                0x0000000008000374                _ZN4ringC1Ev
 .text._ZN4ring4initEv
                0x0000000008000390       0x30 ./armduino/usart.o
                0x0000000008000390                _ZN4ring4initEv
 .text._ZN4ring6ringinEt
                0x00000000080003c0       0x8c ./armduino/usart.o
                0x00000000080003c0                _ZN4ring6ringinEt
 .text._ZN4ring7ringoutEv
                0x000000000800044c       0x68 ./armduino/usart.o
                0x000000000800044c                _ZN4ring7ringoutEv
 .text._ZN4ring7is_fullEv
                0x00000000080004b4       0x38 ./armduino/usart.o
                0x00000000080004b4                _ZN4ring7is_fullEv
 .text._ZN4ring8is_emptyEv
                0x00000000080004ec       0x38 ./armduino/usart.o
                0x00000000080004ec                _ZN4ring8is_emptyEv
 .text._ZN4ring8bufferedEv
                0x0000000008000524       0x1c ./armduino/usart.o
                0x0000000008000524                _ZN4ring8bufferedEv
 .text._ZN11USARTSerial5beginEm
                0x0000000008000540      0x114 ./armduino/usart.o
                0x0000000008000540                _ZN11USARTSerial5beginEm
 .text._ZN11USARTSerial5writeEt
                0x0000000008000654       0x60 ./armduino/usart.o
                0x0000000008000654                _ZN11USARTSerial5writeEt
 .text._ZN11USARTSerial5writeEPtt
                0x00000000080006b4       0x50 ./armduino/usart.o
                0x00000000080006b4                _ZN11USARTSerial5writeEPtt
 .text._ZN11USARTSerial5printEPKc
                0x0000000008000704       0x4c ./armduino/usart.o
                0x0000000008000704                _ZN11USARTSerial5printEPKc
 .text._ZN11USARTSerial11printNumberEmh
                0x0000000008000750       0xd8 ./armduino/usart.o
                0x0000000008000750                _ZN11USARTSerial11printNumberEmh
 .text._ZN11USARTSerial10printFloatEfh
                0x0000000008000828      0x124 ./armduino/usart.o
                0x0000000008000828                _ZN11USARTSerial10printFloatEfh
 .text._ZN11USARTSerial9availableEv
                0x000000000800094c       0x20 ./armduino/usart.o
                0x000000000800094c                _ZN11USARTSerial9availableEv
 .text._ZN11USARTSerial4readEv
                0x000000000800096c       0x20 ./armduino/usart.o
                0x000000000800096c                _ZN11USARTSerial4readEv
 .text.USART3_IRQHandler
                0x000000000800098c       0xb8 ./armduino/usart.o
                0x000000000800098c                USART3_IRQHandler
 .text._Z41__static_initialization_and_destruction_0ii
                0x0000000008000a44       0x58 ./armduino/usart.o
 .text._GLOBAL__sub_I_rx3
                0x0000000008000a9c       0x14 ./armduino/usart.o
 .text          0x0000000008000ab0      0xb54 /Applications/redsuite_4.3.0_1033/redsuite/tools/bin/../lib/gcc/arm-none-eabi/4.6.2/armv7e-m/softfp/libgcc.a(unwind-arm.o)
                0x0000000008000d58                _Unwind_VRS_Get
                0x0000000008000d98                _Unwind_VRS_Set
                0x00000000080010f8                __aeabi_unwind_cpp_pr2
                0x00000000080010fc                __aeabi_unwind_cpp_pr1
                0x0000000008001100                __aeabi_unwind_cpp_pr0
                0x0000000008001104                _Unwind_VRS_Pop
                0x00000000080014b8                _Unwind_GetCFA
                0x00000000080014bc                __gnu_Unwind_RaiseException
                0x000000000800151c                __gnu_Unwind_ForcedUnwind
                0x0000000008001530                __gnu_Unwind_Resume
                0x000000000800156c                __gnu_Unwind_Resume_or_Rethrow
                0x000000000800157c                _Unwind_Complete
                0x0000000008001580                _Unwind_DeleteException
                0x0000000008001590                __gnu_Unwind_Backtrace
 .text          0x0000000008001604      0x1ac /Applications/redsuite_4.3.0_1033/redsuite/tools/bin/../lib/gcc/arm-none-eabi/4.6.2/armv7e-m/softfp/libgcc.a(libunwind.o)
                0x0000000008001604                __restore_core_regs
                0x0000000008001604                restore_core_regs
                0x000000000800161c                __gnu_Unwind_Restore_VFP
                0x0000000008001624                __gnu_Unwind_Save_VFP
                0x000000000800162c                __gnu_Unwind_Restore_VFP_D
                0x0000000008001634                __gnu_Unwind_Save_VFP_D
                0x000000000800163c                __gnu_Unwind_Restore_VFP_D_16_to_31
                0x0000000008001644                __gnu_Unwind_Save_VFP_D_16_to_31
                0x000000000800164c                __gnu_Unwind_Restore_WMMXD
                0x0000000008001690                __gnu_Unwind_Save_WMMXD
                0x00000000080016d4                __gnu_Unwind_Restore_WMMXC
                0x00000000080016e8                __gnu_Unwind_Save_WMMXC
                0x00000000080016fc                _Unwind_RaiseException
                0x00000000080016fc                ___Unwind_RaiseException
                0x0000000008001720                ___Unwind_Resume
                0x0000000008001720                _Unwind_Resume
                0x0000000008001744                ___Unwind_Resume_or_Rethrow
                0x0000000008001744                _Unwind_Resume_or_Rethrow
                0x0000000008001768                _Unwind_ForcedUnwind
                0x0000000008001768                ___Unwind_ForcedUnwind
                0x000000000800178c                _Unwind_Backtrace
                0x000000000800178c                ___Unwind_Backtrace
 .text          0x00000000080017b0      0x374 /Applications/redsuite_4.3.0_1033/redsuite/tools/bin/../lib/gcc/arm-none-eabi/4.6.2/armv7e-m/softfp/libgcc.a(pr-support.o)
                0x0000000008001804                __gnu_unwind_execute
                0x0000000008001acc                __gnu_unwind_frame
                0x0000000008001af4                _Unwind_GetRegionStart
                0x0000000008001b00                _Unwind_GetLanguageSpecificData
                0x0000000008001b14                _Unwind_GetDataRelBase
                0x0000000008001b1c                _Unwind_GetTextRelBase
 .text          0x0000000008001b24       0x10 /Applications/redsuite_4.3.0_1033/redsuite/tools/bin/../lib/gcc/arm-none-eabi/4.6.2/../../../../arm-none-eabi/lib/armv7e-m/softfp/libc.a(lib_a-abort.o)
                0x0000000008001b24                abort
 .text          0x0000000008001b34       0x48 /Applications/redsuite_4.3.0_1033/redsuite/tools/bin/../lib/gcc/arm-none-eabi/4.6.2/../../../../arm-none-eabi/lib/armv7e-m/softfp/libc.a(lib_a-init.o)
                0x0000000008001b34                __libc_init_array
 .text          0x0000000008001b7c       0x20 /Applications/redsuite_4.3.0_1033/redsuite/tools/bin/../lib/gcc/arm-none-eabi/4.6.2/../../../../arm-none-eabi/lib/armv7e-m/softfp/libc.a(lib_a-malloc.o)
                0x0000000008001b7c                malloc
                0x0000000008001b8c                free
 .text          0x0000000008001b9c      0x538 /Applications/redsuite_4.3.0_1033/redsuite/tools/bin/../lib/gcc/arm-none-eabi/4.6.2/../../../../arm-none-eabi/lib/armv7e-m/softfp/libc.a(lib_a-mallocr.o)
                0x0000000008001b9c                _malloc_r
 .text          0x00000000080020d4       0x84 /Applications/redsuite_4.3.0_1033/redsuite/tools/bin/../lib/gcc/arm-none-eabi/4.6.2/../../../../arm-none-eabi/lib/armv7e-m/softfp/libc.a(lib_a-memcpy.o)
                0x00000000080020d4                memcpy
 .text          0x0000000008002158        0x8 /Applications/redsuite_4.3.0_1033/redsuite/tools/bin/../lib/gcc/arm-none-eabi/4.6.2/../../../../arm-none-eabi/lib/armv7e-m/softfp/libc.a(lib_a-mlock.o)
                0x0000000008002158                __malloc_lock
                0x000000000800215c                __malloc_unlock
 .text          0x0000000008002160       0x24 /Applications/redsuite_4.3.0_1033/redsuite/tools/bin/../lib/gcc/arm-none-eabi/4.6.2/../../../../arm-none-eabi/lib/armv7e-m/softfp/libc.a(lib_a-sbrkr.o)
                0x0000000008002160                _sbrk_r
 .text          0x0000000008002184      0x160 /Applications/redsuite_4.3.0_1033/redsuite/tools/bin/../lib/gcc/arm-none-eabi/4.6.2/../../../../arm-none-eabi/lib/armv7e-m/softfp/libc.a(lib_a-signal.o)
                0x0000000008002184                _init_signal_r
                0x00000000080021b8                _signal_r
                0x00000000080021f8                _raise_r
                0x0000000008002250                __sigtramp_r
                0x00000000080022a4                raise
                0x00000000080022b4                signal
                0x00000000080022c8                _init_signal
                0x00000000080022d4                __sigtramp
 .text          0x00000000080022e4       0x2c /Applications/redsuite_4.3.0_1033/redsuite/tools/bin/../lib/gcc/arm-none-eabi/4.6.2/../../../../arm-none-eabi/lib/armv7e-m/softfp/libc.a(lib_a-signalr.o)
                0x00000000080022e4                _kill_r
                0x000000000800230c                _getpid_r
 .text          0x0000000008002310      0x230 /Applications/redsuite_4.3.0_1033/redsuite/tools/bin/../lib/gcc/arm-none-eabi/4.6.2/../../../../arm-none-eabi/lib/armv7e-m/softfp/libc.a(lib_a-freer.o)
                0x0000000008002310                _malloc_trim_r
                0x00000000080023b0                _free_r
 .text._sbrk    0x0000000008002540       0x3c /Applications/redsuite_4.3.0_1033/redsuite/tools/bin/../lib/gcc/arm-none-eabi/4.6.2/../../../../arm-none-eabi/lib/armv7e-m/softfp/libcr_newlib_semihost.a(_cr_sbrk.o)
                0x0000000008002540                _sbrk
 .text._exit    0x000000000800257c        0x8 /Applications/redsuite_4.3.0_1033/redsuite/tools/bin/../lib/gcc/arm-none-eabi/4.6.2/../../../../arm-none-eabi/lib/armv7e-m/softfp/libcr_newlib_semihost.a(_exit.o)
                0x000000000800257c                _exit
 .text.do_AngelSWI.clone.0
                0x0000000008002584       0x12 /Applications/redsuite_4.3.0_1033/redsuite/tools/bin/../lib/gcc/arm-none-eabi/4.6.2/../../../../arm-none-eabi/lib/armv7e-m/softfp/libcr_newlib_semihost.a(_kill.o)
 *fill*         0x0000000008002596        0x2 00
 .text._kill    0x0000000008002598       0x14 /Applications/redsuite_4.3.0_1033/redsuite/tools/bin/../lib/gcc/arm-none-eabi/4.6.2/../../../../arm-none-eabi/lib/armv7e-m/softfp/libcr_newlib_semihost.a(_kill.o)
                0x0000000008002598                _kill
 .text._getpid  0x00000000080025ac        0x4 /Applications/redsuite_4.3.0_1033/redsuite/tools/bin/../lib/gcc/arm-none-eabi/4.6.2/../../../../arm-none-eabi/lib/armv7e-m/softfp/libcr_newlib_semihost.a(syscalls.o)
                0x00000000080025ac                _getpid
 .text.__check_heap_overflow
                0x00000000080025b0       0x2c /Applications/redsuite_4.3.0_1033/redsuite/tools/bin/../lib/gcc/arm-none-eabi/4.6.2/../../../../arm-none-eabi/lib/armv7e-m/softfp/libcr_newlib_semihost.a(_cr_check_heap.o)
                0x00000000080025b0                __check_heap_overflow
 .text          0x00000000080025dc       0x54 /Applications/redsuite_4.3.0_1033/redsuite/tools/bin/../lib/gcc/arm-none-eabi/4.6.2/armv7e-m/softfp/crtbegin.o
 .text          0x0000000008002630        0xc /Applications/redsuite_4.3.0_1033/redsuite/tools/bin/../lib/gcc/arm-none-eabi/4.6.2/../../../../arm-none-eabi/lib/armv7e-m/softfp/libc.a(lib_a-errno.o)
                0x0000000008002630                __errno
 *(.rodata .rodata.*)
 .rodata.str1.4
                0x000000000800263c        0x4 /Applications/redsuite_4.3.0_1033/redsuite/tools/bin/../lib/gcc/arm-none-eabi/4.6.2/../../../../arm-none-eabi/lib/armv7e-m/softfp/libc.a(lib_a-impure.o)
                0x0000000008002640                . = ALIGN (0x4)
                0x0000000008002640                . = ALIGN (0x4)
 *(.init)
 .init          0x0000000008002640        0x4 /Applications/redsuite_4.3.0_1033/redsuite/tools/bin/../lib/gcc/arm-none-eabi/4.6.2/armv7e-m/softfp/crti.o
                0x0000000008002640                _init
 .init          0x0000000008002644        0x8 /Applications/redsuite_4.3.0_1033/redsuite/tools/bin/../lib/gcc/arm-none-eabi/4.6.2/armv7e-m/softfp/crtn.o
                0x000000000800264c                . = ALIGN (0x4)
                0x000000000800264c                __preinit_array_start = .
 *(.preinit_array)
                0x000000000800264c                __preinit_array_end = .
                0x000000000800264c                . = ALIGN (0x4)
                0x000000000800264c                __init_array_start = .
 *(SORT(.init_array.*))
 *(.init_array)
 .init_array    0x000000000800264c        0x4 ./armduino/usart.o
 .init_array    0x0000000008002650        0x4 /Applications/redsuite_4.3.0_1033/redsuite/tools/bin/../lib/gcc/arm-none-eabi/4.6.2/armv7e-m/softfp/crtbegin.o
                0x0000000008002654                __init_array_end = .
 *(.fini)
 .fini          0x0000000008002654        0x4 /Applications/redsuite_4.3.0_1033/redsuite/tools/bin/../lib/gcc/arm-none-eabi/4.6.2/armv7e-m/softfp/crti.o
                0x0000000008002654                _fini
 .fini          0x0000000008002658        0x8 /Applications/redsuite_4.3.0_1033/redsuite/tools/bin/../lib/gcc/arm-none-eabi/4.6.2/armv7e-m/softfp/crtn.o
                0x0000000008002660                . = ALIGN (0x4)
 *crtbegin.o(.ctors)
 *(EXCLUDE_FILE(*crtend.o) .ctors)
 *(SORT(.ctors.*))
 *crtend.o(.ctors)
                0x0000000008002660                . = ALIGN (0x4)
 *crtbegin.o(.dtors)
 *(EXCLUDE_FILE(*crtend.o) .dtors)
 *(SORT(.dtors.*))
 *crtend.o(.dtors)

.glue_7         0x0000000008002660        0x0
 .glue_7        0x0000000000000000        0x0 linker stubs

.glue_7t        0x0000000008002660        0x0
 .glue_7t       0x0000000000000000        0x0 linker stubs

.vfp11_veneer   0x0000000008002660        0x0
 .vfp11_veneer  0x0000000000000000        0x0 linker stubs

.v4_bx          0x0000000008002660        0x0
 .v4_bx         0x0000000000000000        0x0 linker stubs

.ARM.extab      0x0000000008002660       0x78
 *(.ARM.extab* .gnu.linkonce.armextab.*)
 .ARM.extab.text._Znwj
                0x0000000008002660        0x0 ./src/cr_cpp_config.o
 .ARM.extab.text._Znaj
                0x0000000008002660        0x0 ./src/cr_cpp_config.o
 .ARM.extab.text._ZdlPv
                0x0000000008002660        0x0 ./src/cr_cpp_config.o
 .ARM.extab.text._ZdaPv
                0x0000000008002660        0x0 ./src/cr_cpp_config.o
 .ARM.extab.text.__aeabi_atexit
                0x0000000008002660        0x0 ./src/cr_cpp_config.o
 .ARM.extab.text._ZN9__gnu_cxx27__verbose_terminate_handlerEv
                0x0000000008002660        0x0 ./src/cr_cpp_config.o
 .ARM.extab.after_vectors
                0x0000000008002660        0x0 ./src/cr_startup_stm32f4xx.o
 .ARM.extab.text.main
                0x0000000008002660        0x0 ./src/main.o
 .ARM.extab.text._ZN11USARTSerialC2ER4ringS1_
                0x0000000008002660        0x0 ./armduino/usart.o
 .ARM.extab.text._ZN4ringC2Ev
                0x0000000008002660        0x0 ./armduino/usart.o
 .ARM.extab.text._ZN4ring4initEv
                0x0000000008002660        0x0 ./armduino/usart.o
 .ARM.extab.text._ZN4ring6ringinEt
                0x0000000008002660        0x0 ./armduino/usart.o
 .ARM.extab.text._ZN4ring7ringoutEv
                0x0000000008002660        0x0 ./armduino/usart.o
 .ARM.extab.text._ZN4ring7is_fullEv
                0x0000000008002660        0x0 ./armduino/usart.o
 .ARM.extab.text._ZN4ring8is_emptyEv
                0x0000000008002660        0x0 ./armduino/usart.o
 .ARM.extab.text._ZN4ring8bufferedEv
                0x0000000008002660        0x0 ./armduino/usart.o
 .ARM.extab.text._ZN11USARTSerial5beginEm
                0x0000000008002660        0xc ./armduino/usart.o
 .ARM.extab.text._ZN11USARTSerial5writeEt
                0x000000000800266c        0xc ./armduino/usart.o
 .ARM.extab.text._ZN11USARTSerial5writeEPtt
                0x0000000008002678        0xc ./armduino/usart.o
 .ARM.extab.text._ZN11USARTSerial5printEPKc
                0x0000000008002684        0xc ./armduino/usart.o
 .ARM.extab.text._ZN11USARTSerial11printNumberEmh
                0x0000000008002690        0xc ./armduino/usart.o
 .ARM.extab.text._ZN11USARTSerial10printFloatEfh
                0x000000000800269c        0xc ./armduino/usart.o
 .ARM.extab.text._ZN11USARTSerial9availableEv
                0x00000000080026a8        0x0 ./armduino/usart.o
 .ARM.extab.text._ZN11USARTSerial4readEv
                0x00000000080026a8        0x0 ./armduino/usart.o
 .ARM.extab.text.USART3_IRQHandler
                0x00000000080026a8        0x0 ./armduino/usart.o
 .ARM.extab.text._Z41__static_initialization_and_destruction_0ii
                0x00000000080026a8        0x0 ./armduino/usart.o
 .ARM.extab.text._GLOBAL__sub_I_rx3
                0x00000000080026a8        0x0 ./armduino/usart.o
 .ARM.extab     0x00000000080026a8       0x18 /Applications/redsuite_4.3.0_1033/redsuite/tools/bin/../lib/gcc/arm-none-eabi/4.6.2/armv7e-m/softfp/libgcc.a(unwind-arm.o)
 .ARM.extab     0x00000000080026c0       0x18 /Applications/redsuite_4.3.0_1033/redsuite/tools/bin/../lib/gcc/arm-none-eabi/4.6.2/armv7e-m/softfp/libgcc.a(pr-support.o)
                0x00000000080026d8                __exidx_start = .

.eh_frame       0x00000000080026d8        0x0
 .eh_frame      0x00000000080026d8        0x0 /Applications/redsuite_4.3.0_1033/redsuite/tools/bin/../lib/gcc/arm-none-eabi/4.6.2/armv7e-m/softfp/crtbegin.o

.ARM.exidx      0x00000000080026d8      0x128
 *(.ARM.exidx* .gnu.linkonce.armexidx.*)
 .ARM.exidx.text._Znwj
                0x00000000080026f0        0x0 ./src/cr_cpp_config.o
                                          0x8 (size before relaxing)
 .ARM.exidx.text._Znaj
                0x00000000080026f0        0x0 ./src/cr_cpp_config.o
                                          0x8 (size before relaxing)
 .ARM.exidx.text._ZdlPv
                0x00000000080026f0        0x0 ./src/cr_cpp_config.o
                                          0x8 (size before relaxing)
 .ARM.exidx.text._ZdaPv
                0x00000000080026f0        0x0 ./src/cr_cpp_config.o
                                          0x8 (size before relaxing)
 .ARM.exidx.text.__aeabi_atexit
                0x00000000080026f0        0x0 ./src/cr_cpp_config.o
                                          0x8 (size before relaxing)
 .ARM.exidx.text._ZN9__gnu_cxx27__verbose_terminate_handlerEv
                0x00000000080026f0        0x0 ./src/cr_cpp_config.o
                                          0x8 (size before relaxing)
 .ARM.exidx.after_vectors
                0x00000000080026d8       0x18 ./src/cr_startup_stm32f4xx.o
                                         0x68 (size before relaxing)
 .ARM.exidx.text.main
                0x00000000080026f0       0x10 ./src/main.o
                                          0x8 (size before relaxing)
 .ARM.exidx.text._ZN11USARTSerialC2ER4ringS1_
                0x0000000008002700        0x0 ./armduino/usart.o
                                          0x8 (size before relaxing)
 .ARM.exidx.text._ZN4ringC2Ev
                0x0000000008002700        0x0 ./armduino/usart.o
                                          0x8 (size before relaxing)
 .ARM.exidx.text._ZN4ring4initEv
                0x0000000008002700        0x0 ./armduino/usart.o
                                          0x8 (size before relaxing)
 .ARM.exidx.text._ZN4ring6ringinEt
                0x0000000008002700        0x0 ./armduino/usart.o
                                          0x8 (size before relaxing)
 .ARM.exidx.text._ZN4ring7ringoutEv
                0x0000000008002700        0x0 ./armduino/usart.o
                                          0x8 (size before relaxing)
 .ARM.exidx.text._ZN4ring7is_fullEv
                0x0000000008002700        0x0 ./armduino/usart.o
                                          0x8 (size before relaxing)
 .ARM.exidx.text._ZN4ring8is_emptyEv
                0x0000000008002700        0x0 ./armduino/usart.o
                                          0x8 (size before relaxing)
 .ARM.exidx.text._ZN4ring8bufferedEv
                0x0000000008002700        0x0 ./armduino/usart.o
                                          0x8 (size before relaxing)
 .ARM.exidx.text._ZN11USARTSerial5beginEm
                0x0000000008002700        0x8 ./armduino/usart.o
 .ARM.exidx.text._ZN11USARTSerial5writeEt
                0x0000000008002708        0x8 ./armduino/usart.o
 .ARM.exidx.text._ZN11USARTSerial5writeEPtt
                0x0000000008002710        0x8 ./armduino/usart.o
 .ARM.exidx.text._ZN11USARTSerial5printEPKc
                0x0000000008002718        0x8 ./armduino/usart.o
 .ARM.exidx.text._ZN11USARTSerial11printNumberEmh
                0x0000000008002720        0x8 ./armduino/usart.o
 .ARM.exidx.text._ZN11USARTSerial10printFloatEfh
                0x0000000008002728        0x8 ./armduino/usart.o
 .ARM.exidx.text._ZN11USARTSerial9availableEv
                0x0000000008002730        0x8 ./armduino/usart.o
 .ARM.exidx.text._ZN11USARTSerial4readEv
                0x0000000008002738        0x0 ./armduino/usart.o
                                          0x8 (size before relaxing)
 .ARM.exidx.text.USART3_IRQHandler
                0x0000000008002738        0x8 ./armduino/usart.o
 .ARM.exidx.text._Z41__static_initialization_and_destruction_0ii
                0x0000000008002740        0x8 ./armduino/usart.o
 .ARM.exidx.text._GLOBAL__sub_I_rx3
                0x0000000008002748        0x0 ./armduino/usart.o
                                          0x8 (size before relaxing)
 .ARM.exidx     0x0000000008002748       0x80 /Applications/redsuite_4.3.0_1033/redsuite/tools/bin/../lib/gcc/arm-none-eabi/4.6.2/armv7e-m/softfp/libgcc.a(unwind-arm.o)
                                         0xc0 (size before relaxing)
 .ARM.exidx     0x00000000080027c8       0x38 /Applications/redsuite_4.3.0_1033/redsuite/tools/bin/../lib/gcc/arm-none-eabi/4.6.2/armv7e-m/softfp/libgcc.a(pr-support.o)
                                         0x48 (size before relaxing)
                0x0000000008002800                __exidx_end = .
                0x0000000008002800                _etext = .

.data_RAM2      0x000000002001c000        0x0 load address 0x0000000008002800
 FILL mask 0xff
 *(.data.$RAM2*)
 *(.data.$PeriphRam16*)
                0x000000002001c000                . = ALIGN (0x4)

.data_RAM3      0x0000000010000000        0x0 load address 0x0000000008002800
 FILL mask 0xff
 *(.data.$RAM3*)
 *(.data.$Ram64*)
                0x0000000010000000                . = ALIGN (0x4)

.uninit_RESERVED
                0x0000000020000000        0x0
 *(.bss.$RESERVED*)
                0x0000000020000000                . = ALIGN (0x4)
                0x0000000020000000                _end_uninit_RESERVED = .

.data           0x0000000020000000      0x840 load address 0x0000000008002800
 FILL mask 0xff
                0x0000000020000000                _data = .
 *(vtable)
 *(.data*)
 .data          0x0000000020000000      0x410 /Applications/redsuite_4.3.0_1033/redsuite/tools/bin/../lib/gcc/arm-none-eabi/4.6.2/../../../../arm-none-eabi/lib/armv7e-m/softfp/libc.a(lib_a-mallocr.o)
                0x0000000020000000                __malloc_av_
                0x0000000020000408                __malloc_sbrk_base
                0x000000002000040c                __malloc_trim_threshold
 .data          0x0000000020000410      0x430 /Applications/redsuite_4.3.0_1033/redsuite/tools/bin/../lib/gcc/arm-none-eabi/4.6.2/../../../../arm-none-eabi/lib/armv7e-m/softfp/libc.a(lib_a-impure.o)
                0x0000000020000410                _impure_ptr
                0x0000000020000840                . = ALIGN (0x4)
                0x0000000020000840                _edata = .

.jcr            0x0000000020000840        0x0 load address 0x0000000008003040
 .jcr           0x0000000020000840        0x0 /Applications/redsuite_4.3.0_1033/redsuite/tools/bin/../lib/gcc/arm-none-eabi/4.6.2/armv7e-m/softfp/crtbegin.o

.bss_RAM2       0x000000002001c000        0x0
 *(.bss.$RAM2*)
 *(.bss.$PeriphRam16*)
                0x000000002001c000                . = ALIGN (0x4)

.bss_RAM3       0x0000000010000000        0x0
 *(.bss.$RAM3*)
 *(.bss.$Ram64*)
                0x0000000010000000                . = ALIGN (0x4)

.bss            0x0000000020000840      0x174
                0x0000000020000840                _bss = .
 *(.bss*)
 .bss._ZZ4mainE1i
                0x0000000020000840        0x4 ./src/main.o
 .bss.rx3       0x0000000020000844       0x88 ./armduino/usart.o
                0x0000000020000844                rx3
 .bss.tx3       0x00000000200008cc       0x88 ./armduino/usart.o
                0x00000000200008cc                tx3
 .bss.usart3    0x0000000020000954        0x8 ./armduino/usart.o
                0x0000000020000954                usart3
 .bss           0x000000002000095c       0x34 /Applications/redsuite_4.3.0_1033/redsuite/tools/bin/../lib/gcc/arm-none-eabi/4.6.2/../../../../arm-none-eabi/lib/armv7e-m/softfp/libc.a(lib_a-mallocr.o)
                0x000000002000095c                __malloc_top_pad
                0x0000000020000960                __malloc_current_mallinfo
                0x0000000020000988                __malloc_max_sbrked_mem
                0x000000002000098c                __malloc_max_total_mem
 .bss           0x0000000020000990       0x1c /Applications/redsuite_4.3.0_1033/redsuite/tools/bin/../lib/gcc/arm-none-eabi/4.6.2/armv7e-m/softfp/crtbegin.o
 *(COMMON)
 COMMON         0x00000000200009ac        0x4 /Applications/redsuite_4.3.0_1033/redsuite/tools/bin/../lib/gcc/arm-none-eabi/4.6.2/../../../../arm-none-eabi/lib/armv7e-m/softfp/libc.a(lib_a-reent.o)
                0x00000000200009ac                errno
 COMMON         0x00000000200009b0        0x4 /Applications/redsuite_4.3.0_1033/redsuite/tools/bin/../lib/gcc/arm-none-eabi/4.6.2/../../../../arm-none-eabi/lib/armv7e-m/softfp/libcr_newlib_semihost.a(_cr_sbrk.o)
                0x00000000200009b0                __end_of_heap
                0x00000000200009b4                . = ALIGN (0x4)
                0x00000000200009b4                _ebss = .
                0x00000000200009b4                PROVIDE (end, .)
                0x00000000200009b4                PROVIDE (_pvHeapStart, .)
                0x000000002001c000                PROVIDE (_vStackTop, (__top_Ram112 - 0x0))
OUTPUT(stm32f4xx_redsuite_test.axf elf32-littlearm)

.debug_info     0x0000000000000000     0x2baa
 .debug_info    0x0000000000000000      0x1ba ./src/cr_cpp_config.o
 .debug_info    0x00000000000001ba      0x29e ./src/cr_startup_stm32f4xx.o
 .debug_info    0x0000000000000458      0x364 ./src/main.o
 .debug_info    0x00000000000007bc      0x501 ./armduino/gpio.o
 .debug_info    0x0000000000000cbd      0xfe0 ./armduino/usart.o
 .debug_info    0x0000000000001c9d      0x106 /Applications/redsuite_4.3.0_1033/redsuite/tools/bin/../lib/gcc/arm-none-eabi/4.6.2/../../../../arm-none-eabi/lib/armv7e-m/softfp/libcr_newlib_semihost.a(_cr_sbrk.o)
 .debug_info    0x0000000000001da3       0x57 /Applications/redsuite_4.3.0_1033/redsuite/tools/bin/../lib/gcc/arm-none-eabi/4.6.2/../../../../arm-none-eabi/lib/armv7e-m/softfp/libcr_newlib_semihost.a(_exit.o)
 .debug_info    0x0000000000001dfa      0x10f /Applications/redsuite_4.3.0_1033/redsuite/tools/bin/../lib/gcc/arm-none-eabi/4.6.2/../../../../arm-none-eabi/lib/armv7e-m/softfp/libcr_newlib_semihost.a(_kill.o)
 .debug_info    0x0000000000001f09      0xbec /Applications/redsuite_4.3.0_1033/redsuite/tools/bin/../lib/gcc/arm-none-eabi/4.6.2/../../../../arm-none-eabi/lib/armv7e-m/softfp/libcr_newlib_semihost.a(syscalls.o)
 .debug_info    0x0000000000002af5       0xb5 /Applications/redsuite_4.3.0_1033/redsuite/tools/bin/../lib/gcc/arm-none-eabi/4.6.2/../../../../arm-none-eabi/lib/armv7e-m/softfp/libcr_newlib_semihost.a(_cr_check_heap.o)

.debug_abbrev   0x0000000000000000      0xc5b
 .debug_abbrev  0x0000000000000000       0xec ./src/cr_cpp_config.o
 .debug_abbrev  0x00000000000000ec      0x116 ./src/cr_startup_stm32f4xx.o
 .debug_abbrev  0x0000000000000202      0x11a ./src/main.o
 .debug_abbrev  0x000000000000031c      0x17c ./armduino/gpio.o
 .debug_abbrev  0x0000000000000498      0x326 ./armduino/usart.o
 .debug_abbrev  0x00000000000007be       0xa8 /Applications/redsuite_4.3.0_1033/redsuite/tools/bin/../lib/gcc/arm-none-eabi/4.6.2/../../../../arm-none-eabi/lib/armv7e-m/softfp/libcr_newlib_semihost.a(_cr_sbrk.o)
 .debug_abbrev  0x0000000000000866       0x47 /Applications/redsuite_4.3.0_1033/redsuite/tools/bin/../lib/gcc/arm-none-eabi/4.6.2/../../../../arm-none-eabi/lib/armv7e-m/softfp/libcr_newlib_semihost.a(_exit.o)
 .debug_abbrev  0x00000000000008ad       0xbd /Applications/redsuite_4.3.0_1033/redsuite/tools/bin/../lib/gcc/arm-none-eabi/4.6.2/../../../../arm-none-eabi/lib/armv7e-m/softfp/libcr_newlib_semihost.a(_kill.o)
 .debug_abbrev  0x000000000000096a      0x27f /Applications/redsuite_4.3.0_1033/redsuite/tools/bin/../lib/gcc/arm-none-eabi/4.6.2/../../../../arm-none-eabi/lib/armv7e-m/softfp/libcr_newlib_semihost.a(syscalls.o)
 .debug_abbrev  0x0000000000000be9       0x72 /Applications/redsuite_4.3.0_1033/redsuite/tools/bin/../lib/gcc/arm-none-eabi/4.6.2/../../../../arm-none-eabi/lib/armv7e-m/softfp/libcr_newlib_semihost.a(_cr_check_heap.o)

.debug_loc      0x0000000000000000     0x12e0
 .debug_loc     0x0000000000000000      0x144 ./src/cr_cpp_config.o
 .debug_loc     0x0000000000000144      0x102 ./src/cr_startup_stm32f4xx.o
 .debug_loc     0x0000000000000246       0x2c ./src/main.o
 .debug_loc     0x0000000000000272      0x118 ./armduino/gpio.o
 .debug_loc     0x000000000000038a      0x410 ./armduino/usart.o
 .debug_loc     0x000000000000079a       0x55 /Applications/redsuite_4.3.0_1033/redsuite/tools/bin/../lib/gcc/arm-none-eabi/4.6.2/../../../../arm-none-eabi/lib/armv7e-m/softfp/libcr_newlib_semihost.a(_cr_sbrk.o)
 .debug_loc     0x00000000000007ef       0x64 /Applications/redsuite_4.3.0_1033/redsuite/tools/bin/../lib/gcc/arm-none-eabi/4.6.2/../../../../arm-none-eabi/lib/armv7e-m/softfp/libcr_newlib_semihost.a(_kill.o)
 .debug_loc     0x0000000000000853      0xa64 /Applications/redsuite_4.3.0_1033/redsuite/tools/bin/../lib/gcc/arm-none-eabi/4.6.2/../../../../arm-none-eabi/lib/armv7e-m/softfp/libcr_newlib_semihost.a(syscalls.o)
 .debug_loc     0x00000000000012b7       0x29 /Applications/redsuite_4.3.0_1033/redsuite/tools/bin/../lib/gcc/arm-none-eabi/4.6.2/../../../../arm-none-eabi/lib/armv7e-m/softfp/libcr_newlib_semihost.a(_cr_check_heap.o)

.debug_aranges  0x0000000000000000      0x350
 .debug_aranges
                0x0000000000000000       0x48 ./src/cr_cpp_config.o
 .debug_aranges
                0x0000000000000048       0x80 ./src/cr_startup_stm32f4xx.o
 .debug_aranges
                0x00000000000000c8       0x20 ./src/main.o
 .debug_aranges
                0x00000000000000e8       0x40 ./armduino/gpio.o
 .debug_aranges
                0x0000000000000128       0xb0 ./armduino/usart.o
 .debug_aranges
                0x00000000000001d8       0x20 /Applications/redsuite_4.3.0_1033/redsuite/tools/bin/../lib/gcc/arm-none-eabi/4.6.2/../../../../arm-none-eabi/lib/armv7e-m/softfp/libcr_newlib_semihost.a(_cr_sbrk.o)
 .debug_aranges
                0x00000000000001f8       0x20 /Applications/redsuite_4.3.0_1033/redsuite/tools/bin/../lib/gcc/arm-none-eabi/4.6.2/../../../../arm-none-eabi/lib/armv7e-m/softfp/libcr_newlib_semihost.a(_exit.o)
 .debug_aranges
                0x0000000000000218       0x28 /Applications/redsuite_4.3.0_1033/redsuite/tools/bin/../lib/gcc/arm-none-eabi/4.6.2/../../../../arm-none-eabi/lib/armv7e-m/softfp/libcr_newlib_semihost.a(_kill.o)
 .debug_aranges
                0x0000000000000240       0xf0 /Applications/redsuite_4.3.0_1033/redsuite/tools/bin/../lib/gcc/arm-none-eabi/4.6.2/../../../../arm-none-eabi/lib/armv7e-m/softfp/libcr_newlib_semihost.a(syscalls.o)
 .debug_aranges
                0x0000000000000330       0x20 /Applications/redsuite_4.3.0_1033/redsuite/tools/bin/../lib/gcc/arm-none-eabi/4.6.2/../../../../arm-none-eabi/lib/armv7e-m/softfp/libcr_newlib_semihost.a(_cr_check_heap.o)

.debug_ranges   0x0000000000000000      0x310
 .debug_ranges  0x0000000000000000       0x38 ./src/cr_cpp_config.o
 .debug_ranges  0x0000000000000038       0x70 ./src/cr_startup_stm32f4xx.o
 .debug_ranges  0x00000000000000a8       0x10 ./src/main.o
 .debug_ranges  0x00000000000000b8       0x30 ./armduino/gpio.o
 .debug_ranges  0x00000000000000e8       0xa0 ./armduino/usart.o
 .debug_ranges  0x0000000000000188       0x10 /Applications/redsuite_4.3.0_1033/redsuite/tools/bin/../lib/gcc/arm-none-eabi/4.6.2/../../../../arm-none-eabi/lib/armv7e-m/softfp/libcr_newlib_semihost.a(_cr_sbrk.o)
 .debug_ranges  0x0000000000000198       0x10 /Applications/redsuite_4.3.0_1033/redsuite/tools/bin/../lib/gcc/arm-none-eabi/4.6.2/../../../../arm-none-eabi/lib/armv7e-m/softfp/libcr_newlib_semihost.a(_exit.o)
 .debug_ranges  0x00000000000001a8       0x18 /Applications/redsuite_4.3.0_1033/redsuite/tools/bin/../lib/gcc/arm-none-eabi/4.6.2/../../../../arm-none-eabi/lib/armv7e-m/softfp/libcr_newlib_semihost.a(_kill.o)
 .debug_ranges  0x00000000000001c0      0x140 /Applications/redsuite_4.3.0_1033/redsuite/tools/bin/../lib/gcc/arm-none-eabi/4.6.2/../../../../arm-none-eabi/lib/armv7e-m/softfp/libcr_newlib_semihost.a(syscalls.o)
 .debug_ranges  0x0000000000000300       0x10 /Applications/redsuite_4.3.0_1033/redsuite/tools/bin/../lib/gcc/arm-none-eabi/4.6.2/../../../../arm-none-eabi/lib/armv7e-m/softfp/libcr_newlib_semihost.a(_cr_check_heap.o)

.debug_line     0x0000000000000000     0x1aeb
 .debug_line    0x0000000000000000      0x5bf ./src/cr_cpp_config.o
 .debug_line    0x00000000000005bf       0xb5 ./src/cr_startup_stm32f4xx.o
 .debug_line    0x0000000000000674      0x408 ./src/main.o
 .debug_line    0x0000000000000a7c      0x411 ./armduino/gpio.o
 .debug_line    0x0000000000000e8d      0x659 ./armduino/usart.o
 .debug_line    0x00000000000014e6       0xc0 /Applications/redsuite_4.3.0_1033/redsuite/tools/bin/../lib/gcc/arm-none-eabi/4.6.2/../../../../arm-none-eabi/lib/armv7e-m/softfp/libcr_newlib_semihost.a(_cr_sbrk.o)
 .debug_line    0x00000000000015a6       0x3f /Applications/redsuite_4.3.0_1033/redsuite/tools/bin/../lib/gcc/arm-none-eabi/4.6.2/../../../../arm-none-eabi/lib/armv7e-m/softfp/libcr_newlib_semihost.a(_exit.o)
 .debug_line    0x00000000000015e5       0x63 /Applications/redsuite_4.3.0_1033/redsuite/tools/bin/../lib/gcc/arm-none-eabi/4.6.2/../../../../arm-none-eabi/lib/armv7e-m/softfp/libcr_newlib_semihost.a(_kill.o)
 .debug_line    0x0000000000001648      0x44f /Applications/redsuite_4.3.0_1033/redsuite/tools/bin/../lib/gcc/arm-none-eabi/4.6.2/../../../../arm-none-eabi/lib/armv7e-m/softfp/libcr_newlib_semihost.a(syscalls.o)
 .debug_line    0x0000000000001a97       0x54 /Applications/redsuite_4.3.0_1033/redsuite/tools/bin/../lib/gcc/arm-none-eabi/4.6.2/../../../../arm-none-eabi/lib/armv7e-m/softfp/libcr_newlib_semihost.a(_cr_check_heap.o)

.debug_macinfo  0x0000000000000000    0xbad9a
 .debug_macinfo
                0x0000000000000000     0x42dc ./src/cr_cpp_config.o
 .debug_macinfo
                0x00000000000042dc     0x236f ./src/cr_startup_stm32f4xx.o
 .debug_macinfo
                0x000000000000664b    0x3b9b7 ./src/main.o
 .debug_macinfo
                0x0000000000042002    0x3b98e ./armduino/gpio.o
 .debug_macinfo
                0x000000000007d990    0x3d40a ./armduino/usart.o

.debug_str      0x0000000000000000     0x14fb
 .debug_str     0x0000000000000000      0x1dc ./src/cr_cpp_config.o
                                        0x21a (size before relaxing)
 .debug_str     0x00000000000001dc      0x199 ./src/cr_startup_stm32f4xx.o
                                        0x23f (size before relaxing)
 .debug_str     0x0000000000000375      0x13c ./src/main.o
                                        0x279 (size before relaxing)
 .debug_str     0x00000000000004b1      0x1ba ./armduino/gpio.o
                                        0x3cd (size before relaxing)
 .debug_str     0x000000000000066b      0xa7f ./armduino/usart.o
                                        0xda3 (size before relaxing)
 .debug_str     0x00000000000010ea       0xb5 /Applications/redsuite_4.3.0_1033/redsuite/tools/bin/../lib/gcc/arm-none-eabi/4.6.2/../../../../arm-none-eabi/lib/armv7e-m/softfp/libcr_newlib_semihost.a(_cr_sbrk.o)
                                        0x145 (size before relaxing)
 .debug_str     0x000000000000119f       0x1c /Applications/redsuite_4.3.0_1033/redsuite/tools/bin/../lib/gcc/arm-none-eabi/4.6.2/../../../../arm-none-eabi/lib/armv7e-m/softfp/libcr_newlib_semihost.a(_exit.o)
                                         0x79 (size before relaxing)
 .debug_str     0x00000000000011bb       0x2e /Applications/redsuite_4.3.0_1033/redsuite/tools/bin/../lib/gcc/arm-none-eabi/4.6.2/../../../../arm-none-eabi/lib/armv7e-m/softfp/libcr_newlib_semihost.a(_kill.o)
                                        0x114 (size before relaxing)
 .debug_str     0x00000000000011e9      0x2d7 /Applications/redsuite_4.3.0_1033/redsuite/tools/bin/../lib/gcc/arm-none-eabi/4.6.2/../../../../arm-none-eabi/lib/armv7e-m/softfp/libcr_newlib_semihost.a(syscalls.o)
                                        0x40b (size before relaxing)
 .debug_str     0x00000000000014c0       0x3b /Applications/redsuite_4.3.0_1033/redsuite/tools/bin/../lib/gcc/arm-none-eabi/4.6.2/../../../../arm-none-eabi/lib/armv7e-m/softfp/libcr_newlib_semihost.a(_cr_check_heap.o)
                                         0xd1 (size before relaxing)

.comment        0x0000000000000000       0x9a
 .comment       0x0000000000000000       0x70 ./src/cr_cpp_config.o
                                         0x71 (size before relaxing)
 .comment       0x0000000000000000       0x71 ./src/cr_startup_stm32f4xx.o
 .comment       0x0000000000000000       0x71 ./src/main.o
 .comment       0x0000000000000000       0x71 ./armduino/gpio.o
 .comment       0x0000000000000000       0x71 ./armduino/usart.o
 .comment       0x0000000000000070       0x2a /Applications/redsuite_4.3.0_1033/redsuite/tools/bin/../lib/gcc/arm-none-eabi/4.6.2/../../../../arm-none-eabi/lib/armv7e-m/softfp/libcr_newlib_semihost.a(_cr_sbrk.o)
                                         0x2b (size before relaxing)
 .comment       0x0000000000000000       0x2b /Applications/redsuite_4.3.0_1033/redsuite/tools/bin/../lib/gcc/arm-none-eabi/4.6.2/../../../../arm-none-eabi/lib/armv7e-m/softfp/libcr_newlib_semihost.a(_exit.o)
 .comment       0x0000000000000000       0x2b /Applications/redsuite_4.3.0_1033/redsuite/tools/bin/../lib/gcc/arm-none-eabi/4.6.2/../../../../arm-none-eabi/lib/armv7e-m/softfp/libcr_newlib_semihost.a(_kill.o)
 .comment       0x0000000000000000       0x2b /Applications/redsuite_4.3.0_1033/redsuite/tools/bin/../lib/gcc/arm-none-eabi/4.6.2/../../../../arm-none-eabi/lib/armv7e-m/softfp/libcr_newlib_semihost.a(syscalls.o)
 .comment       0x0000000000000000       0x2b /Applications/redsuite_4.3.0_1033/redsuite/tools/bin/../lib/gcc/arm-none-eabi/4.6.2/../../../../arm-none-eabi/lib/armv7e-m/softfp/libcr_newlib_semihost.a(_cr_check_heap.o)

.ARM.attributes
                0x0000000000000000       0x39
 .ARM.attributes
                0x0000000000000000       0x39 ./src/cr_cpp_config.o
 .ARM.attributes
                0x0000000000000039       0x39 ./src/cr_startup_stm32f4xx.o
 .ARM.attributes
                0x0000000000000072       0x39 ./src/main.o
 .ARM.attributes
                0x00000000000000ab       0x39 ./armduino/gpio.o
 .ARM.attributes
                0x00000000000000e4       0x39 ./armduino/usart.o
 .ARM.attributes
                0x000000000000011d       0x34 /Applications/redsuite_4.3.0_1033/redsuite/tools/bin/../lib/gcc/arm-none-eabi/4.6.2/armv7e-m/softfp/libgcc.a(unwind-arm.o)
 .ARM.attributes
                0x0000000000000151       0x24 /Applications/redsuite_4.3.0_1033/redsuite/tools/bin/../lib/gcc/arm-none-eabi/4.6.2/armv7e-m/softfp/libgcc.a(libunwind.o)
 .ARM.attributes
                0x0000000000000175       0x34 /Applications/redsuite_4.3.0_1033/redsuite/tools/bin/../lib/gcc/arm-none-eabi/4.6.2/armv7e-m/softfp/libgcc.a(pr-support.o)
 .ARM.attributes
                0x00000000000001a9       0x34 /Applications/redsuite_4.3.0_1033/redsuite/tools/bin/../lib/gcc/arm-none-eabi/4.6.2/../../../../arm-none-eabi/lib/armv7e-m/softfp/libc.a(lib_a-abort.o)
 .ARM.attributes
                0x00000000000001dd       0x34 /Applications/redsuite_4.3.0_1033/redsuite/tools/bin/../lib/gcc/arm-none-eabi/4.6.2/../../../../arm-none-eabi/lib/armv7e-m/softfp/libc.a(lib_a-init.o)
 .ARM.attributes
                0x0000000000000211       0x34 /Applications/redsuite_4.3.0_1033/redsuite/tools/bin/../lib/gcc/arm-none-eabi/4.6.2/../../../../arm-none-eabi/lib/armv7e-m/softfp/libc.a(lib_a-malloc.o)
 .ARM.attributes
                0x0000000000000245       0x34 /Applications/redsuite_4.3.0_1033/redsuite/tools/bin/../lib/gcc/arm-none-eabi/4.6.2/../../../../arm-none-eabi/lib/armv7e-m/softfp/libc.a(lib_a-mallocr.o)
 .ARM.attributes
                0x0000000000000279       0x34 /Applications/redsuite_4.3.0_1033/redsuite/tools/bin/../lib/gcc/arm-none-eabi/4.6.2/../../../../arm-none-eabi/lib/armv7e-m/softfp/libc.a(lib_a-memcpy.o)
 .ARM.attributes
                0x00000000000002ad       0x34 /Applications/redsuite_4.3.0_1033/redsuite/tools/bin/../lib/gcc/arm-none-eabi/4.6.2/../../../../arm-none-eabi/lib/armv7e-m/softfp/libc.a(lib_a-mlock.o)
 .ARM.attributes
                0x00000000000002e1       0x34 /Applications/redsuite_4.3.0_1033/redsuite/tools/bin/../lib/gcc/arm-none-eabi/4.6.2/../../../../arm-none-eabi/lib/armv7e-m/softfp/libc.a(lib_a-sbrkr.o)
 .ARM.attributes
                0x0000000000000315       0x34 /Applications/redsuite_4.3.0_1033/redsuite/tools/bin/../lib/gcc/arm-none-eabi/4.6.2/../../../../arm-none-eabi/lib/armv7e-m/softfp/libc.a(lib_a-signal.o)
 .ARM.attributes
                0x0000000000000349       0x34 /Applications/redsuite_4.3.0_1033/redsuite/tools/bin/../lib/gcc/arm-none-eabi/4.6.2/../../../../arm-none-eabi/lib/armv7e-m/softfp/libc.a(lib_a-signalr.o)
 .ARM.attributes
                0x000000000000037d       0x34 /Applications/redsuite_4.3.0_1033/redsuite/tools/bin/../lib/gcc/arm-none-eabi/4.6.2/../../../../arm-none-eabi/lib/armv7e-m/softfp/libc.a(lib_a-freer.o)
 .ARM.attributes
                0x00000000000003b1       0x34 /Applications/redsuite_4.3.0_1033/redsuite/tools/bin/../lib/gcc/arm-none-eabi/4.6.2/../../../../arm-none-eabi/lib/armv7e-m/softfp/libc.a(lib_a-impure.o)
 .ARM.attributes
                0x00000000000003e5       0x34 /Applications/redsuite_4.3.0_1033/redsuite/tools/bin/../lib/gcc/arm-none-eabi/4.6.2/../../../../arm-none-eabi/lib/armv7e-m/softfp/libc.a(lib_a-reent.o)
 .ARM.attributes
                0x0000000000000419       0x31 /Applications/redsuite_4.3.0_1033/redsuite/tools/bin/../lib/gcc/arm-none-eabi/4.6.2/../../../../arm-none-eabi/lib/armv7e-m/softfp/libcr_newlib_semihost.a(_cr_sbrk.o)
 .ARM.attributes
                0x000000000000044a       0x31 /Applications/redsuite_4.3.0_1033/redsuite/tools/bin/../lib/gcc/arm-none-eabi/4.6.2/../../../../arm-none-eabi/lib/armv7e-m/softfp/libcr_newlib_semihost.a(_exit.o)
 .ARM.attributes
                0x000000000000047b       0x31 /Applications/redsuite_4.3.0_1033/redsuite/tools/bin/../lib/gcc/arm-none-eabi/4.6.2/../../../../arm-none-eabi/lib/armv7e-m/softfp/libcr_newlib_semihost.a(_kill.o)
 .ARM.attributes
                0x00000000000004ac       0x31 /Applications/redsuite_4.3.0_1033/redsuite/tools/bin/../lib/gcc/arm-none-eabi/4.6.2/../../../../arm-none-eabi/lib/armv7e-m/softfp/libcr_newlib_semihost.a(syscalls.o)
 .ARM.attributes
                0x00000000000004dd       0x31 /Applications/redsuite_4.3.0_1033/redsuite/tools/bin/../lib/gcc/arm-none-eabi/4.6.2/../../../../arm-none-eabi/lib/armv7e-m/softfp/libcr_newlib_semihost.a(_cr_check_heap.o)
 .ARM.attributes
                0x000000000000050e       0x24 /Applications/redsuite_4.3.0_1033/redsuite/tools/bin/../lib/gcc/arm-none-eabi/4.6.2/armv7e-m/softfp/crti.o
 .ARM.attributes
                0x0000000000000532       0x24 /Applications/redsuite_4.3.0_1033/redsuite/tools/bin/../lib/gcc/arm-none-eabi/4.6.2/armv7e-m/softfp/crtn.o
 .ARM.attributes
                0x0000000000000556       0x34 /Applications/redsuite_4.3.0_1033/redsuite/tools/bin/../lib/gcc/arm-none-eabi/4.6.2/armv7e-m/softfp/crtbegin.o
 .ARM.attributes
                0x000000000000058a       0x34 /Applications/redsuite_4.3.0_1033/redsuite/tools/bin/../lib/gcc/arm-none-eabi/4.6.2/armv7e-m/softfp/crtend.o
 .ARM.attributes
                0x00000000000005be       0x34 /Applications/redsuite_4.3.0_1033/redsuite/tools/bin/../lib/gcc/arm-none-eabi/4.6.2/../../../../arm-none-eabi/lib/armv7e-m/softfp/libc.a(lib_a-errno.o)
 .ARM.attributes
                0x00000000000005f2       0x34 /Applications/redsuite_4.3.0_1033/redsuite/tools/bin/../lib/gcc/arm-none-eabi/4.6.2/../../../../arm-none-eabi/lib/armv7e-m/softfp/libc.a(lib_a-memset.o)
 .ARM.attributes
                0x0000000000000626       0x34 /Applications/redsuite_4.3.0_1033/redsuite/tools/bin/../lib/gcc/arm-none-eabi/4.6.2/../../../../arm-none-eabi/lib/armv7e-m/softfp/libc.a(lib_a-strlen.o)

.debug_frame    0x0000000000000000      0xf34
 .debug_frame   0x0000000000000000       0xc4 ./src/cr_cpp_config.o
 .debug_frame   0x00000000000000c4       0xf4 ./src/cr_startup_stm32f4xx.o
 .debug_frame   0x00000000000001b8       0x2c ./src/main.o
 .debug_frame   0x00000000000001e4       0xb0 ./armduino/gpio.o
 .debug_frame   0x0000000000000294      0x254 ./armduino/usart.o
 .debug_frame   0x00000000000004e8      0x26c /Applications/redsuite_4.3.0_1033/redsuite/tools/bin/../lib/gcc/arm-none-eabi/4.6.2/armv7e-m/softfp/libgcc.a(unwind-arm.o)
 .debug_frame   0x0000000000000754       0xec /Applications/redsuite_4.3.0_1033/redsuite/tools/bin/../lib/gcc/arm-none-eabi/4.6.2/armv7e-m/softfp/libgcc.a(pr-support.o)
 .debug_frame   0x0000000000000840       0x28 /Applications/redsuite_4.3.0_1033/redsuite/tools/bin/../lib/gcc/arm-none-eabi/4.6.2/../../../../arm-none-eabi/lib/armv7e-m/softfp/libc.a(lib_a-abort.o)
 .debug_frame   0x0000000000000868       0x2c /Applications/redsuite_4.3.0_1033/redsuite/tools/bin/../lib/gcc/arm-none-eabi/4.6.2/../../../../arm-none-eabi/lib/armv7e-m/softfp/libc.a(lib_a-init.o)
 .debug_frame   0x0000000000000894       0x30 /Applications/redsuite_4.3.0_1033/redsuite/tools/bin/../lib/gcc/arm-none-eabi/4.6.2/../../../../arm-none-eabi/lib/armv7e-m/softfp/libc.a(lib_a-malloc.o)
 .debug_frame   0x00000000000008c4       0x38 /Applications/redsuite_4.3.0_1033/redsuite/tools/bin/../lib/gcc/arm-none-eabi/4.6.2/../../../../arm-none-eabi/lib/armv7e-m/softfp/libc.a(lib_a-mallocr.o)
 .debug_frame   0x00000000000008fc       0x2c /Applications/redsuite_4.3.0_1033/redsuite/tools/bin/../lib/gcc/arm-none-eabi/4.6.2/../../../../arm-none-eabi/lib/armv7e-m/softfp/libc.a(lib_a-memcpy.o)
 .debug_frame   0x0000000000000928       0x30 /Applications/redsuite_4.3.0_1033/redsuite/tools/bin/../lib/gcc/arm-none-eabi/4.6.2/../../../../arm-none-eabi/lib/armv7e-m/softfp/libc.a(lib_a-mlock.o)
 .debug_frame   0x0000000000000958       0x2c /Applications/redsuite_4.3.0_1033/redsuite/tools/bin/../lib/gcc/arm-none-eabi/4.6.2/../../../../arm-none-eabi/lib/armv7e-m/softfp/libc.a(lib_a-sbrkr.o)
 .debug_frame   0x0000000000000984       0xc0 /Applications/redsuite_4.3.0_1033/redsuite/tools/bin/../lib/gcc/arm-none-eabi/4.6.2/../../../../arm-none-eabi/lib/armv7e-m/softfp/libc.a(lib_a-signal.o)
 .debug_frame   0x0000000000000a44       0x3c /Applications/redsuite_4.3.0_1033/redsuite/tools/bin/../lib/gcc/arm-none-eabi/4.6.2/../../../../arm-none-eabi/lib/armv7e-m/softfp/libc.a(lib_a-signalr.o)
 .debug_frame   0x0000000000000a80       0x50 /Applications/redsuite_4.3.0_1033/redsuite/tools/bin/../lib/gcc/arm-none-eabi/4.6.2/../../../../arm-none-eabi/lib/armv7e-m/softfp/libc.a(lib_a-freer.o)
 .debug_frame   0x0000000000000ad0       0x68 /Applications/redsuite_4.3.0_1033/redsuite/tools/bin/../lib/gcc/arm-none-eabi/4.6.2/../../../../arm-none-eabi/lib/armv7e-m/softfp/libc.a(lib_a-reent.o)
 .debug_frame   0x0000000000000b38       0x2c /Applications/redsuite_4.3.0_1033/redsuite/tools/bin/../lib/gcc/arm-none-eabi/4.6.2/../../../../arm-none-eabi/lib/armv7e-m/softfp/libcr_newlib_semihost.a(_cr_sbrk.o)
 .debug_frame   0x0000000000000b64       0x20 /Applications/redsuite_4.3.0_1033/redsuite/tools/bin/../lib/gcc/arm-none-eabi/4.6.2/../../../../arm-none-eabi/lib/armv7e-m/softfp/libcr_newlib_semihost.a(_exit.o)
 .debug_frame   0x0000000000000b84       0x3c /Applications/redsuite_4.3.0_1033/redsuite/tools/bin/../lib/gcc/arm-none-eabi/4.6.2/../../../../arm-none-eabi/lib/armv7e-m/softfp/libcr_newlib_semihost.a(_kill.o)
 .debug_frame   0x0000000000000bc0      0x2e8 /Applications/redsuite_4.3.0_1033/redsuite/tools/bin/../lib/gcc/arm-none-eabi/4.6.2/../../../../arm-none-eabi/lib/armv7e-m/softfp/libcr_newlib_semihost.a(syscalls.o)
 .debug_frame   0x0000000000000ea8       0x20 /Applications/redsuite_4.3.0_1033/redsuite/tools/bin/../lib/gcc/arm-none-eabi/4.6.2/../../../../arm-none-eabi/lib/armv7e-m/softfp/libcr_newlib_semihost.a(_cr_check_heap.o)
 .debug_frame   0x0000000000000ec8       0x20 /Applications/redsuite_4.3.0_1033/redsuite/tools/bin/../lib/gcc/arm-none-eabi/4.6.2/../../../../arm-none-eabi/lib/armv7e-m/softfp/libc.a(lib_a-errno.o)
 .debug_frame   0x0000000000000ee8       0x2c /Applications/redsuite_4.3.0_1033/redsuite/tools/bin/../lib/gcc/arm-none-eabi/4.6.2/../../../../arm-none-eabi/lib/armv7e-m/softfp/libc.a(lib_a-memset.o)
 .debug_frame   0x0000000000000f14       0x20 /Applications/redsuite_4.3.0_1033/redsuite/tools/bin/../lib/gcc/arm-none-eabi/4.6.2/../../../../arm-none-eabi/lib/armv7e-m/softfp/libc.a(lib_a-strlen.o)

.debug_pubnames
                0x0000000000000000      0x1c9
 .debug_pubnames
                0x0000000000000000       0x2e /Applications/redsuite_4.3.0_1033/redsuite/tools/bin/../lib/gcc/arm-none-eabi/4.6.2/../../../../arm-none-eabi/lib/armv7e-m/softfp/libcr_newlib_semihost.a(_cr_sbrk.o)
 .debug_pubnames
                0x000000000000002e       0x1c /Applications/redsuite_4.3.0_1033/redsuite/tools/bin/../lib/gcc/arm-none-eabi/4.6.2/../../../../arm-none-eabi/lib/armv7e-m/softfp/libcr_newlib_semihost.a(_exit.o)
 .debug_pubnames
                0x000000000000004a       0x1c /Applications/redsuite_4.3.0_1033/redsuite/tools/bin/../lib/gcc/arm-none-eabi/4.6.2/../../../../arm-none-eabi/lib/armv7e-m/softfp/libcr_newlib_semihost.a(_kill.o)
 .debug_pubnames
                0x0000000000000066      0x129 /Applications/redsuite_4.3.0_1033/redsuite/tools/bin/../lib/gcc/arm-none-eabi/4.6.2/../../../../arm-none-eabi/lib/armv7e-m/softfp/libcr_newlib_semihost.a(syscalls.o)
 .debug_pubnames
                0x000000000000018f       0x3a /Applications/redsuite_4.3.0_1033/redsuite/tools/bin/../lib/gcc/arm-none-eabi/4.6.2/../../../../arm-none-eabi/lib/armv7e-m/softfp/libcr_newlib_semihost.a(_cr_check_heap.o)

.debug_pubtypes
                0x0000000000000000      0x114
 .debug_pubtypes
                0x0000000000000000       0x1d /Applications/redsuite_4.3.0_1033/redsuite/tools/bin/../lib/gcc/arm-none-eabi/4.6.2/../../../../arm-none-eabi/lib/armv7e-m/softfp/libcr_newlib_semihost.a(_cr_sbrk.o)
 .debug_pubtypes
                0x000000000000001d       0x12 /Applications/redsuite_4.3.0_1033/redsuite/tools/bin/../lib/gcc/arm-none-eabi/4.6.2/../../../../arm-none-eabi/lib/armv7e-m/softfp/libcr_newlib_semihost.a(_kill.o)
 .debug_pubtypes
                0x000000000000002f       0xe5 /Applications/redsuite_4.3.0_1033/redsuite/tools/bin/../lib/gcc/arm-none-eabi/4.6.2/../../../../arm-none-eabi/lib/armv7e-m/softfp/libcr_newlib_semihost.a(syscalls.o)
