Archive member included because of file (symbol)

F:\lpc1830_Xplorer_LPCXpresso_v4_23\CMSISv2p10_LPC18xx_DriverLib\Debug\libCMSISv2p10_LPC18xx_DriverLib.a(lpc18xx_cgu.o)
                              ./src/main.o (CGU_Init)
F:\lpc1830_Xplorer_LPCXpresso_v4_23\CMSISv2p10_LPC18xx_DriverLib\Debug\libCMSISv2p10_LPC18xx_DriverLib.a(lpc18xx_scu.o)
                              F:\lpc1830_Xplorer_LPCXpresso_v4_23\CMSISv2p10_LPC18xx_DriverLib\Debug\libCMSISv2p10_LPC18xx_DriverLib.a(lpc18xx_cgu.o) (scu_pinmux)
F:\lpc1830_Xplorer_LPCXpresso_v4_23\CMSISv2p10_LPC18xx_DriverLib\Debug\libCMSISv2p10_LPC18xx_DriverLib.a(system_LPC18xx.o)
                              ./src/cr_startup_lpc18xx.o (SystemInit)
c:/nxp/lpcxpresso_4.2.3_292/lpcxpresso/tools/bin/../lib/gcc/arm-none-eabi/4.5.1/../../../../arm-none-eabi/lib/thumb2\libcr_c.a(__weak__main.o)
                              ./src/cr_startup_lpc18xx.o (__main)
c:/nxp/lpcxpresso_4.2.3_292/lpcxpresso/tools/bin/../lib/gcc/arm-none-eabi/4.5.1/../../../../arm-none-eabi/lib/thumb2\libcr_c.a(memcpy.o)
                              ./src/Usb_MassStorage/src/mscuser.o (memcpy)
c:/nxp/lpcxpresso_4.2.3_292/lpcxpresso/tools/bin/../lib/gcc/arm-none-eabi/4.5.1/../../../../arm-none-eabi/lib/thumb2\libcr_c.a(memset.o)
                              ./src/main.o (memset)
c:/nxp/lpcxpresso_4.2.3_292/lpcxpresso/tools/bin/../lib/gcc/arm-none-eabi/4.5.1/thumb2\libcr_eabihelpers.a(memcpy.o)
                              c:/nxp/lpcxpresso_4.2.3_292/lpcxpresso/tools/bin/../lib/gcc/arm-none-eabi/4.5.1/../../../../arm-none-eabi/lib/thumb2\libcr_c.a(memcpy.o) (__aeabi_memcpy)

Allocating common symbols
Common symbol       size              file

USB_AltSetting      0x1               ./src/Usb_MassStorage/src/usbcore.o
BulkBuf             0xe0              ./src/Usb_MassStorage/src/mscuser.o
ep_QH               0x100             ./src/Usb_MassStorage/src/usbhw.o
CBW                 0x1f              ./src/Usb_MassStorage/src/mscuser.o
EP0Buf              0x40              ./src/Usb_MassStorage/src/usbcore.o
USB_EndPointMask    0x4               ./src/Usb_MassStorage/src/usbcore.o
USB_DeviceAddress   0x1               ./src/Usb_MassStorage/src/usbcore.o
g_drv               0x3c              ./src/Usb_MassStorage/src/usbhw.o
USB_EndPointStall   0x4               ./src/Usb_MassStorage/src/usbcore.o
Offset              0x4               ./src/Usb_MassStorage/src/mscuser.o
CSW                 0xd               ./src/Usb_MassStorage/src/mscuser.o
USB_EndPointHalt    0x4               ./src/Usb_MassStorage/src/usbcore.o
ep_TD               0x80              ./src/Usb_MassStorage/src/usbhw.o
MemOK               0x4               ./src/Usb_MassStorage/src/mscuser.o
Length              0x4               ./src/Usb_MassStorage/src/mscuser.o
USB_Configuration   0x1               ./src/Usb_MassStorage/src/usbcore.o
BulkLen             0x1               ./src/Usb_MassStorage/src/mscuser.o
SetupPacket         0x8               ./src/Usb_MassStorage/src/usbcore.o
USB_NumInterfaces   0x1               ./src/Usb_MassStorage/src/usbcore.o
EP0Data             0x8               ./src/Usb_MassStorage/src/usbcore.o
BulkStage           0x1               ./src/Usb_MassStorage/src/mscuser.o
USB_DeviceStatus    0x2               ./src/Usb_MassStorage/src/usbcore.o

Discarded input sections

 .text          0x00000000        0x0 ./src/cr_startup_lpc18xx.o
 .data          0x00000000        0x0 ./src/cr_startup_lpc18xx.o
 .bss           0x00000000        0x0 ./src/cr_startup_lpc18xx.o
 .text          0x00000000        0x0 ./src/main.o
 .data          0x00000000        0x0 ./src/main.o
 .bss           0x00000000        0x0 ./src/main.o
 .crp           0x00000000        0x4 ./src/main.o
 .text.check_failed
                0x00000000        0xc ./src/main.o
 .text          0x00000000        0x0 ./src/Usb_MassStorage/src/DiskImg.o
 .data          0x00000000        0x0 ./src/Usb_MassStorage/src/DiskImg.o
 .bss           0x00000000        0x0 ./src/Usb_MassStorage/src/DiskImg.o
 .text          0x00000000        0x0 ./src/Usb_MassStorage/src/mscuser.o
 .data          0x00000000        0x0 ./src/Usb_MassStorage/src/mscuser.o
 .bss           0x00000000        0x0 ./src/Usb_MassStorage/src/mscuser.o
 .text          0x00000000        0x0 ./src/Usb_MassStorage/src/usbcore.o
 .data          0x00000000        0x0 ./src/Usb_MassStorage/src/usbcore.o
 .bss           0x00000000        0x0 ./src/Usb_MassStorage/src/usbcore.o
 .text          0x00000000        0x0 ./src/Usb_MassStorage/src/usbdesc.o
 .data          0x00000000        0x0 ./src/Usb_MassStorage/src/usbdesc.o
 .bss           0x00000000        0x0 ./src/Usb_MassStorage/src/usbdesc.o
 .text          0x00000000        0x0 ./src/Usb_MassStorage/src/usbhw.o
 .data          0x00000000        0x0 ./src/Usb_MassStorage/src/usbhw.o
 .bss           0x00000000        0x0 ./src/Usb_MassStorage/src/usbhw.o
 .text.USB_Suspend
                0x00000000        0xc ./src/Usb_MassStorage/src/usbhw.o
 .text.USB_Resume
                0x00000000        0xc ./src/Usb_MassStorage/src/usbhw.o
 .text.USB_WakeUp
                0x00000000       0x28 ./src/Usb_MassStorage/src/usbhw.o
 .text          0x00000000        0x0 ./src/Usb_MassStorage/src/usbuser.o
 .data          0x00000000        0x0 ./src/Usb_MassStorage/src/usbuser.o
 .bss           0x00000000        0x0 ./src/Usb_MassStorage/src/usbuser.o
 .text.USB_Suspend_Event
                0x00000000        0xc ./src/Usb_MassStorage/src/usbuser.o
 .text.USB_Resume_Event
                0x00000000        0xc ./src/Usb_MassStorage/src/usbuser.o
 .rodata.USB_P_EP
                0x00000000       0x10 ./src/Usb_MassStorage/src/usbuser.o
 .text.USB_EndPoint2
                0x00000000       0x14 ./src/Usb_MassStorage/src/usbuser.o
 .text.USB_EndPoint3
                0x00000000       0x14 ./src/Usb_MassStorage/src/usbuser.o
 .text.USB_EndPoint4
                0x00000000       0x14 ./src/Usb_MassStorage/src/usbuser.o
 .text.USB_EndPoint5
                0x00000000       0x14 ./src/Usb_MassStorage/src/usbuser.o
 .text          0x00000000        0x0 F:\lpc1830_Xplorer_LPCXpresso_v4_23\CMSISv2p10_LPC18xx_DriverLib\Debug\libCMSISv2p10_LPC18xx_DriverLib.a(lpc18xx_cgu.o)
 .data          0x00000000        0x0 F:\lpc1830_Xplorer_LPCXpresso_v4_23\CMSISv2p10_LPC18xx_DriverLib\Debug\libCMSISv2p10_LPC18xx_DriverLib.a(lpc18xx_cgu.o)
 .bss           0x00000000        0x0 F:\lpc1830_Xplorer_LPCXpresso_v4_23\CMSISv2p10_LPC18xx_DriverLib\Debug\libCMSISv2p10_LPC18xx_DriverLib.a(lpc18xx_cgu.o)
 .rodata.CGU_PERIPHERAL_Info
                0x00000000      0x188 F:\lpc1830_Xplorer_LPCXpresso_v4_23\CMSISv2p10_LPC18xx_DriverLib\Debug\libCMSISv2p10_LPC18xx_DriverLib.a(lpc18xx_cgu.o)
 .text.CGU_ConfigPWR
                0x00000000      0x59c F:\lpc1830_Xplorer_LPCXpresso_v4_23\CMSISv2p10_LPC18xx_DriverLib\Debug\libCMSISv2p10_LPC18xx_DriverLib.a(lpc18xx_cgu.o)
 .text.CGU_GetPCLKFrequency
                0x00000000      0x204 F:\lpc1830_Xplorer_LPCXpresso_v4_23\CMSISv2p10_LPC18xx_DriverLib\Debug\libCMSISv2p10_LPC18xx_DriverLib.a(lpc18xx_cgu.o)
 .text.CGU_SetDIV
                0x00000000       0x88 F:\lpc1830_Xplorer_LPCXpresso_v4_23\CMSISv2p10_LPC18xx_DriverLib\Debug\libCMSISv2p10_LPC18xx_DriverLib.a(lpc18xx_cgu.o)
 .text.CGU_GetBaseStatus
                0x00000000      0x180 F:\lpc1830_Xplorer_LPCXpresso_v4_23\CMSISv2p10_LPC18xx_DriverLib\Debug\libCMSISv2p10_LPC18xx_DriverLib.a(lpc18xx_cgu.o)
 .text.CGU_FrequencyMonitor
                0x00000000      0x13c F:\lpc1830_Xplorer_LPCXpresso_v4_23\CMSISv2p10_LPC18xx_DriverLib\Debug\libCMSISv2p10_LPC18xx_DriverLib.a(lpc18xx_cgu.o)
 .text.CGU_RealFrequencyCompare
                0x00000000       0x74 F:\lpc1830_Xplorer_LPCXpresso_v4_23\CMSISv2p10_LPC18xx_DriverLib\Debug\libCMSISv2p10_LPC18xx_DriverLib.a(lpc18xx_cgu.o)
 .text          0x00000000        0x0 F:\lpc1830_Xplorer_LPCXpresso_v4_23\CMSISv2p10_LPC18xx_DriverLib\Debug\libCMSISv2p10_LPC18xx_DriverLib.a(lpc18xx_scu.o)
 .data          0x00000000        0x0 F:\lpc1830_Xplorer_LPCXpresso_v4_23\CMSISv2p10_LPC18xx_DriverLib\Debug\libCMSISv2p10_LPC18xx_DriverLib.a(lpc18xx_scu.o)
 .bss           0x00000000        0x0 F:\lpc1830_Xplorer_LPCXpresso_v4_23\CMSISv2p10_LPC18xx_DriverLib\Debug\libCMSISv2p10_LPC18xx_DriverLib.a(lpc18xx_scu.o)
 .text          0x00000000        0x0 F:\lpc1830_Xplorer_LPCXpresso_v4_23\CMSISv2p10_LPC18xx_DriverLib\Debug\libCMSISv2p10_LPC18xx_DriverLib.a(system_LPC18xx.o)
 .data          0x00000000        0x0 F:\lpc1830_Xplorer_LPCXpresso_v4_23\CMSISv2p10_LPC18xx_DriverLib\Debug\libCMSISv2p10_LPC18xx_DriverLib.a(system_LPC18xx.o)
 .bss           0x00000000        0x0 F:\lpc1830_Xplorer_LPCXpresso_v4_23\CMSISv2p10_LPC18xx_DriverLib\Debug\libCMSISv2p10_LPC18xx_DriverLib.a(system_LPC18xx.o)
 .text          0x00000000        0x0 c:/nxp/lpcxpresso_4.2.3_292/lpcxpresso/tools/bin/../lib/gcc/arm-none-eabi/4.5.1/../../../../arm-none-eabi/lib/thumb2\libcr_c.a(__weak__main.o)
 .data          0x00000000        0x0 c:/nxp/lpcxpresso_4.2.3_292/lpcxpresso/tools/bin/../lib/gcc/arm-none-eabi/4.5.1/../../../../arm-none-eabi/lib/thumb2\libcr_c.a(__weak__main.o)
 .bss           0x00000000        0x0 c:/nxp/lpcxpresso_4.2.3_292/lpcxpresso/tools/bin/../lib/gcc/arm-none-eabi/4.5.1/../../../../arm-none-eabi/lib/thumb2\libcr_c.a(__weak__main.o)
 .text          0x00000000        0x0 c:/nxp/lpcxpresso_4.2.3_292/lpcxpresso/tools/bin/../lib/gcc/arm-none-eabi/4.5.1/../../../../arm-none-eabi/lib/thumb2\libcr_c.a(memcpy.o)
 .data          0x00000000        0x0 c:/nxp/lpcxpresso_4.2.3_292/lpcxpresso/tools/bin/../lib/gcc/arm-none-eabi/4.5.1/../../../../arm-none-eabi/lib/thumb2\libcr_c.a(memcpy.o)
 .bss           0x00000000        0x0 c:/nxp/lpcxpresso_4.2.3_292/lpcxpresso/tools/bin/../lib/gcc/arm-none-eabi/4.5.1/../../../../arm-none-eabi/lib/thumb2\libcr_c.a(memcpy.o)
 .text          0x00000000        0x0 c:/nxp/lpcxpresso_4.2.3_292/lpcxpresso/tools/bin/../lib/gcc/arm-none-eabi/4.5.1/../../../../arm-none-eabi/lib/thumb2\libcr_c.a(memset.o)
 .data          0x00000000        0x0 c:/nxp/lpcxpresso_4.2.3_292/lpcxpresso/tools/bin/../lib/gcc/arm-none-eabi/4.5.1/../../../../arm-none-eabi/lib/thumb2\libcr_c.a(memset.o)
 .bss           0x00000000        0x0 c:/nxp/lpcxpresso_4.2.3_292/lpcxpresso/tools/bin/../lib/gcc/arm-none-eabi/4.5.1/../../../../arm-none-eabi/lib/thumb2\libcr_c.a(memset.o)
 .text          0x00000000        0x0 c:/nxp/lpcxpresso_4.2.3_292/lpcxpresso/tools/bin/../lib/gcc/arm-none-eabi/4.5.1/thumb2\libcr_eabihelpers.a(memcpy.o)
 .data          0x00000000        0x0 c:/nxp/lpcxpresso_4.2.3_292/lpcxpresso/tools/bin/../lib/gcc/arm-none-eabi/4.5.1/thumb2\libcr_eabihelpers.a(memcpy.o)
 .bss           0x00000000        0x0 c:/nxp/lpcxpresso_4.2.3_292/lpcxpresso/tools/bin/../lib/gcc/arm-none-eabi/4.5.1/thumb2\libcr_eabihelpers.a(memcpy.o)
 .text.__aeabi_memmove
                0x00000000       0x1c c:/nxp/lpcxpresso_4.2.3_292/lpcxpresso/tools/bin/../lib/gcc/arm-none-eabi/4.5.1/thumb2\libcr_eabihelpers.a(memcpy.o)
 .text.__aeabi_memclr
                0x00000000        0x8 c:/nxp/lpcxpresso_4.2.3_292/lpcxpresso/tools/bin/../lib/gcc/arm-none-eabi/4.5.1/thumb2\libcr_eabihelpers.a(memcpy.o)
 .text.__aeabi_memset
                0x00000000        0xa c:/nxp/lpcxpresso_4.2.3_292/lpcxpresso/tools/bin/../lib/gcc/arm-none-eabi/4.5.1/thumb2\libcr_eabihelpers.a(memcpy.o)

Memory Configuration

Name             Origin             Length             Attributes
RamLoc96         0x10000000         0x00018000         xrw
RamLoc40         0x10080000         0x0000a000         xrw
RamAHB32         0x20000000         0x00008000         xrw
RamAHB16         0x20008000         0x00004000         xrw
RamAHB_ETB16     0x2000c000         0x00004000         xrw
*default*        0x00000000         0xffffffff

Linker script and memory map

LOAD ./src/cr_startup_lpc18xx.o
LOAD ./src/main.o
LOAD ./src/Usb_MassStorage/src/DiskImg.o
LOAD ./src/Usb_MassStorage/src/mscuser.o
LOAD ./src/Usb_MassStorage/src/usbcore.o
LOAD ./src/Usb_MassStorage/src/usbdesc.o
LOAD ./src/Usb_MassStorage/src/usbhw.o
LOAD ./src/Usb_MassStorage/src/usbuser.o
LOAD F:\lpc1830_Xplorer_LPCXpresso_v4_23\CMSISv2p10_LPC18xx_DriverLib\Debug\libCMSISv2p10_LPC18xx_DriverLib.a
START GROUP
LOAD c:/nxp/lpcxpresso_4.2.3_292/lpcxpresso/tools/bin/../lib/gcc/arm-none-eabi/4.5.1/../../../../arm-none-eabi/lib/thumb2\libcr_c.a
LOAD c:/nxp/lpcxpresso_4.2.3_292/lpcxpresso/tools/bin/../lib/gcc/arm-none-eabi/4.5.1/thumb2\libcr_eabihelpers.a
END GROUP
                0x10018000                __top_RamLoc96 = 0x10018000
                0x1008a000                __top_RamLoc40 = 0x1008a000
                0x20008000                __top_RamAHB32 = 0x20008000
                0x2000c000                __top_RamAHB16 = 0x2000c000
                0x20010000                __top_RamAHB_ETB16 = 0x20010000

.text           0x10000000     0x4eb0
 FILL mask 0xff
 *(.isr_vector)
 .isr_vector    0x10000000      0x114 ./src/cr_startup_lpc18xx.o
                0x10000000                g_pfnVectors
                0x10000114                . = ALIGN (0x4)
                0x10000114                __section_table_start = .
                0x10000114                __data_section_table = .
                0x10000114        0x4 LONG 0x10004eb0 LOADADDR (.data)
                0x10000118        0x4 LONG 0x10004eb0 ADDR (.data)
                0x1000011c        0x4 LONG 0x48 SIZEOF (.data)
                0x10000120        0x4 LONG 0x10004eb0 LOADADDR (.data_RAM2)
                0x10000124        0x4 LONG 0x10080000 ADDR (.data_RAM2)
                0x10000128        0x4 LONG 0x0 SIZEOF (.data_RAM2)
                0x1000012c        0x4 LONG 0x10004eb0 LOADADDR (.data_RAM3)
                0x10000130        0x4 LONG 0x20000000 ADDR (.data_RAM3)
                0x10000134        0x4 LONG 0x0 SIZEOF (.data_RAM3)
                0x10000138        0x4 LONG 0x10004eb0 LOADADDR (.data_RAM4)
                0x1000013c        0x4 LONG 0x20008000 ADDR (.data_RAM4)
                0x10000140        0x4 LONG 0x0 SIZEOF (.data_RAM4)
                0x10000144        0x4 LONG 0x10004eb0 LOADADDR (.data_RAM5)
                0x10000148        0x4 LONG 0x2000c000 ADDR (.data_RAM5)
                0x1000014c        0x4 LONG 0x0 SIZEOF (.data_RAM5)
                0x10000150                __data_section_table_end = .
                0x10000150                __bss_section_table = .
                0x10000150        0x4 LONG 0x10005000 ADDR (.bss)
                0x10000154        0x4 LONG 0x19c0 SIZEOF (.bss)
                0x10000158        0x4 LONG 0x10080000 ADDR (.bss_RAM2)
                0x1000015c        0x4 LONG 0x0 SIZEOF (.bss_RAM2)
                0x10000160        0x4 LONG 0x20000000 ADDR (.bss_RAM3)
                0x10000164        0x4 LONG 0x0 SIZEOF (.bss_RAM3)
                0x10000168        0x4 LONG 0x20008000 ADDR (.bss_RAM4)
                0x1000016c        0x4 LONG 0x0 SIZEOF (.bss_RAM4)
                0x10000170        0x4 LONG 0x2000c000 ADDR (.bss_RAM5)
                0x10000174        0x4 LONG 0x0 SIZEOF (.bss_RAM5)
                0x10000178                __bss_section_table_end = .
                0x10000178                __section_table_end = .
 *(.after_vectors*)
 .after_vectors
                0x10000178       0x36 ./src/cr_startup_lpc18xx.o
                0x10000178                NMI_Handler
                0x1000017a                HardFault_Handler
                0x1000017c                MemManage_Handler
                0x1000017e                BusFault_Handler
                0x10000180                UsageFault_Handler
                0x10000182                SVC_Handler
                0x10000184                DebugMon_Handler
                0x10000186                PendSV_Handler
                0x1000018a                data_init
                0x1000019c                bss_init
                0x100001ac                UART1_IRQHandler
                0x100001ac                GPIO5_IRQHandler
                0x100001ac                CAN1_IRQHandler
                0x100001ac                USB1_IRQHandler
                0x100001ac                I2S0_IRQHandler
                0x100001ac                TIMER3_IRQHandler
                0x100001ac                UART0_IRQHandler
                0x100001ac                I2C1_IRQHandler
                0x100001ac                I2C0_IRQHandler
                0x100001ac                ADC0_IRQHandler
                0x100001ac                RIT_IRQHandler
                0x100001ac                ATIMER_IRQHandler
                0x100001ac                IntDefaultHandler
                0x100001ac                GPIO1_IRQHandler
                0x100001ac                SSP0_IRQHandler
                0x100001ac                ADC1_IRQHandler
                0x100001ac                RTC_IRQHandler
                0x100001ac                TIMER0_IRQHandler
                0x100001ac                LCD_IRQHandler
                0x100001ac                SGPIO_IRQHandler
                0x100001ac                TIMER1_IRQHandler
                0x100001ac                UART2_IRQHandler
                0x100001ac                GPIO2_IRQHandler
                0x100001ac                I2S1_IRQHandler
                0x100001ac                SSP1_IRQHandler
                0x100001ac                GPIO3_IRQHandler
                0x100001ac                SCT_IRQHandler
                0x100001ac                GPIO6_IRQHandler
                0x100001ac                WDT_IRQHandler
                0x100001ac                SDIO_IRQHandler
                0x100001ac                GPIO7_IRQHandler
                0x100001ac                SPIFI_IRQHandler
                0x100001ac                QEI_IRQHandler
                0x100001ac                ETH_IRQHandler
                0x100001ac                CAN0_IRQHandler
                0x100001ac                GINT0_IRQHandler
                0x100001ac                DAC_IRQHandler
                0x100001ac                GPIO0_IRQHandler
                0x100001ac                DMA_IRQHandler
                0x100001ac                EVRT_IRQHandler
                0x100001ac                TIMER2_IRQHandler
                0x100001ac                UART3_IRQHandler
                0x100001ac                MCPWM_IRQHandler
                0x100001ac                GINT1_IRQHandler
                0x100001ac                GPIO4_IRQHandler
 *(.text*)
 *fill*         0x100001ae        0x2 00
 .text.ResetISR
                0x100001b0       0x84 ./src/cr_startup_lpc18xx.o
                0x100001b0                ResetISR
 .text.main     0x10000234       0x68 ./src/main.o
                0x10000234                main
 .text.SysTick_Handler
                0x1000029c       0x54 ./src/main.o
                0x1000029c                SysTick_Handler
 .text.MSC_SetStallEP
                0x100002f0       0x54 ./src/Usb_MassStorage/src/mscuser.o
                0x100002f0                MSC_SetStallEP
 .text.MSC_Reset
                0x10000344       0x3c ./src/Usb_MassStorage/src/mscuser.o
                0x10000344                MSC_Reset
 .text.MSC_GetMaxLUN
                0x10000380       0x20 ./src/Usb_MassStorage/src/mscuser.o
                0x10000380                MSC_GetMaxLUN
 .text.MSC_MemoryRead
                0x100003a0      0x134 ./src/Usb_MassStorage/src/mscuser.o
                0x100003a0                MSC_MemoryRead
 .text.MSC_MemoryWrite
                0x100004d4      0x114 ./src/Usb_MassStorage/src/mscuser.o
                0x100004d4                MSC_MemoryWrite
 .text.MSC_MemoryVerify
                0x100005e8      0x15c ./src/Usb_MassStorage/src/mscuser.o
                0x100005e8                MSC_MemoryVerify
 .text.MSC_RWSetup
                0x10000744      0x174 ./src/Usb_MassStorage/src/mscuser.o
                0x10000744                MSC_RWSetup
 .text.DataInFormat
                0x100008b8       0x64 ./src/Usb_MassStorage/src/mscuser.o
                0x100008b8                DataInFormat
 .text.DataInTransfer
                0x1000091c       0xa0 ./src/Usb_MassStorage/src/mscuser.o
                0x1000091c                DataInTransfer
 .text.MSC_TestUnitReady
                0x100009bc       0x4c ./src/Usb_MassStorage/src/mscuser.o
                0x100009bc                MSC_TestUnitReady
 .text.MSC_RequestSense
                0x10000a08      0x124 ./src/Usb_MassStorage/src/mscuser.o
                0x10000a08                MSC_RequestSense
 .text.MSC_Inquiry
                0x10000b2c      0x228 ./src/Usb_MassStorage/src/mscuser.o
                0x10000b2c                MSC_Inquiry
 .text.MSC_ModeSense6
                0x10000d54       0x60 ./src/Usb_MassStorage/src/mscuser.o
                0x10000d54                MSC_ModeSense6
 .text.MSC_ModeSense10
                0x10000db4       0x98 ./src/Usb_MassStorage/src/mscuser.o
                0x10000db4                MSC_ModeSense10
 .text.MSC_ReadCapacity
                0x10000e4c       0x98 ./src/Usb_MassStorage/src/mscuser.o
                0x10000e4c                MSC_ReadCapacity
 .text.MSC_ReadFormatCapacity
                0x10000ee4       0xd0 ./src/Usb_MassStorage/src/mscuser.o
                0x10000ee4                MSC_ReadFormatCapacity
 .text.MSC_GetCBW
                0x10000fb4      0x52c ./src/Usb_MassStorage/src/mscuser.o
                0x10000fb4                MSC_GetCBW
 .text.MSC_SetCSW
                0x100014e0       0x3c ./src/Usb_MassStorage/src/mscuser.o
                0x100014e0                MSC_SetCSW
 .text.MSC_BulkIn
                0x1000151c       0x70 ./src/Usb_MassStorage/src/mscuser.o
                0x1000151c                MSC_BulkIn
 .text.MSC_BulkOutNak
                0x1000158c       0x40 ./src/Usb_MassStorage/src/mscuser.o
                0x1000158c                MSC_BulkOutNak
 .text.MSC_BulkOut
                0x100015cc       0x88 ./src/Usb_MassStorage/src/mscuser.o
                0x100015cc                MSC_BulkOut
 .text.USB_ResetCore
                0x10001654       0x60 ./src/Usb_MassStorage/src/usbcore.o
                0x10001654                USB_ResetCore
 .text.USB_SetupStage
                0x100016b4       0x18 ./src/Usb_MassStorage/src/usbcore.o
                0x100016b4                USB_SetupStage
 .text.USB_DataInStage
                0x100016cc       0x7c ./src/Usb_MassStorage/src/usbcore.o
                0x100016cc                USB_DataInStage
 .text.USB_DataOutStage
                0x10001748       0x58 ./src/Usb_MassStorage/src/usbcore.o
                0x10001748                USB_DataOutStage
 .text.USB_StatusInStage
                0x100017a0       0x18 ./src/Usb_MassStorage/src/usbcore.o
                0x100017a0                USB_StatusInStage
 .text.USB_StatusOutStage
                0x100017b8       0x18 ./src/Usb_MassStorage/src/usbcore.o
                0x100017b8                USB_StatusOutStage
 .text.USB_ReqGetStatus
                0x100017d0      0x13c ./src/Usb_MassStorage/src/usbcore.o
                0x100017d0                USB_ReqGetStatus
 .text.USB_ReqSetClrFeature
                0x1000190c      0x208 ./src/Usb_MassStorage/src/usbcore.o
                0x1000190c                USB_ReqSetClrFeature
 .text.USB_ReqSetAddress
                0x10001b14       0x44 ./src/Usb_MassStorage/src/usbcore.o
                0x10001b14                USB_ReqSetAddress
 .text.USB_ReqGetDescriptor
                0x10001b58      0x260 ./src/Usb_MassStorage/src/usbcore.o
                0x10001b58                USB_ReqGetDescriptor
 .text.USB_ReqGetConfiguration
                0x10001db8       0x3c ./src/Usb_MassStorage/src/usbcore.o
                0x10001db8                USB_ReqGetConfiguration
 .text.USB_ReqSetConfiguration
                0x10001df4      0x324 ./src/Usb_MassStorage/src/usbcore.o
                0x10001df4                USB_ReqSetConfiguration
 .text.USB_ReqGetInterface
                0x10002118       0x78 ./src/Usb_MassStorage/src/usbcore.o
                0x10002118                USB_ReqGetInterface
 .text.USB_ReqSetInterface
                0x10002190      0x258 ./src/Usb_MassStorage/src/usbcore.o
                0x10002190                USB_ReqSetInterface
 .text.USB_EndPoint0
                0x100023e8      0x3d4 ./src/Usb_MassStorage/src/usbcore.o
                0x100023e8                USB_EndPoint0
 .text.NVIC_EnableIRQ
                0x100027bc       0x38 ./src/Usb_MassStorage/src/usbhw.o
 .text.EPAdr    0x100027f4       0x34 ./src/Usb_MassStorage/src/usbhw.o
                0x100027f4                EPAdr
 .text.USB_Init
                0x10002828       0xcc ./src/Usb_MassStorage/src/usbhw.o
                0x10002828                USB_Init
 .text.USB_Connect
                0x100028f4       0x54 ./src/Usb_MassStorage/src/usbhw.o
                0x100028f4                USB_Connect
 .text.USB_Reset
                0x10002948      0x224 ./src/Usb_MassStorage/src/usbhw.o
                0x10002948                USB_Reset
 .text.USB_WakeUpCfg
                0x10002b6c       0x14 ./src/Usb_MassStorage/src/usbhw.o
                0x10002b6c                USB_WakeUpCfg
 .text.USB_SetAddress
                0x10002b80       0x40 ./src/Usb_MassStorage/src/usbhw.o
                0x10002b80                USB_SetAddress
 .text.USB_SetTestMode
                0x10002bc0       0x58 ./src/Usb_MassStorage/src/usbhw.o
                0x10002bc0                USB_SetTestMode
 .text.USB_Configure
                0x10002c18       0x14 ./src/Usb_MassStorage/src/usbhw.o
                0x10002c18                USB_Configure
 .text.USB_ConfigEP
                0x10002c2c      0x118 ./src/Usb_MassStorage/src/usbhw.o
                0x10002c2c                USB_ConfigEP
 .text.USB_DirCtrlEP
                0x10002d44       0x14 ./src/Usb_MassStorage/src/usbhw.o
                0x10002d44                USB_DirCtrlEP
 .text.USB_EnableEP
                0x10002d58       0xbc ./src/Usb_MassStorage/src/usbhw.o
                0x10002d58                USB_EnableEP
 .text.USB_DisableEP
                0x10002e14       0xc0 ./src/Usb_MassStorage/src/usbhw.o
                0x10002e14                USB_DisableEP
 .text.USB_ResetEP
                0x10002ed4       0xcc ./src/Usb_MassStorage/src/usbhw.o
                0x10002ed4                USB_ResetEP
 .text.USB_SetStallEP
                0x10002fa0       0x78 ./src/Usb_MassStorage/src/usbhw.o
                0x10002fa0                USB_SetStallEP
 .text.USB_ClrStallEP
                0x10003018       0xc8 ./src/Usb_MassStorage/src/usbhw.o
                0x10003018                USB_ClrStallEP
 .text.USB_ProgDTD
                0x100030e0      0x10c ./src/Usb_MassStorage/src/usbhw.o
                0x100030e0                USB_ProgDTD
 .text.USB_ReadSetupPkt
                0x100031ec      0x100 ./src/Usb_MassStorage/src/usbhw.o
                0x100031ec                USB_ReadSetupPkt
 .text.USB_ReadReqEP
                0x100032ec       0x88 ./src/Usb_MassStorage/src/usbhw.o
                0x100032ec                USB_ReadReqEP
 .text.USB_ReadEP
                0x10003374       0x5c ./src/Usb_MassStorage/src/usbhw.o
                0x10003374                USB_ReadEP
 .text.USB_WriteEP
                0x100033d0       0x94 ./src/Usb_MassStorage/src/usbhw.o
                0x100033d0                USB_WriteEP
 .text.USB0_IRQHandler
                0x10003464      0x3a8 ./src/Usb_MassStorage/src/usbhw.o
                0x10003464                USB0_IRQHandler
 .text.USB_Reset_Event
                0x1000380c        0xc ./src/Usb_MassStorage/src/usbuser.o
                0x1000380c                USB_Reset_Event
 .text.USB_Configure_Event
                0x10003818        0xc ./src/Usb_MassStorage/src/usbuser.o
                0x10003818                USB_Configure_Event
 .text.USB_EndPoint1
                0x10003824       0x34 ./src/Usb_MassStorage/src/usbuser.o
                0x10003824                USB_EndPoint1
 .text.CGU_Init
                0x10003858       0x54 F:\lpc1830_Xplorer_LPCXpresso_v4_23\CMSISv2p10_LPC18xx_DriverLib\Debug\libCMSISv2p10_LPC18xx_DriverLib.a(lpc18xx_cgu.o)
                0x10003858                CGU_Init
 .text.CGU_UpdateClock
                0x100038ac      0x174 F:\lpc1830_Xplorer_LPCXpresso_v4_23\CMSISv2p10_LPC18xx_DriverLib\Debug\libCMSISv2p10_LPC18xx_DriverLib.a(lpc18xx_cgu.o)
                0x100038ac                CGU_UpdateClock
 .text.CGU_SetXTALOSC
                0x10003a20       0x7c F:\lpc1830_Xplorer_LPCXpresso_v4_23\CMSISv2p10_LPC18xx_DriverLib\Debug\libCMSISv2p10_LPC18xx_DriverLib.a(lpc18xx_cgu.o)
                0x10003a20                CGU_SetXTALOSC
 .text.CGU_EnableEntity
                0x10003a9c      0x1fc F:\lpc1830_Xplorer_LPCXpresso_v4_23\CMSISv2p10_LPC18xx_DriverLib\Debug\libCMSISv2p10_LPC18xx_DriverLib.a(lpc18xx_cgu.o)
                0x10003a9c                CGU_EnableEntity
 .text.CGU_EntityConnect
                0x10003c98      0x104 F:\lpc1830_Xplorer_LPCXpresso_v4_23\CMSISv2p10_LPC18xx_DriverLib\Debug\libCMSISv2p10_LPC18xx_DriverLib.a(lpc18xx_cgu.o)
                0x10003c98                CGU_EntityConnect
 .text.CGU_SetPLL0
                0x10003d9c       0x60 F:\lpc1830_Xplorer_LPCXpresso_v4_23\CMSISv2p10_LPC18xx_DriverLib\Debug\libCMSISv2p10_LPC18xx_DriverLib.a(lpc18xx_cgu.o)
                0x10003d9c                CGU_SetPLL0
 .text.CGU_SetPLL1
                0x10003dfc      0x144 F:\lpc1830_Xplorer_LPCXpresso_v4_23\CMSISv2p10_LPC18xx_DriverLib\Debug\libCMSISv2p10_LPC18xx_DriverLib.a(lpc18xx_cgu.o)
                0x10003dfc                CGU_SetPLL1
 .text.scu_pinmux
                0x10003f40       0x50 F:\lpc1830_Xplorer_LPCXpresso_v4_23\CMSISv2p10_LPC18xx_DriverLib\Debug\libCMSISv2p10_LPC18xx_DriverLib.a(lpc18xx_scu.o)
                0x10003f40                scu_pinmux
 .text.SystemInit
                0x10003f90       0x48 F:\lpc1830_Xplorer_LPCXpresso_v4_23\CMSISv2p10_LPC18xx_DriverLib\Debug\libCMSISv2p10_LPC18xx_DriverLib.a(system_LPC18xx.o)
                0x10003f90                SystemInit
 .text.__weak_main
                0x10003fd8        0x4 c:/nxp/lpcxpresso_4.2.3_292/lpcxpresso/tools/bin/../lib/gcc/arm-none-eabi/4.5.1/../../../../arm-none-eabi/lib/thumb2\libcr_c.a(__weak__main.o)
                0x10003fd8                __weak_main
                0x10003fd8                __main
 .text.memcpy   0x10003fdc        0x4 c:/nxp/lpcxpresso_4.2.3_292/lpcxpresso/tools/bin/../lib/gcc/arm-none-eabi/4.5.1/../../../../arm-none-eabi/lib/thumb2\libcr_c.a(memcpy.o)
                0x10003fdc                memcpy
 .text.memset   0x10003fe0        0x4 c:/nxp/lpcxpresso_4.2.3_292/lpcxpresso/tools/bin/../lib/gcc/arm-none-eabi/4.5.1/../../../../arm-none-eabi/lib/thumb2\libcr_c.a(memset.o)
                0x10003fe0                memset
 .text.__aeabi_memcpy
                0x10003fe4       0x26 c:/nxp/lpcxpresso_4.2.3_292/lpcxpresso/tools/bin/../lib/gcc/arm-none-eabi/4.5.1/thumb2\libcr_eabihelpers.a(memcpy.o)
                0x10003fe4                __aeabi_memcpy4
                0x10003fe4                __aeabi_memcpy8
                0x10003fe4                __aeabi_memcpy
 .text.__aeabi_memset_lowlevel
                0x1000400a       0x24 c:/nxp/lpcxpresso_4.2.3_292/lpcxpresso/tools/bin/../lib/gcc/arm-none-eabi/4.5.1/thumb2\libcr_eabihelpers.a(memcpy.o)
                0x1000400a                __aeabi_lowlevel_memset
 *(.rodata .rodata.*)
 *fill*         0x1000402e        0x2 00
 .rodata.DiskImage
                0x10004030      0xa00 ./src/Usb_MassStorage/src/DiskImg.o
                0x10004030                DiskImage
 .rodata.USB_DeviceDescriptor
                0x10004a30       0x14 ./src/Usb_MassStorage/src/usbdesc.o
                0x10004a30                USB_DeviceDescriptor
 .rodata.USB_FSConfigDescriptor
                0x10004a44       0x24 ./src/Usb_MassStorage/src/usbdesc.o
                0x10004a44                USB_FSConfigDescriptor
 .rodata.USB_HSConfigDescriptor
                0x10004a68       0x24 ./src/Usb_MassStorage/src/usbdesc.o
                0x10004a68                USB_HSConfigDescriptor
 .rodata.USB_StringDescriptor
                0x10004a8c       0x74 ./src/Usb_MassStorage/src/usbdesc.o
                0x10004a8c                USB_StringDescriptor
 .rodata.USB_DeviceQualifier
                0x10004b00        0xc ./src/Usb_MassStorage/src/usbdesc.o
                0x10004b00                USB_DeviceQualifier
 .rodata.USB_FSOtherSpeedConfiguration
                0x10004b0c       0x24 ./src/Usb_MassStorage/src/usbdesc.o
                0x10004b0c                USB_FSOtherSpeedConfiguration
 .rodata.USB_HSOtherSpeedConfiguration
                0x10004b30       0x24 ./src/Usb_MassStorage/src/usbdesc.o
                0x10004b30                USB_HSOtherSpeedConfiguration
 .rodata.CGU_Entity_ControlReg_Offset
                0x10004b54       0x5c F:\lpc1830_Xplorer_LPCXpresso_v4_23\CMSISv2p10_LPC18xx_DriverLib\Debug\libCMSISv2p10_LPC18xx_DriverLib.a(lpc18xx_cgu.o)
                0x10004b54                CGU_Entity_ControlReg_Offset
 .rodata.CGU_ConnectAlloc_Tbl
                0x10004bb0      0x300 F:\lpc1830_Xplorer_LPCXpresso_v4_23\CMSISv2p10_LPC18xx_DriverLib\Debug\libCMSISv2p10_LPC18xx_DriverLib.a(lpc18xx_cgu.o)
                0x10004bb0                CGU_ConnectAlloc_Tbl
                0x10004eb0                . = ALIGN (0x4)

.glue_7         0x10004eb0        0x0
 .glue_7        0x00000000        0x0 linker stubs

.glue_7t        0x10004eb0        0x0
 .glue_7t       0x00000000        0x0 linker stubs

.vfp11_veneer   0x10004eb0        0x0
 .vfp11_veneer  0x00000000        0x0 linker stubs

.v4_bx          0x10004eb0        0x0
 .v4_bx         0x00000000        0x0 linker stubs

.ARM.extab
 *(.ARM.extab* .gnu.linkonce.armextab.*)
                0x10004eb0                __exidx_start = .

.ARM.exidx
 *(.ARM.exidx* .gnu.linkonce.armexidx.*)
                0x10004eb0                __exidx_end = .
                0x10004eb0                _etext = .

.data_RAM2      0x10080000        0x0 load address 0x10004eb0
 FILL mask 0xff
 *(.data.$RAM2*)
 *(.data.$RamLoc40*)
                0x10080000                . = ALIGN (0x4)

.data_RAM3      0x20000000        0x0 load address 0x10004eb0
 FILL mask 0xff
 *(.data.$RAM3*)
 *(.data.$RamAHB32*)
                0x20000000                . = ALIGN (0x4)

.data_RAM4      0x20008000        0x0 load address 0x10004eb0
 FILL mask 0xff
 *(.data.$RAM4*)
 *(.data.$RamAHB16*)
                0x20008000                . = ALIGN (0x4)

.data_RAM5      0x2000c000        0x0 load address 0x10004eb0
 FILL mask 0xff
 *(.data.$RAM5*)
 *(.data.$RamAHB_ETB16*)
                0x2000c000                . = ALIGN (0x4)

.uninit_RESERVED
 *(.bss.$RESERVED*)

.data           0x10004eb0       0x48
 FILL mask 0xff
                0x10004eb0                _data = .
 *(vtable)
 *(.data*)
 .data.CGU_ClockSourceFrequency
                0x10004eb0       0x44 F:\lpc1830_Xplorer_LPCXpresso_v4_23\CMSISv2p10_LPC18xx_DriverLib\Debug\libCMSISv2p10_LPC18xx_DriverLib.a(lpc18xx_cgu.o)
                0x10004eb0                CGU_ClockSourceFrequency
 .data.SystemCoreClock
                0x10004ef4        0x4 F:\lpc1830_Xplorer_LPCXpresso_v4_23\CMSISv2p10_LPC18xx_DriverLib\Debug\libCMSISv2p10_LPC18xx_DriverLib.a(system_LPC18xx.o)
                0x10004ef4                SystemCoreClock
                0x10004ef8                . = ALIGN (0x4)
                0x10004ef8                _edata = .

.bss_RAM2       0x10080000        0x0
 *(.bss.$RAM2*)
 *(.bss.$RamLoc40*)
                0x10080000                . = ALIGN (0x4)

.bss_RAM3       0x20000000        0x0
 *(.bss.$RAM3*)
 *(.bss.$RamAHB32*)
                0x20000000                . = ALIGN (0x4)

.bss_RAM4       0x20008000        0x0
 *(.bss.$RAM4*)
 *(.bss.$RamAHB16*)
                0x20008000                . = ALIGN (0x4)

.bss_RAM5       0x2000c000        0x0
 *(.bss.$RAM5*)
 *(.bss.$RamAHB_ETB16*)
                0x2000c000                . = ALIGN (0x4)

.bss            0x10005000     0x19c0
                0x10005000                _bss = .
 *(.bss*)
 .bss.systicks  0x10005000        0x4 ./src/main.o
                0x10005000                systicks
 .bss.cnt.3703  0x10005004        0x4 ./src/main.o
 .bss.ep_read_len
                0x10005008       0x10 ./src/Usb_MassStorage/src/usbhw.o
 .bss.DevStatusFS2HS
                0x10005018        0x4 ./src/Usb_MassStorage/src/usbhw.o
                0x10005018                DevStatusFS2HS
 *(COMMON)
 *fill*         0x1000501c      0xfe4 00
 COMMON         0x10006000      0x11e ./src/Usb_MassStorage/src/mscuser.o
                0x10006000                BulkBuf
                0x100060e0                CBW
                0x10006100                Offset
                0x10006104                CSW
                0x10006114                MemOK
                0x10006118                Length
                0x1000611c                BulkLen
                0x1000611d                BulkStage
 *fill*         0x1000611e        0x2 00
 COMMON         0x10006120       0x6e ./src/Usb_MassStorage/src/usbcore.o
                0x10006120                USB_AltSetting
                0x10006124                EP0Buf
                0x10006164                USB_EndPointMask
                0x10006168                USB_DeviceAddress
                0x1000616c                USB_EndPointStall
                0x10006170                USB_EndPointHalt
                0x10006174                USB_Configuration
                0x10006178                SetupPacket
                0x10006180                USB_NumInterfaces
                0x10006184                EP0Data
                0x1000618c                USB_DeviceStatus
 *fill*         0x1000618e      0x672 00
 COMMON         0x10006800      0x1c0 ./src/Usb_MassStorage/src/usbhw.o
                0x10006800                ep_QH
                0x10006900                g_drv
                0x10006940                ep_TD
                0x100069c0                . = ALIGN (0x4)
                0x100069c0                _ebss = .
                0x100069c0                PROVIDE (end, .)
                0x100069c0                PROVIDE (_pvHeapStart, .)
                0x10018000                PROVIDE (_vStackTop, (__top_RamLoc96 - 0x0))
OUTPUT(LPC1830_Xplorer_UsbDevice.axf elf32-littlearm)

.debug_abbrev   0x00000000      0xeb1
 .debug_abbrev  0x00000000      0x152 ./src/cr_startup_lpc18xx.o
 .debug_abbrev  0x00000152      0x14c ./src/main.o
 .debug_abbrev  0x0000029e       0x7b ./src/Usb_MassStorage/src/DiskImg.o
 .debug_abbrev  0x00000319      0x1d5 ./src/Usb_MassStorage/src/mscuser.o
 .debug_abbrev  0x000004ee      0x26e ./src/Usb_MassStorage/src/usbcore.o
 .debug_abbrev  0x0000075c       0x8c ./src/Usb_MassStorage/src/usbdesc.o
 .debug_abbrev  0x000007e8      0x279 ./src/Usb_MassStorage/src/usbhw.o
 .debug_abbrev  0x00000a61       0xd1 ./src/Usb_MassStorage/src/usbuser.o
 .debug_abbrev  0x00000b32      0x1df F:\lpc1830_Xplorer_LPCXpresso_v4_23\CMSISv2p10_LPC18xx_DriverLib\Debug\libCMSISv2p10_LPC18xx_DriverLib.a(lpc18xx_cgu.o)
 .debug_abbrev  0x00000d11       0xa0 F:\lpc1830_Xplorer_LPCXpresso_v4_23\CMSISv2p10_LPC18xx_DriverLib\Debug\libCMSISv2p10_LPC18xx_DriverLib.a(lpc18xx_scu.o)
 .debug_abbrev  0x00000db1      0x100 F:\lpc1830_Xplorer_LPCXpresso_v4_23\CMSISv2p10_LPC18xx_DriverLib\Debug\libCMSISv2p10_LPC18xx_DriverLib.a(system_LPC18xx.o)

.debug_info     0x00000000     0x4c4f
 .debug_info    0x00000000      0x374 ./src/cr_startup_lpc18xx.o
 .debug_info    0x00000374      0x2ba ./src/main.o
 .debug_info    0x0000062e       0xc4 ./src/Usb_MassStorage/src/DiskImg.o
 .debug_info    0x000006f2      0x59b ./src/Usb_MassStorage/src/mscuser.o
 .debug_info    0x00000c8d      0xae7 ./src/Usb_MassStorage/src/usbcore.o
 .debug_info    0x00001774      0x190 ./src/Usb_MassStorage/src/usbdesc.o
 .debug_info    0x00001904     0x1333 ./src/Usb_MassStorage/src/usbhw.o
 .debug_info    0x00002c37      0x207 ./src/Usb_MassStorage/src/usbuser.o
 .debug_info    0x00002e3e     0x1598 F:\lpc1830_Xplorer_LPCXpresso_v4_23\CMSISv2p10_LPC18xx_DriverLib\Debug\libCMSISv2p10_LPC18xx_DriverLib.a(lpc18xx_cgu.o)
 .debug_info    0x000043d6      0x123 F:\lpc1830_Xplorer_LPCXpresso_v4_23\CMSISv2p10_LPC18xx_DriverLib\Debug\libCMSISv2p10_LPC18xx_DriverLib.a(lpc18xx_scu.o)
 .debug_info    0x000044f9      0x756 F:\lpc1830_Xplorer_LPCXpresso_v4_23\CMSISv2p10_LPC18xx_DriverLib\Debug\libCMSISv2p10_LPC18xx_DriverLib.a(system_LPC18xx.o)

.debug_line     0x00000000     0x3ca8
 .debug_line    0x00000000      0x428 ./src/cr_startup_lpc18xx.o
 .debug_line    0x00000428      0x5b8 ./src/main.o
 .debug_line    0x000009e0      0x405 ./src/Usb_MassStorage/src/DiskImg.o
 .debug_line    0x00000de5      0x780 ./src/Usb_MassStorage/src/mscuser.o
 .debug_line    0x00001565      0x805 ./src/Usb_MassStorage/src/usbcore.o
 .debug_line    0x00001d6a      0x43f ./src/Usb_MassStorage/src/usbdesc.o
 .debug_line    0x000021a9      0x800 ./src/Usb_MassStorage/src/usbhw.o
 .debug_line    0x000029a9      0x4ed ./src/Usb_MassStorage/src/usbuser.o
 .debug_line    0x00002e96      0x6a2 F:\lpc1830_Xplorer_LPCXpresso_v4_23\CMSISv2p10_LPC18xx_DriverLib\Debug\libCMSISv2p10_LPC18xx_DriverLib.a(lpc18xx_cgu.o)
 .debug_line    0x00003538      0x3c5 F:\lpc1830_Xplorer_LPCXpresso_v4_23\CMSISv2p10_LPC18xx_DriverLib\Debug\libCMSISv2p10_LPC18xx_DriverLib.a(lpc18xx_scu.o)
 .debug_line    0x000038fd      0x3ab F:\lpc1830_Xplorer_LPCXpresso_v4_23\CMSISv2p10_LPC18xx_DriverLib\Debug\libCMSISv2p10_LPC18xx_DriverLib.a(system_LPC18xx.o)

.debug_macinfo  0x00000000    0x5a18f
 .debug_macinfo
                0x00000000     0x7153 ./src/cr_startup_lpc18xx.o
 .debug_macinfo
                0x00007153     0xafdf ./src/main.o
 .debug_macinfo
                0x00012132     0x72d9 ./src/Usb_MassStorage/src/DiskImg.o
 .debug_macinfo
                0x0001940b     0x8b2f ./src/Usb_MassStorage/src/mscuser.o
 .debug_macinfo
                0x00021f3a     0x8cc7 ./src/Usb_MassStorage/src/usbcore.o
 .debug_macinfo
                0x0002ac01     0x878f ./src/Usb_MassStorage/src/usbdesc.o
 .debug_macinfo
                0x00033390     0x88b8 ./src/Usb_MassStorage/src/usbhw.o
 .debug_macinfo
                0x0003bc48     0x8718 ./src/Usb_MassStorage/src/usbuser.o
 .debug_macinfo
                0x00044360     0x78e8 F:\lpc1830_Xplorer_LPCXpresso_v4_23\CMSISv2p10_LPC18xx_DriverLib\Debug\libCMSISv2p10_LPC18xx_DriverLib.a(lpc18xx_cgu.o)
 .debug_macinfo
                0x0004bc48     0x7487 F:\lpc1830_Xplorer_LPCXpresso_v4_23\CMSISv2p10_LPC18xx_DriverLib\Debug\libCMSISv2p10_LPC18xx_DriverLib.a(lpc18xx_scu.o)
 .debug_macinfo
                0x000530cf     0x70c0 F:\lpc1830_Xplorer_LPCXpresso_v4_23\CMSISv2p10_LPC18xx_DriverLib\Debug\libCMSISv2p10_LPC18xx_DriverLib.a(system_LPC18xx.o)

.debug_loc      0x00000000     0x13d6
 .debug_loc     0x00000000      0x22c ./src/cr_startup_lpc18xx.o
 .debug_loc     0x0000022c       0x9e ./src/main.o
 .debug_loc     0x000002ca      0x3d8 ./src/Usb_MassStorage/src/mscuser.o
 .debug_loc     0x000006a2      0x2f4 ./src/Usb_MassStorage/src/usbcore.o
 .debug_loc     0x00000996      0x554 ./src/Usb_MassStorage/src/usbhw.o
 .debug_loc     0x00000eea      0x1c8 ./src/Usb_MassStorage/src/usbuser.o
 .debug_loc     0x000010b2      0x2c0 F:\lpc1830_Xplorer_LPCXpresso_v4_23\CMSISv2p10_LPC18xx_DriverLib\Debug\libCMSISv2p10_LPC18xx_DriverLib.a(lpc18xx_cgu.o)
 .debug_loc     0x00001372       0x38 F:\lpc1830_Xplorer_LPCXpresso_v4_23\CMSISv2p10_LPC18xx_DriverLib\Debug\libCMSISv2p10_LPC18xx_DriverLib.a(lpc18xx_scu.o)
 .debug_loc     0x000013aa       0x2c F:\lpc1830_Xplorer_LPCXpresso_v4_23\CMSISv2p10_LPC18xx_DriverLib\Debug\libCMSISv2p10_LPC18xx_DriverLib.a(system_LPC18xx.o)

.debug_pubnames
                0x00000000      0xb0a
 .debug_pubnames
                0x00000000      0x115 ./src/cr_startup_lpc18xx.o
 .debug_pubnames
                0x00000115       0x5a ./src/main.o
 .debug_pubnames
                0x0000016f       0x20 ./src/Usb_MassStorage/src/DiskImg.o
 .debug_pubnames
                0x0000018f      0x1ed ./src/Usb_MassStorage/src/mscuser.o
 .debug_pubnames
                0x0000037c      0x235 ./src/Usb_MassStorage/src/usbcore.o
 .debug_pubnames
                0x000005b1       0xd6 ./src/Usb_MassStorage/src/usbdesc.o
 .debug_pubnames
                0x00000687      0x1d7 ./src/Usb_MassStorage/src/usbhw.o
 .debug_pubnames
                0x0000085e       0xd0 ./src/Usb_MassStorage/src/usbuser.o
 .debug_pubnames
                0x0000092e      0x186 F:\lpc1830_Xplorer_LPCXpresso_v4_23\CMSISv2p10_LPC18xx_DriverLib\Debug\libCMSISv2p10_LPC18xx_DriverLib.a(lpc18xx_cgu.o)
 .debug_pubnames
                0x00000ab4       0x21 F:\lpc1830_Xplorer_LPCXpresso_v4_23\CMSISv2p10_LPC18xx_DriverLib\Debug\libCMSISv2p10_LPC18xx_DriverLib.a(lpc18xx_scu.o)
 .debug_pubnames
                0x00000ad5       0x35 F:\lpc1830_Xplorer_LPCXpresso_v4_23\CMSISv2p10_LPC18xx_DriverLib\Debug\libCMSISv2p10_LPC18xx_DriverLib.a(system_LPC18xx.o)

.debug_pubtypes
                0x00000000      0x5fc
 .debug_pubtypes
                0x00000000       0x1e ./src/cr_startup_lpc18xx.o
 .debug_pubtypes
                0x0000001e       0x5c ./src/main.o
 .debug_pubtypes
                0x0000007a       0x1e ./src/Usb_MassStorage/src/DiskImg.o
 .debug_pubtypes
                0x00000098       0x69 ./src/Usb_MassStorage/src/mscuser.o
 .debug_pubtypes
                0x00000101      0x248 ./src/Usb_MassStorage/src/usbcore.o
 .debug_pubtypes
                0x00000349       0x2a ./src/Usb_MassStorage/src/usbdesc.o
 .debug_pubtypes
                0x00000373       0xec ./src/Usb_MassStorage/src/usbhw.o
 .debug_pubtypes
                0x0000045f       0x2b ./src/Usb_MassStorage/src/usbuser.o
 .debug_pubtypes
                0x0000048a       0xe6 F:\lpc1830_Xplorer_LPCXpresso_v4_23\CMSISv2p10_LPC18xx_DriverLib\Debug\libCMSISv2p10_LPC18xx_DriverLib.a(lpc18xx_cgu.o)
 .debug_pubtypes
                0x00000570       0x37 F:\lpc1830_Xplorer_LPCXpresso_v4_23\CMSISv2p10_LPC18xx_DriverLib\Debug\libCMSISv2p10_LPC18xx_DriverLib.a(lpc18xx_scu.o)
 .debug_pubtypes
                0x000005a7       0x55 F:\lpc1830_Xplorer_LPCXpresso_v4_23\CMSISv2p10_LPC18xx_DriverLib\Debug\libCMSISv2p10_LPC18xx_DriverLib.a(system_LPC18xx.o)

.debug_aranges  0x00000000      0x400
 .debug_aranges
                0x00000000       0x80 ./src/cr_startup_lpc18xx.o
 .debug_aranges
                0x00000080       0x30 ./src/main.o
 .debug_aranges
                0x000000b0       0xc0 ./src/Usb_MassStorage/src/mscuser.o
 .debug_aranges
                0x00000170       0x90 ./src/Usb_MassStorage/src/usbcore.o
 .debug_aranges
                0x00000200       0xe0 ./src/Usb_MassStorage/src/usbhw.o
 .debug_aranges
                0x000002e0       0x60 ./src/Usb_MassStorage/src/usbuser.o
 .debug_aranges
                0x00000340       0x80 F:\lpc1830_Xplorer_LPCXpresso_v4_23\CMSISv2p10_LPC18xx_DriverLib\Debug\libCMSISv2p10_LPC18xx_DriverLib.a(lpc18xx_cgu.o)
 .debug_aranges
                0x000003c0       0x20 F:\lpc1830_Xplorer_LPCXpresso_v4_23\CMSISv2p10_LPC18xx_DriverLib\Debug\libCMSISv2p10_LPC18xx_DriverLib.a(lpc18xx_scu.o)
 .debug_aranges
                0x000003e0       0x20 F:\lpc1830_Xplorer_LPCXpresso_v4_23\CMSISv2p10_LPC18xx_DriverLib\Debug\libCMSISv2p10_LPC18xx_DriverLib.a(system_LPC18xx.o)

.debug_ranges   0x00000000      0x370
 .debug_ranges  0x00000000       0x70 ./src/cr_startup_lpc18xx.o
 .debug_ranges  0x00000070       0x20 ./src/main.o
 .debug_ranges  0x00000090       0xb0 ./src/Usb_MassStorage/src/mscuser.o
 .debug_ranges  0x00000140       0x80 ./src/Usb_MassStorage/src/usbcore.o
 .debug_ranges  0x000001c0       0xd0 ./src/Usb_MassStorage/src/usbhw.o
 .debug_ranges  0x00000290       0x50 ./src/Usb_MassStorage/src/usbuser.o
 .debug_ranges  0x000002e0       0x70 F:\lpc1830_Xplorer_LPCXpresso_v4_23\CMSISv2p10_LPC18xx_DriverLib\Debug\libCMSISv2p10_LPC18xx_DriverLib.a(lpc18xx_cgu.o)
 .debug_ranges  0x00000350       0x10 F:\lpc1830_Xplorer_LPCXpresso_v4_23\CMSISv2p10_LPC18xx_DriverLib\Debug\libCMSISv2p10_LPC18xx_DriverLib.a(lpc18xx_scu.o)
 .debug_ranges  0x00000360       0x10 F:\lpc1830_Xplorer_LPCXpresso_v4_23\CMSISv2p10_LPC18xx_DriverLib\Debug\libCMSISv2p10_LPC18xx_DriverLib.a(system_LPC18xx.o)

.debug_str      0x00000000     0x28e2
 .debug_str     0x00000000      0x254 ./src/cr_startup_lpc18xx.o
                                0x289 (size before relaxing)
 .debug_str     0x00000254      0x14c ./src/main.o
                                0x251 (size before relaxing)
 .debug_str     0x000003a0       0x2f ./src/Usb_MassStorage/src/DiskImg.o
                                0x10d (size before relaxing)
 .debug_str     0x000003cf      0x214 ./src/Usb_MassStorage/src/mscuser.o
                                0x33b (size before relaxing)
 .debug_str     0x000005e3      0x4b4 ./src/Usb_MassStorage/src/usbcore.o
                                0x6fb (size before relaxing)
 .debug_str     0x00000a97       0x25 ./src/Usb_MassStorage/src/usbdesc.o
                                0x1b8 (size before relaxing)
 .debug_str     0x00000abc      0xa2d ./src/Usb_MassStorage/src/usbhw.o
                                0xcb5 (size before relaxing)
 .debug_str     0x000014e9       0x6b ./src/Usb_MassStorage/src/usbuser.o
                                0x1ad (size before relaxing)
 .debug_str     0x00001554      0xfec F:\lpc1830_Xplorer_LPCXpresso_v4_23\CMSISv2p10_LPC18xx_DriverLib\Debug\libCMSISv2p10_LPC18xx_DriverLib.a(lpc18xx_cgu.o)
                               0x13b7 (size before relaxing)
 .debug_str     0x00002540       0x33 F:\lpc1830_Xplorer_LPCXpresso_v4_23\CMSISv2p10_LPC18xx_DriverLib\Debug\libCMSISv2p10_LPC18xx_DriverLib.a(lpc18xx_scu.o)
                                0x12f (size before relaxing)
 .debug_str     0x00002573      0x36f F:\lpc1830_Xplorer_LPCXpresso_v4_23\CMSISv2p10_LPC18xx_DriverLib\Debug\libCMSISv2p10_LPC18xx_DriverLib.a(system_LPC18xx.o)
                                0x4e2 (size before relaxing)

.comment        0x00000000       0x2a
 .comment       0x00000000       0x2a ./src/cr_startup_lpc18xx.o
                                 0x2b (size before relaxing)
 .comment       0x00000000       0x2b ./src/main.o
 .comment       0x00000000       0x2b ./src/Usb_MassStorage/src/DiskImg.o
 .comment       0x00000000       0x2b ./src/Usb_MassStorage/src/mscuser.o
 .comment       0x00000000       0x2b ./src/Usb_MassStorage/src/usbcore.o
 .comment       0x00000000       0x2b ./src/Usb_MassStorage/src/usbdesc.o
 .comment       0x00000000       0x2b ./src/Usb_MassStorage/src/usbhw.o
 .comment       0x00000000       0x2b ./src/Usb_MassStorage/src/usbuser.o
 .comment       0x00000000       0x2b F:\lpc1830_Xplorer_LPCXpresso_v4_23\CMSISv2p10_LPC18xx_DriverLib\Debug\libCMSISv2p10_LPC18xx_DriverLib.a(lpc18xx_cgu.o)
 .comment       0x00000000       0x2b F:\lpc1830_Xplorer_LPCXpresso_v4_23\CMSISv2p10_LPC18xx_DriverLib\Debug\libCMSISv2p10_LPC18xx_DriverLib.a(lpc18xx_scu.o)
 .comment       0x00000000       0x2b F:\lpc1830_Xplorer_LPCXpresso_v4_23\CMSISv2p10_LPC18xx_DriverLib\Debug\libCMSISv2p10_LPC18xx_DriverLib.a(system_LPC18xx.o)
 .comment       0x00000000       0x2b c:/nxp/lpcxpresso_4.2.3_292/lpcxpresso/tools/bin/../lib/gcc/arm-none-eabi/4.5.1/../../../../arm-none-eabi/lib/thumb2\libcr_c.a(__weak__main.o)
 .comment       0x00000000       0x2b c:/nxp/lpcxpresso_4.2.3_292/lpcxpresso/tools/bin/../lib/gcc/arm-none-eabi/4.5.1/../../../../arm-none-eabi/lib/thumb2\libcr_c.a(memcpy.o)
 .comment       0x00000000       0x2b c:/nxp/lpcxpresso_4.2.3_292/lpcxpresso/tools/bin/../lib/gcc/arm-none-eabi/4.5.1/../../../../arm-none-eabi/lib/thumb2\libcr_c.a(memset.o)

.ARM.attributes
                0x00000000       0x2f
 .ARM.attributes
                0x00000000       0x31 ./src/cr_startup_lpc18xx.o
 .ARM.attributes
                0x00000031       0x31 ./src/main.o
 .ARM.attributes
                0x00000062       0x31 ./src/Usb_MassStorage/src/DiskImg.o
 .ARM.attributes
                0x00000093       0x31 ./src/Usb_MassStorage/src/mscuser.o
 .ARM.attributes
                0x000000c4       0x31 ./src/Usb_MassStorage/src/usbcore.o
 .ARM.attributes
                0x000000f5       0x31 ./src/Usb_MassStorage/src/usbdesc.o
 .ARM.attributes
                0x00000126       0x31 ./src/Usb_MassStorage/src/usbhw.o
 .ARM.attributes
                0x00000157       0x31 ./src/Usb_MassStorage/src/usbuser.o
 .ARM.attributes
                0x00000188       0x31 F:\lpc1830_Xplorer_LPCXpresso_v4_23\CMSISv2p10_LPC18xx_DriverLib\Debug\libCMSISv2p10_LPC18xx_DriverLib.a(lpc18xx_cgu.o)
 .ARM.attributes
                0x000001b9       0x31 F:\lpc1830_Xplorer_LPCXpresso_v4_23\CMSISv2p10_LPC18xx_DriverLib\Debug\libCMSISv2p10_LPC18xx_DriverLib.a(lpc18xx_scu.o)
 .ARM.attributes
                0x000001ea       0x31 F:\lpc1830_Xplorer_LPCXpresso_v4_23\CMSISv2p10_LPC18xx_DriverLib\Debug\libCMSISv2p10_LPC18xx_DriverLib.a(system_LPC18xx.o)
 .ARM.attributes
                0x0000021b       0x31 c:/nxp/lpcxpresso_4.2.3_292/lpcxpresso/tools/bin/../lib/gcc/arm-none-eabi/4.5.1/../../../../arm-none-eabi/lib/thumb2\libcr_c.a(__weak__main.o)
 .ARM.attributes
                0x0000024c       0x31 c:/nxp/lpcxpresso_4.2.3_292/lpcxpresso/tools/bin/../lib/gcc/arm-none-eabi/4.5.1/../../../../arm-none-eabi/lib/thumb2\libcr_c.a(memcpy.o)
 .ARM.attributes
                0x0000027d       0x31 c:/nxp/lpcxpresso_4.2.3_292/lpcxpresso/tools/bin/../lib/gcc/arm-none-eabi/4.5.1/../../../../arm-none-eabi/lib/thumb2\libcr_c.a(memset.o)
 .ARM.attributes
                0x000002ae       0x21 c:/nxp/lpcxpresso_4.2.3_292/lpcxpresso/tools/bin/../lib/gcc/arm-none-eabi/4.5.1/thumb2\libcr_eabihelpers.a(memcpy.o)

.debug_frame    0x00000000      0xb3c
 .debug_frame   0x00000000       0xf0 ./src/cr_startup_lpc18xx.o
 .debug_frame   0x000000f0       0x64 ./src/main.o
 .debug_frame   0x00000154      0x268 ./src/Usb_MassStorage/src/mscuser.o
 .debug_frame   0x000003bc      0x1bc ./src/Usb_MassStorage/src/usbcore.o
 .debug_frame   0x00000578      0x2e4 ./src/Usb_MassStorage/src/usbhw.o
 .debug_frame   0x0000085c      0x104 ./src/Usb_MassStorage/src/usbuser.o
 .debug_frame   0x00000960      0x184 F:\lpc1830_Xplorer_LPCXpresso_v4_23\CMSISv2p10_LPC18xx_DriverLib\Debug\libCMSISv2p10_LPC18xx_DriverLib.a(lpc18xx_cgu.o)
 .debug_frame   0x00000ae4       0x2c F:\lpc1830_Xplorer_LPCXpresso_v4_23\CMSISv2p10_LPC18xx_DriverLib\Debug\libCMSISv2p10_LPC18xx_DriverLib.a(lpc18xx_scu.o)
 .debug_frame   0x00000b10       0x2c F:\lpc1830_Xplorer_LPCXpresso_v4_23\CMSISv2p10_LPC18xx_DriverLib\Debug\libCMSISv2p10_LPC18xx_DriverLib.a(system_LPC18xx.o)
