Archive member included because of file (symbol)

/Users/sin/Documents/LPCxpresso/workspace/CMSISv2p00_LPC17xx/Debug/libCMSISv2p00_LPC17xx.a(system_LPC17xx.o)
                              ./src/cr_startup_lpc17.o (SystemInit)
/Applications/redsuite_4.3.0_1033/redsuite/tools/bin/../lib/gcc/arm-none-eabi/4.6.2/../../../../arm-none-eabi/lib/armv7-m/libcr_semihost.a(_cr__main.o)
                              ./src/cr_startup_lpc17.o (__main)
/Applications/redsuite_4.3.0_1033/redsuite/tools/bin/../lib/gcc/arm-none-eabi/4.6.2/../../../../arm-none-eabi/lib/armv7-m/libcr_c.a(initio.o)
                              /Applications/redsuite_4.3.0_1033/redsuite/tools/bin/../lib/gcc/arm-none-eabi/4.6.2/../../../../arm-none-eabi/lib/armv7-m/libcr_semihost.a(_cr__main.o) (_initio)
/Applications/redsuite_4.3.0_1033/redsuite/tools/bin/../lib/gcc/arm-none-eabi/4.6.2/../../../../arm-none-eabi/lib/armv7-m/libcr_c.a(setvbuf.o)
                              /Applications/redsuite_4.3.0_1033/redsuite/tools/bin/../lib/gcc/arm-none-eabi/4.6.2/../../../../arm-none-eabi/lib/armv7-m/libcr_c.a(initio.o) (setvbuf)
/Applications/redsuite_4.3.0_1033/redsuite/tools/bin/../lib/gcc/arm-none-eabi/4.6.2/../../../../arm-none-eabi/lib/armv7-m/libcr_c.a(stdio.o)
                              /Applications/redsuite_4.3.0_1033/redsuite/tools/bin/../lib/gcc/arm-none-eabi/4.6.2/../../../../arm-none-eabi/lib/armv7-m/libcr_c.a(initio.o) (__Ciob)
/Applications/redsuite_4.3.0_1033/redsuite/tools/bin/../lib/gcc/arm-none-eabi/4.6.2/../../../../arm-none-eabi/lib/armv7-m/libcr_c.a(strlen.o)
                              ./src/main.o (strlen)
/Applications/redsuite_4.3.0_1033/redsuite/tools/bin/../lib/gcc/arm-none-eabi/4.6.2/../../../../arm-none-eabi/lib/armv7-m/libcr_c.a(memset.o)
                              /Applications/redsuite_4.3.0_1033/redsuite/tools/bin/../lib/gcc/arm-none-eabi/4.6.2/../../../../arm-none-eabi/lib/armv7-m/libcr_c.a(initio.o) (memset)
/Applications/redsuite_4.3.0_1033/redsuite/tools/bin/../lib/gcc/arm-none-eabi/4.6.2/../../../../arm-none-eabi/lib/armv7-m/libcr_c.a(__fillbuf.o)
                              /Applications/redsuite_4.3.0_1033/redsuite/tools/bin/../lib/gcc/arm-none-eabi/4.6.2/../../../../arm-none-eabi/lib/armv7-m/libcr_c.a(stdio.o) (__filbuf)
/Applications/redsuite_4.3.0_1033/redsuite/tools/bin/../lib/gcc/arm-none-eabi/4.6.2/../../../../arm-none-eabi/lib/armv7-m/libcr_c.a(_deferredlazyseek.o)
                              /Applications/redsuite_4.3.0_1033/redsuite/tools/bin/../lib/gcc/arm-none-eabi/4.6.2/../../../../arm-none-eabi/lib/armv7-m/libcr_c.a(__fillbuf.o) (_deferredlazyseek)
/Applications/redsuite_4.3.0_1033/redsuite/tools/bin/../lib/gcc/arm-none-eabi/4.6.2/../../../../arm-none-eabi/lib/armv7-m/libcr_c.a(_fdopen.o)
                              /Applications/redsuite_4.3.0_1033/redsuite/tools/bin/../lib/gcc/arm-none-eabi/4.6.2/../../../../arm-none-eabi/lib/armv7-m/libcr_c.a(initio.o) (_fdopen)
/Applications/redsuite_4.3.0_1033/redsuite/tools/bin/../lib/gcc/arm-none-eabi/4.6.2/../../../../arm-none-eabi/lib/armv7-m/libcr_c.a(_fflush.o)
                              /Applications/redsuite_4.3.0_1033/redsuite/tools/bin/../lib/gcc/arm-none-eabi/4.6.2/../../../../arm-none-eabi/lib/armv7-m/libcr_c.a(__fillbuf.o) (_fflush)
/Applications/redsuite_4.3.0_1033/redsuite/tools/bin/../lib/gcc/arm-none-eabi/4.6.2/../../../../arm-none-eabi/lib/armv7-m/libcr_c.a(_writebuf.o)
                              /Applications/redsuite_4.3.0_1033/redsuite/tools/bin/../lib/gcc/arm-none-eabi/4.6.2/../../../../arm-none-eabi/lib/armv7-m/libcr_c.a(_deferredlazyseek.o) (_Cwritebuf)
/Applications/redsuite_4.3.0_1033/redsuite/tools/bin/../lib/gcc/arm-none-eabi/4.6.2/../../../../arm-none-eabi/lib/armv7-m/libcr_c.a(alloc.o)
                              /Applications/redsuite_4.3.0_1033/redsuite/tools/bin/../lib/gcc/arm-none-eabi/4.6.2/../../../../arm-none-eabi/lib/armv7-m/libcr_c.a(initio.o) (_Csys_alloc)
/Applications/redsuite_4.3.0_1033/redsuite/tools/bin/../lib/gcc/arm-none-eabi/4.6.2/../../../../arm-none-eabi/lib/armv7-m/libcr_c.a(fclose.o)
                              /Applications/redsuite_4.3.0_1033/redsuite/tools/bin/../lib/gcc/arm-none-eabi/4.6.2/../../../../arm-none-eabi/lib/armv7-m/libcr_c.a(initio.o) (fclose)
/Applications/redsuite_4.3.0_1033/redsuite/tools/bin/../lib/gcc/arm-none-eabi/4.6.2/../../../../arm-none-eabi/lib/armv7-m/libcr_c.a(fflush.o)
                              /Applications/redsuite_4.3.0_1033/redsuite/tools/bin/../lib/gcc/arm-none-eabi/4.6.2/../../../../arm-none-eabi/lib/armv7-m/libcr_c.a(fclose.o) (fflush)
/Applications/redsuite_4.3.0_1033/redsuite/tools/bin/../lib/gcc/arm-none-eabi/4.6.2/../../../../arm-none-eabi/lib/armv7-m/libcr_c.a(fseek.o)
                              /Applications/redsuite_4.3.0_1033/redsuite/tools/bin/../lib/gcc/arm-none-eabi/4.6.2/../../../../arm-none-eabi/lib/armv7-m/libcr_c.a(_deferredlazyseek.o) (fseek)
/Applications/redsuite_4.3.0_1033/redsuite/tools/bin/../lib/gcc/arm-none-eabi/4.6.2/../../../../arm-none-eabi/lib/armv7-m/libcr_c.a(ftell.o)
                              /Applications/redsuite_4.3.0_1033/redsuite/tools/bin/../lib/gcc/arm-none-eabi/4.6.2/../../../../arm-none-eabi/lib/armv7-m/libcr_c.a(fseek.o) (ftell)
/Applications/redsuite_4.3.0_1033/redsuite/tools/bin/../lib/gcc/arm-none-eabi/4.6.2/../../../../arm-none-eabi/lib/armv7-m/libcr_c.a(remove.o)
                              /Applications/redsuite_4.3.0_1033/redsuite/tools/bin/../lib/gcc/arm-none-eabi/4.6.2/../../../../arm-none-eabi/lib/armv7-m/libcr_c.a(fclose.o) (remove)
/Applications/redsuite_4.3.0_1033/redsuite/tools/bin/../lib/gcc/arm-none-eabi/4.6.2/../../../../arm-none-eabi/lib/armv7-m/libcr_c.a(memcpy.o)
                              /Applications/redsuite_4.3.0_1033/redsuite/tools/bin/../lib/gcc/arm-none-eabi/4.6.2/../../../../arm-none-eabi/lib/armv7-m/libcr_c.a(alloc.o) (memcpy)
/Applications/redsuite_4.3.0_1033/redsuite/tools/bin/../lib/gcc/arm-none-eabi/4.6.2/../../../../arm-none-eabi/lib/armv7-m/libcr_c.a(__init_alloc.o)
                              /Applications/redsuite_4.3.0_1033/redsuite/tools/bin/../lib/gcc/arm-none-eabi/4.6.2/../../../../arm-none-eabi/lib/armv7-m/libcr_c.a(alloc.o) (__heaps)
/Applications/redsuite_4.3.0_1033/redsuite/tools/bin/../lib/gcc/arm-none-eabi/4.6.2/../../../../arm-none-eabi/lib/armv7-m/libcr_c.a(_do_fflush.o)
                              /Applications/redsuite_4.3.0_1033/redsuite/tools/bin/../lib/gcc/arm-none-eabi/4.6.2/../../../../arm-none-eabi/lib/armv7-m/libcr_c.a(fflush.o) (_do_fflush)
/Applications/redsuite_4.3.0_1033/redsuite/tools/bin/../lib/gcc/arm-none-eabi/4.6.2/../../../../arm-none-eabi/lib/armv7-m/libcr_c.a(errno.o)
                              /Applications/redsuite_4.3.0_1033/redsuite/tools/bin/../lib/gcc/arm-none-eabi/4.6.2/../../../../arm-none-eabi/lib/armv7-m/libcr_c.a(ftell.o) (errno)
/Applications/redsuite_4.3.0_1033/redsuite/tools/bin/../lib/gcc/arm-none-eabi/4.6.2/armv7-m/libcr_eabihelpers.a(division.o)
                              /Users/sin/Documents/LPCxpresso/workspace/CMSISv2p00_LPC17xx/Debug/libCMSISv2p00_LPC17xx.a(system_LPC17xx.o) (__aeabi_uldivmod)
/Applications/redsuite_4.3.0_1033/redsuite/tools/bin/../lib/gcc/arm-none-eabi/4.6.2/armv7-m/libcr_eabihelpers.a(memcpy.o)
                              /Applications/redsuite_4.3.0_1033/redsuite/tools/bin/../lib/gcc/arm-none-eabi/4.6.2/../../../../arm-none-eabi/lib/armv7-m/libcr_c.a(memcpy.o) (__aeabi_memcpy)
/Applications/redsuite_4.3.0_1033/redsuite/tools/bin/../lib/gcc/arm-none-eabi/4.6.2/../../../../arm-none-eabi/lib/armv7-m/libcr_semihost.a(__sys_appexit.o)
                              /Applications/redsuite_4.3.0_1033/redsuite/tools/bin/../lib/gcc/arm-none-eabi/4.6.2/../../../../arm-none-eabi/lib/armv7-m/libcr_c.a(alloc.o) (__sys_appexit)
/Applications/redsuite_4.3.0_1033/redsuite/tools/bin/../lib/gcc/arm-none-eabi/4.6.2/../../../../arm-none-eabi/lib/armv7-m/libcr_semihost.a(__sys_close.o)
                              /Applications/redsuite_4.3.0_1033/redsuite/tools/bin/../lib/gcc/arm-none-eabi/4.6.2/../../../../arm-none-eabi/lib/armv7-m/libcr_c.a(fclose.o) (__sys_close)
/Applications/redsuite_4.3.0_1033/redsuite/tools/bin/../lib/gcc/arm-none-eabi/4.6.2/../../../../arm-none-eabi/lib/armv7-m/libcr_semihost.a(__sys_flen.o)
                              /Applications/redsuite_4.3.0_1033/redsuite/tools/bin/../lib/gcc/arm-none-eabi/4.6.2/../../../../arm-none-eabi/lib/armv7-m/libcr_c.a(_writebuf.o) (__sys_flen)
/Applications/redsuite_4.3.0_1033/redsuite/tools/bin/../lib/gcc/arm-none-eabi/4.6.2/../../../../arm-none-eabi/lib/armv7-m/libcr_semihost.a(__sys_istty.o)
                              /Applications/redsuite_4.3.0_1033/redsuite/tools/bin/../lib/gcc/arm-none-eabi/4.6.2/../../../../arm-none-eabi/lib/armv7-m/libcr_c.a(_deferredlazyseek.o) (__sys_istty)
/Applications/redsuite_4.3.0_1033/redsuite/tools/bin/../lib/gcc/arm-none-eabi/4.6.2/../../../../arm-none-eabi/lib/armv7-m/libcr_semihost.a(__sys_read.o)
                              /Applications/redsuite_4.3.0_1033/redsuite/tools/bin/../lib/gcc/arm-none-eabi/4.6.2/../../../../arm-none-eabi/lib/armv7-m/libcr_c.a(__fillbuf.o) (__sys_read)
/Applications/redsuite_4.3.0_1033/redsuite/tools/bin/../lib/gcc/arm-none-eabi/4.6.2/../../../../arm-none-eabi/lib/armv7-m/libcr_semihost.a(__sys_readc.o)
                              /Applications/redsuite_4.3.0_1033/redsuite/tools/bin/../lib/gcc/arm-none-eabi/4.6.2/../../../../arm-none-eabi/lib/armv7-m/libcr_c.a(__fillbuf.o) (__sys_readc)
/Applications/redsuite_4.3.0_1033/redsuite/tools/bin/../lib/gcc/arm-none-eabi/4.6.2/../../../../arm-none-eabi/lib/armv7-m/libcr_semihost.a(__sys_remove.o)
                              /Applications/redsuite_4.3.0_1033/redsuite/tools/bin/../lib/gcc/arm-none-eabi/4.6.2/../../../../arm-none-eabi/lib/armv7-m/libcr_c.a(remove.o) (__sys_remove)
/Applications/redsuite_4.3.0_1033/redsuite/tools/bin/../lib/gcc/arm-none-eabi/4.6.2/../../../../arm-none-eabi/lib/armv7-m/libcr_semihost.a(__sys_rename.o)
                              /Applications/redsuite_4.3.0_1033/redsuite/tools/bin/../lib/gcc/arm-none-eabi/4.6.2/../../../../arm-none-eabi/lib/armv7-m/libcr_c.a(remove.o) (__sys_rename)
/Applications/redsuite_4.3.0_1033/redsuite/tools/bin/../lib/gcc/arm-none-eabi/4.6.2/../../../../arm-none-eabi/lib/armv7-m/libcr_semihost.a(__sys_seek.o)
                              /Applications/redsuite_4.3.0_1033/redsuite/tools/bin/../lib/gcc/arm-none-eabi/4.6.2/../../../../arm-none-eabi/lib/armv7-m/libcr_c.a(__fillbuf.o) (__sys_seek)
/Applications/redsuite_4.3.0_1033/redsuite/tools/bin/../lib/gcc/arm-none-eabi/4.6.2/../../../../arm-none-eabi/lib/armv7-m/libcr_semihost.a(__sys_tmpnam.o)
                              /Applications/redsuite_4.3.0_1033/redsuite/tools/bin/../lib/gcc/arm-none-eabi/4.6.2/../../../../arm-none-eabi/lib/armv7-m/libcr_c.a(fclose.o) (__sys_tmpnam)
/Applications/redsuite_4.3.0_1033/redsuite/tools/bin/../lib/gcc/arm-none-eabi/4.6.2/../../../../arm-none-eabi/lib/armv7-m/libcr_semihost.a(__sys_write.o)
                              /Applications/redsuite_4.3.0_1033/redsuite/tools/bin/../lib/gcc/arm-none-eabi/4.6.2/../../../../arm-none-eabi/lib/armv7-m/libcr_c.a(_writebuf.o) (__sys_write)
/Applications/redsuite_4.3.0_1033/redsuite/tools/bin/../lib/gcc/arm-none-eabi/4.6.2/../../../../arm-none-eabi/lib/armv7-m/libcr_semihost.a(_cr_sbrk.o)
                              /Applications/redsuite_4.3.0_1033/redsuite/tools/bin/../lib/gcc/arm-none-eabi/4.6.2/../../../../arm-none-eabi/lib/armv7-m/libcr_c.a(alloc.o) (_sbrk)
/Applications/redsuite_4.3.0_1033/redsuite/tools/bin/../lib/gcc/arm-none-eabi/4.6.2/../../../../arm-none-eabi/lib/armv7-m/libcr_semihost.a(_cr_check_heap.o)
                              /Applications/redsuite_4.3.0_1033/redsuite/tools/bin/../lib/gcc/arm-none-eabi/4.6.2/../../../../arm-none-eabi/lib/armv7-m/libcr_semihost.a(_cr_sbrk.o) (__check_heap_overflow)

Allocating common symbols
Common symbol       size              file

_extra              0x4               /Applications/redsuite_4.3.0_1033/redsuite/tools/bin/../lib/gcc/arm-none-eabi/4.6.2/../../../../arm-none-eabi/lib/armv7-m/libcr_c.a(initio.o)
UART1Buffer         0x40              ./src/uart.o
UART3Status         0x4               ./src/uart.o
UART0Buffer         0x40              ./src/uart.o
UART1Status         0x4               ./src/uart.o
UART3Buffer         0x40              ./src/uart.o
__heaps             0x4               /Applications/redsuite_4.3.0_1033/redsuite/tools/bin/../lib/gcc/arm-none-eabi/4.6.2/../../../../arm-none-eabi/lib/armv7-m/libcr_c.a(__init_alloc.o)
__end_of_heap       0x4               /Applications/redsuite_4.3.0_1033/redsuite/tools/bin/../lib/gcc/arm-none-eabi/4.6.2/../../../../arm-none-eabi/lib/armv7-m/libcr_c.a(__init_alloc.o)
UART0Status         0x4               ./src/uart.o
__Ciob              0x140             /Applications/redsuite_4.3.0_1033/redsuite/tools/bin/../lib/gcc/arm-none-eabi/4.6.2/../../../../arm-none-eabi/lib/armv7-m/libcr_c.a(stdio.o)

Discarded input sections

 .text          0x0000000000000000        0x0 ./src/cr_startup_lpc17.o
 .data          0x0000000000000000        0x0 ./src/cr_startup_lpc17.o
 .bss           0x0000000000000000        0x0 ./src/cr_startup_lpc17.o
 .text          0x0000000000000000        0x0 ./src/main.o
 .data          0x0000000000000000        0x0 ./src/main.o
 .bss           0x0000000000000000        0x0 ./src/main.o
 .text          0x0000000000000000        0x0 ./src/uart.o
 .data          0x0000000000000000        0x0 ./src/uart.o
 .bss           0x0000000000000000        0x0 ./src/uart.o
 .text          0x0000000000000000        0x0 /Users/sin/Documents/LPCxpresso/workspace/CMSISv2p00_LPC17xx/Debug/libCMSISv2p00_LPC17xx.a(system_LPC17xx.o)
 .data          0x0000000000000000        0x0 /Users/sin/Documents/LPCxpresso/workspace/CMSISv2p00_LPC17xx/Debug/libCMSISv2p00_LPC17xx.a(system_LPC17xx.o)
 .bss           0x0000000000000000        0x0 /Users/sin/Documents/LPCxpresso/workspace/CMSISv2p00_LPC17xx/Debug/libCMSISv2p00_LPC17xx.a(system_LPC17xx.o)
 .text.SystemCoreClockUpdate
                0x0000000000000000       0xcc /Users/sin/Documents/LPCxpresso/workspace/CMSISv2p00_LPC17xx/Debug/libCMSISv2p00_LPC17xx.a(system_LPC17xx.o)
 .text          0x0000000000000000        0x0 /Applications/redsuite_4.3.0_1033/redsuite/tools/bin/../lib/gcc/arm-none-eabi/4.6.2/../../../../arm-none-eabi/lib/armv7-m/libcr_semihost.a(_cr__main.o)
 .data          0x0000000000000000        0x0 /Applications/redsuite_4.3.0_1033/redsuite/tools/bin/../lib/gcc/arm-none-eabi/4.6.2/../../../../arm-none-eabi/lib/armv7-m/libcr_semihost.a(_cr__main.o)
 .bss           0x0000000000000000        0x0 /Applications/redsuite_4.3.0_1033/redsuite/tools/bin/../lib/gcc/arm-none-eabi/4.6.2/../../../../arm-none-eabi/lib/armv7-m/libcr_semihost.a(_cr__main.o)
 .text          0x0000000000000000        0x0 /Applications/redsuite_4.3.0_1033/redsuite/tools/bin/../lib/gcc/arm-none-eabi/4.6.2/../../../../arm-none-eabi/lib/armv7-m/libcr_c.a(initio.o)
 .data          0x0000000000000000        0x0 /Applications/redsuite_4.3.0_1033/redsuite/tools/bin/../lib/gcc/arm-none-eabi/4.6.2/../../../../arm-none-eabi/lib/armv7-m/libcr_c.a(initio.o)
 .bss           0x0000000000000000        0x0 /Applications/redsuite_4.3.0_1033/redsuite/tools/bin/../lib/gcc/arm-none-eabi/4.6.2/../../../../arm-none-eabi/lib/armv7-m/libcr_c.a(initio.o)
 .text._terminateio
                0x0000000000000000       0x48 /Applications/redsuite_4.3.0_1033/redsuite/tools/bin/../lib/gcc/arm-none-eabi/4.6.2/../../../../arm-none-eabi/lib/armv7-m/libcr_c.a(initio.o)
 .text          0x0000000000000000        0x0 /Applications/redsuite_4.3.0_1033/redsuite/tools/bin/../lib/gcc/arm-none-eabi/4.6.2/../../../../arm-none-eabi/lib/armv7-m/libcr_c.a(setvbuf.o)
 .data          0x0000000000000000        0x0 /Applications/redsuite_4.3.0_1033/redsuite/tools/bin/../lib/gcc/arm-none-eabi/4.6.2/../../../../arm-none-eabi/lib/armv7-m/libcr_c.a(setvbuf.o)
 .bss           0x0000000000000000        0x0 /Applications/redsuite_4.3.0_1033/redsuite/tools/bin/../lib/gcc/arm-none-eabi/4.6.2/../../../../arm-none-eabi/lib/armv7-m/libcr_c.a(setvbuf.o)
 .text          0x0000000000000000        0x0 /Applications/redsuite_4.3.0_1033/redsuite/tools/bin/../lib/gcc/arm-none-eabi/4.6.2/../../../../arm-none-eabi/lib/armv7-m/libcr_c.a(stdio.o)
 .data          0x0000000000000000        0x0 /Applications/redsuite_4.3.0_1033/redsuite/tools/bin/../lib/gcc/arm-none-eabi/4.6.2/../../../../arm-none-eabi/lib/armv7-m/libcr_c.a(stdio.o)
 .bss           0x0000000000000000        0x0 /Applications/redsuite_4.3.0_1033/redsuite/tools/bin/../lib/gcc/arm-none-eabi/4.6.2/../../../../arm-none-eabi/lib/armv7-m/libcr_c.a(stdio.o)
 .text.fgetc    0x0000000000000000       0x1a /Applications/redsuite_4.3.0_1033/redsuite/tools/bin/../lib/gcc/arm-none-eabi/4.6.2/../../../../arm-none-eabi/lib/armv7-m/libcr_c.a(stdio.o)
 .text.fputc    0x0000000000000000       0x22 /Applications/redsuite_4.3.0_1033/redsuite/tools/bin/../lib/gcc/arm-none-eabi/4.6.2/../../../../arm-none-eabi/lib/armv7-m/libcr_c.a(stdio.o)
 .text.getc     0x0000000000000000       0x1a /Applications/redsuite_4.3.0_1033/redsuite/tools/bin/../lib/gcc/arm-none-eabi/4.6.2/../../../../arm-none-eabi/lib/armv7-m/libcr_c.a(stdio.o)
 .text.getchar  0x0000000000000000       0x20 /Applications/redsuite_4.3.0_1033/redsuite/tools/bin/../lib/gcc/arm-none-eabi/4.6.2/../../../../arm-none-eabi/lib/armv7-m/libcr_c.a(stdio.o)
 .text.putc     0x0000000000000000       0x22 /Applications/redsuite_4.3.0_1033/redsuite/tools/bin/../lib/gcc/arm-none-eabi/4.6.2/../../../../arm-none-eabi/lib/armv7-m/libcr_c.a(stdio.o)
 .text.putchar  0x0000000000000000       0x24 /Applications/redsuite_4.3.0_1033/redsuite/tools/bin/../lib/gcc/arm-none-eabi/4.6.2/../../../../arm-none-eabi/lib/armv7-m/libcr_c.a(stdio.o)
 .text.feof     0x0000000000000000        0x8 /Applications/redsuite_4.3.0_1033/redsuite/tools/bin/../lib/gcc/arm-none-eabi/4.6.2/../../../../arm-none-eabi/lib/armv7-m/libcr_c.a(stdio.o)
 .text.ferror   0x0000000000000000        0x8 /Applications/redsuite_4.3.0_1033/redsuite/tools/bin/../lib/gcc/arm-none-eabi/4.6.2/../../../../arm-none-eabi/lib/armv7-m/libcr_c.a(stdio.o)
 .text.clearerr
                0x0000000000000000        0xe /Applications/redsuite_4.3.0_1033/redsuite/tools/bin/../lib/gcc/arm-none-eabi/4.6.2/../../../../arm-none-eabi/lib/armv7-m/libcr_c.a(stdio.o)
 .text          0x0000000000000000        0x0 /Applications/redsuite_4.3.0_1033/redsuite/tools/bin/../lib/gcc/arm-none-eabi/4.6.2/../../../../arm-none-eabi/lib/armv7-m/libcr_c.a(strlen.o)
 .data          0x0000000000000000        0x0 /Applications/redsuite_4.3.0_1033/redsuite/tools/bin/../lib/gcc/arm-none-eabi/4.6.2/../../../../arm-none-eabi/lib/armv7-m/libcr_c.a(strlen.o)
 .bss           0x0000000000000000        0x0 /Applications/redsuite_4.3.0_1033/redsuite/tools/bin/../lib/gcc/arm-none-eabi/4.6.2/../../../../arm-none-eabi/lib/armv7-m/libcr_c.a(strlen.o)
 .text          0x0000000000000000        0x0 /Applications/redsuite_4.3.0_1033/redsuite/tools/bin/../lib/gcc/arm-none-eabi/4.6.2/../../../../arm-none-eabi/lib/armv7-m/libcr_c.a(memset.o)
 .data          0x0000000000000000        0x0 /Applications/redsuite_4.3.0_1033/redsuite/tools/bin/../lib/gcc/arm-none-eabi/4.6.2/../../../../arm-none-eabi/lib/armv7-m/libcr_c.a(memset.o)
 .bss           0x0000000000000000        0x0 /Applications/redsuite_4.3.0_1033/redsuite/tools/bin/../lib/gcc/arm-none-eabi/4.6.2/../../../../arm-none-eabi/lib/armv7-m/libcr_c.a(memset.o)
 .text          0x0000000000000000        0x0 /Applications/redsuite_4.3.0_1033/redsuite/tools/bin/../lib/gcc/arm-none-eabi/4.6.2/../../../../arm-none-eabi/lib/armv7-m/libcr_c.a(__fillbuf.o)
 .data          0x0000000000000000        0x0 /Applications/redsuite_4.3.0_1033/redsuite/tools/bin/../lib/gcc/arm-none-eabi/4.6.2/../../../../arm-none-eabi/lib/armv7-m/libcr_c.a(__fillbuf.o)
 .bss           0x0000000000000000        0x0 /Applications/redsuite_4.3.0_1033/redsuite/tools/bin/../lib/gcc/arm-none-eabi/4.6.2/../../../../arm-none-eabi/lib/armv7-m/libcr_c.a(__fillbuf.o)
 .text._Csys_read_
                0x0000000000000000       0x22 /Applications/redsuite_4.3.0_1033/redsuite/tools/bin/../lib/gcc/arm-none-eabi/4.6.2/../../../../arm-none-eabi/lib/armv7-m/libcr_c.a(__fillbuf.o)
 .text.__filbuf
                0x0000000000000000      0x190 /Applications/redsuite_4.3.0_1033/redsuite/tools/bin/../lib/gcc/arm-none-eabi/4.6.2/../../../../arm-none-eabi/lib/armv7-m/libcr_c.a(__fillbuf.o)
 .text._fillb2  0x0000000000000000       0x1e /Applications/redsuite_4.3.0_1033/redsuite/tools/bin/../lib/gcc/arm-none-eabi/4.6.2/../../../../arm-none-eabi/lib/armv7-m/libcr_c.a(__fillbuf.o)
 .text          0x0000000000000000        0x0 /Applications/redsuite_4.3.0_1033/redsuite/tools/bin/../lib/gcc/arm-none-eabi/4.6.2/../../../../arm-none-eabi/lib/armv7-m/libcr_c.a(_deferredlazyseek.o)
 .data          0x0000000000000000        0x0 /Applications/redsuite_4.3.0_1033/redsuite/tools/bin/../lib/gcc/arm-none-eabi/4.6.2/../../../../arm-none-eabi/lib/armv7-m/libcr_c.a(_deferredlazyseek.o)
 .bss           0x0000000000000000        0x0 /Applications/redsuite_4.3.0_1033/redsuite/tools/bin/../lib/gcc/arm-none-eabi/4.6.2/../../../../arm-none-eabi/lib/armv7-m/libcr_c.a(_deferredlazyseek.o)
 .text.__flsbuf
                0x0000000000000000      0x15e /Applications/redsuite_4.3.0_1033/redsuite/tools/bin/../lib/gcc/arm-none-eabi/4.6.2/../../../../arm-none-eabi/lib/armv7-m/libcr_c.a(_deferredlazyseek.o)
 .text          0x0000000000000000        0x0 /Applications/redsuite_4.3.0_1033/redsuite/tools/bin/../lib/gcc/arm-none-eabi/4.6.2/../../../../arm-none-eabi/lib/armv7-m/libcr_c.a(_fdopen.o)
 .data          0x0000000000000000        0x0 /Applications/redsuite_4.3.0_1033/redsuite/tools/bin/../lib/gcc/arm-none-eabi/4.6.2/../../../../arm-none-eabi/lib/armv7-m/libcr_c.a(_fdopen.o)
 .bss           0x0000000000000000        0x0 /Applications/redsuite_4.3.0_1033/redsuite/tools/bin/../lib/gcc/arm-none-eabi/4.6.2/../../../../arm-none-eabi/lib/armv7-m/libcr_c.a(_fdopen.o)
 .text          0x0000000000000000        0x0 /Applications/redsuite_4.3.0_1033/redsuite/tools/bin/../lib/gcc/arm-none-eabi/4.6.2/../../../../arm-none-eabi/lib/armv7-m/libcr_c.a(_fflush.o)
 .data          0x0000000000000000        0x0 /Applications/redsuite_4.3.0_1033/redsuite/tools/bin/../lib/gcc/arm-none-eabi/4.6.2/../../../../arm-none-eabi/lib/armv7-m/libcr_c.a(_fflush.o)
 .bss           0x0000000000000000        0x0 /Applications/redsuite_4.3.0_1033/redsuite/tools/bin/../lib/gcc/arm-none-eabi/4.6.2/../../../../arm-none-eabi/lib/armv7-m/libcr_c.a(_fflush.o)
 .text          0x0000000000000000        0x0 /Applications/redsuite_4.3.0_1033/redsuite/tools/bin/../lib/gcc/arm-none-eabi/4.6.2/../../../../arm-none-eabi/lib/armv7-m/libcr_c.a(_writebuf.o)
 .data          0x0000000000000000        0x0 /Applications/redsuite_4.3.0_1033/redsuite/tools/bin/../lib/gcc/arm-none-eabi/4.6.2/../../../../arm-none-eabi/lib/armv7-m/libcr_c.a(_writebuf.o)
 .bss           0x0000000000000000        0x0 /Applications/redsuite_4.3.0_1033/redsuite/tools/bin/../lib/gcc/arm-none-eabi/4.6.2/../../../../arm-none-eabi/lib/armv7-m/libcr_c.a(_writebuf.o)
 .text          0x0000000000000000        0x0 /Applications/redsuite_4.3.0_1033/redsuite/tools/bin/../lib/gcc/arm-none-eabi/4.6.2/../../../../arm-none-eabi/lib/armv7-m/libcr_c.a(alloc.o)
 .data          0x0000000000000000        0x0 /Applications/redsuite_4.3.0_1033/redsuite/tools/bin/../lib/gcc/arm-none-eabi/4.6.2/../../../../arm-none-eabi/lib/armv7-m/libcr_c.a(alloc.o)
 .bss           0x0000000000000000        0x0 /Applications/redsuite_4.3.0_1033/redsuite/tools/bin/../lib/gcc/arm-none-eabi/4.6.2/../../../../arm-none-eabi/lib/armv7-m/libcr_c.a(alloc.o)
 .text.calloc   0x0000000000000000       0x50 /Applications/redsuite_4.3.0_1033/redsuite/tools/bin/../lib/gcc/arm-none-eabi/4.6.2/../../../../arm-none-eabi/lib/armv7-m/libcr_c.a(alloc.o)
 .text.realloc  0x0000000000000000       0x1c /Applications/redsuite_4.3.0_1033/redsuite/tools/bin/../lib/gcc/arm-none-eabi/4.6.2/../../../../arm-none-eabi/lib/armv7-m/libcr_c.a(alloc.o)
 .text          0x0000000000000000        0x0 /Applications/redsuite_4.3.0_1033/redsuite/tools/bin/../lib/gcc/arm-none-eabi/4.6.2/../../../../arm-none-eabi/lib/armv7-m/libcr_c.a(fclose.o)
 .data          0x0000000000000000        0x0 /Applications/redsuite_4.3.0_1033/redsuite/tools/bin/../lib/gcc/arm-none-eabi/4.6.2/../../../../arm-none-eabi/lib/armv7-m/libcr_c.a(fclose.o)
 .bss           0x0000000000000000        0x0 /Applications/redsuite_4.3.0_1033/redsuite/tools/bin/../lib/gcc/arm-none-eabi/4.6.2/../../../../arm-none-eabi/lib/armv7-m/libcr_c.a(fclose.o)
 .text          0x0000000000000000        0x0 /Applications/redsuite_4.3.0_1033/redsuite/tools/bin/../lib/gcc/arm-none-eabi/4.6.2/../../../../arm-none-eabi/lib/armv7-m/libcr_c.a(fflush.o)
 .data          0x0000000000000000        0x0 /Applications/redsuite_4.3.0_1033/redsuite/tools/bin/../lib/gcc/arm-none-eabi/4.6.2/../../../../arm-none-eabi/lib/armv7-m/libcr_c.a(fflush.o)
 .bss           0x0000000000000000        0x0 /Applications/redsuite_4.3.0_1033/redsuite/tools/bin/../lib/gcc/arm-none-eabi/4.6.2/../../../../arm-none-eabi/lib/armv7-m/libcr_c.a(fflush.o)
 .text          0x0000000000000000        0x0 /Applications/redsuite_4.3.0_1033/redsuite/tools/bin/../lib/gcc/arm-none-eabi/4.6.2/../../../../arm-none-eabi/lib/armv7-m/libcr_c.a(fseek.o)
 .data          0x0000000000000000        0x0 /Applications/redsuite_4.3.0_1033/redsuite/tools/bin/../lib/gcc/arm-none-eabi/4.6.2/../../../../arm-none-eabi/lib/armv7-m/libcr_c.a(fseek.o)
 .bss           0x0000000000000000        0x0 /Applications/redsuite_4.3.0_1033/redsuite/tools/bin/../lib/gcc/arm-none-eabi/4.6.2/../../../../arm-none-eabi/lib/armv7-m/libcr_c.a(fseek.o)
 .text          0x0000000000000000        0x0 /Applications/redsuite_4.3.0_1033/redsuite/tools/bin/../lib/gcc/arm-none-eabi/4.6.2/../../../../arm-none-eabi/lib/armv7-m/libcr_c.a(ftell.o)
 .data          0x0000000000000000        0x0 /Applications/redsuite_4.3.0_1033/redsuite/tools/bin/../lib/gcc/arm-none-eabi/4.6.2/../../../../arm-none-eabi/lib/armv7-m/libcr_c.a(ftell.o)
 .bss           0x0000000000000000        0x0 /Applications/redsuite_4.3.0_1033/redsuite/tools/bin/../lib/gcc/arm-none-eabi/4.6.2/../../../../arm-none-eabi/lib/armv7-m/libcr_c.a(ftell.o)
 .text          0x0000000000000000        0x0 /Applications/redsuite_4.3.0_1033/redsuite/tools/bin/../lib/gcc/arm-none-eabi/4.6.2/../../../../arm-none-eabi/lib/armv7-m/libcr_c.a(remove.o)
 .data          0x0000000000000000        0x0 /Applications/redsuite_4.3.0_1033/redsuite/tools/bin/../lib/gcc/arm-none-eabi/4.6.2/../../../../arm-none-eabi/lib/armv7-m/libcr_c.a(remove.o)
 .bss           0x0000000000000000        0x0 /Applications/redsuite_4.3.0_1033/redsuite/tools/bin/../lib/gcc/arm-none-eabi/4.6.2/../../../../arm-none-eabi/lib/armv7-m/libcr_c.a(remove.o)
 .text.rename   0x0000000000000000       0x2a /Applications/redsuite_4.3.0_1033/redsuite/tools/bin/../lib/gcc/arm-none-eabi/4.6.2/../../../../arm-none-eabi/lib/armv7-m/libcr_c.a(remove.o)
 .text          0x0000000000000000        0x0 /Applications/redsuite_4.3.0_1033/redsuite/tools/bin/../lib/gcc/arm-none-eabi/4.6.2/../../../../arm-none-eabi/lib/armv7-m/libcr_c.a(memcpy.o)
 .data          0x0000000000000000        0x0 /Applications/redsuite_4.3.0_1033/redsuite/tools/bin/../lib/gcc/arm-none-eabi/4.6.2/../../../../arm-none-eabi/lib/armv7-m/libcr_c.a(memcpy.o)
 .bss           0x0000000000000000        0x0 /Applications/redsuite_4.3.0_1033/redsuite/tools/bin/../lib/gcc/arm-none-eabi/4.6.2/../../../../arm-none-eabi/lib/armv7-m/libcr_c.a(memcpy.o)
 .text.memcpy   0x0000000000000000        0x4 /Applications/redsuite_4.3.0_1033/redsuite/tools/bin/../lib/gcc/arm-none-eabi/4.6.2/../../../../arm-none-eabi/lib/armv7-m/libcr_c.a(memcpy.o)
 .text          0x0000000000000000        0x0 /Applications/redsuite_4.3.0_1033/redsuite/tools/bin/../lib/gcc/arm-none-eabi/4.6.2/../../../../arm-none-eabi/lib/armv7-m/libcr_c.a(__init_alloc.o)
 .data          0x0000000000000000        0x0 /Applications/redsuite_4.3.0_1033/redsuite/tools/bin/../lib/gcc/arm-none-eabi/4.6.2/../../../../arm-none-eabi/lib/armv7-m/libcr_c.a(__init_alloc.o)
 .bss           0x0000000000000000        0x0 /Applications/redsuite_4.3.0_1033/redsuite/tools/bin/../lib/gcc/arm-none-eabi/4.6.2/../../../../arm-none-eabi/lib/armv7-m/libcr_c.a(__init_alloc.o)
 .text._init_alloc
                0x0000000000000000       0x14 /Applications/redsuite_4.3.0_1033/redsuite/tools/bin/../lib/gcc/arm-none-eabi/4.6.2/../../../../arm-none-eabi/lib/armv7-m/libcr_c.a(__init_alloc.o)
 .text          0x0000000000000000        0x0 /Applications/redsuite_4.3.0_1033/redsuite/tools/bin/../lib/gcc/arm-none-eabi/4.6.2/../../../../arm-none-eabi/lib/armv7-m/libcr_c.a(_do_fflush.o)
 .data          0x0000000000000000        0x0 /Applications/redsuite_4.3.0_1033/redsuite/tools/bin/../lib/gcc/arm-none-eabi/4.6.2/../../../../arm-none-eabi/lib/armv7-m/libcr_c.a(_do_fflush.o)
 .bss           0x0000000000000000        0x0 /Applications/redsuite_4.3.0_1033/redsuite/tools/bin/../lib/gcc/arm-none-eabi/4.6.2/../../../../arm-none-eabi/lib/armv7-m/libcr_c.a(_do_fflush.o)
 .text          0x0000000000000000        0x0 /Applications/redsuite_4.3.0_1033/redsuite/tools/bin/../lib/gcc/arm-none-eabi/4.6.2/../../../../arm-none-eabi/lib/armv7-m/libcr_c.a(errno.o)
 .data          0x0000000000000000        0x0 /Applications/redsuite_4.3.0_1033/redsuite/tools/bin/../lib/gcc/arm-none-eabi/4.6.2/../../../../arm-none-eabi/lib/armv7-m/libcr_c.a(errno.o)
 .bss           0x0000000000000000        0x0 /Applications/redsuite_4.3.0_1033/redsuite/tools/bin/../lib/gcc/arm-none-eabi/4.6.2/../../../../arm-none-eabi/lib/armv7-m/libcr_c.a(errno.o)
 .text          0x0000000000000000        0x0 /Applications/redsuite_4.3.0_1033/redsuite/tools/bin/../lib/gcc/arm-none-eabi/4.6.2/armv7-m/libcr_eabihelpers.a(division.o)
 .data          0x0000000000000000        0x0 /Applications/redsuite_4.3.0_1033/redsuite/tools/bin/../lib/gcc/arm-none-eabi/4.6.2/armv7-m/libcr_eabihelpers.a(division.o)
 .bss           0x0000000000000000        0x0 /Applications/redsuite_4.3.0_1033/redsuite/tools/bin/../lib/gcc/arm-none-eabi/4.6.2/armv7-m/libcr_eabihelpers.a(division.o)
 .text.__aeabi_division_idiv
                0x0000000000000000       0x10 /Applications/redsuite_4.3.0_1033/redsuite/tools/bin/../lib/gcc/arm-none-eabi/4.6.2/armv7-m/libcr_eabihelpers.a(division.o)
 .text.__aeabi_division_idivmod
                0x0000000000000000       0x16 /Applications/redsuite_4.3.0_1033/redsuite/tools/bin/../lib/gcc/arm-none-eabi/4.6.2/armv7-m/libcr_eabihelpers.a(division.o)
 .text.__aeabi_division_uidiv
                0x0000000000000000       0x10 /Applications/redsuite_4.3.0_1033/redsuite/tools/bin/../lib/gcc/arm-none-eabi/4.6.2/armv7-m/libcr_eabihelpers.a(division.o)
 .text.__aeabi_division_uidivmod
                0x0000000000000000       0x16 /Applications/redsuite_4.3.0_1033/redsuite/tools/bin/../lib/gcc/arm-none-eabi/4.6.2/armv7-m/libcr_eabihelpers.a(division.o)
 .text.__aeabi_division_ldivmod
                0x0000000000000000       0x26 /Applications/redsuite_4.3.0_1033/redsuite/tools/bin/../lib/gcc/arm-none-eabi/4.6.2/armv7-m/libcr_eabihelpers.a(division.o)
 .text.__aeabi_division_uldivmod
                0x0000000000000000      0x174 /Applications/redsuite_4.3.0_1033/redsuite/tools/bin/../lib/gcc/arm-none-eabi/4.6.2/armv7-m/libcr_eabihelpers.a(division.o)
 .text.__aeabi_division_idiv0
                0x0000000000000000        0x2 /Applications/redsuite_4.3.0_1033/redsuite/tools/bin/../lib/gcc/arm-none-eabi/4.6.2/armv7-m/libcr_eabihelpers.a(division.o)
 .text.__aeabi_division_ldiv0
                0x0000000000000000        0x2 /Applications/redsuite_4.3.0_1033/redsuite/tools/bin/../lib/gcc/arm-none-eabi/4.6.2/armv7-m/libcr_eabihelpers.a(division.o)
 .text          0x0000000000000000        0x0 /Applications/redsuite_4.3.0_1033/redsuite/tools/bin/../lib/gcc/arm-none-eabi/4.6.2/armv7-m/libcr_eabihelpers.a(memcpy.o)
 .data          0x0000000000000000        0x0 /Applications/redsuite_4.3.0_1033/redsuite/tools/bin/../lib/gcc/arm-none-eabi/4.6.2/armv7-m/libcr_eabihelpers.a(memcpy.o)
 .bss           0x0000000000000000        0x0 /Applications/redsuite_4.3.0_1033/redsuite/tools/bin/../lib/gcc/arm-none-eabi/4.6.2/armv7-m/libcr_eabihelpers.a(memcpy.o)
 .text.__aeabi_memcpy
                0x0000000000000000       0x26 /Applications/redsuite_4.3.0_1033/redsuite/tools/bin/../lib/gcc/arm-none-eabi/4.6.2/armv7-m/libcr_eabihelpers.a(memcpy.o)
 .text.__aeabi_memmove
                0x0000000000000000       0x1c /Applications/redsuite_4.3.0_1033/redsuite/tools/bin/../lib/gcc/arm-none-eabi/4.6.2/armv7-m/libcr_eabihelpers.a(memcpy.o)
 .text.__aeabi_memclr
                0x0000000000000000        0x8 /Applications/redsuite_4.3.0_1033/redsuite/tools/bin/../lib/gcc/arm-none-eabi/4.6.2/armv7-m/libcr_eabihelpers.a(memcpy.o)
 .text.__aeabi_memset
                0x0000000000000000        0xa /Applications/redsuite_4.3.0_1033/redsuite/tools/bin/../lib/gcc/arm-none-eabi/4.6.2/armv7-m/libcr_eabihelpers.a(memcpy.o)
 .text          0x0000000000000000        0x0 /Applications/redsuite_4.3.0_1033/redsuite/tools/bin/../lib/gcc/arm-none-eabi/4.6.2/../../../../arm-none-eabi/lib/armv7-m/libcr_semihost.a(__sys_appexit.o)
 .data          0x0000000000000000        0x0 /Applications/redsuite_4.3.0_1033/redsuite/tools/bin/../lib/gcc/arm-none-eabi/4.6.2/../../../../arm-none-eabi/lib/armv7-m/libcr_semihost.a(__sys_appexit.o)
 .bss           0x0000000000000000        0x0 /Applications/redsuite_4.3.0_1033/redsuite/tools/bin/../lib/gcc/arm-none-eabi/4.6.2/../../../../arm-none-eabi/lib/armv7-m/libcr_semihost.a(__sys_appexit.o)
 .text          0x0000000000000000        0x0 /Applications/redsuite_4.3.0_1033/redsuite/tools/bin/../lib/gcc/arm-none-eabi/4.6.2/../../../../arm-none-eabi/lib/armv7-m/libcr_semihost.a(__sys_close.o)
 .data          0x0000000000000000        0x0 /Applications/redsuite_4.3.0_1033/redsuite/tools/bin/../lib/gcc/arm-none-eabi/4.6.2/../../../../arm-none-eabi/lib/armv7-m/libcr_semihost.a(__sys_close.o)
 .bss           0x0000000000000000        0x0 /Applications/redsuite_4.3.0_1033/redsuite/tools/bin/../lib/gcc/arm-none-eabi/4.6.2/../../../../arm-none-eabi/lib/armv7-m/libcr_semihost.a(__sys_close.o)
 .text          0x0000000000000000        0x0 /Applications/redsuite_4.3.0_1033/redsuite/tools/bin/../lib/gcc/arm-none-eabi/4.6.2/../../../../arm-none-eabi/lib/armv7-m/libcr_semihost.a(__sys_flen.o)
 .data          0x0000000000000000        0x0 /Applications/redsuite_4.3.0_1033/redsuite/tools/bin/../lib/gcc/arm-none-eabi/4.6.2/../../../../arm-none-eabi/lib/armv7-m/libcr_semihost.a(__sys_flen.o)
 .bss           0x0000000000000000        0x0 /Applications/redsuite_4.3.0_1033/redsuite/tools/bin/../lib/gcc/arm-none-eabi/4.6.2/../../../../arm-none-eabi/lib/armv7-m/libcr_semihost.a(__sys_flen.o)
 .text          0x0000000000000000        0x0 /Applications/redsuite_4.3.0_1033/redsuite/tools/bin/../lib/gcc/arm-none-eabi/4.6.2/../../../../arm-none-eabi/lib/armv7-m/libcr_semihost.a(__sys_istty.o)
 .data          0x0000000000000000        0x0 /Applications/redsuite_4.3.0_1033/redsuite/tools/bin/../lib/gcc/arm-none-eabi/4.6.2/../../../../arm-none-eabi/lib/armv7-m/libcr_semihost.a(__sys_istty.o)
 .bss           0x0000000000000000        0x0 /Applications/redsuite_4.3.0_1033/redsuite/tools/bin/../lib/gcc/arm-none-eabi/4.6.2/../../../../arm-none-eabi/lib/armv7-m/libcr_semihost.a(__sys_istty.o)
 .text          0x0000000000000000        0x0 /Applications/redsuite_4.3.0_1033/redsuite/tools/bin/../lib/gcc/arm-none-eabi/4.6.2/../../../../arm-none-eabi/lib/armv7-m/libcr_semihost.a(__sys_read.o)
 .data          0x0000000000000000        0x0 /Applications/redsuite_4.3.0_1033/redsuite/tools/bin/../lib/gcc/arm-none-eabi/4.6.2/../../../../arm-none-eabi/lib/armv7-m/libcr_semihost.a(__sys_read.o)
 .bss           0x0000000000000000        0x0 /Applications/redsuite_4.3.0_1033/redsuite/tools/bin/../lib/gcc/arm-none-eabi/4.6.2/../../../../arm-none-eabi/lib/armv7-m/libcr_semihost.a(__sys_read.o)
 .text.__sys_read
                0x0000000000000000        0xc /Applications/redsuite_4.3.0_1033/redsuite/tools/bin/../lib/gcc/arm-none-eabi/4.6.2/../../../../arm-none-eabi/lib/armv7-m/libcr_semihost.a(__sys_read.o)
 .text          0x0000000000000000        0x0 /Applications/redsuite_4.3.0_1033/redsuite/tools/bin/../lib/gcc/arm-none-eabi/4.6.2/../../../../arm-none-eabi/lib/armv7-m/libcr_semihost.a(__sys_readc.o)
 .data          0x0000000000000000        0x0 /Applications/redsuite_4.3.0_1033/redsuite/tools/bin/../lib/gcc/arm-none-eabi/4.6.2/../../../../arm-none-eabi/lib/armv7-m/libcr_semihost.a(__sys_readc.o)
 .bss           0x0000000000000000        0x0 /Applications/redsuite_4.3.0_1033/redsuite/tools/bin/../lib/gcc/arm-none-eabi/4.6.2/../../../../arm-none-eabi/lib/armv7-m/libcr_semihost.a(__sys_readc.o)
 .text.__sys_readc
                0x0000000000000000        0x8 /Applications/redsuite_4.3.0_1033/redsuite/tools/bin/../lib/gcc/arm-none-eabi/4.6.2/../../../../arm-none-eabi/lib/armv7-m/libcr_semihost.a(__sys_readc.o)
 .text          0x0000000000000000        0x0 /Applications/redsuite_4.3.0_1033/redsuite/tools/bin/../lib/gcc/arm-none-eabi/4.6.2/../../../../arm-none-eabi/lib/armv7-m/libcr_semihost.a(__sys_remove.o)
 .data          0x0000000000000000        0x0 /Applications/redsuite_4.3.0_1033/redsuite/tools/bin/../lib/gcc/arm-none-eabi/4.6.2/../../../../arm-none-eabi/lib/armv7-m/libcr_semihost.a(__sys_remove.o)
 .bss           0x0000000000000000        0x0 /Applications/redsuite_4.3.0_1033/redsuite/tools/bin/../lib/gcc/arm-none-eabi/4.6.2/../../../../arm-none-eabi/lib/armv7-m/libcr_semihost.a(__sys_remove.o)
 .text          0x0000000000000000        0x0 /Applications/redsuite_4.3.0_1033/redsuite/tools/bin/../lib/gcc/arm-none-eabi/4.6.2/../../../../arm-none-eabi/lib/armv7-m/libcr_semihost.a(__sys_rename.o)
 .data          0x0000000000000000        0x0 /Applications/redsuite_4.3.0_1033/redsuite/tools/bin/../lib/gcc/arm-none-eabi/4.6.2/../../../../arm-none-eabi/lib/armv7-m/libcr_semihost.a(__sys_rename.o)
 .bss           0x0000000000000000        0x0 /Applications/redsuite_4.3.0_1033/redsuite/tools/bin/../lib/gcc/arm-none-eabi/4.6.2/../../../../arm-none-eabi/lib/armv7-m/libcr_semihost.a(__sys_rename.o)
 .text.__sys_rename
                0x0000000000000000        0xc /Applications/redsuite_4.3.0_1033/redsuite/tools/bin/../lib/gcc/arm-none-eabi/4.6.2/../../../../arm-none-eabi/lib/armv7-m/libcr_semihost.a(__sys_rename.o)
 .text          0x0000000000000000        0x0 /Applications/redsuite_4.3.0_1033/redsuite/tools/bin/../lib/gcc/arm-none-eabi/4.6.2/../../../../arm-none-eabi/lib/armv7-m/libcr_semihost.a(__sys_seek.o)
 .data          0x0000000000000000        0x0 /Applications/redsuite_4.3.0_1033/redsuite/tools/bin/../lib/gcc/arm-none-eabi/4.6.2/../../../../arm-none-eabi/lib/armv7-m/libcr_semihost.a(__sys_seek.o)
 .bss           0x0000000000000000        0x0 /Applications/redsuite_4.3.0_1033/redsuite/tools/bin/../lib/gcc/arm-none-eabi/4.6.2/../../../../arm-none-eabi/lib/armv7-m/libcr_semihost.a(__sys_seek.o)
 .text          0x0000000000000000        0x0 /Applications/redsuite_4.3.0_1033/redsuite/tools/bin/../lib/gcc/arm-none-eabi/4.6.2/../../../../arm-none-eabi/lib/armv7-m/libcr_semihost.a(__sys_tmpnam.o)
 .data          0x0000000000000000        0x0 /Applications/redsuite_4.3.0_1033/redsuite/tools/bin/../lib/gcc/arm-none-eabi/4.6.2/../../../../arm-none-eabi/lib/armv7-m/libcr_semihost.a(__sys_tmpnam.o)
 .bss           0x0000000000000000        0x0 /Applications/redsuite_4.3.0_1033/redsuite/tools/bin/../lib/gcc/arm-none-eabi/4.6.2/../../../../arm-none-eabi/lib/armv7-m/libcr_semihost.a(__sys_tmpnam.o)
 .text          0x0000000000000000        0x0 /Applications/redsuite_4.3.0_1033/redsuite/tools/bin/../lib/gcc/arm-none-eabi/4.6.2/../../../../arm-none-eabi/lib/armv7-m/libcr_semihost.a(__sys_write.o)
 .data          0x0000000000000000        0x0 /Applications/redsuite_4.3.0_1033/redsuite/tools/bin/../lib/gcc/arm-none-eabi/4.6.2/../../../../arm-none-eabi/lib/armv7-m/libcr_semihost.a(__sys_write.o)
 .bss           0x0000000000000000        0x0 /Applications/redsuite_4.3.0_1033/redsuite/tools/bin/../lib/gcc/arm-none-eabi/4.6.2/../../../../arm-none-eabi/lib/armv7-m/libcr_semihost.a(__sys_write.o)
 .text          0x0000000000000000        0x0 /Applications/redsuite_4.3.0_1033/redsuite/tools/bin/../lib/gcc/arm-none-eabi/4.6.2/../../../../arm-none-eabi/lib/armv7-m/libcr_semihost.a(_cr_sbrk.o)
 .data          0x0000000000000000        0x0 /Applications/redsuite_4.3.0_1033/redsuite/tools/bin/../lib/gcc/arm-none-eabi/4.6.2/../../../../arm-none-eabi/lib/armv7-m/libcr_semihost.a(_cr_sbrk.o)
 .bss           0x0000000000000000        0x0 /Applications/redsuite_4.3.0_1033/redsuite/tools/bin/../lib/gcc/arm-none-eabi/4.6.2/../../../../arm-none-eabi/lib/armv7-m/libcr_semihost.a(_cr_sbrk.o)
 .text          0x0000000000000000        0x0 /Applications/redsuite_4.3.0_1033/redsuite/tools/bin/../lib/gcc/arm-none-eabi/4.6.2/../../../../arm-none-eabi/lib/armv7-m/libcr_semihost.a(_cr_check_heap.o)
 .data          0x0000000000000000        0x0 /Applications/redsuite_4.3.0_1033/redsuite/tools/bin/../lib/gcc/arm-none-eabi/4.6.2/../../../../arm-none-eabi/lib/armv7-m/libcr_semihost.a(_cr_check_heap.o)
 .bss           0x0000000000000000        0x0 /Applications/redsuite_4.3.0_1033/redsuite/tools/bin/../lib/gcc/arm-none-eabi/4.6.2/../../../../arm-none-eabi/lib/armv7-m/libcr_semihost.a(_cr_check_heap.o)

Memory Configuration

Name             Origin             Length             Attributes
MFlash512        0x0000000000000000 0x0000000000080000 xr
RamLoc32         0x0000000010000000 0x0000000000008000 xrw
RamAHB32         0x000000002007c000 0x0000000000008000 xrw
CANAccFilterRAM  0x0000000040038000 0x0000000000000800 xrw
*default*        0x0000000000000000 0xffffffffffffffff

Linker script and memory map

LOAD ./src/cr_startup_lpc17.o
LOAD ./src/main.o
LOAD ./src/uart.o
LOAD /Users/sin/Documents/LPCxpresso/workspace/CMSISv2p00_LPC17xx/Debug/libCMSISv2p00_LPC17xx.a
START GROUP
LOAD /Applications/redsuite_4.3.0_1033/redsuite/tools/bin/../lib/gcc/arm-none-eabi/4.6.2/../../../../arm-none-eabi/lib/armv7-m/libcr_semihost.a
LOAD /Applications/redsuite_4.3.0_1033/redsuite/tools/bin/../lib/gcc/arm-none-eabi/4.6.2/../../../../arm-none-eabi/lib/armv7-m/libcr_c.a
LOAD /Applications/redsuite_4.3.0_1033/redsuite/tools/bin/../lib/gcc/arm-none-eabi/4.6.2/armv7-m/libcr_eabihelpers.a
END GROUP
                0x0000000000080000                __top_MFlash512 = 0x80000
                0x0000000010008000                __top_RamLoc32 = 0x10008000
                0x0000000020084000                __top_RamAHB32 = 0x20084000
                0x0000000040038800                __top_CANAccFilterRAM = 0x40038800

.text           0x0000000000000000     0x13fc
 FILL mask 0xff
 *(.isr_vector)
 .isr_vector    0x0000000000000000       0xcc ./src/cr_startup_lpc17.o
                0x0000000000000000                g_pfnVectors
                0x00000000000000cc                . = ALIGN (0x4)
                0x00000000000000cc                __section_table_start = .
                0x00000000000000cc                __data_section_table = .
                0x00000000000000cc        0x4 LONG 0x13fc LOADADDR (.data)
                0x00000000000000d0        0x4 LONG 0x10000000 ADDR (.data)
                0x00000000000000d4        0x4 LONG 0x8 SIZEOF (.data)
                0x00000000000000d8        0x4 LONG 0x13fc LOADADDR (.data_RAM2)
                0x00000000000000dc        0x4 LONG 0x2007c000 ADDR (.data_RAM2)
                0x00000000000000e0        0x4 LONG 0x0 SIZEOF (.data_RAM2)
                0x00000000000000e4        0x4 LONG 0x13fc LOADADDR (.data_RAM3)
                0x00000000000000e8        0x4 LONG 0x40038000 ADDR (.data_RAM3)
                0x00000000000000ec        0x4 LONG 0x0 SIZEOF (.data_RAM3)
                0x00000000000000f0                __data_section_table_end = .
                0x00000000000000f0                __bss_section_table = .
                0x00000000000000f0        0x4 LONG 0x10000008 ADDR (.bss)
                0x00000000000000f4        0x4 LONG 0x228 SIZEOF (.bss)
                0x00000000000000f8        0x4 LONG 0x2007c000 ADDR (.bss_RAM2)
                0x00000000000000fc        0x4 LONG 0x0 SIZEOF (.bss_RAM2)
                0x0000000000000100        0x4 LONG 0x40038000 ADDR (.bss_RAM3)
                0x0000000000000104        0x4 LONG 0x0 SIZEOF (.bss_RAM3)
                0x0000000000000108                __bss_section_table_end = .
                0x0000000000000108                __section_table_end = .
 *(.after_vectors*)
 *(.text*)
 .text.ResetISR
                0x0000000000000108       0x68 ./src/cr_startup_lpc17.o
                0x0000000000000108                ResetISR
 .text.NMI_Handler
                0x0000000000000170        0x8 ./src/cr_startup_lpc17.o
                0x0000000000000170                NMI_Handler
 .text.HardFault_Handler
                0x0000000000000178        0x8 ./src/cr_startup_lpc17.o
                0x0000000000000178                HardFault_Handler
 .text.MemManage_Handler
                0x0000000000000180        0x8 ./src/cr_startup_lpc17.o
                0x0000000000000180                MemManage_Handler
 .text.BusFault_Handler
                0x0000000000000188        0x8 ./src/cr_startup_lpc17.o
                0x0000000000000188                BusFault_Handler
 .text.UsageFault_Handler
                0x0000000000000190        0x8 ./src/cr_startup_lpc17.o
                0x0000000000000190                UsageFault_Handler
 .text.SVCall_Handler
                0x0000000000000198        0x8 ./src/cr_startup_lpc17.o
                0x0000000000000198                SVCall_Handler
 .text.DebugMon_Handler
                0x00000000000001a0        0x8 ./src/cr_startup_lpc17.o
                0x00000000000001a0                DebugMon_Handler
 .text.PendSV_Handler
                0x00000000000001a8        0x8 ./src/cr_startup_lpc17.o
                0x00000000000001a8                PendSV_Handler
 .text.SysTick_Handler
                0x00000000000001b0        0x8 ./src/cr_startup_lpc17.o
                0x00000000000001b0                SysTick_Handler
 .text.IntDefaultHandler
                0x00000000000001b8        0x8 ./src/cr_startup_lpc17.o
                0x00000000000001b8                ENET_IRQHandler
                0x00000000000001b8                RIT_IRQHandler
                0x00000000000001b8                I2C0_IRQHandler
                0x00000000000001b8                USBActivity_IRQHandler
                0x00000000000001b8                PWM1_IRQHandler
                0x00000000000001b8                I2C1_IRQHandler
                0x00000000000001b8                EINT2_IRQHandler
                0x00000000000001b8                EINT3_IRQHandler
                0x00000000000001b8                CANActivity_IRQHandler
                0x00000000000001b8                TIMER3_IRQHandler
                0x00000000000001b8                IntDefaultHandler
                0x00000000000001b8                PLL0_IRQHandler
                0x00000000000001b8                CAN_IRQHandler
                0x00000000000001b8                PLL1_IRQHandler
                0x00000000000001b8                SSP0_IRQHandler
                0x00000000000001b8                I2S_IRQHandler
                0x00000000000001b8                I2C2_IRQHandler
                0x00000000000001b8                RTC_IRQHandler
                0x00000000000001b8                TIMER0_IRQHandler
                0x00000000000001b8                SPI_IRQHandler
                0x00000000000001b8                EINT1_IRQHandler
                0x00000000000001b8                TIMER1_IRQHandler
                0x00000000000001b8                UART2_IRQHandler
                0x00000000000001b8                ADC_IRQHandler
                0x00000000000001b8                SSP1_IRQHandler
                0x00000000000001b8                USB_IRQHandler
                0x00000000000001b8                BOD_IRQHandler
                0x00000000000001b8                WDT_IRQHandler
                0x00000000000001b8                QEI_IRQHandler
                0x00000000000001b8                EINT0_IRQHandler
                0x00000000000001b8                DMA_IRQHandler
                0x00000000000001b8                MCPWM_IRQHandler
                0x00000000000001b8                TIMER2_IRQHandler
 .text.main     0x00000000000001c0       0xd8 ./src/main.o
                0x00000000000001c0                main
 .text.NVIC_EnableIRQ
                0x0000000000000298       0x38 ./src/uart.o
 .text.UART0_IRQHandler
                0x00000000000002d0      0x17c ./src/uart.o
                0x00000000000002d0                UART0_IRQHandler
 .text.UART1_IRQHandler
                0x000000000000044c      0x17c ./src/uart.o
                0x000000000000044c                UART1_IRQHandler
 .text.UART3_IRQHandler
                0x00000000000005c8      0x17c ./src/uart.o
                0x00000000000005c8                UART3_IRQHandler
 .text.UARTInit
                0x0000000000000744      0x374 ./src/uart.o
                0x0000000000000744                UARTInit
 .text.UARTSend
                0x0000000000000ab8      0x10c ./src/uart.o
                0x0000000000000ab8                UARTSend
 .text.SystemInit
                0x0000000000000bc4       0xe4 /Users/sin/Documents/LPCxpresso/workspace/CMSISv2p00_LPC17xx/Debug/libCMSISv2p00_LPC17xx.a(system_LPC17xx.o)
                0x0000000000000bc4                SystemInit
 .text.__main   0x0000000000000ca8       0x14 /Applications/redsuite_4.3.0_1033/redsuite/tools/bin/../lib/gcc/arm-none-eabi/4.6.2/../../../../arm-none-eabi/lib/armv7-m/libcr_semihost.a(_cr__main.o)
                0x0000000000000ca8                __main
                0x0000000000000ca8                __CR_SEMIHOST
 .text._initio  0x0000000000000cbc       0x9c /Applications/redsuite_4.3.0_1033/redsuite/tools/bin/../lib/gcc/arm-none-eabi/4.6.2/../../../../arm-none-eabi/lib/armv7-m/libcr_c.a(initio.o)
                0x0000000000000cbc                _initio
 .text.setvbuf  0x0000000000000d58       0x48 /Applications/redsuite_4.3.0_1033/redsuite/tools/bin/../lib/gcc/arm-none-eabi/4.6.2/../../../../arm-none-eabi/lib/armv7-m/libcr_c.a(setvbuf.o)
                0x0000000000000d58                setvbuf
 .text.strlen   0x0000000000000da0       0x4e /Applications/redsuite_4.3.0_1033/redsuite/tools/bin/../lib/gcc/arm-none-eabi/4.6.2/../../../../arm-none-eabi/lib/armv7-m/libcr_c.a(strlen.o)
                0x0000000000000da0                strlen
 .text.memset   0x0000000000000dee        0x4 /Applications/redsuite_4.3.0_1033/redsuite/tools/bin/../lib/gcc/arm-none-eabi/4.6.2/../../../../arm-none-eabi/lib/armv7-m/libcr_c.a(memset.o)
                0x0000000000000dee                memset
 .text._deferredlazyseek
                0x0000000000000df2       0x44 /Applications/redsuite_4.3.0_1033/redsuite/tools/bin/../lib/gcc/arm-none-eabi/4.6.2/../../../../arm-none-eabi/lib/armv7-m/libcr_c.a(_deferredlazyseek.o)
                0x0000000000000df2                _deferredlazyseek
 .text._fdopen  0x0000000000000e36       0x6e /Applications/redsuite_4.3.0_1033/redsuite/tools/bin/../lib/gcc/arm-none-eabi/4.6.2/../../../../arm-none-eabi/lib/armv7-m/libcr_c.a(_fdopen.o)
                0x0000000000000e36                _fdopen
 .text._fflush  0x0000000000000ea4       0x58 /Applications/redsuite_4.3.0_1033/redsuite/tools/bin/../lib/gcc/arm-none-eabi/4.6.2/../../../../arm-none-eabi/lib/armv7-m/libcr_c.a(_fflush.o)
                0x0000000000000ea4                _fflush
 .text._Cwritebuf
                0x0000000000000efc       0x88 /Applications/redsuite_4.3.0_1033/redsuite/tools/bin/../lib/gcc/arm-none-eabi/4.6.2/../../../../arm-none-eabi/lib/armv7-m/libcr_c.a(_writebuf.o)
                0x0000000000000efc                _Cwritebuf
 .text.malloc   0x0000000000000f84       0xd0 /Applications/redsuite_4.3.0_1033/redsuite/tools/bin/../lib/gcc/arm-none-eabi/4.6.2/../../../../arm-none-eabi/lib/armv7-m/libcr_c.a(alloc.o)
                0x0000000000000f84                malloc
 .text.free     0x0000000000001054        0xa /Applications/redsuite_4.3.0_1033/redsuite/tools/bin/../lib/gcc/arm-none-eabi/4.6.2/../../../../arm-none-eabi/lib/armv7-m/libcr_c.a(alloc.o)
                0x0000000000001054                free
 *fill*         0x000000000000105e        0x2 00
 .text._Csys_alloc
                0x0000000000001060       0x20 /Applications/redsuite_4.3.0_1033/redsuite/tools/bin/../lib/gcc/arm-none-eabi/4.6.2/../../../../arm-none-eabi/lib/armv7-m/libcr_c.a(alloc.o)
                0x0000000000001060                _Csys_alloc
 .text.fclose   0x0000000000001080       0x72 /Applications/redsuite_4.3.0_1033/redsuite/tools/bin/../lib/gcc/arm-none-eabi/4.6.2/../../../../arm-none-eabi/lib/armv7-m/libcr_c.a(fclose.o)
                0x0000000000001080                fclose
 *fill*         0x00000000000010f2        0x2 00
 .text.fflush   0x00000000000010f4       0x34 /Applications/redsuite_4.3.0_1033/redsuite/tools/bin/../lib/gcc/arm-none-eabi/4.6.2/../../../../arm-none-eabi/lib/armv7-m/libcr_c.a(fflush.o)
                0x00000000000010f4                fflush
 .text.fseek    0x0000000000001128      0x110 /Applications/redsuite_4.3.0_1033/redsuite/tools/bin/../lib/gcc/arm-none-eabi/4.6.2/../../../../arm-none-eabi/lib/armv7-m/libcr_c.a(fseek.o)
                0x0000000000001128                fseek
 .text.ftell    0x0000000000001238       0x50 /Applications/redsuite_4.3.0_1033/redsuite/tools/bin/../lib/gcc/arm-none-eabi/4.6.2/../../../../arm-none-eabi/lib/armv7-m/libcr_c.a(ftell.o)
                0x0000000000001238                ftell
 .text.remove   0x0000000000001288       0x14 /Applications/redsuite_4.3.0_1033/redsuite/tools/bin/../lib/gcc/arm-none-eabi/4.6.2/../../../../arm-none-eabi/lib/armv7-m/libcr_c.a(remove.o)
                0x0000000000001288                remove
 .text._do_fflush
                0x000000000000129c       0x44 /Applications/redsuite_4.3.0_1033/redsuite/tools/bin/../lib/gcc/arm-none-eabi/4.6.2/../../../../arm-none-eabi/lib/armv7-m/libcr_c.a(_do_fflush.o)
                0x000000000000129c                _do_fflush
 .text.__aeabi_memset_lowlevel
                0x00000000000012e0       0x24 /Applications/redsuite_4.3.0_1033/redsuite/tools/bin/../lib/gcc/arm-none-eabi/4.6.2/armv7-m/libcr_eabihelpers.a(memcpy.o)
                0x00000000000012e0                __aeabi_lowlevel_memset
 .text.__sys_appexit
                0x0000000000001304        0xc /Applications/redsuite_4.3.0_1033/redsuite/tools/bin/../lib/gcc/arm-none-eabi/4.6.2/../../../../arm-none-eabi/lib/armv7-m/libcr_semihost.a(__sys_appexit.o)
                0x0000000000001304                __exit
                0x0000000000001304                __sys_appexit
 .text.__sys_close
                0x0000000000001310        0xc /Applications/redsuite_4.3.0_1033/redsuite/tools/bin/../lib/gcc/arm-none-eabi/4.6.2/../../../../arm-none-eabi/lib/armv7-m/libcr_semihost.a(__sys_close.o)
                0x0000000000001310                __sys_close
 .text.__sys_flen
                0x000000000000131c        0xc /Applications/redsuite_4.3.0_1033/redsuite/tools/bin/../lib/gcc/arm-none-eabi/4.6.2/../../../../arm-none-eabi/lib/armv7-m/libcr_semihost.a(__sys_flen.o)
                0x000000000000131c                __sys_flen
 .text.__sys_istty
                0x0000000000001328        0xc /Applications/redsuite_4.3.0_1033/redsuite/tools/bin/../lib/gcc/arm-none-eabi/4.6.2/../../../../arm-none-eabi/lib/armv7-m/libcr_semihost.a(__sys_istty.o)
                0x0000000000001328                __sys_istty
 .text.__sys_remove
                0x0000000000001334        0xc /Applications/redsuite_4.3.0_1033/redsuite/tools/bin/../lib/gcc/arm-none-eabi/4.6.2/../../../../arm-none-eabi/lib/armv7-m/libcr_semihost.a(__sys_remove.o)
                0x0000000000001334                __sys_remove
 .text.__sys_seek
                0x0000000000001340        0xc /Applications/redsuite_4.3.0_1033/redsuite/tools/bin/../lib/gcc/arm-none-eabi/4.6.2/../../../../arm-none-eabi/lib/armv7-m/libcr_semihost.a(__sys_seek.o)
                0x0000000000001340                __sys_seek
 .text.__sys_tmpnam
                0x000000000000134c        0xc /Applications/redsuite_4.3.0_1033/redsuite/tools/bin/../lib/gcc/arm-none-eabi/4.6.2/../../../../arm-none-eabi/lib/armv7-m/libcr_semihost.a(__sys_tmpnam.o)
                0x000000000000134c                __sys_tmpnam
 .text.__sys_write
                0x0000000000001358        0xc /Applications/redsuite_4.3.0_1033/redsuite/tools/bin/../lib/gcc/arm-none-eabi/4.6.2/../../../../arm-none-eabi/lib/armv7-m/libcr_semihost.a(__sys_write.o)
                0x0000000000001358                __write
                0x0000000000001358                __sys_write
 .text._sbrk    0x0000000000001364       0x40 /Applications/redsuite_4.3.0_1033/redsuite/tools/bin/../lib/gcc/arm-none-eabi/4.6.2/../../../../arm-none-eabi/lib/armv7-m/libcr_semihost.a(_cr_sbrk.o)
                0x0000000000001364                _sbrk
 .text.__check_heap_overflow
                0x00000000000013a4       0x2c /Applications/redsuite_4.3.0_1033/redsuite/tools/bin/../lib/gcc/arm-none-eabi/4.6.2/../../../../arm-none-eabi/lib/armv7-m/libcr_semihost.a(_cr_check_heap.o)
                0x00000000000013a4                __check_heap_overflow
 *(.rodata .rodata.*)
 .rodata        0x00000000000013d0       0x10 ./src/main.o
 .rodata.str1.1
                0x00000000000013e0        0x4 /Applications/redsuite_4.3.0_1033/redsuite/tools/bin/../lib/gcc/arm-none-eabi/4.6.2/../../../../arm-none-eabi/lib/armv7-m/libcr_c.a(initio.o)
 .rodata.str1.1
                0x00000000000013e4       0x18 /Applications/redsuite_4.3.0_1033/redsuite/tools/bin/../lib/gcc/arm-none-eabi/4.6.2/../../../../arm-none-eabi/lib/armv7-m/libcr_c.a(alloc.o)
                0x00000000000013fc                . = ALIGN (0x4)

.glue_7         0x00000000000013fc        0x0
 .glue_7        0x0000000000000000        0x0 linker stubs

.glue_7t        0x00000000000013fc        0x0
 .glue_7t       0x0000000000000000        0x0 linker stubs

.vfp11_veneer   0x00000000000013fc        0x0
 .vfp11_veneer  0x0000000000000000        0x0 linker stubs

.v4_bx          0x00000000000013fc        0x0
 .v4_bx         0x0000000000000000        0x0 linker stubs

.ARM.extab
 *(.ARM.extab* .gnu.linkonce.armextab.*)
                0x00000000000013fc                __exidx_start = .

.ARM.exidx
 *(.ARM.exidx* .gnu.linkonce.armexidx.*)
                0x00000000000013fc                __exidx_end = .
                0x00000000000013fc                _etext = .

.data_RAM2      0x000000002007c000        0x0 load address 0x00000000000013fc
 FILL mask 0xff
 *(.data.$RAM2*)
 *(.data.$RamAHB32*)
                0x000000002007c000                . = ALIGN (0x4)

.data_RAM3      0x0000000040038000        0x0 load address 0x00000000000013fc
 FILL mask 0xff
 *(.data.$RAM3*)
 *(.data.$CANAccFilterRAM*)
                0x0000000040038000                . = ALIGN (0x4)

.uninit_RESERVED
                0x0000000010000000        0x0
 *(.bss.$RESERVED*)
                0x0000000010000000                . = ALIGN (0x4)
                0x0000000010000000                _end_uninit_RESERVED = .

.data           0x0000000010000000        0x8 load address 0x00000000000013fc
 FILL mask 0xff
                0x0000000010000000                _data = .
 *(vtable)
 *(.data*)
 .data.UART0TxEmpty
                0x0000000010000000        0x1 ./src/uart.o
                0x0000000010000000                UART0TxEmpty
 .data.UART1TxEmpty
                0x0000000010000001        0x1 ./src/uart.o
                0x0000000010000001                UART1TxEmpty
 .data.UART3TxEmpty
                0x0000000010000002        0x1 ./src/uart.o
                0x0000000010000002                UART3TxEmpty
 *fill*         0x0000000010000003        0x1 00
 .data.SystemCoreClock
                0x0000000010000004        0x4 /Users/sin/Documents/LPCxpresso/workspace/CMSISv2p00_LPC17xx/Debug/libCMSISv2p00_LPC17xx.a(system_LPC17xx.o)
                0x0000000010000004                SystemCoreClock
                0x0000000010000008                . = ALIGN (0x4)
                0x0000000010000008                _edata = .

.bss_RAM2       0x000000002007c000        0x0
 *(.bss.$RAM2*)
 *(.bss.$RamAHB32*)
                0x000000002007c000                . = ALIGN (0x4)

.bss_RAM3       0x0000000040038000        0x0
 *(.bss.$RAM3*)
 *(.bss.$CANAccFilterRAM*)
                0x0000000040038000                . = ALIGN (0x4)

.bss            0x0000000010000008      0x228
                0x0000000010000008                _bss = .
 *(.bss*)
 .bss.UART0Count
                0x0000000010000008        0x4 ./src/uart.o
                0x0000000010000008                UART0Count
 .bss.UART1Count
                0x000000001000000c        0x4 ./src/uart.o
                0x000000001000000c                UART1Count
 .bss.UART3Count
                0x0000000010000010        0x4 ./src/uart.o
                0x0000000010000010                UART3Count
 .bss.errno     0x0000000010000014        0x4 /Applications/redsuite_4.3.0_1033/redsuite/tools/bin/../lib/gcc/arm-none-eabi/4.6.2/../../../../arm-none-eabi/lib/armv7-m/libcr_c.a(errno.o)
                0x0000000010000014                errno
 *(COMMON)
 COMMON         0x0000000010000018       0xcc ./src/uart.o
                0x0000000010000018                UART1Buffer
                0x0000000010000058                UART3Status
                0x000000001000005c                UART0Buffer
                0x000000001000009c                UART1Status
                0x00000000100000a0                UART3Buffer
                0x00000000100000e0                UART0Status
 COMMON         0x00000000100000e4        0x4 /Applications/redsuite_4.3.0_1033/redsuite/tools/bin/../lib/gcc/arm-none-eabi/4.6.2/../../../../arm-none-eabi/lib/armv7-m/libcr_c.a(initio.o)
                0x00000000100000e4                _extra
 COMMON         0x00000000100000e8      0x140 /Applications/redsuite_4.3.0_1033/redsuite/tools/bin/../lib/gcc/arm-none-eabi/4.6.2/../../../../arm-none-eabi/lib/armv7-m/libcr_c.a(stdio.o)
                0x00000000100000e8                __Ciob
 COMMON         0x0000000010000228        0x8 /Applications/redsuite_4.3.0_1033/redsuite/tools/bin/../lib/gcc/arm-none-eabi/4.6.2/../../../../arm-none-eabi/lib/armv7-m/libcr_c.a(__init_alloc.o)
                0x0000000010000228                __heaps
                0x000000001000022c                __end_of_heap
                0x0000000010000230                . = ALIGN (0x4)
                0x0000000010000230                _ebss = .
                0x0000000010000230                PROVIDE (end, .)
                0x0000000010000230                PROVIDE (_pvHeapStart, .)
                0x0000000010008000                PROVIDE (_vStackTop, (__top_RamLoc32 - 0x0))
OUTPUT(uart.axf elf32-littlearm)

.debug_info     0x0000000000000000     0x1d5a
 .debug_info    0x0000000000000000      0x210 ./src/cr_startup_lpc17.o
 .debug_info    0x0000000000000210      0x7ae ./src/main.o
 .debug_info    0x00000000000009be     0x100d ./src/uart.o
 .debug_info    0x00000000000019cb      0x38f /Users/sin/Documents/LPCxpresso/workspace/CMSISv2p00_LPC17xx/Debug/libCMSISv2p00_LPC17xx.a(system_LPC17xx.o)

.debug_abbrev   0x0000000000000000      0x4cb
 .debug_abbrev  0x0000000000000000       0xb4 ./src/cr_startup_lpc17.o
 .debug_abbrev  0x00000000000000b4      0x153 ./src/main.o
 .debug_abbrev  0x0000000000000207      0x1e1 ./src/uart.o
 .debug_abbrev  0x00000000000003e8       0xe3 /Users/sin/Documents/LPCxpresso/workspace/CMSISv2p00_LPC17xx/Debug/libCMSISv2p00_LPC17xx.a(system_LPC17xx.o)

.debug_loc      0x0000000000000000      0x398
 .debug_loc     0x0000000000000000      0x1f0 ./src/cr_startup_lpc17.o
 .debug_loc     0x00000000000001f0       0x38 ./src/main.o
 .debug_loc     0x0000000000000228      0x150 ./src/uart.o
 .debug_loc     0x0000000000000378       0x20 /Users/sin/Documents/LPCxpresso/workspace/CMSISv2p00_LPC17xx/Debug/libCMSISv2p00_LPC17xx.a(system_LPC17xx.o)

.debug_aranges  0x0000000000000000      0x100
 .debug_aranges
                0x0000000000000000       0x70 ./src/cr_startup_lpc17.o
 .debug_aranges
                0x0000000000000070       0x20 ./src/main.o
 .debug_aranges
                0x0000000000000090       0x48 ./src/uart.o
 .debug_aranges
                0x00000000000000d8       0x28 /Users/sin/Documents/LPCxpresso/workspace/CMSISv2p00_LPC17xx/Debug/libCMSISv2p00_LPC17xx.a(system_LPC17xx.o)

.debug_ranges   0x0000000000000000       0xc0
 .debug_ranges  0x0000000000000000       0x60 ./src/cr_startup_lpc17.o
 .debug_ranges  0x0000000000000060       0x10 ./src/main.o
 .debug_ranges  0x0000000000000070       0x38 ./src/uart.o
 .debug_ranges  0x00000000000000a8       0x18 /Users/sin/Documents/LPCxpresso/workspace/CMSISv2p00_LPC17xx/Debug/libCMSISv2p00_LPC17xx.a(system_LPC17xx.o)

.debug_line     0x0000000000000000     0x11cf
 .debug_line    0x0000000000000000      0x463 ./src/cr_startup_lpc17.o
 .debug_line    0x0000000000000463      0x432 ./src/main.o
 .debug_line    0x0000000000000895      0x53a ./src/uart.o
 .debug_line    0x0000000000000dcf      0x400 /Users/sin/Documents/LPCxpresso/workspace/CMSISv2p00_LPC17xx/Debug/libCMSISv2p00_LPC17xx.a(system_LPC17xx.o)

.debug_macinfo  0x0000000000000000    0x1ca07
 .debug_macinfo
                0x0000000000000000     0x3d30 ./src/cr_startup_lpc17.o
 .debug_macinfo
                0x0000000000003d30     0x8411 ./src/main.o
 .debug_macinfo
                0x000000000000c141     0x8395 ./src/uart.o
 .debug_macinfo
                0x00000000000144d6     0x8531 /Users/sin/Documents/LPCxpresso/workspace/CMSISv2p00_LPC17xx/Debug/libCMSISv2p00_LPC17xx.a(system_LPC17xx.o)

.debug_str      0x0000000000000000      0xa14
 .debug_str     0x0000000000000000      0x1d7 ./src/cr_startup_lpc17.o
                                        0x20b (size before relaxing)
 .debug_str     0x00000000000001d7      0x2f2 ./src/main.o
                                        0x400 (size before relaxing)
 .debug_str     0x00000000000004c9      0x4cf ./src/uart.o
                                        0x77d (size before relaxing)
 .debug_str     0x0000000000000998       0x7c /Users/sin/Documents/LPCxpresso/workspace/CMSISv2p00_LPC17xx/Debug/libCMSISv2p00_LPC17xx.a(system_LPC17xx.o)
                                        0x2b6 (size before relaxing)

.comment        0x0000000000000000       0x9a
 .comment       0x0000000000000000       0x70 ./src/cr_startup_lpc17.o
                                         0x71 (size before relaxing)
 .comment       0x0000000000000000       0x71 ./src/main.o
 .comment       0x0000000000000000       0x71 ./src/uart.o
 .comment       0x0000000000000000       0x71 /Users/sin/Documents/LPCxpresso/workspace/CMSISv2p00_LPC17xx/Debug/libCMSISv2p00_LPC17xx.a(system_LPC17xx.o)
 .comment       0x0000000000000070       0x2a /Applications/redsuite_4.3.0_1033/redsuite/tools/bin/../lib/gcc/arm-none-eabi/4.6.2/../../../../arm-none-eabi/lib/armv7-m/libcr_semihost.a(_cr__main.o)
                                         0x2b (size before relaxing)
 .comment       0x0000000000000000       0x2b /Applications/redsuite_4.3.0_1033/redsuite/tools/bin/../lib/gcc/arm-none-eabi/4.6.2/../../../../arm-none-eabi/lib/armv7-m/libcr_c.a(initio.o)
 .comment       0x0000000000000000       0x2b /Applications/redsuite_4.3.0_1033/redsuite/tools/bin/../lib/gcc/arm-none-eabi/4.6.2/../../../../arm-none-eabi/lib/armv7-m/libcr_c.a(setvbuf.o)
 .comment       0x0000000000000000       0x2b /Applications/redsuite_4.3.0_1033/redsuite/tools/bin/../lib/gcc/arm-none-eabi/4.6.2/../../../../arm-none-eabi/lib/armv7-m/libcr_c.a(stdio.o)
 .comment       0x0000000000000000       0x2b /Applications/redsuite_4.3.0_1033/redsuite/tools/bin/../lib/gcc/arm-none-eabi/4.6.2/../../../../arm-none-eabi/lib/armv7-m/libcr_c.a(strlen.o)
 .comment       0x0000000000000000       0x2b /Applications/redsuite_4.3.0_1033/redsuite/tools/bin/../lib/gcc/arm-none-eabi/4.6.2/../../../../arm-none-eabi/lib/armv7-m/libcr_c.a(memset.o)
 .comment       0x0000000000000000       0x2b /Applications/redsuite_4.3.0_1033/redsuite/tools/bin/../lib/gcc/arm-none-eabi/4.6.2/../../../../arm-none-eabi/lib/armv7-m/libcr_c.a(__fillbuf.o)
 .comment       0x0000000000000000       0x2b /Applications/redsuite_4.3.0_1033/redsuite/tools/bin/../lib/gcc/arm-none-eabi/4.6.2/../../../../arm-none-eabi/lib/armv7-m/libcr_c.a(_deferredlazyseek.o)
 .comment       0x0000000000000000       0x2b /Applications/redsuite_4.3.0_1033/redsuite/tools/bin/../lib/gcc/arm-none-eabi/4.6.2/../../../../arm-none-eabi/lib/armv7-m/libcr_c.a(_fdopen.o)
 .comment       0x0000000000000000       0x2b /Applications/redsuite_4.3.0_1033/redsuite/tools/bin/../lib/gcc/arm-none-eabi/4.6.2/../../../../arm-none-eabi/lib/armv7-m/libcr_c.a(_fflush.o)
 .comment       0x0000000000000000       0x2b /Applications/redsuite_4.3.0_1033/redsuite/tools/bin/../lib/gcc/arm-none-eabi/4.6.2/../../../../arm-none-eabi/lib/armv7-m/libcr_c.a(_writebuf.o)
 .comment       0x0000000000000000       0x2b /Applications/redsuite_4.3.0_1033/redsuite/tools/bin/../lib/gcc/arm-none-eabi/4.6.2/../../../../arm-none-eabi/lib/armv7-m/libcr_c.a(alloc.o)
 .comment       0x0000000000000000       0x2b /Applications/redsuite_4.3.0_1033/redsuite/tools/bin/../lib/gcc/arm-none-eabi/4.6.2/../../../../arm-none-eabi/lib/armv7-m/libcr_c.a(fclose.o)
 .comment       0x0000000000000000       0x2b /Applications/redsuite_4.3.0_1033/redsuite/tools/bin/../lib/gcc/arm-none-eabi/4.6.2/../../../../arm-none-eabi/lib/armv7-m/libcr_c.a(fflush.o)
 .comment       0x0000000000000000       0x2b /Applications/redsuite_4.3.0_1033/redsuite/tools/bin/../lib/gcc/arm-none-eabi/4.6.2/../../../../arm-none-eabi/lib/armv7-m/libcr_c.a(fseek.o)
 .comment       0x0000000000000000       0x2b /Applications/redsuite_4.3.0_1033/redsuite/tools/bin/../lib/gcc/arm-none-eabi/4.6.2/../../../../arm-none-eabi/lib/armv7-m/libcr_c.a(ftell.o)
 .comment       0x0000000000000000       0x2b /Applications/redsuite_4.3.0_1033/redsuite/tools/bin/../lib/gcc/arm-none-eabi/4.6.2/../../../../arm-none-eabi/lib/armv7-m/libcr_c.a(remove.o)
 .comment       0x0000000000000000       0x2b /Applications/redsuite_4.3.0_1033/redsuite/tools/bin/../lib/gcc/arm-none-eabi/4.6.2/../../../../arm-none-eabi/lib/armv7-m/libcr_c.a(memcpy.o)
 .comment       0x0000000000000000       0x2b /Applications/redsuite_4.3.0_1033/redsuite/tools/bin/../lib/gcc/arm-none-eabi/4.6.2/../../../../arm-none-eabi/lib/armv7-m/libcr_c.a(__init_alloc.o)
 .comment       0x0000000000000000       0x2b /Applications/redsuite_4.3.0_1033/redsuite/tools/bin/../lib/gcc/arm-none-eabi/4.6.2/../../../../arm-none-eabi/lib/armv7-m/libcr_c.a(_do_fflush.o)
 .comment       0x0000000000000000       0x2b /Applications/redsuite_4.3.0_1033/redsuite/tools/bin/../lib/gcc/arm-none-eabi/4.6.2/../../../../arm-none-eabi/lib/armv7-m/libcr_c.a(errno.o)
 .comment       0x0000000000000000       0x2b /Applications/redsuite_4.3.0_1033/redsuite/tools/bin/../lib/gcc/arm-none-eabi/4.6.2/../../../../arm-none-eabi/lib/armv7-m/libcr_semihost.a(_cr_sbrk.o)
 .comment       0x0000000000000000       0x2b /Applications/redsuite_4.3.0_1033/redsuite/tools/bin/../lib/gcc/arm-none-eabi/4.6.2/../../../../arm-none-eabi/lib/armv7-m/libcr_semihost.a(_cr_check_heap.o)

.ARM.attributes
                0x0000000000000000       0x31
 .ARM.attributes
                0x0000000000000000       0x33 ./src/cr_startup_lpc17.o
 .ARM.attributes
                0x0000000000000033       0x33 ./src/main.o
 .ARM.attributes
                0x0000000000000066       0x33 ./src/uart.o
 .ARM.attributes
                0x0000000000000099       0x33 /Users/sin/Documents/LPCxpresso/workspace/CMSISv2p00_LPC17xx/Debug/libCMSISv2p00_LPC17xx.a(system_LPC17xx.o)
 .ARM.attributes
                0x00000000000000cc       0x31 /Applications/redsuite_4.3.0_1033/redsuite/tools/bin/../lib/gcc/arm-none-eabi/4.6.2/../../../../arm-none-eabi/lib/armv7-m/libcr_semihost.a(_cr__main.o)
 .ARM.attributes
                0x00000000000000fd       0x31 /Applications/redsuite_4.3.0_1033/redsuite/tools/bin/../lib/gcc/arm-none-eabi/4.6.2/../../../../arm-none-eabi/lib/armv7-m/libcr_c.a(initio.o)
 .ARM.attributes
                0x000000000000012e       0x31 /Applications/redsuite_4.3.0_1033/redsuite/tools/bin/../lib/gcc/arm-none-eabi/4.6.2/../../../../arm-none-eabi/lib/armv7-m/libcr_c.a(setvbuf.o)
 .ARM.attributes
                0x000000000000015f       0x31 /Applications/redsuite_4.3.0_1033/redsuite/tools/bin/../lib/gcc/arm-none-eabi/4.6.2/../../../../arm-none-eabi/lib/armv7-m/libcr_c.a(stdio.o)
 .ARM.attributes
                0x0000000000000190       0x31 /Applications/redsuite_4.3.0_1033/redsuite/tools/bin/../lib/gcc/arm-none-eabi/4.6.2/../../../../arm-none-eabi/lib/armv7-m/libcr_c.a(strlen.o)
 .ARM.attributes
                0x00000000000001c1       0x31 /Applications/redsuite_4.3.0_1033/redsuite/tools/bin/../lib/gcc/arm-none-eabi/4.6.2/../../../../arm-none-eabi/lib/armv7-m/libcr_c.a(memset.o)
 .ARM.attributes
                0x00000000000001f2       0x31 /Applications/redsuite_4.3.0_1033/redsuite/tools/bin/../lib/gcc/arm-none-eabi/4.6.2/../../../../arm-none-eabi/lib/armv7-m/libcr_c.a(__fillbuf.o)
 .ARM.attributes
                0x0000000000000223       0x31 /Applications/redsuite_4.3.0_1033/redsuite/tools/bin/../lib/gcc/arm-none-eabi/4.6.2/../../../../arm-none-eabi/lib/armv7-m/libcr_c.a(_deferredlazyseek.o)
 .ARM.attributes
                0x0000000000000254       0x31 /Applications/redsuite_4.3.0_1033/redsuite/tools/bin/../lib/gcc/arm-none-eabi/4.6.2/../../../../arm-none-eabi/lib/armv7-m/libcr_c.a(_fdopen.o)
 .ARM.attributes
                0x0000000000000285       0x31 /Applications/redsuite_4.3.0_1033/redsuite/tools/bin/../lib/gcc/arm-none-eabi/4.6.2/../../../../arm-none-eabi/lib/armv7-m/libcr_c.a(_fflush.o)
 .ARM.attributes
                0x00000000000002b6       0x31 /Applications/redsuite_4.3.0_1033/redsuite/tools/bin/../lib/gcc/arm-none-eabi/4.6.2/../../../../arm-none-eabi/lib/armv7-m/libcr_c.a(_writebuf.o)
 .ARM.attributes
                0x00000000000002e7       0x31 /Applications/redsuite_4.3.0_1033/redsuite/tools/bin/../lib/gcc/arm-none-eabi/4.6.2/../../../../arm-none-eabi/lib/armv7-m/libcr_c.a(alloc.o)
 .ARM.attributes
                0x0000000000000318       0x31 /Applications/redsuite_4.3.0_1033/redsuite/tools/bin/../lib/gcc/arm-none-eabi/4.6.2/../../../../arm-none-eabi/lib/armv7-m/libcr_c.a(fclose.o)
 .ARM.attributes
                0x0000000000000349       0x31 /Applications/redsuite_4.3.0_1033/redsuite/tools/bin/../lib/gcc/arm-none-eabi/4.6.2/../../../../arm-none-eabi/lib/armv7-m/libcr_c.a(fflush.o)
 .ARM.attributes
                0x000000000000037a       0x31 /Applications/redsuite_4.3.0_1033/redsuite/tools/bin/../lib/gcc/arm-none-eabi/4.6.2/../../../../arm-none-eabi/lib/armv7-m/libcr_c.a(fseek.o)
 .ARM.attributes
                0x00000000000003ab       0x31 /Applications/redsuite_4.3.0_1033/redsuite/tools/bin/../lib/gcc/arm-none-eabi/4.6.2/../../../../arm-none-eabi/lib/armv7-m/libcr_c.a(ftell.o)
 .ARM.attributes
                0x00000000000003dc       0x31 /Applications/redsuite_4.3.0_1033/redsuite/tools/bin/../lib/gcc/arm-none-eabi/4.6.2/../../../../arm-none-eabi/lib/armv7-m/libcr_c.a(remove.o)
 .ARM.attributes
                0x000000000000040d       0x31 /Applications/redsuite_4.3.0_1033/redsuite/tools/bin/../lib/gcc/arm-none-eabi/4.6.2/../../../../arm-none-eabi/lib/armv7-m/libcr_c.a(memcpy.o)
 .ARM.attributes
                0x000000000000043e       0x31 /Applications/redsuite_4.3.0_1033/redsuite/tools/bin/../lib/gcc/arm-none-eabi/4.6.2/../../../../arm-none-eabi/lib/armv7-m/libcr_c.a(__init_alloc.o)
 .ARM.attributes
                0x000000000000046f       0x31 /Applications/redsuite_4.3.0_1033/redsuite/tools/bin/../lib/gcc/arm-none-eabi/4.6.2/../../../../arm-none-eabi/lib/armv7-m/libcr_c.a(_do_fflush.o)
 .ARM.attributes
                0x00000000000004a0       0x31 /Applications/redsuite_4.3.0_1033/redsuite/tools/bin/../lib/gcc/arm-none-eabi/4.6.2/../../../../arm-none-eabi/lib/armv7-m/libcr_c.a(errno.o)
 .ARM.attributes
                0x00000000000004d1       0x21 /Applications/redsuite_4.3.0_1033/redsuite/tools/bin/../lib/gcc/arm-none-eabi/4.6.2/armv7-m/libcr_eabihelpers.a(division.o)
 .ARM.attributes
                0x00000000000004f2       0x21 /Applications/redsuite_4.3.0_1033/redsuite/tools/bin/../lib/gcc/arm-none-eabi/4.6.2/armv7-m/libcr_eabihelpers.a(memcpy.o)
 .ARM.attributes
                0x0000000000000513       0x21 /Applications/redsuite_4.3.0_1033/redsuite/tools/bin/../lib/gcc/arm-none-eabi/4.6.2/../../../../arm-none-eabi/lib/armv7-m/libcr_semihost.a(__sys_appexit.o)
 .ARM.attributes
                0x0000000000000534       0x21 /Applications/redsuite_4.3.0_1033/redsuite/tools/bin/../lib/gcc/arm-none-eabi/4.6.2/../../../../arm-none-eabi/lib/armv7-m/libcr_semihost.a(__sys_close.o)
 .ARM.attributes
                0x0000000000000555       0x21 /Applications/redsuite_4.3.0_1033/redsuite/tools/bin/../lib/gcc/arm-none-eabi/4.6.2/../../../../arm-none-eabi/lib/armv7-m/libcr_semihost.a(__sys_flen.o)
 .ARM.attributes
                0x0000000000000576       0x21 /Applications/redsuite_4.3.0_1033/redsuite/tools/bin/../lib/gcc/arm-none-eabi/4.6.2/../../../../arm-none-eabi/lib/armv7-m/libcr_semihost.a(__sys_istty.o)
 .ARM.attributes
                0x0000000000000597       0x21 /Applications/redsuite_4.3.0_1033/redsuite/tools/bin/../lib/gcc/arm-none-eabi/4.6.2/../../../../arm-none-eabi/lib/armv7-m/libcr_semihost.a(__sys_read.o)
 .ARM.attributes
                0x00000000000005b8       0x21 /Applications/redsuite_4.3.0_1033/redsuite/tools/bin/../lib/gcc/arm-none-eabi/4.6.2/../../../../arm-none-eabi/lib/armv7-m/libcr_semihost.a(__sys_readc.o)
 .ARM.attributes
                0x00000000000005d9       0x21 /Applications/redsuite_4.3.0_1033/redsuite/tools/bin/../lib/gcc/arm-none-eabi/4.6.2/../../../../arm-none-eabi/lib/armv7-m/libcr_semihost.a(__sys_remove.o)
 .ARM.attributes
                0x00000000000005fa       0x21 /Applications/redsuite_4.3.0_1033/redsuite/tools/bin/../lib/gcc/arm-none-eabi/4.6.2/../../../../arm-none-eabi/lib/armv7-m/libcr_semihost.a(__sys_rename.o)
 .ARM.attributes
                0x000000000000061b       0x21 /Applications/redsuite_4.3.0_1033/redsuite/tools/bin/../lib/gcc/arm-none-eabi/4.6.2/../../../../arm-none-eabi/lib/armv7-m/libcr_semihost.a(__sys_seek.o)
 .ARM.attributes
                0x000000000000063c       0x21 /Applications/redsuite_4.3.0_1033/redsuite/tools/bin/../lib/gcc/arm-none-eabi/4.6.2/../../../../arm-none-eabi/lib/armv7-m/libcr_semihost.a(__sys_tmpnam.o)
 .ARM.attributes
                0x000000000000065d       0x21 /Applications/redsuite_4.3.0_1033/redsuite/tools/bin/../lib/gcc/arm-none-eabi/4.6.2/../../../../arm-none-eabi/lib/armv7-m/libcr_semihost.a(__sys_write.o)
 .ARM.attributes
                0x000000000000067e       0x31 /Applications/redsuite_4.3.0_1033/redsuite/tools/bin/../lib/gcc/arm-none-eabi/4.6.2/../../../../arm-none-eabi/lib/armv7-m/libcr_semihost.a(_cr_sbrk.o)
 .ARM.attributes
                0x00000000000006af       0x31 /Applications/redsuite_4.3.0_1033/redsuite/tools/bin/../lib/gcc/arm-none-eabi/4.6.2/../../../../arm-none-eabi/lib/armv7-m/libcr_semihost.a(_cr_check_heap.o)

.debug_frame    0x0000000000000000      0x248
 .debug_frame   0x0000000000000000      0x120 ./src/cr_startup_lpc17.o
 .debug_frame   0x0000000000000120       0x30 ./src/main.o
 .debug_frame   0x0000000000000150       0xbc ./src/uart.o
 .debug_frame   0x000000000000020c       0x3c /Users/sin/Documents/LPCxpresso/workspace/CMSISv2p00_LPC17xx/Debug/libCMSISv2p00_LPC17xx.a(system_LPC17xx.o)
