Archive member included because of file (symbol)

/home/nxp/Desktop/linuxtest1/CMSISv1p30_LPC13xx/Debug/libCMSISv1p30_LPC13xx.a(system_LPC13xx.o)
                              ./src/rs485.o (SystemCoreClock)

Allocating common symbols
Common symbol       size              file

UARTBuffer          0x40              ./src/rs485.o
UARTStatus          0x4               ./src/rs485.o
UARTTxBuffer        0x40              ./src/rs485test.o

Discarded input sections

 .text          0x00000000        0x0 ./src/cr_startup_lpc13.o
 .data          0x00000000        0x0 ./src/cr_startup_lpc13.o
 .bss           0x00000000        0x0 ./src/cr_startup_lpc13.o
 .text          0x00000000        0x0 ./src/rs485.o
 .text.RS485Send
                0x00000000       0xb4 ./src/rs485.o
 .text          0x00000000        0x0 ./src/rs485test.o
 .data          0x00000000        0x0 ./src/rs485test.o
 .bss           0x00000000        0x0 ./src/rs485test.o
 COMMON         0x00000000       0x40 ./src/rs485test.o
 .text          0x00000000        0x0 /home/nxp/Desktop/linuxtest1/CMSISv1p30_LPC13xx/Debug/libCMSISv1p30_LPC13xx.a(system_LPC13xx.o)
 .bss           0x00000000        0x0 /home/nxp/Desktop/linuxtest1/CMSISv1p30_LPC13xx/Debug/libCMSISv1p30_LPC13xx.a(system_LPC13xx.o)
 .text.SystemCoreClockUpdate
                0x00000000      0x358 /home/nxp/Desktop/linuxtest1/CMSISv1p30_LPC13xx/Debug/libCMSISv1p30_LPC13xx.a(system_LPC13xx.o)

Memory Configuration

Name             Origin             Length             Attributes
MFlash32         0x00000000         0x00008000         xr
RamLoc8          0x10000000         0x00002000         xrw
*default*        0x00000000         0xffffffff

Linker script and memory map

LOAD ./src/cr_startup_lpc13.o
LOAD ./src/rs485.o
LOAD ./src/rs485test.o
LOAD /home/nxp/Desktop/linuxtest1/CMSISv1p30_LPC13xx/Debug/libCMSISv1p30_LPC13xx.a
START GROUP
LOAD /usr/local/LPCXpresso/tools/bin/../lib/gcc/arm-none-eabi/4.4.1/../../../../arm-none-eabi/lib/thumb2/libcr_semihost.a
LOAD /usr/local/LPCXpresso/tools/bin/../lib/gcc/arm-none-eabi/4.4.1/../../../../arm-none-eabi/lib/thumb2/libcr_c.a
LOAD /usr/local/LPCXpresso/tools/bin/../lib/gcc/arm-none-eabi/4.4.1/thumb2/libcr_eabihelpers.a
END GROUP
                0x00008000                __top_MFlash32 = 0x8000
                0x10002000                __top_RamLoc8 = 0x10002000

.text           0x00000000      0x8dc
 *(.isr_vector)
 .isr_vector    0x00000000      0x124 ./src/cr_startup_lpc13.o
                0x00000000                g_pfnVectors
 *(.text*)
 .text.Reset_Handler
                0x00000124       0x78 ./src/cr_startup_lpc13.o
                0x00000124                Reset_Handler
                0x00000124                ResetISR
 .text.NMI_Handler
                0x0000019c        0x8 ./src/cr_startup_lpc13.o
                0x0000019c                NMI_Handler
 .text.HardFault_Handler
                0x000001a4        0x8 ./src/cr_startup_lpc13.o
                0x000001a4                HardFault_Handler
 .text.MemManage_Handler
                0x000001ac        0x8 ./src/cr_startup_lpc13.o
                0x000001ac                MemManage_Handler
 .text.BusFault_Handler
                0x000001b4        0x8 ./src/cr_startup_lpc13.o
                0x000001b4                BusFault_Handler
 .text.UsageFault_Handler
                0x000001bc        0x8 ./src/cr_startup_lpc13.o
                0x000001bc                UsageFault_Handler
 .text.SVCall_Handler
                0x000001c4        0x8 ./src/cr_startup_lpc13.o
                0x000001c4                SVCall_Handler
 .text.DebugMon_Handler
                0x000001cc        0x8 ./src/cr_startup_lpc13.o
                0x000001cc                DebugMon_Handler
 .text.PendSV_Handler
                0x000001d4        0x8 ./src/cr_startup_lpc13.o
                0x000001d4                PendSV_Handler
 .text.SysTick_Handler
                0x000001dc        0x8 ./src/cr_startup_lpc13.o
                0x000001dc                SysTick_Handler
 .text.IntDefaultHandler
                0x000001e4        0x8 ./src/cr_startup_lpc13.o
                0x000001e4                TIMER16_0_IRQHandler
                0x000001e4                TIMER32_0_IRQHandler
                0x000001e4                TIMER32_1_IRQHandler
                0x000001e4                PIOINT1_IRQHandler
                0x000001e4                SSP_IRQHandler
                0x000001e4                TIMER16_1_IRQHandler
                0x000001e4                USB_FIQHandler
                0x000001e4                ADC_IRQHandler
                0x000001e4                PIOINT2_IRQHandler
                0x000001e4                USB_IRQHandler
                0x000001e4                BOD_IRQHandler
                0x000001e4                WAKEUP_IRQHandler
                0x000001e4                PIOINT0_IRQHandler
                0x000001e4                I2C_IRQHandler
                0x000001e4                WDT_IRQHandler
                0x000001e4                PIOINT3_IRQHandler
                0x000001e4                FMC_IRQHandler
 .text.NVIC_EnableIRQ
                0x000001ec       0x38 ./src/rs485.o
 .text.NVIC_DisableIRQ
                0x00000224       0x3c ./src/rs485.o
 .text.UART_IRQHandler
                0x00000260      0x270 ./src/rs485.o
                0x00000260                UART_IRQHandler
 .text.RS485Init
                0x000004d0      0x1d0 ./src/rs485.o
                0x000004d0                RS485Init
 .text.main     0x000006a0       0x38 ./src/rs485test.o
                0x000006a0                main
 .text.__NOP    0x000006d8        0xc /home/nxp/Desktop/linuxtest1/CMSISv1p30_LPC13xx/Debug/libCMSISv1p30_LPC13xx.a(system_LPC13xx.o)
 .text.SystemInit
                0x000006e4      0x1f8 /home/nxp/Desktop/linuxtest1/CMSISv1p30_LPC13xx/Debug/libCMSISv1p30_LPC13xx.a(system_LPC13xx.o)
                0x000006e4                SystemInit
 *(.rodata*)

.glue_7         0x000008dc        0x0
 .glue_7        0x00000000        0x0 linker stubs

.glue_7t        0x000008dc        0x0
 .glue_7t       0x00000000        0x0 linker stubs

.vfp11_veneer   0x000008dc        0x0
 .vfp11_veneer  0x00000000        0x0 linker stubs

.v4_bx          0x000008dc        0x0
 .v4_bx         0x00000000        0x0 linker stubs

.ARM.extab
 *(.ARM.extab* .gnu.linkonce.armextab.*)
                0x000008dc                __exidx_start = .

.ARM.exidx
 *(.ARM.exidx* .gnu.linkonce.armexidx.*)
                0x000008dc                __exidx_end = .
                0x000008dc                _etext = .

.data           0x10000000        0x8 load address 0x000008dc
                0x10000000                _data = .
 *(vtable)
 *(.data*)
 .data          0x10000000        0x1 ./src/rs485.o
                0x10000000                UART0TxEmpty
 *fill*         0x10000001        0x3 00
 .data          0x10000004        0x4 /home/nxp/Desktop/linuxtest1/CMSISv1p30_LPC13xx/Debug/libCMSISv1p30_LPC13xx.a(system_LPC13xx.o)
                0x10000004                SystemCoreClock
                0x10000008                _edata = .

.bss            0x10000008       0x4c load address 0x000008e4
                0x10000008                _bss = .
 *(.bss*)
 .bss           0x10000008        0x8 ./src/rs485.o
                0x10000008                UARTCount
                0x1000000c                garbageCount
 *(COMMON)
 COMMON         0x10000010       0x44 ./src/rs485.o
                0x10000010                UARTBuffer
                0x10000050                UARTStatus
                0x10000054                _ebss = .

.cr_heap        0x10000054        0x0 load address 0x000008e4
                0x10000054                end = .
                0x10000054                _pvHeapStart = .
                0x10002000                _vRamTop = __top_RamLoc8
                0x10002000                _vStackTop = (_vRamTop - 0x0)
OUTPUT(rs485.axf elf32-littlearm)

.debug_abbrev   0x00000000      0x42e
 .debug_abbrev  0x00000000       0xdf ./src/cr_startup_lpc13.o
 .debug_abbrev  0x000000df      0x1af ./src/rs485.o
 .debug_abbrev  0x0000028e       0xb8 ./src/rs485test.o
 .debug_abbrev  0x00000346       0xe8 /home/nxp/Desktop/linuxtest1/CMSISv1p30_LPC13xx/Debug/libCMSISv1p30_LPC13xx.a(system_LPC13xx.o)

.debug_info     0x00000000     0x158b
 .debug_info    0x00000000      0x1ed ./src/cr_startup_lpc13.o
 .debug_info    0x000001ed      0xd59 ./src/rs485.o
 .debug_info    0x00000f46       0xf8 ./src/rs485test.o
 .debug_info    0x0000103e      0x54d /home/nxp/Desktop/linuxtest1/CMSISv1p30_LPC13xx/Debug/libCMSISv1p30_LPC13xx.a(system_LPC13xx.o)

.debug_line     0x00000000      0x64b
 .debug_line    0x00000000      0x1b7 ./src/cr_startup_lpc13.o
 .debug_line    0x000001b7      0x1d2 ./src/rs485.o
 .debug_line    0x00000389      0x126 ./src/rs485test.o
 .debug_line    0x000004af      0x19c /home/nxp/Desktop/linuxtest1/CMSISv1p30_LPC13xx/Debug/libCMSISv1p30_LPC13xx.a(system_LPC13xx.o)

.debug_macinfo  0x00000000    0x106cf
 .debug_macinfo
                0x00000000     0x15a1 ./src/cr_startup_lpc13.o
 .debug_macinfo
                0x000015a1     0x4fd8 ./src/rs485.o
 .debug_macinfo
                0x00006579     0x4fd8 ./src/rs485test.o
 .debug_macinfo
                0x0000b551     0x517e /home/nxp/Desktop/linuxtest1/CMSISv1p30_LPC13xx/Debug/libCMSISv1p30_LPC13xx.a(system_LPC13xx.o)

.debug_loc      0x00000000      0x3c8
 .debug_loc     0x00000000      0x1e5 ./src/cr_startup_lpc13.o
 .debug_loc     0x000001e5      0x113 ./src/rs485.o
 .debug_loc     0x000002f8       0x37 ./src/rs485test.o
 .debug_loc     0x0000032f       0x99 /home/nxp/Desktop/linuxtest1/CMSISv1p30_LPC13xx/Debug/libCMSISv1p30_LPC13xx.a(system_LPC13xx.o)

.debug_pubnames
                0x00000000      0x1f7
 .debug_pubnames
                0x00000000       0xec ./src/cr_startup_lpc13.o
 .debug_pubnames
                0x000000ec       0x90 ./src/rs485.o
 .debug_pubnames
                0x0000017c       0x2c ./src/rs485test.o
 .debug_pubnames
                0x000001a8       0x4f /home/nxp/Desktop/linuxtest1/CMSISv1p30_LPC13xx/Debug/libCMSISv1p30_LPC13xx.a(system_LPC13xx.o)

.debug_aranges  0x00000000      0x100
 .debug_aranges
                0x00000000       0x70 ./src/cr_startup_lpc13.o
 .debug_aranges
                0x00000070       0x40 ./src/rs485.o
 .debug_aranges
                0x000000b0       0x20 ./src/rs485test.o
 .debug_aranges
                0x000000d0       0x30 /home/nxp/Desktop/linuxtest1/CMSISv1p30_LPC13xx/Debug/libCMSISv1p30_LPC13xx.a(system_LPC13xx.o)

.debug_ranges   0x00000000       0xe0
 .debug_ranges  0x00000000       0x68 ./src/cr_startup_lpc13.o
 .debug_ranges  0x00000068       0x38 ./src/rs485.o
 .debug_ranges  0x000000a0       0x18 ./src/rs485test.o
 .debug_ranges  0x000000b8       0x28 /home/nxp/Desktop/linuxtest1/CMSISv1p30_LPC13xx/Debug/libCMSISv1p30_LPC13xx.a(system_LPC13xx.o)

.debug_str      0x00000000      0xaf6
 .debug_str     0x00000000      0x18d ./src/cr_startup_lpc13.o
                                0x1c1 (size before relaxing)
 .debug_str     0x0000018d      0x8c7 ./src/rs485.o
                                0x985 (size before relaxing)
 .debug_str     0x00000a54       0x25 ./src/rs485test.o
                                 0xfe (size before relaxing)
 .debug_str     0x00000a79       0x7d /home/nxp/Desktop/linuxtest1/CMSISv1p30_LPC13xx/Debug/libCMSISv1p30_LPC13xx.a(system_LPC13xx.o)
                                0x3e1 (size before relaxing)

.comment        0x00000000       0xac
 .comment       0x00000000       0x2b ./src/cr_startup_lpc13.o
 .comment       0x0000002b       0x2b ./src/rs485.o
 .comment       0x00000056       0x2b ./src/rs485test.o
 .comment       0x00000081       0x2b /home/nxp/Desktop/linuxtest1/CMSISv1p30_LPC13xx/Debug/libCMSISv1p30_LPC13xx.a(system_LPC13xx.o)

.ARM.attributes
                0x00000000       0x31
 .ARM.attributes
                0x00000000       0x31 ./src/cr_startup_lpc13.o
 .ARM.attributes
                0x00000031       0x31 ./src/rs485.o
 .ARM.attributes
                0x00000062       0x31 ./src/rs485test.o
 .ARM.attributes
                0x00000093       0x31 /home/nxp/Desktop/linuxtest1/CMSISv1p30_LPC13xx/Debug/libCMSISv1p30_LPC13xx.a(system_LPC13xx.o)

.debug_frame    0x00000000      0x254
 .debug_frame   0x00000000      0x120 ./src/cr_startup_lpc13.o
 .debug_frame   0x00000120       0xa0 ./src/rs485.o
 .debug_frame   0x000001c0       0x30 ./src/rs485test.o
 .debug_frame   0x000001f0       0x64 /home/nxp/Desktop/linuxtest1/CMSISv1p30_LPC13xx/Debug/libCMSISv1p30_LPC13xx.a(system_LPC13xx.o)
