Archive member included because of file (symbol)

C:\E\Dev\workspaces\LPCXpresso\CMSISv1p30_LPC17xx\Debug\libCMSISv1p30_LPC17xx.a(system_LPC17xx.o)
                              ./cr_startup_lpc17.o (SystemInit)
C:\E\Dev\workspaces\LPCXpresso\FreeRTOS_Library\Debug\libFreeRTOS_Library.a(queue.o)
                              ./main.o (xQueueGenericReceive)
C:\E\Dev\workspaces\LPCXpresso\FreeRTOS_Library\Debug\libFreeRTOS_Library.a(tasks.o)
                              C:\E\Dev\workspaces\LPCXpresso\FreeRTOS_Library\Debug\libFreeRTOS_Library.a(queue.o) (vTaskSuspendAll)
C:\E\Dev\workspaces\LPCXpresso\FreeRTOS_Library\Debug\libFreeRTOS_Library.a(heap_2.o)
                              C:\E\Dev\workspaces\LPCXpresso\FreeRTOS_Library\Debug\libFreeRTOS_Library.a(queue.o) (vPortFree)
C:\E\Dev\workspaces\LPCXpresso\FreeRTOS_Library\Debug\libFreeRTOS_Library.a(port.o)
                              C:\E\Dev\workspaces\LPCXpresso\FreeRTOS_Library\Debug\libFreeRTOS_Library.a(tasks.o) (pxPortInitialiseStack)
C:\E\Dev\workspaces\LPCXpresso\FreeRTOS_Library\Debug\libFreeRTOS_Library.a(list.o)
                              C:\E\Dev\workspaces\LPCXpresso\FreeRTOS_Library\Debug\libFreeRTOS_Library.a(queue.o) (vListInitialise)
c:/devtools/nxp/lpcxpresso_3.4/tools/bin/../lib/gcc/arm-none-eabi/4.3.3/../../../../arm-none-eabi/lib/thumb2\libcr_c.a(memcpy.o)
                              C:\E\Dev\workspaces\LPCXpresso\FreeRTOS_Library\Debug\libFreeRTOS_Library.a(queue.o) (memcpy)
c:/devtools/nxp/lpcxpresso_3.4/tools/bin/../lib/gcc/arm-none-eabi/4.3.3/../../../../arm-none-eabi/lib/thumb2\libcr_c.a(memset.o)
                              C:\E\Dev\workspaces\LPCXpresso\FreeRTOS_Library\Debug\libFreeRTOS_Library.a(tasks.o) (memset)
c:/devtools/nxp/lpcxpresso_3.4/tools/bin/../lib/gcc/arm-none-eabi/4.3.3/../../../../arm-none-eabi/lib/thumb2\libcr_c.a(strncpy.o)
                              C:\E\Dev\workspaces\LPCXpresso\FreeRTOS_Library\Debug\libFreeRTOS_Library.a(tasks.o) (strncpy)

Discarded input sections

 .text          0x00000000        0x0 ./cr_startup_lpc17.o
 .data          0x00000000        0x0 ./cr_startup_lpc17.o
 .bss           0x00000000        0x0 ./cr_startup_lpc17.o
 .text.SVCall_Handler
                0x00000000        0x0 ./cr_startup_lpc17.o
 .text.PendSV_Handler
                0x00000000        0x0 ./cr_startup_lpc17.o
 .text.SysTick_Handler
                0x00000000        0x0 ./cr_startup_lpc17.o
 .text          0x00000000        0x0 ./main.o
 .data          0x00000000        0x0 ./main.o
 .text          0x00000000        0x0 C:\E\Dev\workspaces\LPCXpresso\CMSISv1p30_LPC17xx\Debug\libCMSISv1p30_LPC17xx.a(system_LPC17xx.o)
 .data          0x00000000        0x0 C:\E\Dev\workspaces\LPCXpresso\CMSISv1p30_LPC17xx\Debug\libCMSISv1p30_LPC17xx.a(system_LPC17xx.o)
 .bss           0x00000000        0x0 C:\E\Dev\workspaces\LPCXpresso\CMSISv1p30_LPC17xx\Debug\libCMSISv1p30_LPC17xx.a(system_LPC17xx.o)
 .text.SystemCoreClockUpdate
                0x00000000        0x0 C:\E\Dev\workspaces\LPCXpresso\CMSISv1p30_LPC17xx\Debug\libCMSISv1p30_LPC17xx.a(system_LPC17xx.o)
 .data          0x00000000        0x0 C:\E\Dev\workspaces\LPCXpresso\FreeRTOS_Library\Debug\libFreeRTOS_Library.a(queue.o)
 .bss           0x00000000        0x0 C:\E\Dev\workspaces\LPCXpresso\FreeRTOS_Library\Debug\libFreeRTOS_Library.a(queue.o)
 .data          0x00000000        0x0 C:\E\Dev\workspaces\LPCXpresso\FreeRTOS_Library\Debug\libFreeRTOS_Library.a(tasks.o)
 .bss           0x00000000        0x0 C:\E\Dev\workspaces\LPCXpresso\FreeRTOS_Library\Debug\libFreeRTOS_Library.a(port.o)
 .rodata        0x00000000        0x0 C:\E\Dev\workspaces\LPCXpresso\FreeRTOS_Library\Debug\libFreeRTOS_Library.a(port.o)
 .data          0x00000000        0x0 C:\E\Dev\workspaces\LPCXpresso\FreeRTOS_Library\Debug\libFreeRTOS_Library.a(list.o)
 .bss           0x00000000        0x0 C:\E\Dev\workspaces\LPCXpresso\FreeRTOS_Library\Debug\libFreeRTOS_Library.a(list.o)
 .text          0x00000000        0x0 c:/devtools/nxp/lpcxpresso_3.4/tools/bin/../lib/gcc/arm-none-eabi/4.3.3/../../../../arm-none-eabi/lib/thumb2\libcr_c.a(memcpy.o)
 .data          0x00000000        0x0 c:/devtools/nxp/lpcxpresso_3.4/tools/bin/../lib/gcc/arm-none-eabi/4.3.3/../../../../arm-none-eabi/lib/thumb2\libcr_c.a(memcpy.o)
 .bss           0x00000000        0x0 c:/devtools/nxp/lpcxpresso_3.4/tools/bin/../lib/gcc/arm-none-eabi/4.3.3/../../../../arm-none-eabi/lib/thumb2\libcr_c.a(memcpy.o)
 .text._start_module_memcpy
                0x00000000        0x0 c:/devtools/nxp/lpcxpresso_3.4/tools/bin/../lib/gcc/arm-none-eabi/4.3.3/../../../../arm-none-eabi/lib/thumb2\libcr_c.a(memcpy.o)
 .text._end_module_memcpy
                0x00000000        0x0 c:/devtools/nxp/lpcxpresso_3.4/tools/bin/../lib/gcc/arm-none-eabi/4.3.3/../../../../arm-none-eabi/lib/thumb2\libcr_c.a(memcpy.o)
 .text          0x00000000        0x0 c:/devtools/nxp/lpcxpresso_3.4/tools/bin/../lib/gcc/arm-none-eabi/4.3.3/../../../../arm-none-eabi/lib/thumb2\libcr_c.a(memset.o)
 .data          0x00000000        0x0 c:/devtools/nxp/lpcxpresso_3.4/tools/bin/../lib/gcc/arm-none-eabi/4.3.3/../../../../arm-none-eabi/lib/thumb2\libcr_c.a(memset.o)
 .bss           0x00000000        0x0 c:/devtools/nxp/lpcxpresso_3.4/tools/bin/../lib/gcc/arm-none-eabi/4.3.3/../../../../arm-none-eabi/lib/thumb2\libcr_c.a(memset.o)
 .text._start_module_memset
                0x00000000        0x0 c:/devtools/nxp/lpcxpresso_3.4/tools/bin/../lib/gcc/arm-none-eabi/4.3.3/../../../../arm-none-eabi/lib/thumb2\libcr_c.a(memset.o)
 .text._end_module_memset
                0x00000000        0x0 c:/devtools/nxp/lpcxpresso_3.4/tools/bin/../lib/gcc/arm-none-eabi/4.3.3/../../../../arm-none-eabi/lib/thumb2\libcr_c.a(memset.o)
 .text          0x00000000        0x0 c:/devtools/nxp/lpcxpresso_3.4/tools/bin/../lib/gcc/arm-none-eabi/4.3.3/../../../../arm-none-eabi/lib/thumb2\libcr_c.a(strncpy.o)
 .data          0x00000000        0x0 c:/devtools/nxp/lpcxpresso_3.4/tools/bin/../lib/gcc/arm-none-eabi/4.3.3/../../../../arm-none-eabi/lib/thumb2\libcr_c.a(strncpy.o)
 .bss           0x00000000        0x0 c:/devtools/nxp/lpcxpresso_3.4/tools/bin/../lib/gcc/arm-none-eabi/4.3.3/../../../../arm-none-eabi/lib/thumb2\libcr_c.a(strncpy.o)
 .text._start_module_strncpy
                0x00000000        0x0 c:/devtools/nxp/lpcxpresso_3.4/tools/bin/../lib/gcc/arm-none-eabi/4.3.3/../../../../arm-none-eabi/lib/thumb2\libcr_c.a(strncpy.o)
 .text._end_module_strncpy
                0x00000000        0x0 c:/devtools/nxp/lpcxpresso_3.4/tools/bin/../lib/gcc/arm-none-eabi/4.3.3/../../../../arm-none-eabi/lib/thumb2\libcr_c.a(strncpy.o)

Memory Configuration

Name             Origin             Length             Attributes
MFlash512        0x00000000         0x00080000         xr
RamLoc32         0x10000000         0x00008000         xrw
RamAHB32         0x2007c000         0x00008000         xrw
CANAccFilterRAM  0x40038000         0x00000800         xrw
*default*        0x00000000         0xffffffff

Linker script and memory map

LOAD ./cr_startup_lpc17.o
LOAD ./main.o
LOAD C:\E\Dev\workspaces\LPCXpresso\CMSISv1p30_LPC17xx\Debug\libCMSISv1p30_LPC17xx.a
LOAD C:\E\Dev\workspaces\LPCXpresso\FreeRTOS_Library\Debug\libFreeRTOS_Library.a
START GROUP
LOAD c:/devtools/nxp/lpcxpresso_3.4/tools/bin/../lib/gcc/arm-none-eabi/4.3.3/../../../../arm-none-eabi/lib/thumb2\libcr_c.a
LOAD c:/devtools/nxp/lpcxpresso_3.4/tools/bin/../lib/gcc/arm-none-eabi/4.3.3/../../../../arm-none-eabi/lib/thumb2\libcr_semihost.a
LOAD c:/devtools/nxp/lpcxpresso_3.4/tools/bin/../lib/gcc/arm-none-eabi/4.3.3/thumb2\libcr_eabihelpers.a
END GROUP
                0x00080000                __top_MFlash512 = 0x80000
                0x10008000                __top_RamLoc32 = 0x10008000
                0x20084000                __top_RamAHB32 = 0x20084000
                0x40038800                __top_CANAccFilterRAM = 0x40038800

.text           0x00000000     0x1a98
 *(.isr_vector)
 .isr_vector    0x00000000       0xc4 ./cr_startup_lpc17.o
                0x00000000                g_pfnVectors
 *(.text*)
 .text.Reset_Handler
                0x000000c4       0x78 ./cr_startup_lpc17.o
                0x000000c4                Reset_Handler
                0x000000c4                ResetISR
 .text.NMI_Handler
                0x0000013c        0x8 ./cr_startup_lpc17.o
                0x0000013c                NMI_Handler
 .text.HardFault_Handler
                0x00000144        0x8 ./cr_startup_lpc17.o
                0x00000144                HardFault_Handler
 .text.MemManage_Handler
                0x0000014c        0x8 ./cr_startup_lpc17.o
                0x0000014c                MemManage_Handler
 .text.BusFault_Handler
                0x00000154        0x8 ./cr_startup_lpc17.o
                0x00000154                BusFault_Handler
 .text.UsageFault_Handler
                0x0000015c        0x8 ./cr_startup_lpc17.o
                0x0000015c                UsageFault_Handler
 .text.DebugMon_Handler
                0x00000164        0x8 ./cr_startup_lpc17.o
                0x00000164                DebugMon_Handler
 .text.IntDefaultHandler
                0x0000016c        0x8 ./cr_startup_lpc17.o
                0x0000016c                TIMER2_IRQHandler
                0x0000016c                RIT_IRQHandler
                0x0000016c                I2C0_IRQHandler
                0x0000016c                PWM1_IRQHandler
                0x0000016c                I2C1_IRQHandler
                0x0000016c                EINT2_IRQHandler
                0x0000016c                UART1_IRQHandler
                0x0000016c                EINT3_IRQHandler
                0x0000016c                TIMER3_IRQHandler
                0x0000016c                UART0_IRQHandler
                0x0000016c                PLL0_IRQHandler
                0x0000016c                CAN_IRQHandler
                0x0000016c                PLL1_IRQHandler
                0x0000016c                SSP0_IRQHandler
                0x0000016c                I2S_IRQHandler
                0x0000016c                I2C2_IRQHandler
                0x0000016c                RTC_IRQHandler
                0x0000016c                TIMER0_IRQHandler
                0x0000016c                SPI_IRQHandler
                0x0000016c                EINT1_IRQHandler
                0x0000016c                TIMER1_IRQHandler
                0x0000016c                UART2_IRQHandler
                0x0000016c                ADC_IRQHandler
                0x0000016c                SSP1_IRQHandler
                0x0000016c                USB_IRQHandler
                0x0000016c                BOD_IRQHandler
                0x0000016c                WDT_IRQHandler
                0x0000016c                QEI_IRQHandler
                0x0000016c                EINT0_IRQHandler
                0x0000016c                DMA_IRQHandler
                0x0000016c                UART3_IRQHandler
                0x0000016c                MCPWM_IRQHandler
                0x0000016c                ENET_IRQHandler
 .text.main     0x00000174       0xcc ./main.o
                0x00000174                main
 .text.prvQueueSendTask
                0x00000240       0x44 ./main.o
 .text.prvQueueReceiveTask
                0x00000284       0x34 ./main.o
 .text.prvToggleLED
                0x000002b8       0x40 ./main.o
 .text.SystemInit
                0x000002f8      0x214 C:\E\Dev\workspaces\LPCXpresso\CMSISv1p30_LPC17xx\Debug\libCMSISv1p30_LPC17xx.a(system_LPC17xx.o)
                0x000002f8                SystemInit
 .text          0x0000050c      0x4e8 C:\E\Dev\workspaces\LPCXpresso\FreeRTOS_Library\Debug\libFreeRTOS_Library.a(queue.o)
                0x000007d4                xQueueGenericSendFromISR
                0x00000968                xQueueCreate
                0x0000052c                vQueueDelete
                0x00000830                xQueueGenericSend
                0x0000057c                xQueueReceiveFromISR
                0x000009dc                xQueueCreateCountingSemaphore
                0x0000051c                xQueueIsQueueFullFromISR
                0x00000540                uxQueueMessagesWaiting
                0x00000650                xQueueGenericReceive
                0x0000050c                uxQueueMessagesWaitingFromISR
                0x00000510                xQueueIsQueueEmptyFromISR
                0x0000091c                xQueueCreateMutex
 .text          0x000009f4      0xc64 C:\E\Dev\workspaces\LPCXpresso\FreeRTOS_Library\Debug\libFreeRTOS_Library.a(tasks.o)
                0x00000e8c                uxTaskPriorityGet
                0x00001144                vTaskPrioritySet
                0x00001388                vTaskEndScheduler
                0x00000eb0                vTaskPlaceOnEventList
                0x00001410                xTaskGenericCreate
                0x000009f4                xTaskIsTaskSuspended
                0x00000d80                xTaskResumeFromISR
                0x00000e74                xTaskGetTickCount
                0x00000c04                xTaskRemoveFromEventList
                0x00001308                vTaskDelete
                0x00000dfc                xTaskCheckForTimeOut
                0x00000a20                vTaskSuspendAll
                0x00000a34                xTaskGetTickCountFromISR
                0x00000b1c                vTaskPriorityDisinherit
                0x00000b70                vTaskPriorityInherit
                0x00001034                vTaskResume
                0x00000a4c                vTaskSwitchContext
                0x000010b0                vTaskSuspend
                0x00000a40                uxTaskGetNumberOfTasks
                0x00000c8c                vTaskIncrementTick
                0x0000125c                vTaskDelayUntil
                0x00000b0c                xTaskGetCurrentTaskHandle
                0x00000f38                xTaskResumeAll
                0x00001604                vTaskStartScheduler
                0x00000af8                vTaskMissedYield
                0x000011f8                vTaskDelay
                0x00000ae4                vTaskSetTimeOutState
 .text          0x00001658      0x130 C:\E\Dev\workspaces\LPCXpresso\FreeRTOS_Library\Debug\libFreeRTOS_Library.a(heap_2.o)
                0x00001658                xPortGetFreeHeapSize
                0x00001668                vPortFree
                0x000016a4                pvPortMalloc
                0x00001664                vPortInitialiseBlocks
 .text          0x00001788      0x154 C:\E\Dev\workspaces\LPCXpresso\FreeRTOS_Library\Debug\libFreeRTOS_Library.a(port.o)
                0x00001808                vPortExitCritical
                0x00001860                xPortStartScheduler
                0x000018b0                xPortSysTickHandler
                0x00001824                xPortPendSVHandler
                0x000017d8                vPortEndScheduler
                0x000017cc                vPortStartFirstTask
                0x000017ac                vPortSVCHandler
                0x000017dc                vPortYieldFromISR
                0x00001788                pxPortInitialiseStack
                0x000017ec                vPortEnterCritical
 .text          0x000018dc       0xa8 C:\E\Dev\workspaces\LPCXpresso\FreeRTOS_Library\Debug\libFreeRTOS_Library.a(list.o)
                0x000018fc                vListInsertEnd
                0x0000195c                vListRemove
                0x000018f4                vListInitialiseItem
                0x000018dc                vListInitialise
                0x0000191c                vListInsert
 .text.memcpy   0x00001984       0x3c c:/devtools/nxp/lpcxpresso_3.4/tools/bin/../lib/gcc/arm-none-eabi/4.3.3/../../../../arm-none-eabi/lib/thumb2\libcr_c.a(memcpy.o)
                0x00001984                memcpy
 .text.memset   0x000019c0       0x50 c:/devtools/nxp/lpcxpresso_3.4/tools/bin/../lib/gcc/arm-none-eabi/4.3.3/../../../../arm-none-eabi/lib/thumb2\libcr_c.a(memset.o)
                0x000019c0                memset
 .text.strncpy  0x00001a10       0x78 c:/devtools/nxp/lpcxpresso_3.4/tools/bin/../lib/gcc/arm-none-eabi/4.3.3/../../../../arm-none-eabi/lib/thumb2\libcr_c.a(strncpy.o)
                0x00001a10                strncpy
 *(.rodata*)
 .rodata        0x00001a88        0x8 ./main.o
 .rodata.str1.4
                0x00001a90        0x8 C:\E\Dev\workspaces\LPCXpresso\FreeRTOS_Library\Debug\libFreeRTOS_Library.a(tasks.o)

.glue_7         0x00001a98        0x0
 .glue_7        0x00000000        0x0 linker stubs

.glue_7t        0x00001a98        0x0
 .glue_7t       0x00000000        0x0 linker stubs

.vfp11_veneer   0x00001a98        0x0
 .vfp11_veneer  0x00000000        0x0 linker stubs

.v4_bx          0x00001a98        0x0
 .v4_bx         0x00000000        0x0 linker stubs

.ARM.extab
 *(.ARM.extab* .gnu.linkonce.armextab.*)
                0x00001a98                __exidx_start = .

.ARM.exidx
 *(.ARM.exidx* .gnu.linkonce.armexidx.*)
                0x00001a98                __exidx_end = .
                0x00001a98                _etext = .

.data           0x10000000        0x8 load address 0x00001a98
                0x10000000                _data = .
 *(vtable)
 *(.data*)
 .data          0x10000000        0x4 C:\E\Dev\workspaces\LPCXpresso\FreeRTOS_Library\Debug\libFreeRTOS_Library.a(heap_2.o)
 .data          0x10000004        0x4 C:\E\Dev\workspaces\LPCXpresso\FreeRTOS_Library\Debug\libFreeRTOS_Library.a(port.o)
                0x10000008                _edata = .

.bss            0x10000008      0x920 load address 0x00001aa0
                0x10000008                _bss = .
 *(.bss*)
 .bss           0x10000008        0x4 ./main.o
 .bss           0x1000000c      0x100 C:\E\Dev\workspaces\LPCXpresso\FreeRTOS_Library\Debug\libFreeRTOS_Library.a(tasks.o)
                0x100000ac                pxCurrentTCB
 *fill*         0x1000010c        0x4 00
 .bss           0x10000110      0x818 C:\E\Dev\workspaces\LPCXpresso\FreeRTOS_Library\Debug\libFreeRTOS_Library.a(heap_2.o)
 *(COMMON)
                0x10000928                _ebss = .

.cr_heap        0x10000928        0x0 load address 0x00001aa0
                0x10000928                end = .
                0x10000928                _pvHeapStart = .
                0x10008000                _vRamTop = __top_RamLoc32
                0x10007ff0                _vStackTop = (_vRamTop - 0x10)
OUTPUT(SimpleDemo.axf elf32-littlearm)

.debug_abbrev   0x00000000      0xab7
 .debug_abbrev  0x00000000       0xdf ./cr_startup_lpc17.o
 .debug_abbrev  0x000000df      0x10c ./main.o
 .debug_abbrev  0x000001eb       0xc6 C:\E\Dev\workspaces\LPCXpresso\CMSISv1p30_LPC17xx\Debug\libCMSISv1p30_LPC17xx.a(system_LPC17xx.o)
 .debug_abbrev  0x000002b1      0x1bf C:\E\Dev\workspaces\LPCXpresso\FreeRTOS_Library\Debug\libFreeRTOS_Library.a(queue.o)
 .debug_abbrev  0x00000470      0x270 C:\E\Dev\workspaces\LPCXpresso\FreeRTOS_Library\Debug\libFreeRTOS_Library.a(tasks.o)
 .debug_abbrev  0x000006e0      0x1a3 C:\E\Dev\workspaces\LPCXpresso\FreeRTOS_Library\Debug\libFreeRTOS_Library.a(heap_2.o)
 .debug_abbrev  0x00000883      0x148 C:\E\Dev\workspaces\LPCXpresso\FreeRTOS_Library\Debug\libFreeRTOS_Library.a(port.o)
 .debug_abbrev  0x000009cb       0xec C:\E\Dev\workspaces\LPCXpresso\FreeRTOS_Library\Debug\libFreeRTOS_Library.a(list.o)

.debug_info     0x00000000     0x2816
 .debug_info    0x00000000      0x1f4 ./cr_startup_lpc17.o
 .debug_info    0x000001f4      0x62b ./main.o
 .debug_info    0x0000081f      0x334 C:\E\Dev\workspaces\LPCXpresso\CMSISv1p30_LPC17xx\Debug\libCMSISv1p30_LPC17xx.a(system_LPC17xx.o)
 .debug_info    0x00000b53      0x7ee C:\E\Dev\workspaces\LPCXpresso\FreeRTOS_Library\Debug\libFreeRTOS_Library.a(queue.o)
 .debug_info    0x00001341      0xd54 C:\E\Dev\workspaces\LPCXpresso\FreeRTOS_Library\Debug\libFreeRTOS_Library.a(tasks.o)
 .debug_info    0x00002095      0x2c6 C:\E\Dev\workspaces\LPCXpresso\FreeRTOS_Library\Debug\libFreeRTOS_Library.a(heap_2.o)
 .debug_info    0x0000235b      0x202 C:\E\Dev\workspaces\LPCXpresso\FreeRTOS_Library\Debug\libFreeRTOS_Library.a(port.o)
 .debug_info    0x0000255d      0x2b9 C:\E\Dev\workspaces\LPCXpresso\FreeRTOS_Library\Debug\libFreeRTOS_Library.a(list.o)

.debug_line     0x00000000     0x2496
 .debug_line    0x00000000      0x360 ./cr_startup_lpc17.o
 .debug_line    0x00000360      0x48a ./main.o
 .debug_line    0x000007ea      0x30c C:\E\Dev\workspaces\LPCXpresso\CMSISv1p30_LPC17xx\Debug\libCMSISv1p30_LPC17xx.a(system_LPC17xx.o)
 .debug_line    0x00000af6      0x5ae C:\E\Dev\workspaces\LPCXpresso\FreeRTOS_Library\Debug\libFreeRTOS_Library.a(queue.o)
 .debug_line    0x000010a4      0x66e C:\E\Dev\workspaces\LPCXpresso\FreeRTOS_Library\Debug\libFreeRTOS_Library.a(tasks.o)
 .debug_line    0x00001712      0x48e C:\E\Dev\workspaces\LPCXpresso\FreeRTOS_Library\Debug\libFreeRTOS_Library.a(heap_2.o)
 .debug_line    0x00001ba0      0x481 C:\E\Dev\workspaces\LPCXpresso\FreeRTOS_Library\Debug\libFreeRTOS_Library.a(port.o)
 .debug_line    0x00002021      0x475 C:\E\Dev\workspaces\LPCXpresso\FreeRTOS_Library\Debug\libFreeRTOS_Library.a(list.o)

.debug_macinfo  0x00000000    0x3ccb1
 .debug_macinfo
                0x00000000     0x267e ./cr_startup_lpc17.o
 .debug_macinfo
                0x0000267e     0x8c51 ./main.o
 .debug_macinfo
                0x0000b2cf     0x6d59 C:\E\Dev\workspaces\LPCXpresso\CMSISv1p30_LPC17xx\Debug\libCMSISv1p30_LPC17xx.a(system_LPC17xx.o)
 .debug_macinfo
                0x00012028     0x8e00 C:\E\Dev\workspaces\LPCXpresso\FreeRTOS_Library\Debug\libFreeRTOS_Library.a(queue.o)
 .debug_macinfo
                0x0001ae28     0x8cb0 C:\E\Dev\workspaces\LPCXpresso\FreeRTOS_Library\Debug\libFreeRTOS_Library.a(tasks.o)
 .debug_macinfo
                0x00023ad8     0x88b4 C:\E\Dev\workspaces\LPCXpresso\FreeRTOS_Library\Debug\libFreeRTOS_Library.a(heap_2.o)
 .debug_macinfo
                0x0002c38c     0x871e C:\E\Dev\workspaces\LPCXpresso\FreeRTOS_Library\Debug\libFreeRTOS_Library.a(port.o)
 .debug_macinfo
                0x00034aaa     0x8207 C:\E\Dev\workspaces\LPCXpresso\FreeRTOS_Library\Debug\libFreeRTOS_Library.a(list.o)

.debug_frame    0x00000000      0x7e0
 .debug_frame   0x00000000      0x120 ./cr_startup_lpc17.o
 .debug_frame   0x00000120       0x8c ./main.o
 .debug_frame   0x000001ac       0x40 C:\E\Dev\workspaces\LPCXpresso\CMSISv1p30_LPC17xx\Debug\libCMSISv1p30_LPC17xx.a(system_LPC17xx.o)
 .debug_frame   0x000001ec      0x198 C:\E\Dev\workspaces\LPCXpresso\FreeRTOS_Library\Debug\libFreeRTOS_Library.a(queue.o)
 .debug_frame   0x00000384      0x2c8 C:\E\Dev\workspaces\LPCXpresso\FreeRTOS_Library\Debug\libFreeRTOS_Library.a(tasks.o)
 .debug_frame   0x0000064c       0x6c C:\E\Dev\workspaces\LPCXpresso\FreeRTOS_Library\Debug\libFreeRTOS_Library.a(heap_2.o)
 .debug_frame   0x000006b8       0xc0 C:\E\Dev\workspaces\LPCXpresso\FreeRTOS_Library\Debug\libFreeRTOS_Library.a(port.o)
 .debug_frame   0x00000778       0x68 C:\E\Dev\workspaces\LPCXpresso\FreeRTOS_Library\Debug\libFreeRTOS_Library.a(list.o)

.debug_loc      0x00000000     0x1554
 .debug_loc     0x00000000      0x1e5 ./cr_startup_lpc17.o
 .debug_loc     0x000001e5       0xdc ./main.o
 .debug_loc     0x000002c1       0x56 C:\E\Dev\workspaces\LPCXpresso\CMSISv1p30_LPC17xx\Debug\libCMSISv1p30_LPC17xx.a(system_LPC17xx.o)
 .debug_loc     0x00000317      0x6d5 C:\E\Dev\workspaces\LPCXpresso\FreeRTOS_Library\Debug\libFreeRTOS_Library.a(queue.o)
 .debug_loc     0x000009ec      0x8dc C:\E\Dev\workspaces\LPCXpresso\FreeRTOS_Library\Debug\libFreeRTOS_Library.a(tasks.o)
 .debug_loc     0x000012c8      0x1c2 C:\E\Dev\workspaces\LPCXpresso\FreeRTOS_Library\Debug\libFreeRTOS_Library.a(heap_2.o)
 .debug_loc     0x0000148a       0x6f C:\E\Dev\workspaces\LPCXpresso\FreeRTOS_Library\Debug\libFreeRTOS_Library.a(port.o)
 .debug_loc     0x000014f9       0x5b C:\E\Dev\workspaces\LPCXpresso\FreeRTOS_Library\Debug\libFreeRTOS_Library.a(list.o)

.debug_pubnames
                0x00000000      0x70c
 .debug_pubnames
                0x00000000       0xec ./cr_startup_lpc17.o
 .debug_pubnames
                0x000000ec       0x1b ./main.o
 .debug_pubnames
                0x00000107       0x4f C:\E\Dev\workspaces\LPCXpresso\CMSISv1p30_LPC17xx\Debug\libCMSISv1p30_LPC17xx.a(system_LPC17xx.o)
 .debug_pubnames
                0x00000156      0x149 C:\E\Dev\workspaces\LPCXpresso\FreeRTOS_Library\Debug\libFreeRTOS_Library.a(queue.o)
 .debug_pubnames
                0x0000029f      0x28b C:\E\Dev\workspaces\LPCXpresso\FreeRTOS_Library\Debug\libFreeRTOS_Library.a(tasks.o)
 .debug_pubnames
                0x0000052a       0x64 C:\E\Dev\workspaces\LPCXpresso\FreeRTOS_Library\Debug\libFreeRTOS_Library.a(heap_2.o)
 .debug_pubnames
                0x0000058e      0x10d C:\E\Dev\workspaces\LPCXpresso\FreeRTOS_Library\Debug\libFreeRTOS_Library.a(port.o)
 .debug_pubnames
                0x0000069b       0x71 C:\E\Dev\workspaces\LPCXpresso\FreeRTOS_Library\Debug\libFreeRTOS_Library.a(list.o)

.debug_aranges  0x00000000      0x170
 .debug_aranges
                0x00000000       0x70 ./cr_startup_lpc17.o
 .debug_aranges
                0x00000070       0x38 ./main.o
 .debug_aranges
                0x000000a8       0x28 C:\E\Dev\workspaces\LPCXpresso\CMSISv1p30_LPC17xx\Debug\libCMSISv1p30_LPC17xx.a(system_LPC17xx.o)
 .debug_aranges
                0x000000d0       0x20 C:\E\Dev\workspaces\LPCXpresso\FreeRTOS_Library\Debug\libFreeRTOS_Library.a(queue.o)
 .debug_aranges
                0x000000f0       0x20 C:\E\Dev\workspaces\LPCXpresso\FreeRTOS_Library\Debug\libFreeRTOS_Library.a(tasks.o)
 .debug_aranges
                0x00000110       0x20 C:\E\Dev\workspaces\LPCXpresso\FreeRTOS_Library\Debug\libFreeRTOS_Library.a(heap_2.o)
 .debug_aranges
                0x00000130       0x20 C:\E\Dev\workspaces\LPCXpresso\FreeRTOS_Library\Debug\libFreeRTOS_Library.a(port.o)
 .debug_aranges
                0x00000150       0x20 C:\E\Dev\workspaces\LPCXpresso\FreeRTOS_Library\Debug\libFreeRTOS_Library.a(list.o)

.debug_ranges   0x00000000      0x108
 .debug_ranges  0x00000000       0x68 ./cr_startup_lpc17.o
 .debug_ranges  0x00000068       0x30 ./main.o
 .debug_ranges  0x00000098       0x20 C:\E\Dev\workspaces\LPCXpresso\CMSISv1p30_LPC17xx\Debug\libCMSISv1p30_LPC17xx.a(system_LPC17xx.o)
 .debug_ranges  0x000000b8       0x50 C:\E\Dev\workspaces\LPCXpresso\FreeRTOS_Library\Debug\libFreeRTOS_Library.a(tasks.o)

.debug_str      0x00000000     0x1347
 .debug_str     0x00000000      0x197 ./cr_startup_lpc17.o
                                0x1cb (size before relaxing)
 .debug_str     0x00000197      0x2e3 ./main.o
                                0x3b1 (size before relaxing)
 .debug_str     0x0000047a      0x199 C:\E\Dev\workspaces\LPCXpresso\CMSISv1p30_LPC17xx\Debug\libCMSISv1p30_LPC17xx.a(system_LPC17xx.o)
                                0x23e (size before relaxing)
 .debug_str     0x00000613      0x400 C:\E\Dev\workspaces\LPCXpresso\FreeRTOS_Library\Debug\libFreeRTOS_Library.a(queue.o)
                                0x4e2 (size before relaxing)
 .debug_str     0x00000a13      0x638 C:\E\Dev\workspaces\LPCXpresso\FreeRTOS_Library\Debug\libFreeRTOS_Library.a(tasks.o)
                                0x817 (size before relaxing)
 .debug_str     0x0000104b      0x150 C:\E\Dev\workspaces\LPCXpresso\FreeRTOS_Library\Debug\libFreeRTOS_Library.a(heap_2.o)
                                0x231 (size before relaxing)
 .debug_str     0x0000119b      0x11a C:\E\Dev\workspaces\LPCXpresso\FreeRTOS_Library\Debug\libFreeRTOS_Library.a(port.o)
                                0x21a (size before relaxing)
 .debug_str     0x000012b5       0x92 C:\E\Dev\workspaces\LPCXpresso\FreeRTOS_Library\Debug\libFreeRTOS_Library.a(list.o)
                                0x215 (size before relaxing)

.comment        0x00000000      0x1d9
 .comment       0x00000000       0x2b ./cr_startup_lpc17.o
 .comment       0x0000002b       0x2b ./main.o
 .comment       0x00000056       0x2b C:\E\Dev\workspaces\LPCXpresso\CMSISv1p30_LPC17xx\Debug\libCMSISv1p30_LPC17xx.a(system_LPC17xx.o)
 .comment       0x00000081       0x2b C:\E\Dev\workspaces\LPCXpresso\FreeRTOS_Library\Debug\libFreeRTOS_Library.a(queue.o)
 .comment       0x000000ac       0x2b C:\E\Dev\workspaces\LPCXpresso\FreeRTOS_Library\Debug\libFreeRTOS_Library.a(tasks.o)
 .comment       0x000000d7       0x2b C:\E\Dev\workspaces\LPCXpresso\FreeRTOS_Library\Debug\libFreeRTOS_Library.a(heap_2.o)
 .comment       0x00000102       0x2b C:\E\Dev\workspaces\LPCXpresso\FreeRTOS_Library\Debug\libFreeRTOS_Library.a(port.o)
 .comment       0x0000012d       0x2b C:\E\Dev\workspaces\LPCXpresso\FreeRTOS_Library\Debug\libFreeRTOS_Library.a(list.o)
 .comment       0x00000158       0x2b c:/devtools/nxp/lpcxpresso_3.4/tools/bin/../lib/gcc/arm-none-eabi/4.3.3/../../../../arm-none-eabi/lib/thumb2\libcr_c.a(memcpy.o)
 .comment       0x00000183       0x2b c:/devtools/nxp/lpcxpresso_3.4/tools/bin/../lib/gcc/arm-none-eabi/4.3.3/../../../../arm-none-eabi/lib/thumb2\libcr_c.a(memset.o)
 .comment       0x000001ae       0x2b c:/devtools/nxp/lpcxpresso_3.4/tools/bin/../lib/gcc/arm-none-eabi/4.3.3/../../../../arm-none-eabi/lib/thumb2\libcr_c.a(strncpy.o)

.ARM.attributes
                0x00000000       0x31
 .ARM.attributes
                0x00000000       0x31 ./cr_startup_lpc17.o
 .ARM.attributes
                0x00000031       0x31 ./main.o
 .ARM.attributes
                0x00000062       0x31 C:\E\Dev\workspaces\LPCXpresso\CMSISv1p30_LPC17xx\Debug\libCMSISv1p30_LPC17xx.a(system_LPC17xx.o)
 .ARM.attributes
                0x00000093       0x31 C:\E\Dev\workspaces\LPCXpresso\FreeRTOS_Library\Debug\libFreeRTOS_Library.a(queue.o)
 .ARM.attributes
                0x000000c4       0x31 C:\E\Dev\workspaces\LPCXpresso\FreeRTOS_Library\Debug\libFreeRTOS_Library.a(tasks.o)
 .ARM.attributes
                0x000000f5       0x31 C:\E\Dev\workspaces\LPCXpresso\FreeRTOS_Library\Debug\libFreeRTOS_Library.a(heap_2.o)
 .ARM.attributes
                0x00000126       0x31 C:\E\Dev\workspaces\LPCXpresso\FreeRTOS_Library\Debug\libFreeRTOS_Library.a(port.o)
 .ARM.attributes
                0x00000157       0x31 C:\E\Dev\workspaces\LPCXpresso\FreeRTOS_Library\Debug\libFreeRTOS_Library.a(list.o)
 .ARM.attributes
                0x00000188       0x31 c:/devtools/nxp/lpcxpresso_3.4/tools/bin/../lib/gcc/arm-none-eabi/4.3.3/../../../../arm-none-eabi/lib/thumb2\libcr_c.a(memcpy.o)
 .ARM.attributes
                0x000001b9       0x31 c:/devtools/nxp/lpcxpresso_3.4/tools/bin/../lib/gcc/arm-none-eabi/4.3.3/../../../../arm-none-eabi/lib/thumb2\libcr_c.a(memset.o)
 .ARM.attributes
                0x000001ea       0x31 c:/devtools/nxp/lpcxpresso_3.4/tools/bin/../lib/gcc/arm-none-eabi/4.3.3/../../../../arm-none-eabi/lib/thumb2\libcr_c.a(strncpy.o)
