Archive member included because of file (symbol)

c:/nxp/lpcxpresso_5.2.4_2122/lpcxpresso/tools/bin/../lib/gcc/arm-none-eabi/4.6.2/../../../../arm-none-eabi/lib/armv6-m\libcr_c.a(__weak__main.o)
                              ./src/cr_startup_lpc11u.o (__main)
c:/nxp/lpcxpresso_5.2.4_2122/lpcxpresso/tools/bin/../lib/gcc/arm-none-eabi/4.6.2/armv6-m\libcr_eabihelpers.a(division.o)
                              ./src/i2clcd.o (__aeabi_idiv)

Allocating common symbols
Common symbol       size              file

I2CReadLength       0x4               ./src/i2c.o
I2CSlaveBuffer      0x20              ./src/i2c.o
xfunc_in            0x4               ./src/xprintf.o
xfunc_out           0x4               ./src/xprintf.o
UARTBuffer          0x40              ./src/uart.o
I2CMode             0x4               ./src/i2c.o
I2CMasterBuffer     0x20              ./src/i2c.o
UARTStatus          0x4               ./src/uart.o
I2CWriteLength      0x4               ./src/i2c.o

Discarded input sections

 .text          0x00000000        0x0 ./src/cr_startup_lpc11u.o
 .data          0x00000000        0x0 ./src/cr_startup_lpc11u.o
 .bss           0x00000000        0x0 ./src/cr_startup_lpc11u.o
 .text          0x00000000        0x0 ./src/gpio.o
 .data          0x00000000        0x0 ./src/gpio.o
 .bss           0x00000000        0x0 ./src/gpio.o
 .text.NVIC_EnableIRQ
                0x00000000       0x2c ./src/gpio.o
 .text.NVIC_ClearPendingIRQ
                0x00000000       0x34 ./src/gpio.o
 .text.GPIOSetFlexInterrupt
                0x00000000      0x228 ./src/gpio.o
 .rodata.GPIOSetFlexInterrupt
                0x00000000       0x20 ./src/gpio.o
 .text.GPIOFlexIntEnable
                0x00000000       0x74 ./src/gpio.o
 .text.GPIOFlexIntDisable
                0x00000000       0x74 ./src/gpio.o
 .text.GPIOFlexIntStatus
                0x00000000       0x2c ./src/gpio.o
 .text.GPIOFlexIntClear
                0x00000000       0x34 ./src/gpio.o
 .text.GPIOSetGroupedInterrupt
                0x00000000      0x100 ./src/gpio.o
 .text.GPIOGetPinValue
                0x00000000       0x5c ./src/gpio.o
 .text          0x00000000        0x0 ./src/i2c.o
 .data          0x00000000        0x0 ./src/i2c.o
 .bss           0x00000000        0x0 ./src/i2c.o
 .bss.I2CSlaveState
                0x00000000        0x4 ./src/i2c.o
 .bss.I2CCount  0x00000000        0x4 ./src/i2c.o
 .text.i2c_write16
                0x00000000       0x64 ./src/i2c.o
 .text.i2c_read
                0x00000000       0xa0 ./src/i2c.o
 .text          0x00000000        0x0 ./src/i2clcd.o
 .data          0x00000000        0x0 ./src/i2clcd.o
 .bss           0x00000000        0x0 ./src/i2clcd.o
 .text.i2c_clear
                0x00000000       0x30 ./src/i2clcd.o
 .rodata.hex    0x00000000       0x10 ./src/i2clcd.o
 .bss._hex10    0x00000000       0x10 ./src/i2clcd.o
 .text.i2c_lcd_hex8
                0x00000000       0x3c ./src/i2clcd.o
 .text.i2c_lcd_decimal
                0x00000000       0xb8 ./src/i2clcd.o
 .text          0x00000000        0x0 ./src/main.o
 .data          0x00000000        0x0 ./src/main.o
 .bss           0x00000000        0x0 ./src/main.o
 .text          0x00000000        0x0 ./src/system_LPC11Uxx.o
 .data          0x00000000        0x0 ./src/system_LPC11Uxx.o
 .bss           0x00000000        0x0 ./src/system_LPC11Uxx.o
 .text          0x00000000        0x0 ./src/systick.o
 .data          0x00000000        0x0 ./src/systick.o
 .bss           0x00000000        0x0 ./src/systick.o
 .text.wait_sec
                0x00000000       0x2c ./src/systick.o
 .text          0x00000000        0x0 ./src/uart.o
 .data          0x00000000        0x0 ./src/uart.o
 .bss           0x00000000        0x0 ./src/uart.o
 .text.uart_set_divisors
                0x00000000      0x14c ./src/uart.o
 .text.UARTSend
                0x00000000       0x40 ./src/uart.o
 .text.print_string
                0x00000000       0x3c ./src/uart.o
 .text.get_key  0x00000000       0x50 ./src/uart.o
 .text          0x00000000        0x0 ./src/xprintf.o
 .data          0x00000000        0x0 ./src/xprintf.o
 .bss           0x00000000        0x0 ./src/xprintf.o
 .text.xfputs   0x00000000       0x40 ./src/xprintf.o
 .text.xsprintf
                0x00000000       0x40 ./src/xprintf.o
 .text.xfprintf
                0x00000000       0x40 ./src/xprintf.o
 .rodata        0x00000000       0x20 ./src/xprintf.o
 .text.put_dump
                0x00000000      0x100 ./src/xprintf.o
 .text.xgets    0x00000000       0xa8 ./src/xprintf.o
 .text.xfgets   0x00000000       0x3c ./src/xprintf.o
 .text.xatoi    0x00000000      0x1dc ./src/xprintf.o
 .text          0x00000000        0x0 c:/nxp/lpcxpresso_5.2.4_2122/lpcxpresso/tools/bin/../lib/gcc/arm-none-eabi/4.6.2/../../../../arm-none-eabi/lib/armv6-m\libcr_c.a(__weak__main.o)
 .data          0x00000000        0x0 c:/nxp/lpcxpresso_5.2.4_2122/lpcxpresso/tools/bin/../lib/gcc/arm-none-eabi/4.6.2/../../../../arm-none-eabi/lib/armv6-m\libcr_c.a(__weak__main.o)
 .bss           0x00000000        0x0 c:/nxp/lpcxpresso_5.2.4_2122/lpcxpresso/tools/bin/../lib/gcc/arm-none-eabi/4.6.2/../../../../arm-none-eabi/lib/armv6-m\libcr_c.a(__weak__main.o)
 .text          0x00000000        0x0 c:/nxp/lpcxpresso_5.2.4_2122/lpcxpresso/tools/bin/../lib/gcc/arm-none-eabi/4.6.2/armv6-m\libcr_eabihelpers.a(division.o)
 .data          0x00000000        0x0 c:/nxp/lpcxpresso_5.2.4_2122/lpcxpresso/tools/bin/../lib/gcc/arm-none-eabi/4.6.2/armv6-m\libcr_eabihelpers.a(division.o)
 .bss           0x00000000        0x0 c:/nxp/lpcxpresso_5.2.4_2122/lpcxpresso/tools/bin/../lib/gcc/arm-none-eabi/4.6.2/armv6-m\libcr_eabihelpers.a(division.o)
 .text.__aeabi_division_idivmod
                0x00000000        0x6 c:/nxp/lpcxpresso_5.2.4_2122/lpcxpresso/tools/bin/../lib/gcc/arm-none-eabi/4.6.2/armv6-m\libcr_eabihelpers.a(division.o)
 .text.__aeabi_division_uldivmod
                0x00000000       0x5a c:/nxp/lpcxpresso_5.2.4_2122/lpcxpresso/tools/bin/../lib/gcc/arm-none-eabi/4.6.2/armv6-m\libcr_eabihelpers.a(division.o)
 .text.__aeabi_division_ldivmod
                0x00000000       0x32 c:/nxp/lpcxpresso_5.2.4_2122/lpcxpresso/tools/bin/../lib/gcc/arm-none-eabi/4.6.2/armv6-m\libcr_eabihelpers.a(division.o)
 .text.__aeabi_division_ldiv0
                0x00000000        0x2 c:/nxp/lpcxpresso_5.2.4_2122/lpcxpresso/tools/bin/../lib/gcc/arm-none-eabi/4.6.2/armv6-m\libcr_eabihelpers.a(division.o)
 .text.__aeabi_division_idivq31+15
                0x00000000      0x188 c:/nxp/lpcxpresso_5.2.4_2122/lpcxpresso/tools/bin/../lib/gcc/arm-none-eabi/4.6.2/armv6-m\libcr_eabihelpers.a(division.o)

Memory Configuration

Name             Origin             Length             Attributes
MFlash32         0x00000000         0x00008000         xr
RamLoc8          0x10000000         0x00002000         xrw
RamUsb2          0x20004000         0x00000800         xrw
*default*        0x00000000         0xffffffff

Linker script and memory map

LOAD ./src/cr_startup_lpc11u.o
LOAD ./src/gpio.o
LOAD ./src/i2c.o
LOAD ./src/i2clcd.o
LOAD ./src/main.o
LOAD ./src/system_LPC11Uxx.o
LOAD ./src/systick.o
LOAD ./src/uart.o
LOAD ./src/xprintf.o
START GROUP
LOAD c:/nxp/lpcxpresso_5.2.4_2122/lpcxpresso/tools/bin/../lib/gcc/arm-none-eabi/4.6.2/../../../../arm-none-eabi/lib/armv6-m\libcr_c.a
LOAD c:/nxp/lpcxpresso_5.2.4_2122/lpcxpresso/tools/bin/../lib/gcc/arm-none-eabi/4.6.2/armv6-m\libcr_eabihelpers.a
END GROUP
                0x00008000                __top_MFlash32 = 0x8000
                0x10002000                __top_RamLoc8 = 0x10002000
                0x20004800                __top_RamUsb2 = 0x20004800

.text           0x00000000     0x1dec
 FILL mask 0xff
                0x00000000                __vectors_start__ = ABSOLUTE (.)
 *(.isr_vector)
 .isr_vector    0x00000000       0xc0 ./src/cr_startup_lpc11u.o
                0x00000000                g_pfnVectors
                0x000000c0                . = ALIGN (0x4)
                0x000000c0                __section_table_start = .
                0x000000c0                __data_section_table = .
                0x000000c0        0x4 LONG 0x1dec LOADADDR (.data)
                0x000000c4        0x4 LONG 0x10000000 ADDR (.data)
                0x000000c8        0x4 LONG 0x8 SIZEOF (.data)
                0x000000cc        0x4 LONG 0x1dec LOADADDR (.data_RAM2)
                0x000000d0        0x4 LONG 0x20004000 ADDR (.data_RAM2)
                0x000000d4        0x4 LONG 0x0 SIZEOF (.data_RAM2)
                0x000000d8                __data_section_table_end = .
                0x000000d8                __bss_section_table = .
                0x000000d8        0x4 LONG 0x10000008 ADDR (.bss)
                0x000000dc        0x4 LONG 0x148 SIZEOF (.bss)
                0x000000e0        0x4 LONG 0x20004000 ADDR (.bss_RAM2)
                0x000000e4        0x4 LONG 0x0 SIZEOF (.bss_RAM2)
                0x000000e8                __bss_section_table_end = .
                0x000000e8                __section_table_end = .
 *(.after_vectors*)
 .after_vectors
                0x000000e8       0x7c ./src/cr_startup_lpc11u.o
                0x000000e8                NMI_Handler
                0x000000ec                HardFault_Handler
                0x000000f0                SVC_Handler
                0x000000f4                PendSV_Handler
                0x000000fc                data_init
                0x0000010e                bss_init
                0x00000120                ResetISR
                0x00000160                IntDefaultHandler
                0x00000160                SSP0_IRQHandler
                0x00000160                USBWakeup_IRQHandler
                0x00000160                TIMER32_1_IRQHandler
                0x00000160                TIMER16_1_IRQHandler
                0x00000160                USB_FIQHandler
                0x00000160                ADC_IRQHandler
                0x00000160                SSP1_IRQHandler
                0x00000160                USB_IRQHandler
                0x00000160                BOD_IRQHandler
                0x00000160                WDT_IRQHandler
                0x00000160                TIMER32_0_IRQHandler
                0x00000160                TIMER16_0_IRQHandler
                0x00000160                FMC_IRQHandler
                0x000002fc                . = 0x2fc
 *fill*         0x00000164      0x198 ff
                0x000002fc                PROVIDE (__CRP_WORD_START__, .)
 *(.crp)
 .crp           0x000002fc        0x4 ./src/main.o
                0x000002fc                CRP_WORD
                0x00000300                PROVIDE (__CRP_WORD_END__, .)
                0x00000001                ASSERT (! ((__CRP_WORD_START__ == __CRP_WORD_END__)), Linker CRP Enabled, but no CRP_WORD provided within application)
 *(.text*)
 .text.FLEX_INT0_IRQHandler
                0x00000300       0xb8 ./src/gpio.o
                0x00000300                FLEX_INT0_IRQHandler
 .text.FLEX_INT1_IRQHandler
                0x000003b8       0xa0 ./src/gpio.o
                0x000003b8                FLEX_INT1_IRQHandler
 .text.FLEX_INT2_IRQHandler
                0x00000458       0xa0 ./src/gpio.o
                0x00000458                FLEX_INT2_IRQHandler
 .text.FLEX_INT3_IRQHandler
                0x000004f8       0xa0 ./src/gpio.o
                0x000004f8                FLEX_INT3_IRQHandler
 .text.FLEX_INT4_IRQHandler
                0x00000598       0xa0 ./src/gpio.o
                0x00000598                FLEX_INT4_IRQHandler
 .text.FLEX_INT5_IRQHandler
                0x00000638       0xa0 ./src/gpio.o
                0x00000638                FLEX_INT5_IRQHandler
 .text.FLEX_INT6_IRQHandler
                0x000006d8       0xa0 ./src/gpio.o
                0x000006d8                FLEX_INT6_IRQHandler
 .text.FLEX_INT7_IRQHandler
                0x00000778       0xa0 ./src/gpio.o
                0x00000778                FLEX_INT7_IRQHandler
 .text.GINT0_IRQHandler
                0x00000818       0x60 ./src/gpio.o
                0x00000818                GINT0_IRQHandler
 .text.GINT1_IRQHandler
                0x00000878       0x60 ./src/gpio.o
                0x00000878                GINT1_IRQHandler
 .text.GPIOInit
                0x000008d8       0x30 ./src/gpio.o
                0x000008d8                GPIOInit
 .text.GPIOSetBitValue
                0x00000908       0x54 ./src/gpio.o
                0x00000908                GPIOSetBitValue
 .text.GPIOSetDir
                0x0000095c       0x78 ./src/gpio.o
                0x0000095c                GPIOSetDir
 .text.NVIC_EnableIRQ
                0x000009d4       0x2c ./src/i2c.o
 .text.I2C_IRQHandler
                0x00000a00      0x1f0 ./src/i2c.o
                0x00000a00                I2C_IRQHandler
 .text.I2CStart
                0x00000bf0       0x4c ./src/i2c.o
                0x00000bf0                I2CStart
 .text.I2CStop  0x00000c3c       0x2c ./src/i2c.o
                0x00000c3c                I2CStop
 .text.I2CInit  0x00000c68       0xbc ./src/i2c.o
                0x00000c68                I2CInit
 .text.I2CEngine
                0x00000d24       0x5c ./src/i2c.o
                0x00000d24                I2CEngine
 .text.i2c_write
                0x00000d80       0x54 ./src/i2c.o
                0x00000d80                i2c_write
 .text.i2c_cmd  0x00000dd4       0x24 ./src/i2clcd.o
                0x00000dd4                i2c_cmd
 .text.i2c_data
                0x00000df8       0x24 ./src/i2clcd.o
                0x00000df8                i2c_data
 .text.i2c_puts
                0x00000e1c       0x34 ./src/i2clcd.o
                0x00000e1c                i2c_puts
 .text.i2clcd_init
                0x00000e50       0xb4 ./src/i2clcd.o
                0x00000e50                i2clcd_init
 .text.NVIC_SetPriority
                0x00000f04       0xe0 ./src/main.o
 .text.SysTick_Config
                0x00000fe4       0x4c ./src/main.o
 .text.main     0x00001030      0x100 ./src/main.o
                0x00001030                main
 .text.SystemCoreClockUpdate
                0x00001130      0x1e0 ./src/system_LPC11Uxx.o
                0x00001130                SystemCoreClockUpdate
 .text.SystemInit
                0x00001310      0x164 ./src/system_LPC11Uxx.o
                0x00001310                SystemInit
 .text.SysTick_Handler
                0x00001474       0x18 ./src/systick.o
                0x00001474                SysTick_Handler
 .text.delaySysTick
                0x0000148c       0x50 ./src/systick.o
                0x0000148c                delaySysTick
 .text.wait_ms  0x000014dc       0x18 ./src/systick.o
                0x000014dc                wait_ms
 .text.NVIC_EnableIRQ
                0x000014f4       0x2c ./src/uart.o
 .text.NVIC_DisableIRQ
                0x00001520       0x30 ./src/uart.o
 .text.UART_IRQHandler
                0x00001550      0x114 ./src/uart.o
                0x00001550                UART_IRQHandler
 .text.UARTInit
                0x00001664      0x108 ./src/uart.o
                0x00001664                UARTInit
 .text.xputc    0x0000176c       0x58 ./src/xprintf.o
                0x0000176c                xputc
 .text.xputs    0x000017c4       0x28 ./src/xprintf.o
                0x000017c4                xputs
 .text.xvprintf
                0x000017ec      0x35c ./src/xprintf.o
 .text.xprintf  0x00001b48       0x28 ./src/xprintf.o
                0x00001b48                xprintf
 .text.__weak_main
                0x00001b70        0x8 c:/nxp/lpcxpresso_5.2.4_2122/lpcxpresso/tools/bin/../lib/gcc/arm-none-eabi/4.6.2/../../../../arm-none-eabi/lib/armv6-m\libcr_c.a(__weak__main.o)
                0x00001b70                __weak_main
                0x00001b70                __main
 .text.__aeabi_division_uidivmod
                0x00001b78       0x72 c:/nxp/lpcxpresso_5.2.4_2122/lpcxpresso/tools/bin/../lib/gcc/arm-none-eabi/4.6.2/armv6-m\libcr_eabihelpers.a(division.o)
                0x00001b78                __aeabi_uidivmod
                0x00001b78                __aeabi_uidiv
 .text.__aeabi_division_idiv0
                0x00001bea        0x2 c:/nxp/lpcxpresso_5.2.4_2122/lpcxpresso/tools/bin/../lib/gcc/arm-none-eabi/4.6.2/armv6-m\libcr_eabihelpers.a(division.o)
                0x00001bea                __aeabi_idiv0
 *(.rodata .rodata.*)
 .rodata.I2C_IRQHandler
                0x00001bec      0x144 ./src/i2c.o
 .rodata        0x00001d30       0x20 ./src/main.o
 .rodata.SystemCoreClockUpdate
                0x00001d50       0x40 ./src/system_LPC11Uxx.o
 .rodata.xvprintf
                0x00001d90       0x5c ./src/xprintf.o
                0x00001dec                . = ALIGN (0x4)

.glue_7         0x00001dec        0x0
 .glue_7        0x00000000        0x0 linker stubs

.glue_7t        0x00001dec        0x0
 .glue_7t       0x00000000        0x0 linker stubs

.vfp11_veneer   0x00001dec        0x0
 .vfp11_veneer  0x00000000        0x0 linker stubs

.v4_bx          0x00001dec        0x0
 .v4_bx         0x00000000        0x0 linker stubs

.ARM.extab
 *(.ARM.extab* .gnu.linkonce.armextab.*)
                0x00001dec                __exidx_start = .

.ARM.exidx
 *(.ARM.exidx* .gnu.linkonce.armexidx.*)
                0x00001dec                __exidx_end = .
                0x00001dec                _etext = .

.data_RAM2      0x20004000        0x0 load address 0x00001dec
 FILL mask 0xff
 *(.data.$RAM2*)
 *(.data.$RamUsb2*)
                0x20004000                . = ALIGN (0x4)

.uninit_RESERVED
                0x10000000        0x0
 *(.bss.$RESERVED*)
                0x10000000                . = ALIGN (0x4)
                0x10000000                _end_uninit_RESERVED = .

.data           0x10000000        0x8 load address 0x00001dec
 FILL mask 0xff
                0x10000000                _data = .
 *(vtable)
 *(.data*)
 .data.SystemCoreClock
                0x10000000        0x4 ./src/system_LPC11Uxx.o
                0x10000000                SystemCoreClock
 .data.UARTTxEmpty
                0x10000004        0x1 ./src/uart.o
                0x10000004                UARTTxEmpty
                0x10000008                . = ALIGN (0x4)
 *fill*         0x10000005        0x3 ff
                0x10000008                _edata = .

.bss_RAM2       0x20004000        0x0
 *(.bss.$RAM2*)
 *(.bss.$RamUsb2*)
                0x20004000                . = ALIGN (0x4)

.bss            0x10000008      0x148
                0x10000008                _bss = .
 *(.bss*)
 .bss.flex_int0_counter
                0x10000008        0x4 ./src/gpio.o
                0x10000008                flex_int0_counter
 .bss.flex_int1_counter
                0x1000000c        0x4 ./src/gpio.o
                0x1000000c                flex_int1_counter
 .bss.flex_int2_counter
                0x10000010        0x4 ./src/gpio.o
                0x10000010                flex_int2_counter
 .bss.flex_int3_counter
                0x10000014        0x4 ./src/gpio.o
                0x10000014                flex_int3_counter
 .bss.flex_int4_counter
                0x10000018        0x4 ./src/gpio.o
                0x10000018                flex_int4_counter
 .bss.flex_int5_counter
                0x1000001c        0x4 ./src/gpio.o
                0x1000001c                flex_int5_counter
 .bss.flex_int6_counter
                0x10000020        0x4 ./src/gpio.o
                0x10000020                flex_int6_counter
 .bss.flex_int7_counter
                0x10000024        0x4 ./src/gpio.o
                0x10000024                flex_int7_counter
 .bss.gint0_counter
                0x10000028        0x4 ./src/gpio.o
                0x10000028                gint0_counter
 .bss.gint1_counter
                0x1000002c        0x4 ./src/gpio.o
                0x1000002c                gint1_counter
 .bss.flex_int0_level_counter
                0x10000030        0x4 ./src/gpio.o
                0x10000030                flex_int0_level_counter
 .bss.flex_int0_rising_edge_counter
                0x10000034        0x4 ./src/gpio.o
                0x10000034                flex_int0_rising_edge_counter
 .bss.flex_int0_falling_edge_counter
                0x10000038        0x4 ./src/gpio.o
                0x10000038                flex_int0_falling_edge_counter
 .bss.flex_int1_level_counter
                0x1000003c        0x4 ./src/gpio.o
                0x1000003c                flex_int1_level_counter
 .bss.flex_int1_rising_edge_counter
                0x10000040        0x4 ./src/gpio.o
                0x10000040                flex_int1_rising_edge_counter
 .bss.flex_int1_falling_edge_counter
                0x10000044        0x4 ./src/gpio.o
                0x10000044                flex_int1_falling_edge_counter
 .bss.flex_int2_level_counter
                0x10000048        0x4 ./src/gpio.o
                0x10000048                flex_int2_level_counter
 .bss.flex_int2_rising_edge_counter
                0x1000004c        0x4 ./src/gpio.o
                0x1000004c                flex_int2_rising_edge_counter
 .bss.flex_int2_falling_edge_counter
                0x10000050        0x4 ./src/gpio.o
                0x10000050                flex_int2_falling_edge_counter
 .bss.flex_int3_level_counter
                0x10000054        0x4 ./src/gpio.o
                0x10000054                flex_int3_level_counter
 .bss.flex_int3_rising_edge_counter
                0x10000058        0x4 ./src/gpio.o
                0x10000058                flex_int3_rising_edge_counter
 .bss.flex_int3_falling_edge_counter
                0x1000005c        0x4 ./src/gpio.o
                0x1000005c                flex_int3_falling_edge_counter
 .bss.flex_int4_level_counter
                0x10000060        0x4 ./src/gpio.o
                0x10000060                flex_int4_level_counter
 .bss.flex_int4_rising_edge_counter
                0x10000064        0x4 ./src/gpio.o
                0x10000064                flex_int4_rising_edge_counter
 .bss.flex_int4_falling_edge_counter
                0x10000068        0x4 ./src/gpio.o
                0x10000068                flex_int4_falling_edge_counter
 .bss.flex_int5_level_counter
                0x1000006c        0x4 ./src/gpio.o
                0x1000006c                flex_int5_level_counter
 .bss.flex_int5_rising_edge_counter
                0x10000070        0x4 ./src/gpio.o
                0x10000070                flex_int5_rising_edge_counter
 .bss.flex_int5_falling_edge_counter
                0x10000074        0x4 ./src/gpio.o
                0x10000074                flex_int5_falling_edge_counter
 .bss.flex_int6_level_counter
                0x10000078        0x4 ./src/gpio.o
                0x10000078                flex_int6_level_counter
 .bss.flex_int6_rising_edge_counter
                0x1000007c        0x4 ./src/gpio.o
                0x1000007c                flex_int6_rising_edge_counter
 .bss.flex_int6_falling_edge_counter
                0x10000080        0x4 ./src/gpio.o
                0x10000080                flex_int6_falling_edge_counter
 .bss.flex_int7_level_counter
                0x10000084        0x4 ./src/gpio.o
                0x10000084                flex_int7_level_counter
 .bss.flex_int7_rising_edge_counter
                0x10000088        0x4 ./src/gpio.o
                0x10000088                flex_int7_rising_edge_counter
 .bss.flex_int7_falling_edge_counter
                0x1000008c        0x4 ./src/gpio.o
                0x1000008c                flex_int7_falling_edge_counter
 .bss.gint0_level_counter
                0x10000090        0x4 ./src/gpio.o
                0x10000090                gint0_level_counter
 .bss.gint0_edge_counter
                0x10000094        0x4 ./src/gpio.o
                0x10000094                gint0_edge_counter
 .bss.gint1_level_counter
                0x10000098        0x4 ./src/gpio.o
                0x10000098                gint1_level_counter
 .bss.gint1_edge_counter
                0x1000009c        0x4 ./src/gpio.o
                0x1000009c                gint1_edge_counter
 .bss.I2CMasterState
                0x100000a0        0x4 ./src/i2c.o
                0x100000a0                I2CMasterState
 .bss.RdIndex   0x100000a4        0x4 ./src/i2c.o
                0x100000a4                RdIndex
 .bss.WrIndex   0x100000a8        0x4 ./src/i2c.o
                0x100000a8                WrIndex
 .bss.TimeTick  0x100000ac        0x4 ./src/systick.o
 .bss.UARTCount
                0x100000b0        0x4 ./src/uart.o
                0x100000b0                UARTCount
 .bss.outptr    0x100000b4        0x4 ./src/xprintf.o
 *(COMMON)
 COMMON         0x100000b8       0x4c ./src/i2c.o
                0x100000b8                I2CReadLength
                0x100000bc                I2CSlaveBuffer
                0x100000dc                I2CMode
                0x100000e0                I2CMasterBuffer
                0x10000100                I2CWriteLength
 COMMON         0x10000104       0x44 ./src/uart.o
                0x10000104                UARTBuffer
                0x10000144                UARTStatus
 COMMON         0x10000148        0x8 ./src/xprintf.o
                0x10000148                xfunc_in
                0x1000014c                xfunc_out
                0x10000150                . = ALIGN (0x4)
                0x10000150                _ebss = .
                0x10000150                PROVIDE (end, .)

.noinit_RAM2    0x20004000        0x0
 *(.noinit.$RAM2*)
 *(.noinit.$RamUsb2*)
                0x20004000                . = ALIGN (0x4)

.noinit         0x10000150        0x0
                0x10000150                _noinit = .
 *(.noinit*)
                0x10000150                . = ALIGN (0x4)
                0x10000150                _end_noinit = .
                0x10000150                PROVIDE (_pvHeapStart, .)
                0x10002000                PROVIDE (_vStackTop, (__top_RamLoc8 - 0x0))
OUTPUT(lpclcd.axf elf32-littlearm)

.debug_info     0x00000000     0x4b51
 .debug_info    0x00000000      0x257 ./src/cr_startup_lpc11u.o
 .debug_info    0x00000257     0x130d ./src/gpio.o
 .debug_info    0x00001564      0xf04 ./src/i2c.o
 .debug_info    0x00002468      0x222 ./src/i2clcd.o
 .debug_info    0x0000268a      0x912 ./src/main.o
 .debug_info    0x00002f9c      0x5d2 ./src/system_LPC11Uxx.o
 .debug_info    0x0000356e      0x18e ./src/systick.o
 .debug_info    0x000036fc      0xf4a ./src/uart.o
 .debug_info    0x00004646      0x50b ./src/xprintf.o

.debug_abbrev   0x00000000      0xc4f
 .debug_abbrev  0x00000000      0x10b ./src/cr_startup_lpc11u.o
 .debug_abbrev  0x0000010b      0x1bd ./src/gpio.o
 .debug_abbrev  0x000002c8      0x21c ./src/i2c.o
 .debug_abbrev  0x000004e4       0xe0 ./src/i2clcd.o
 .debug_abbrev  0x000005c4      0x154 ./src/main.o
 .debug_abbrev  0x00000718       0xf9 ./src/system_LPC11Uxx.o
 .debug_abbrev  0x00000811       0xda ./src/systick.o
 .debug_abbrev  0x000008eb      0x1e0 ./src/uart.o
 .debug_abbrev  0x00000acb      0x184 ./src/xprintf.o

.debug_loc      0x00000000     0x107f
 .debug_loc     0x00000000      0x28f ./src/cr_startup_lpc11u.o
 .debug_loc     0x0000028f      0x44c ./src/gpio.o
 .debug_loc     0x000006db      0x1e0 ./src/i2c.o
 .debug_loc     0x000008bb      0x188 ./src/i2clcd.o
 .debug_loc     0x00000a43       0xa8 ./src/main.o
 .debug_loc     0x00000aeb       0x70 ./src/system_LPC11Uxx.o
 .debug_loc     0x00000b5b       0xd4 ./src/systick.o
 .debug_loc     0x00000c2f      0x1c2 ./src/uart.o
 .debug_loc     0x00000df1      0x28e ./src/xprintf.o

.debug_aranges  0x00000000      0x330
 .debug_aranges
                0x00000000       0x60 ./src/cr_startup_lpc11u.o
 .debug_aranges
                0x00000060       0xc8 ./src/gpio.o
 .debug_aranges
                0x00000128       0x60 ./src/i2c.o
 .debug_aranges
                0x00000188       0x50 ./src/i2clcd.o
 .debug_aranges
                0x000001d8       0x30 ./src/main.o
 .debug_aranges
                0x00000208       0x28 ./src/system_LPC11Uxx.o
 .debug_aranges
                0x00000230       0x38 ./src/systick.o
 .debug_aranges
                0x00000268       0x58 ./src/uart.o
 .debug_aranges
                0x000002c0       0x70 ./src/xprintf.o

.debug_ranges   0x00000000      0x2a0
 .debug_ranges  0x00000000       0x50 ./src/cr_startup_lpc11u.o
 .debug_ranges  0x00000050       0xb8 ./src/gpio.o
 .debug_ranges  0x00000108       0x50 ./src/i2c.o
 .debug_ranges  0x00000158       0x40 ./src/i2clcd.o
 .debug_ranges  0x00000198       0x20 ./src/main.o
 .debug_ranges  0x000001b8       0x18 ./src/system_LPC11Uxx.o
 .debug_ranges  0x000001d0       0x28 ./src/systick.o
 .debug_ranges  0x000001f8       0x48 ./src/uart.o
 .debug_ranges  0x00000240       0x60 ./src/xprintf.o

.debug_line     0x00000000     0x26b9
 .debug_line    0x00000000       0xa2 ./src/cr_startup_lpc11u.o
 .debug_line    0x000000a2      0x640 ./src/gpio.o
 .debug_line    0x000006e2      0x4a6 ./src/i2c.o
 .debug_line    0x00000b88      0x440 ./src/i2clcd.o
 .debug_line    0x00000fc8      0x4ba ./src/main.o
 .debug_line    0x00001482      0x410 ./src/system_LPC11Uxx.o
 .debug_line    0x00001892      0x3b7 ./src/systick.o
 .debug_line    0x00001c49      0x4ce ./src/uart.o
 .debug_line    0x00002117      0x5a2 ./src/xprintf.o

.debug_macinfo  0x00000000    0x29e08
 .debug_macinfo
                0x00000000     0x224b ./src/cr_startup_lpc11u.o
 .debug_macinfo
                0x0000224b     0x52df ./src/gpio.o
 .debug_macinfo
                0x0000752a     0x551e ./src/i2c.o
 .debug_macinfo
                0x0000ca48     0x55d5 ./src/i2clcd.o
 .debug_macinfo
                0x0001201d     0x5d0a ./src/main.o
 .debug_macinfo
                0x00017d27     0x5552 ./src/system_LPC11Uxx.o
 .debug_macinfo
                0x0001d279     0x528b ./src/systick.o
 .debug_macinfo
                0x00022504     0x550d ./src/uart.o
 .debug_macinfo
                0x00027a11     0x23f7 ./src/xprintf.o

.debug_str      0x00000000     0x13f6
 .debug_str     0x00000000      0x1b1 ./src/cr_startup_lpc11u.o
                                0x1c4 (size before relaxing)
 .debug_str     0x000001b1      0xb28 ./src/gpio.o
                                0xbe0 (size before relaxing)
 .debug_str     0x00000cd9      0x347 ./src/i2c.o
                                0x913 (size before relaxing)
 .debug_str     0x00001020       0x6d ./src/i2clcd.o
                                0x179 (size before relaxing)
 .debug_str     0x0000108d       0x9d ./src/main.o
                                0x648 (size before relaxing)
 .debug_str     0x0000112a       0x48 ./src/system_LPC11Uxx.o
                                0x3c0 (size before relaxing)
 .debug_str     0x00001172       0x46 ./src/systick.o
                                0x18e (size before relaxing)
 .debug_str     0x000011b8      0x1b1 ./src/uart.o
                                0x96a (size before relaxing)
 .debug_str     0x00001369       0x8d ./src/xprintf.o
                                0x179 (size before relaxing)

.comment        0x00000000       0xe0
 .comment       0x00000000       0x70 ./src/cr_startup_lpc11u.o
                                 0x71 (size before relaxing)
 .comment       0x00000000       0x71 ./src/gpio.o
 .comment       0x00000000       0x71 ./src/i2c.o
 .comment       0x00000000       0x71 ./src/i2clcd.o
 .comment       0x00000000       0x71 ./src/main.o
 .comment       0x00000000       0x71 ./src/system_LPC11Uxx.o
 .comment       0x00000000       0x71 ./src/systick.o
 .comment       0x00000000       0x71 ./src/uart.o
 .comment       0x00000000       0x71 ./src/xprintf.o
 .comment       0x00000070       0x70 c:/nxp/lpcxpresso_5.2.4_2122/lpcxpresso/tools/bin/../lib/gcc/arm-none-eabi/4.6.2/../../../../arm-none-eabi/lib/armv6-m\libcr_c.a(__weak__main.o)
                                 0x71 (size before relaxing)

.ARM.attributes
                0x00000000       0x2f
 .ARM.attributes
                0x00000000       0x31 ./src/cr_startup_lpc11u.o
 .ARM.attributes
                0x00000031       0x31 ./src/gpio.o
 .ARM.attributes
                0x00000062       0x31 ./src/i2c.o
 .ARM.attributes
                0x00000093       0x31 ./src/i2clcd.o
 .ARM.attributes
                0x000000c4       0x31 ./src/main.o
 .ARM.attributes
                0x000000f5       0x31 ./src/system_LPC11Uxx.o
 .ARM.attributes
                0x00000126       0x31 ./src/systick.o
 .ARM.attributes
                0x00000157       0x31 ./src/uart.o
 .ARM.attributes
                0x00000188       0x31 ./src/xprintf.o
 .ARM.attributes
                0x000001b9       0x31 c:/nxp/lpcxpresso_5.2.4_2122/lpcxpresso/tools/bin/../lib/gcc/arm-none-eabi/4.6.2/../../../../arm-none-eabi/lib/armv6-m\libcr_c.a(__weak__main.o)
 .ARM.attributes
                0x000001ea       0x21 c:/nxp/lpcxpresso_5.2.4_2122/lpcxpresso/tools/bin/../lib/gcc/arm-none-eabi/4.6.2/armv6-m\libcr_eabihelpers.a(division.o)

.debug_frame    0x00000000      0x978
 .debug_frame   0x00000000       0xec ./src/cr_startup_lpc11u.o
 .debug_frame   0x000000ec      0x2a4 ./src/gpio.o
 .debug_frame   0x00000390      0x128 ./src/i2c.o
 .debug_frame   0x000004b8       0xf0 ./src/i2clcd.o
 .debug_frame   0x000005a8       0x74 ./src/main.o
 .debug_frame   0x0000061c       0x50 ./src/system_LPC11Uxx.o
 .debug_frame   0x0000066c       0x8c ./src/systick.o
 .debug_frame   0x000006f8      0x110 ./src/uart.o
 .debug_frame   0x00000808      0x170 ./src/xprintf.o
