Archive member included because of file (symbol)

/home/nxp/Desktop/linuxtest1/CMSISv1p30_LPC13xx/Debug/libCMSISv1p30_LPC13xx.a(core_cm3.o)
                              ./src/autoisp_main.o (__set_MSP)
/home/nxp/Desktop/linuxtest1/CMSISv1p30_LPC13xx/Debug/libCMSISv1p30_LPC13xx.a(system_LPC13xx.o)
                              ./src/autoisp_main.o (SystemCoreClock)

Allocating common symbols
Common symbol       size              file

command             0x14              ./src/autoisp_main.o
result              0x10              ./src/autoisp_main.o

Discarded input sections

 .text          0x00000000        0x0 ./src/autoisp_main.o
 .text          0x00000000        0x0 ./src/clkconfig.o
 .data          0x00000000        0x0 ./src/clkconfig.o
 .bss           0x00000000        0x0 ./src/clkconfig.o
 .text.WDT_CLK_Setup
                0x00000000       0xa0 ./src/clkconfig.o
 .text.CLKOUT_Setup
                0x00000000       0x74 ./src/clkconfig.o
 .text          0x00000000        0x0 ./src/cr_startup_lpc13.o
 .data          0x00000000        0x0 ./src/cr_startup_lpc13.o
 .bss           0x00000000        0x0 ./src/cr_startup_lpc13.o
 .text.SysTick_Handler
                0x00000000        0x8 ./src/cr_startup_lpc13.o
 .text          0x00000000        0x0 ./src/gpio.o
 .data          0x00000000        0x0 ./src/gpio.o
 .bss           0x00000000        0x0 ./src/gpio.o
 .rodata        0x00000000       0x10 ./src/gpio.o
 .text.GPIOSetInterrupt
                0x00000000      0x54c ./src/gpio.o
 .text.GPIOIntEnable
                0x00000000       0xf8 ./src/gpio.o
 .text.GPIOIntDisable
                0x00000000      0x108 ./src/gpio.o
 .text.GPIOIntStatus
                0x00000000       0xf0 ./src/gpio.o
 .text.GPIOIntClear
                0x00000000       0xf8 ./src/gpio.o
 .text          0x00000000        0x0 /home/nxp/Desktop/linuxtest1/CMSISv1p30_LPC13xx/Debug/libCMSISv1p30_LPC13xx.a(core_cm3.o)
 .data          0x00000000        0x0 /home/nxp/Desktop/linuxtest1/CMSISv1p30_LPC13xx/Debug/libCMSISv1p30_LPC13xx.a(core_cm3.o)
 .bss           0x00000000        0x0 /home/nxp/Desktop/linuxtest1/CMSISv1p30_LPC13xx/Debug/libCMSISv1p30_LPC13xx.a(core_cm3.o)
 .text.__get_PSP
                0x00000000       0x10 /home/nxp/Desktop/linuxtest1/CMSISv1p30_LPC13xx/Debug/libCMSISv1p30_LPC13xx.a(core_cm3.o)
 .text.__set_PSP
                0x00000000        0x8 /home/nxp/Desktop/linuxtest1/CMSISv1p30_LPC13xx/Debug/libCMSISv1p30_LPC13xx.a(core_cm3.o)
 .text.__get_MSP
                0x00000000       0x10 /home/nxp/Desktop/linuxtest1/CMSISv1p30_LPC13xx/Debug/libCMSISv1p30_LPC13xx.a(core_cm3.o)
 .text.__get_BASEPRI
                0x00000000       0x20 /home/nxp/Desktop/linuxtest1/CMSISv1p30_LPC13xx/Debug/libCMSISv1p30_LPC13xx.a(core_cm3.o)
 .text.__set_BASEPRI
                0x00000000       0x18 /home/nxp/Desktop/linuxtest1/CMSISv1p30_LPC13xx/Debug/libCMSISv1p30_LPC13xx.a(core_cm3.o)
 .text.__get_PRIMASK
                0x00000000       0x20 /home/nxp/Desktop/linuxtest1/CMSISv1p30_LPC13xx/Debug/libCMSISv1p30_LPC13xx.a(core_cm3.o)
 .text.__set_PRIMASK
                0x00000000       0x18 /home/nxp/Desktop/linuxtest1/CMSISv1p30_LPC13xx/Debug/libCMSISv1p30_LPC13xx.a(core_cm3.o)
 .text.__get_FAULTMASK
                0x00000000       0x20 /home/nxp/Desktop/linuxtest1/CMSISv1p30_LPC13xx/Debug/libCMSISv1p30_LPC13xx.a(core_cm3.o)
 .text.__set_FAULTMASK
                0x00000000       0x18 /home/nxp/Desktop/linuxtest1/CMSISv1p30_LPC13xx/Debug/libCMSISv1p30_LPC13xx.a(core_cm3.o)
 .text.__get_CONTROL
                0x00000000       0x20 /home/nxp/Desktop/linuxtest1/CMSISv1p30_LPC13xx/Debug/libCMSISv1p30_LPC13xx.a(core_cm3.o)
 .text.__set_CONTROL
                0x00000000       0x18 /home/nxp/Desktop/linuxtest1/CMSISv1p30_LPC13xx/Debug/libCMSISv1p30_LPC13xx.a(core_cm3.o)
 .text.__REV    0x00000000       0x24 /home/nxp/Desktop/linuxtest1/CMSISv1p30_LPC13xx/Debug/libCMSISv1p30_LPC13xx.a(core_cm3.o)
 .text.__REV16  0x00000000       0x24 /home/nxp/Desktop/linuxtest1/CMSISv1p30_LPC13xx/Debug/libCMSISv1p30_LPC13xx.a(core_cm3.o)
 .text.__REVSH  0x00000000       0x24 /home/nxp/Desktop/linuxtest1/CMSISv1p30_LPC13xx/Debug/libCMSISv1p30_LPC13xx.a(core_cm3.o)
 .text.__RBIT   0x00000000       0x24 /home/nxp/Desktop/linuxtest1/CMSISv1p30_LPC13xx/Debug/libCMSISv1p30_LPC13xx.a(core_cm3.o)
 .text.__LDREXB
                0x00000000       0x24 /home/nxp/Desktop/linuxtest1/CMSISv1p30_LPC13xx/Debug/libCMSISv1p30_LPC13xx.a(core_cm3.o)
 .text.__LDREXH
                0x00000000       0x24 /home/nxp/Desktop/linuxtest1/CMSISv1p30_LPC13xx/Debug/libCMSISv1p30_LPC13xx.a(core_cm3.o)
 .text.__LDREXW
                0x00000000       0x24 /home/nxp/Desktop/linuxtest1/CMSISv1p30_LPC13xx/Debug/libCMSISv1p30_LPC13xx.a(core_cm3.o)
 .text.__STREXB
                0x00000000       0x2c /home/nxp/Desktop/linuxtest1/CMSISv1p30_LPC13xx/Debug/libCMSISv1p30_LPC13xx.a(core_cm3.o)
 .text.__STREXH
                0x00000000       0x2c /home/nxp/Desktop/linuxtest1/CMSISv1p30_LPC13xx/Debug/libCMSISv1p30_LPC13xx.a(core_cm3.o)
 .text.__STREXW
                0x00000000       0x28 /home/nxp/Desktop/linuxtest1/CMSISv1p30_LPC13xx/Debug/libCMSISv1p30_LPC13xx.a(core_cm3.o)
 .text          0x00000000        0x0 /home/nxp/Desktop/linuxtest1/CMSISv1p30_LPC13xx/Debug/libCMSISv1p30_LPC13xx.a(system_LPC13xx.o)
 .bss           0x00000000        0x0 /home/nxp/Desktop/linuxtest1/CMSISv1p30_LPC13xx/Debug/libCMSISv1p30_LPC13xx.a(system_LPC13xx.o)
 .text.SystemCoreClockUpdate
                0x00000000      0x358 /home/nxp/Desktop/linuxtest1/CMSISv1p30_LPC13xx/Debug/libCMSISv1p30_LPC13xx.a(system_LPC13xx.o)

Memory Configuration

Name             Origin             Length             Attributes
MFlash32         0x00000000         0x00008000         xr
RamLoc8          0x10000000         0x00002000         xrw
*default*        0x00000000         0xffffffff

Linker script and memory map

LOAD ./src/autoisp_main.o
LOAD ./src/clkconfig.o
LOAD ./src/cr_startup_lpc13.o
LOAD ./src/gpio.o
LOAD /home/nxp/Desktop/linuxtest1/CMSISv1p30_LPC13xx/Debug/libCMSISv1p30_LPC13xx.a
START GROUP
LOAD /usr/local/LPCXpresso/tools/bin/../lib/gcc/arm-none-eabi/4.4.1/../../../../arm-none-eabi/lib/thumb2/libcr_semihost.a
LOAD /usr/local/LPCXpresso/tools/bin/../lib/gcc/arm-none-eabi/4.4.1/../../../../arm-none-eabi/lib/thumb2/libcr_c.a
LOAD /usr/local/LPCXpresso/tools/bin/../lib/gcc/arm-none-eabi/4.4.1/thumb2/libcr_eabihelpers.a
END GROUP
                0x00008000                __top_MFlash32 = 0x8000
                0x10002000                __top_RamLoc8 = 0x10002000

.text           0x00000000      0x870
 *(.isr_vector)
 .isr_vector    0x00000000      0x124 ./src/cr_startup_lpc13.o
                0x00000000                g_pfnVectors
 *(.text*)
 .text.__WFI    0x00000124        0xc ./src/autoisp_main.o
 .text.NVIC_SetPriority
                0x00000130       0x5c ./src/autoisp_main.o
 .text.SysTick_Config
                0x0000018c       0x64 ./src/autoisp_main.o
 .text.GPIOSetValue
                0x000001f0       0x3c ./src/autoisp_main.o
 .text.GPIOSetDir
                0x0000022c       0x90 ./src/autoisp_main.o
 .text.SysTick_Handler
                0x000002bc       0x24 ./src/autoisp_main.o
                0x000002bc                SysTick_Handler
 .text.SetWDTResetMS
                0x000002e0       0xc8 ./src/autoisp_main.o
                0x000002e0                SetWDTResetMS
 .text.ReinvokeISP
                0x000003a8       0xc0 ./src/autoisp_main.o
                0x000003a8                ReinvokeISP
 .text.main     0x00000468       0xb0 ./src/autoisp_main.o
                0x00000468                main
 .text.Reset_Handler
                0x00000518       0x78 ./src/cr_startup_lpc13.o
                0x00000518                Reset_Handler
                0x00000518                ResetISR
 .text.NMI_Handler
                0x00000590        0x8 ./src/cr_startup_lpc13.o
                0x00000590                NMI_Handler
 .text.HardFault_Handler
                0x00000598        0x8 ./src/cr_startup_lpc13.o
                0x00000598                HardFault_Handler
 .text.MemManage_Handler
                0x000005a0        0x8 ./src/cr_startup_lpc13.o
                0x000005a0                MemManage_Handler
 .text.BusFault_Handler
                0x000005a8        0x8 ./src/cr_startup_lpc13.o
                0x000005a8                BusFault_Handler
 .text.UsageFault_Handler
                0x000005b0        0x8 ./src/cr_startup_lpc13.o
                0x000005b0                UsageFault_Handler
 .text.SVCall_Handler
                0x000005b8        0x8 ./src/cr_startup_lpc13.o
                0x000005b8                SVCall_Handler
 .text.DebugMon_Handler
                0x000005c0        0x8 ./src/cr_startup_lpc13.o
                0x000005c0                DebugMon_Handler
 .text.PendSV_Handler
                0x000005c8        0x8 ./src/cr_startup_lpc13.o
                0x000005c8                PendSV_Handler
 .text.IntDefaultHandler
                0x000005d0        0x8 ./src/cr_startup_lpc13.o
                0x000005d0                TIMER16_0_IRQHandler
                0x000005d0                UART_IRQHandler
                0x000005d0                TIMER32_0_IRQHandler
                0x000005d0                TIMER32_1_IRQHandler
                0x000005d0                PIOINT1_IRQHandler
                0x000005d0                SSP_IRQHandler
                0x000005d0                TIMER16_1_IRQHandler
                0x000005d0                USB_FIQHandler
                0x000005d0                ADC_IRQHandler
                0x000005d0                PIOINT2_IRQHandler
                0x000005d0                USB_IRQHandler
                0x000005d0                BOD_IRQHandler
                0x000005d0                WAKEUP_IRQHandler
                0x000005d0                PIOINT0_IRQHandler
                0x000005d0                I2C_IRQHandler
                0x000005d0                WDT_IRQHandler
                0x000005d0                PIOINT3_IRQHandler
                0x000005d0                FMC_IRQHandler
 .text.NVIC_EnableIRQ
                0x000005d8       0x38 ./src/gpio.o
 .text.GPIOInit
                0x00000610       0x44 ./src/gpio.o
                0x00000610                GPIOInit
 .text.__set_MSP
                0x00000654        0x8 /home/nxp/Desktop/linuxtest1/CMSISv1p30_LPC13xx/Debug/libCMSISv1p30_LPC13xx.a(core_cm3.o)
                0x00000654                __set_MSP
 .text.__NOP    0x0000065c        0xc /home/nxp/Desktop/linuxtest1/CMSISv1p30_LPC13xx/Debug/libCMSISv1p30_LPC13xx.a(system_LPC13xx.o)
 .text.SystemInit
                0x00000668      0x1f8 /home/nxp/Desktop/linuxtest1/CMSISv1p30_LPC13xx/Debug/libCMSISv1p30_LPC13xx.a(system_LPC13xx.o)
                0x00000668                SystemInit
 *(.rodata*)
 .rodata        0x00000860       0x10 ./src/autoisp_main.o

.glue_7         0x00000870        0x0
 .glue_7        0x00000000        0x0 linker stubs

.glue_7t        0x00000870        0x0
 .glue_7t       0x00000000        0x0 linker stubs

.vfp11_veneer   0x00000870        0x0
 .vfp11_veneer  0x00000000        0x0 linker stubs

.v4_bx          0x00000870        0x0
 .v4_bx         0x00000000        0x0 linker stubs

.ARM.extab
 *(.ARM.extab* .gnu.linkonce.armextab.*)
                0x00000870                __exidx_start = .

.ARM.exidx
 *(.ARM.exidx* .gnu.linkonce.armexidx.*)
                0x00000870                __exidx_end = .
                0x00000870                _etext = .

.data           0x10000000        0x8 load address 0x00000870
                0x10000000                _data = .
 *(vtable)
 *(.data*)
 .data          0x10000000        0x4 ./src/autoisp_main.o
                0x10000000                iap_entry
 .data          0x10000004        0x4 /home/nxp/Desktop/linuxtest1/CMSISv1p30_LPC13xx/Debug/libCMSISv1p30_LPC13xx.a(system_LPC13xx.o)
                0x10000004                SystemCoreClock
                0x10000008                _edata = .

.bss            0x10000008       0x28 load address 0x00000878
                0x10000008                _bss = .
 *(.bss*)
 .bss           0x10000008        0x4 ./src/autoisp_main.o
                0x10000008                TimeTick
 *(COMMON)
 COMMON         0x1000000c       0x24 ./src/autoisp_main.o
                0x1000000c                command
                0x10000020                result
                0x10000030                _ebss = .

.cr_heap        0x10000030        0x0 load address 0x00000878
                0x10000030                end = .
                0x10000030                _pvHeapStart = .
                0x10002000                _vRamTop = __top_RamLoc8
                0x10002000                _vStackTop = (_vRamTop - 0x0)
OUTPUT(autoisp.axf elf32-littlearm)

.debug_abbrev   0x00000000      0x784
 .debug_abbrev  0x00000000      0x254 ./src/autoisp_main.o
 .debug_abbrev  0x00000254       0xb7 ./src/clkconfig.o
 .debug_abbrev  0x0000030b       0xdf ./src/cr_startup_lpc13.o
 .debug_abbrev  0x000003ea      0x1d9 ./src/gpio.o
 .debug_abbrev  0x000005c3       0xd9 /home/nxp/Desktop/linuxtest1/CMSISv1p30_LPC13xx/Debug/libCMSISv1p30_LPC13xx.a(core_cm3.o)
 .debug_abbrev  0x0000069c       0xe8 /home/nxp/Desktop/linuxtest1/CMSISv1p30_LPC13xx/Debug/libCMSISv1p30_LPC13xx.a(system_LPC13xx.o)

.debug_info     0x00000000     0x28cd
 .debug_info    0x00000000      0xca3 ./src/autoisp_main.o
 .debug_info    0x00000ca3      0x524 ./src/clkconfig.o
 .debug_info    0x000011c7      0x1ed ./src/cr_startup_lpc13.o
 .debug_info    0x000013b4      0xa80 ./src/gpio.o
 .debug_info    0x00001e34      0x54c /home/nxp/Desktop/linuxtest1/CMSISv1p30_LPC13xx/Debug/libCMSISv1p30_LPC13xx.a(core_cm3.o)
 .debug_info    0x00002380      0x54d /home/nxp/Desktop/linuxtest1/CMSISv1p30_LPC13xx/Debug/libCMSISv1p30_LPC13xx.a(system_LPC13xx.o)

.debug_line     0x00000000      0xae0
 .debug_line    0x00000000      0x1f9 ./src/autoisp_main.o
 .debug_line    0x000001f9      0x140 ./src/clkconfig.o
 .debug_line    0x00000339      0x1b7 ./src/cr_startup_lpc13.o
 .debug_line    0x000004f0      0x205 ./src/gpio.o
 .debug_line    0x000006f5      0x24f /home/nxp/Desktop/linuxtest1/CMSISv1p30_LPC13xx/Debug/libCMSISv1p30_LPC13xx.a(core_cm3.o)
 .debug_line    0x00000944      0x19c /home/nxp/Desktop/linuxtest1/CMSISv1p30_LPC13xx/Debug/libCMSISv1p30_LPC13xx.a(system_LPC13xx.o)

.debug_macinfo  0x00000000    0x16962
 .debug_macinfo
                0x00000000     0x500d ./src/autoisp_main.o
 .debug_macinfo
                0x0000500d     0x4ec4 ./src/clkconfig.o
 .debug_macinfo
                0x00009ed1     0x15a1 ./src/cr_startup_lpc13.o
 .debug_macinfo
                0x0000b472     0x4e38 ./src/gpio.o
 .debug_macinfo
                0x000102aa     0x153a /home/nxp/Desktop/linuxtest1/CMSISv1p30_LPC13xx/Debug/libCMSISv1p30_LPC13xx.a(core_cm3.o)
 .debug_macinfo
                0x000117e4     0x517e /home/nxp/Desktop/linuxtest1/CMSISv1p30_LPC13xx/Debug/libCMSISv1p30_LPC13xx.a(system_LPC13xx.o)

.debug_loc      0x00000000      0x9fe
 .debug_loc     0x00000000      0x1bf ./src/autoisp_main.o
 .debug_loc     0x000001bf       0x6e ./src/clkconfig.o
 .debug_loc     0x0000022d      0x1e5 ./src/cr_startup_lpc13.o
 .debug_loc     0x00000412      0x175 ./src/gpio.o
 .debug_loc     0x00000587      0x3de /home/nxp/Desktop/linuxtest1/CMSISv1p30_LPC13xx/Debug/libCMSISv1p30_LPC13xx.a(core_cm3.o)
 .debug_loc     0x00000965       0x99 /home/nxp/Desktop/linuxtest1/CMSISv1p30_LPC13xx/Debug/libCMSISv1p30_LPC13xx.a(system_LPC13xx.o)

.debug_pubnames
                0x00000000      0x3c8
 .debug_pubnames
                0x00000000       0x83 ./src/autoisp_main.o
 .debug_pubnames
                0x00000083       0x35 ./src/clkconfig.o
 .debug_pubnames
                0x000000b8       0xec ./src/cr_startup_lpc13.o
 .debug_pubnames
                0x000001a4       0x7c ./src/gpio.o
 .debug_pubnames
                0x00000220      0x159 /home/nxp/Desktop/linuxtest1/CMSISv1p30_LPC13xx/Debug/libCMSISv1p30_LPC13xx.a(core_cm3.o)
 .debug_pubnames
                0x00000379       0x4f /home/nxp/Desktop/linuxtest1/CMSISv1p30_LPC13xx/Debug/libCMSISv1p30_LPC13xx.a(system_LPC13xx.o)

.debug_aranges  0x00000000      0x240
 .debug_aranges
                0x00000000       0x60 ./src/autoisp_main.o
 .debug_aranges
                0x00000060       0x28 ./src/clkconfig.o
 .debug_aranges
                0x00000088       0x70 ./src/cr_startup_lpc13.o
 .debug_aranges
                0x000000f8       0x50 ./src/gpio.o
 .debug_aranges
                0x00000148       0xc8 /home/nxp/Desktop/linuxtest1/CMSISv1p30_LPC13xx/Debug/libCMSISv1p30_LPC13xx.a(core_cm3.o)
 .debug_aranges
                0x00000210       0x30 /home/nxp/Desktop/linuxtest1/CMSISv1p30_LPC13xx/Debug/libCMSISv1p30_LPC13xx.a(system_LPC13xx.o)

.debug_ranges   0x00000000      0x210
 .debug_ranges  0x00000000       0x58 ./src/autoisp_main.o
 .debug_ranges  0x00000058       0x20 ./src/clkconfig.o
 .debug_ranges  0x00000078       0x68 ./src/cr_startup_lpc13.o
 .debug_ranges  0x000000e0       0x48 ./src/gpio.o
 .debug_ranges  0x00000128       0xc0 /home/nxp/Desktop/linuxtest1/CMSISv1p30_LPC13xx/Debug/libCMSISv1p30_LPC13xx.a(core_cm3.o)
 .debug_ranges  0x000001e8       0x28 /home/nxp/Desktop/linuxtest1/CMSISv1p30_LPC13xx/Debug/libCMSISv1p30_LPC13xx.a(system_LPC13xx.o)

.debug_str      0x00000000      0xbbb
 .debug_str     0x00000000      0x83b ./src/autoisp_main.o
                                0x879 (size before relaxing)
 .debug_str     0x0000083b       0x35 ./src/clkconfig.o
                                0x3b4 (size before relaxing)
 .debug_str     0x00000870       0xf8 ./src/cr_startup_lpc13.o
                                0x1c3 (size before relaxing)
 .debug_str     0x00000968       0x89 ./src/gpio.o
                                0x7dd (size before relaxing)
 .debug_str     0x000009f1      0x183 /home/nxp/Desktop/linuxtest1/CMSISv1p30_LPC13xx/Debug/libCMSISv1p30_LPC13xx.a(core_cm3.o)
                                0x23b (size before relaxing)
 .debug_str     0x00000b74       0x47 /home/nxp/Desktop/linuxtest1/CMSISv1p30_LPC13xx/Debug/libCMSISv1p30_LPC13xx.a(system_LPC13xx.o)
                                0x3e1 (size before relaxing)

.comment        0x00000000      0x102
 .comment       0x00000000       0x2b ./src/autoisp_main.o
 .comment       0x0000002b       0x2b ./src/clkconfig.o
 .comment       0x00000056       0x2b ./src/cr_startup_lpc13.o
 .comment       0x00000081       0x2b ./src/gpio.o
 .comment       0x000000ac       0x2b /home/nxp/Desktop/linuxtest1/CMSISv1p30_LPC13xx/Debug/libCMSISv1p30_LPC13xx.a(core_cm3.o)
 .comment       0x000000d7       0x2b /home/nxp/Desktop/linuxtest1/CMSISv1p30_LPC13xx/Debug/libCMSISv1p30_LPC13xx.a(system_LPC13xx.o)

.ARM.attributes
                0x00000000       0x31
 .ARM.attributes
                0x00000000       0x31 ./src/autoisp_main.o
 .ARM.attributes
                0x00000031       0x31 ./src/clkconfig.o
 .ARM.attributes
                0x00000062       0x31 ./src/cr_startup_lpc13.o
 .ARM.attributes
                0x00000093       0x31 ./src/gpio.o
 .ARM.attributes
                0x000000c4       0x31 /home/nxp/Desktop/linuxtest1/CMSISv1p30_LPC13xx/Debug/libCMSISv1p30_LPC13xx.a(core_cm3.o)
 .ARM.attributes
                0x000000f5       0x31 /home/nxp/Desktop/linuxtest1/CMSISv1p30_LPC13xx/Debug/libCMSISv1p30_LPC13xx.a(system_LPC13xx.o)

.debug_frame    0x00000000      0x5f0
 .debug_frame   0x00000000      0x108 ./src/autoisp_main.o
 .debug_frame   0x00000108       0x48 ./src/clkconfig.o
 .debug_frame   0x00000150      0x120 ./src/cr_startup_lpc13.o
 .debug_frame   0x00000270       0xd4 ./src/gpio.o
 .debug_frame   0x00000344      0x248 /home/nxp/Desktop/linuxtest1/CMSISv1p30_LPC13xx/Debug/libCMSISv1p30_LPC13xx.a(core_cm3.o)
 .debug_frame   0x0000058c       0x64 /home/nxp/Desktop/linuxtest1/CMSISv1p30_LPC13xx/Debug/libCMSISv1p30_LPC13xx.a(system_LPC13xx.o)
