Archive member included because of file (symbol)

/Users/sin/Documents/LPCxpresso/workspace/CMSISv2p00_LPC17xx/Debug/libCMSISv2p00_LPC17xx.a(system_LPC17xx.o)
                              ./src/cr_startup_lpc176x.o (SystemInit)
/Users/sin/Documents/LPCxpresso/workspace/RDB1768cmsis2_usbstack/Debug/libRDB1768cmsis2_usbstack.a(usbcontrol.o)
                              ./src/msc_usb_start.o (USBRegisterRequestHandler)
/Users/sin/Documents/LPCxpresso/workspace/RDB1768cmsis2_usbstack/Debug/libRDB1768cmsis2_usbstack.a(usbhw_lpc.o)
                              ./src/msc_usb_start.o (USBHwRegisterEPIntHandler)
/Users/sin/Documents/LPCxpresso/workspace/RDB1768cmsis2_usbstack/Debug/libRDB1768cmsis2_usbstack.a(usbinit.o)
                              ./src/msc_usb_start.o (USBInit)
/Users/sin/Documents/LPCxpresso/workspace/RDB1768cmsis2_usbstack/Debug/libRDB1768cmsis2_usbstack.a(usbstdreq.o)
                              ./src/msc_usb_start.o (USBRegisterDescriptors)
/Users/sin/Documents/LPCxpresso/workspace/RDB1768cmsis2_LCDlib/Debug/libRDB1768cmsis2_LCDlib.a(lcd_driver.o)
                              ./src/main_bootloader.o (LCDdriver_initialisation)
/Users/sin/Documents/LPCxpresso/workspace/RDB1768cmsis2_LCDlib/Debug/libRDB1768cmsis2_LCDlib.a(lcd_terminal.o)
                              ./src/main_bootloader.o (LCD_ResetTerminal)
/Users/sin/Documents/LPCxpresso/workspace/RDB1768cmsis2_LCDlib/Debug/libRDB1768cmsis2_LCDlib.a(lcd_text.o)
                              /Users/sin/Documents/LPCxpresso/workspace/RDB1768cmsis2_LCDlib/Debug/libRDB1768cmsis2_LCDlib.a(lcd_terminal.o) (LCD_PrintChar)
/Users/sin/Documents/LPCxpresso/workspace/RDB1768cmsis2_LCDlib/Debug/libRDB1768cmsis2_LCDlib.a(system_fixed_be_8_15.o)
                              /Users/sin/Documents/LPCxpresso/workspace/RDB1768cmsis2_LCDlib/Debug/libRDB1768cmsis2_LCDlib.a(lcd_text.o) (font_data_table)
/Applications/lpcxpresso_4.2.4/lpcxpresso/Tools/bin/../lib/gcc/arm-none-eabi/4.6.2/../../../../arm-none-eabi/lib/armv7-m/libcr_c.a(__weak__main.o)
                              ./src/cr_startup_lpc176x.o (__main)
/Applications/lpcxpresso_4.2.4/lpcxpresso/Tools/bin/../lib/gcc/arm-none-eabi/4.6.2/../../../../arm-none-eabi/lib/armv7-m/libcr_c.a(strlen.o)
                              /Users/sin/Documents/LPCxpresso/workspace/RDB1768cmsis2_LCDlib/Debug/libRDB1768cmsis2_LCDlib.a(lcd_terminal.o) (strlen)
/Applications/lpcxpresso_4.2.4/lpcxpresso/Tools/bin/../lib/gcc/arm-none-eabi/4.6.2/../../../../arm-none-eabi/lib/armv7-m/libcr_c.a(memcpy.o)
                              ./src/msc_scsi.o (memcpy)
/Applications/lpcxpresso_4.2.4/lpcxpresso/Tools/bin/../lib/gcc/arm-none-eabi/4.6.2/../../../../arm-none-eabi/lib/armv7-m/libcr_c.a(memmove.o)
                              /Users/sin/Documents/LPCxpresso/workspace/RDB1768cmsis2_LCDlib/Debug/libRDB1768cmsis2_LCDlib.a(lcd_terminal.o) (memmove)
/Applications/lpcxpresso_4.2.4/lpcxpresso/Tools/bin/../lib/gcc/arm-none-eabi/4.6.2/armv7-m/libcr_eabihelpers.a(division.o)
                              /Users/sin/Documents/LPCxpresso/workspace/CMSISv2p00_LPC17xx/Debug/libCMSISv2p00_LPC17xx.a(system_LPC17xx.o) (__aeabi_uldivmod)
/Applications/lpcxpresso_4.2.4/lpcxpresso/Tools/bin/../lib/gcc/arm-none-eabi/4.6.2/armv7-m/libcr_eabihelpers.a(memcpy.o)
                              /Applications/lpcxpresso_4.2.4/lpcxpresso/Tools/bin/../lib/gcc/arm-none-eabi/4.6.2/../../../../arm-none-eabi/lib/armv7-m/libcr_c.a(memcpy.o) (__aeabi_memcpy)

Allocating common symbols
Common symbol       size              file

Fat_RootDir         0x600             ./src/diskimage.o
param_table         0x14              ./src/sbl_iap.o
result_table        0x14              ./src/sbl_iap.o
user_flash_erased   0x4               ./src/main_bootloader.o
flash_buf           0x200             ./src/sbl_iap.o

Discarded input sections

 .text          0x0000000000000000        0x0 ./src/blockdev_flash.o
 .data          0x0000000000000000        0x0 ./src/blockdev_flash.o
 .bss           0x0000000000000000        0x0 ./src/blockdev_flash.o
 .text          0x0000000000000000        0x0 ./src/cr_startup_lpc176x.o
 .data          0x0000000000000000        0x0 ./src/cr_startup_lpc176x.o
 .bss           0x0000000000000000        0x0 ./src/cr_startup_lpc176x.o
 .text          0x0000000000000000        0x0 ./src/diskimage.o
 .data          0x0000000000000000        0x0 ./src/diskimage.o
 .bss           0x0000000000000000        0x0 ./src/diskimage.o
 .text          0x0000000000000000        0x0 ./src/main_bootloader.o
 .data          0x0000000000000000        0x0 ./src/main_bootloader.o
 .bss           0x0000000000000000        0x0 ./src/main_bootloader.o
 .text          0x0000000000000000        0x0 ./src/msc_bot.o
 .data          0x0000000000000000        0x0 ./src/msc_bot.o
 .text          0x0000000000000000        0x0 ./src/msc_scsi.o
 .data          0x0000000000000000        0x0 ./src/msc_scsi.o
 .text          0x0000000000000000        0x0 ./src/msc_usb_start.o
 .data          0x0000000000000000        0x0 ./src/msc_usb_start.o
 .text          0x0000000000000000        0x0 ./src/sbl_iap.o
 .data          0x0000000000000000        0x0 ./src/sbl_iap.o
 .text          0x0000000000000000        0x0 /Users/sin/Documents/LPCxpresso/workspace/CMSISv2p00_LPC17xx/Debug/libCMSISv2p00_LPC17xx.a(system_LPC17xx.o)
 .data          0x0000000000000000        0x0 /Users/sin/Documents/LPCxpresso/workspace/CMSISv2p00_LPC17xx/Debug/libCMSISv2p00_LPC17xx.a(system_LPC17xx.o)
 .bss           0x0000000000000000        0x0 /Users/sin/Documents/LPCxpresso/workspace/CMSISv2p00_LPC17xx/Debug/libCMSISv2p00_LPC17xx.a(system_LPC17xx.o)
 .text.SystemCoreClockUpdate
                0x0000000000000000       0xcc /Users/sin/Documents/LPCxpresso/workspace/CMSISv2p00_LPC17xx/Debug/libCMSISv2p00_LPC17xx.a(system_LPC17xx.o)
 .text          0x0000000000000000        0x0 /Users/sin/Documents/LPCxpresso/workspace/RDB1768cmsis2_usbstack/Debug/libRDB1768cmsis2_usbstack.a(usbcontrol.o)
 .data          0x0000000000000000        0x0 /Users/sin/Documents/LPCxpresso/workspace/RDB1768cmsis2_usbstack/Debug/libRDB1768cmsis2_usbstack.a(usbcontrol.o)
 .text          0x0000000000000000        0x0 /Users/sin/Documents/LPCxpresso/workspace/RDB1768cmsis2_usbstack/Debug/libRDB1768cmsis2_usbstack.a(usbhw_lpc.o)
 .data          0x0000000000000000        0x0 /Users/sin/Documents/LPCxpresso/workspace/RDB1768cmsis2_usbstack/Debug/libRDB1768cmsis2_usbstack.a(usbhw_lpc.o)
 .text.USBHwRegisterFrameHandler
                0x0000000000000000       0x3c /Users/sin/Documents/LPCxpresso/workspace/RDB1768cmsis2_usbstack/Debug/libRDB1768cmsis2_usbstack.a(usbhw_lpc.o)
 .text          0x0000000000000000        0x0 /Users/sin/Documents/LPCxpresso/workspace/RDB1768cmsis2_usbstack/Debug/libRDB1768cmsis2_usbstack.a(usbinit.o)
 .data          0x0000000000000000        0x0 /Users/sin/Documents/LPCxpresso/workspace/RDB1768cmsis2_usbstack/Debug/libRDB1768cmsis2_usbstack.a(usbinit.o)
 .text          0x0000000000000000        0x0 /Users/sin/Documents/LPCxpresso/workspace/RDB1768cmsis2_usbstack/Debug/libRDB1768cmsis2_usbstack.a(usbstdreq.o)
 .data          0x0000000000000000        0x0 /Users/sin/Documents/LPCxpresso/workspace/RDB1768cmsis2_usbstack/Debug/libRDB1768cmsis2_usbstack.a(usbstdreq.o)
 .text.USBRegisterCustomReqHandler
                0x0000000000000000       0x20 /Users/sin/Documents/LPCxpresso/workspace/RDB1768cmsis2_usbstack/Debug/libRDB1768cmsis2_usbstack.a(usbstdreq.o)
 .text          0x0000000000000000        0x0 /Users/sin/Documents/LPCxpresso/workspace/RDB1768cmsis2_LCDlib/Debug/libRDB1768cmsis2_LCDlib.a(lcd_driver.o)
 .data          0x0000000000000000        0x0 /Users/sin/Documents/LPCxpresso/workspace/RDB1768cmsis2_LCDlib/Debug/libRDB1768cmsis2_LCDlib.a(lcd_driver.o)
 .bss           0x0000000000000000        0x0 /Users/sin/Documents/LPCxpresso/workspace/RDB1768cmsis2_LCDlib/Debug/libRDB1768cmsis2_LCDlib.a(lcd_driver.o)
 .text          0x0000000000000000        0x0 /Users/sin/Documents/LPCxpresso/workspace/RDB1768cmsis2_LCDlib/Debug/libRDB1768cmsis2_LCDlib.a(lcd_terminal.o)
 .data          0x0000000000000000        0x0 /Users/sin/Documents/LPCxpresso/workspace/RDB1768cmsis2_LCDlib/Debug/libRDB1768cmsis2_LCDlib.a(lcd_terminal.o)
 .text          0x0000000000000000        0x0 /Users/sin/Documents/LPCxpresso/workspace/RDB1768cmsis2_LCDlib/Debug/libRDB1768cmsis2_LCDlib.a(lcd_text.o)
 .data          0x0000000000000000        0x0 /Users/sin/Documents/LPCxpresso/workspace/RDB1768cmsis2_LCDlib/Debug/libRDB1768cmsis2_LCDlib.a(lcd_text.o)
 .bss           0x0000000000000000        0x0 /Users/sin/Documents/LPCxpresso/workspace/RDB1768cmsis2_LCDlib/Debug/libRDB1768cmsis2_LCDlib.a(lcd_text.o)
 .text.LCD_PrintString
                0x0000000000000000       0xa4 /Users/sin/Documents/LPCxpresso/workspace/RDB1768cmsis2_LCDlib/Debug/libRDB1768cmsis2_LCDlib.a(lcd_text.o)
 .text          0x0000000000000000        0x0 /Users/sin/Documents/LPCxpresso/workspace/RDB1768cmsis2_LCDlib/Debug/libRDB1768cmsis2_LCDlib.a(system_fixed_be_8_15.o)
 .data          0x0000000000000000        0x0 /Users/sin/Documents/LPCxpresso/workspace/RDB1768cmsis2_LCDlib/Debug/libRDB1768cmsis2_LCDlib.a(system_fixed_be_8_15.o)
 .bss           0x0000000000000000        0x0 /Users/sin/Documents/LPCxpresso/workspace/RDB1768cmsis2_LCDlib/Debug/libRDB1768cmsis2_LCDlib.a(system_fixed_be_8_15.o)
 .text          0x0000000000000000        0x0 /Applications/lpcxpresso_4.2.4/lpcxpresso/Tools/bin/../lib/gcc/arm-none-eabi/4.6.2/../../../../arm-none-eabi/lib/armv7-m/libcr_c.a(__weak__main.o)
 .data          0x0000000000000000        0x0 /Applications/lpcxpresso_4.2.4/lpcxpresso/Tools/bin/../lib/gcc/arm-none-eabi/4.6.2/../../../../arm-none-eabi/lib/armv7-m/libcr_c.a(__weak__main.o)
 .bss           0x0000000000000000        0x0 /Applications/lpcxpresso_4.2.4/lpcxpresso/Tools/bin/../lib/gcc/arm-none-eabi/4.6.2/../../../../arm-none-eabi/lib/armv7-m/libcr_c.a(__weak__main.o)
 .text          0x0000000000000000        0x0 /Applications/lpcxpresso_4.2.4/lpcxpresso/Tools/bin/../lib/gcc/arm-none-eabi/4.6.2/../../../../arm-none-eabi/lib/armv7-m/libcr_c.a(strlen.o)
 .data          0x0000000000000000        0x0 /Applications/lpcxpresso_4.2.4/lpcxpresso/Tools/bin/../lib/gcc/arm-none-eabi/4.6.2/../../../../arm-none-eabi/lib/armv7-m/libcr_c.a(strlen.o)
 .bss           0x0000000000000000        0x0 /Applications/lpcxpresso_4.2.4/lpcxpresso/Tools/bin/../lib/gcc/arm-none-eabi/4.6.2/../../../../arm-none-eabi/lib/armv7-m/libcr_c.a(strlen.o)
 .text          0x0000000000000000        0x0 /Applications/lpcxpresso_4.2.4/lpcxpresso/Tools/bin/../lib/gcc/arm-none-eabi/4.6.2/../../../../arm-none-eabi/lib/armv7-m/libcr_c.a(memcpy.o)
 .data          0x0000000000000000        0x0 /Applications/lpcxpresso_4.2.4/lpcxpresso/Tools/bin/../lib/gcc/arm-none-eabi/4.6.2/../../../../arm-none-eabi/lib/armv7-m/libcr_c.a(memcpy.o)
 .bss           0x0000000000000000        0x0 /Applications/lpcxpresso_4.2.4/lpcxpresso/Tools/bin/../lib/gcc/arm-none-eabi/4.6.2/../../../../arm-none-eabi/lib/armv7-m/libcr_c.a(memcpy.o)
 .text          0x0000000000000000        0x0 /Applications/lpcxpresso_4.2.4/lpcxpresso/Tools/bin/../lib/gcc/arm-none-eabi/4.6.2/../../../../arm-none-eabi/lib/armv7-m/libcr_c.a(memmove.o)
 .data          0x0000000000000000        0x0 /Applications/lpcxpresso_4.2.4/lpcxpresso/Tools/bin/../lib/gcc/arm-none-eabi/4.6.2/../../../../arm-none-eabi/lib/armv7-m/libcr_c.a(memmove.o)
 .bss           0x0000000000000000        0x0 /Applications/lpcxpresso_4.2.4/lpcxpresso/Tools/bin/../lib/gcc/arm-none-eabi/4.6.2/../../../../arm-none-eabi/lib/armv7-m/libcr_c.a(memmove.o)
 .text          0x0000000000000000        0x0 /Applications/lpcxpresso_4.2.4/lpcxpresso/Tools/bin/../lib/gcc/arm-none-eabi/4.6.2/armv7-m/libcr_eabihelpers.a(division.o)
 .data          0x0000000000000000        0x0 /Applications/lpcxpresso_4.2.4/lpcxpresso/Tools/bin/../lib/gcc/arm-none-eabi/4.6.2/armv7-m/libcr_eabihelpers.a(division.o)
 .bss           0x0000000000000000        0x0 /Applications/lpcxpresso_4.2.4/lpcxpresso/Tools/bin/../lib/gcc/arm-none-eabi/4.6.2/armv7-m/libcr_eabihelpers.a(division.o)
 .text.__aeabi_division_idiv
                0x0000000000000000       0x10 /Applications/lpcxpresso_4.2.4/lpcxpresso/Tools/bin/../lib/gcc/arm-none-eabi/4.6.2/armv7-m/libcr_eabihelpers.a(division.o)
 .text.__aeabi_division_idivmod
                0x0000000000000000       0x16 /Applications/lpcxpresso_4.2.4/lpcxpresso/Tools/bin/../lib/gcc/arm-none-eabi/4.6.2/armv7-m/libcr_eabihelpers.a(division.o)
 .text.__aeabi_division_uidiv
                0x0000000000000000       0x10 /Applications/lpcxpresso_4.2.4/lpcxpresso/Tools/bin/../lib/gcc/arm-none-eabi/4.6.2/armv7-m/libcr_eabihelpers.a(division.o)
 .text.__aeabi_division_uidivmod
                0x0000000000000000       0x16 /Applications/lpcxpresso_4.2.4/lpcxpresso/Tools/bin/../lib/gcc/arm-none-eabi/4.6.2/armv7-m/libcr_eabihelpers.a(division.o)
 .text.__aeabi_division_ldivmod
                0x0000000000000000       0x26 /Applications/lpcxpresso_4.2.4/lpcxpresso/Tools/bin/../lib/gcc/arm-none-eabi/4.6.2/armv7-m/libcr_eabihelpers.a(division.o)
 .text.__aeabi_division_uldivmod
                0x0000000000000000      0x174 /Applications/lpcxpresso_4.2.4/lpcxpresso/Tools/bin/../lib/gcc/arm-none-eabi/4.6.2/armv7-m/libcr_eabihelpers.a(division.o)
 .text.__aeabi_division_idiv0
                0x0000000000000000        0x2 /Applications/lpcxpresso_4.2.4/lpcxpresso/Tools/bin/../lib/gcc/arm-none-eabi/4.6.2/armv7-m/libcr_eabihelpers.a(division.o)
 .text.__aeabi_division_ldiv0
                0x0000000000000000        0x2 /Applications/lpcxpresso_4.2.4/lpcxpresso/Tools/bin/../lib/gcc/arm-none-eabi/4.6.2/armv7-m/libcr_eabihelpers.a(division.o)
 .text          0x0000000000000000        0x0 /Applications/lpcxpresso_4.2.4/lpcxpresso/Tools/bin/../lib/gcc/arm-none-eabi/4.6.2/armv7-m/libcr_eabihelpers.a(memcpy.o)
 .data          0x0000000000000000        0x0 /Applications/lpcxpresso_4.2.4/lpcxpresso/Tools/bin/../lib/gcc/arm-none-eabi/4.6.2/armv7-m/libcr_eabihelpers.a(memcpy.o)
 .bss           0x0000000000000000        0x0 /Applications/lpcxpresso_4.2.4/lpcxpresso/Tools/bin/../lib/gcc/arm-none-eabi/4.6.2/armv7-m/libcr_eabihelpers.a(memcpy.o)
 .text.__aeabi_memset_lowlevel
                0x0000000000000000       0x24 /Applications/lpcxpresso_4.2.4/lpcxpresso/Tools/bin/../lib/gcc/arm-none-eabi/4.6.2/armv7-m/libcr_eabihelpers.a(memcpy.o)
 .text.__aeabi_memclr
                0x0000000000000000        0x8 /Applications/lpcxpresso_4.2.4/lpcxpresso/Tools/bin/../lib/gcc/arm-none-eabi/4.6.2/armv7-m/libcr_eabihelpers.a(memcpy.o)
 .text.__aeabi_memset
                0x0000000000000000        0xa /Applications/lpcxpresso_4.2.4/lpcxpresso/Tools/bin/../lib/gcc/arm-none-eabi/4.6.2/armv7-m/libcr_eabihelpers.a(memcpy.o)

Memory Configuration

Name             Origin             Length             Attributes
MFlash512        0x0000000000000000 0x0000000000010000 xr
RamLoc32         0x0000000010000000 0x0000000000007fe0 xrw
RamAHB32         0x000000002007c000 0x0000000000008000 xrw
*default*        0x0000000000000000 0xffffffffffffffff

Linker script and memory map

LOAD ./src/blockdev_flash.o
LOAD ./src/cr_startup_lpc176x.o
LOAD ./src/diskimage.o
LOAD ./src/main_bootloader.o
LOAD ./src/msc_bot.o
LOAD ./src/msc_scsi.o
LOAD ./src/msc_usb_start.o
LOAD ./src/sbl_iap.o
LOAD /Users/sin/Documents/LPCxpresso/workspace/CMSISv2p00_LPC17xx/Debug/libCMSISv2p00_LPC17xx.a
LOAD /Users/sin/Documents/LPCxpresso/workspace/RDB1768cmsis2_usbstack/Debug/libRDB1768cmsis2_usbstack.a
LOAD /Users/sin/Documents/LPCxpresso/workspace/RDB1768cmsis2_LCDlib/Debug/libRDB1768cmsis2_LCDlib.a
START GROUP
LOAD /Applications/lpcxpresso_4.2.4/lpcxpresso/Tools/bin/../lib/gcc/arm-none-eabi/4.6.2/../../../../arm-none-eabi/lib/armv7-m/libcr_c.a
LOAD /Applications/lpcxpresso_4.2.4/lpcxpresso/Tools/bin/../lib/gcc/arm-none-eabi/4.6.2/armv7-m/libcr_eabihelpers.a
END GROUP
                0x0000000000010000                __top_MFlash512 = 0x10000
                0x0000000010007fe0                __top_RamLoc32 = 0x10007fe0
                0x0000000020084000                __top_RamAHB32 = 0x20084000

.text           0x0000000000000000     0x3d20
 FILL mask 0xff
 *(.isr_vector)
 .isr_vector    0x0000000000000000       0xcc ./src/cr_startup_lpc176x.o
                0x0000000000000000                g_pfnVectors
                0x00000000000000cc                . = ALIGN (0x4)
                0x00000000000000cc                __section_table_start = .
                0x00000000000000cc                __data_section_table = .
                0x00000000000000cc        0x4 LONG 0x3d20 LOADADDR (.data)
                0x00000000000000d0        0x4 LONG 0x10000000 ADDR (.data)
                0x00000000000000d4        0x4 LONG 0x4 SIZEOF (.data)
                0x00000000000000d8        0x4 LONG 0x3d20 LOADADDR (.data_RAM2)
                0x00000000000000dc        0x4 LONG 0x2007c000 ADDR (.data_RAM2)
                0x00000000000000e0        0x4 LONG 0x0 SIZEOF (.data_RAM2)
                0x00000000000000e4                __data_section_table_end = .
                0x00000000000000e4                __bss_section_table = .
                0x00000000000000e4        0x4 LONG 0x10000004 ADDR (.bss)
                0x00000000000000e8        0x4 LONG 0xb94 SIZEOF (.bss)
                0x00000000000000ec        0x4 LONG 0x2007c000 ADDR (.bss_RAM2)
                0x00000000000000f0        0x4 LONG 0x0 SIZEOF (.bss_RAM2)
                0x00000000000000f4                __bss_section_table_end = .
                0x00000000000000f4                __section_table_end = .
 *(.after_vectors*)
 .after_vectors
                0x00000000000000f4       0x78 ./src/cr_startup_lpc176x.o
                0x00000000000000f4                NMI_Handler
                0x00000000000000f6                HardFault_Handler
                0x00000000000000f8                MemManage_Handler
                0x00000000000000fa                BusFault_Handler
                0x00000000000000fc                UsageFault_Handler
                0x00000000000000fe                SVCall_Handler
                0x0000000000000100                DebugMon_Handler
                0x0000000000000102                PendSV_Handler
                0x0000000000000104                SysTick_Handler
                0x0000000000000106                data_init
                0x0000000000000118                bss_init
                0x0000000000000128                ResetISR
                0x0000000000000168                EINT2_IRQHandler
                0x0000000000000168                UART1_IRQHandler
                0x0000000000000168                EINT3_IRQHandler
                0x0000000000000168                CANActivity_IRQHandler
                0x0000000000000168                TIMER3_IRQHandler
                0x0000000000000168                UART0_IRQHandler
                0x0000000000000168                PWM1_IRQHandler
                0x0000000000000168                USBActivity_IRQHandler
                0x0000000000000168                IntDefaultHandler
                0x0000000000000168                PLL0_IRQHandler
                0x0000000000000168                CAN_IRQHandler
                0x0000000000000168                PLL1_IRQHandler
                0x0000000000000168                SSP0_IRQHandler
                0x0000000000000168                I2S_IRQHandler
                0x0000000000000168                I2C2_IRQHandler
                0x0000000000000168                RTC_IRQHandler
                0x0000000000000168                TIMER0_IRQHandler
                0x0000000000000168                SPI_IRQHandler
                0x0000000000000168                I2C0_IRQHandler
                0x0000000000000168                EINT1_IRQHandler
                0x0000000000000168                TIMER1_IRQHandler
                0x0000000000000168                UART2_IRQHandler
                0x0000000000000168                ADC_IRQHandler
                0x0000000000000168                SSP1_IRQHandler
                0x0000000000000168                USB_IRQHandler
                0x0000000000000168                BOD_IRQHandler
                0x0000000000000168                RIT_IRQHandler
                0x0000000000000168                WDT_IRQHandler
                0x0000000000000168                QEI_IRQHandler
                0x0000000000000168                EINT0_IRQHandler
                0x0000000000000168                DMA_IRQHandler
                0x0000000000000168                TIMER2_IRQHandler
                0x0000000000000168                UART3_IRQHandler
                0x0000000000000168                MCPWM_IRQHandler
                0x0000000000000168                I2C1_IRQHandler
                0x0000000000000168                ENET_IRQHandler
 *(.text*)
 .text.BlockDevGetSize
                0x000000000000016c       0x2c ./src/blockdev_flash.o
                0x000000000000016c                BlockDevGetSize
 .text.BlockDevWrite
                0x0000000000000198       0xc8 ./src/blockdev_flash.o
                0x0000000000000198                BlockDevWrite
 .text.BlockDevRead
                0x0000000000000260      0x138 ./src/blockdev_flash.o
                0x0000000000000260                BlockDevRead
 .text.enter_usb_isp
                0x0000000000000398      0x228 ./src/main_bootloader.o
                0x0000000000000398                enter_usb_isp
 .text.main     0x00000000000005c0       0xb8 ./src/main_bootloader.o
                0x00000000000005c0                main
 .text.MSCBotReset
                0x0000000000000678       0x18 ./src/msc_bot.o
                0x0000000000000678                MSCBotReset
 .text.SendCSW  0x0000000000000690       0x80 ./src/msc_bot.o
 .text.CheckCBW
                0x0000000000000710       0x60 ./src/msc_bot.o
 .text.BOTStall
                0x0000000000000770       0x40 ./src/msc_bot.o
 .text.HandleDataIn
                0x00000000000007b0      0x100 ./src/msc_bot.o
 .text.HandleDataOut
                0x00000000000008b0       0xfc ./src/msc_bot.o
 .text.MSCBotBulkOut
                0x00000000000009ac      0x1e8 ./src/msc_bot.o
                0x00000000000009ac                MSCBotBulkOut
 .text.MSCBotBulkIn
                0x0000000000000b94       0x88 ./src/msc_bot.o
                0x0000000000000b94                MSCBotBulkIn
 .text.SCSIReset
                0x0000000000000c1c       0x18 ./src/msc_scsi.o
                0x0000000000000c1c                SCSIReset
 .text.SCSIHandleCmd
                0x0000000000000c34      0x28c ./src/msc_scsi.o
                0x0000000000000c34                SCSIHandleCmd
 .text.SCSIHandleData
                0x0000000000000ec0      0x340 ./src/msc_scsi.o
                0x0000000000000ec0                SCSIHandleData
 .text.HandleClassRequest
                0x0000000000001200       0x74 ./src/msc_usb_start.o
 .text.usb_msc_start
                0x0000000000001274       0x64 ./src/msc_usb_start.o
                0x0000000000001274                usb_msc_start
 .text.write_flash
                0x00000000000012d8      0x134 ./src/sbl_iap.o
                0x00000000000012d8                write_flash
 .text.find_erase_prepare_sector
                0x000000000000140c       0x74 ./src/sbl_iap.o
                0x000000000000140c                find_erase_prepare_sector
 .text.write_data
                0x0000000000001480       0x6c ./src/sbl_iap.o
                0x0000000000001480                write_data
 .text.erase_sector
                0x00000000000014ec       0x5c ./src/sbl_iap.o
                0x00000000000014ec                erase_sector
 .text.prepare_sector
                0x0000000000001548       0x5c ./src/sbl_iap.o
                0x0000000000001548                prepare_sector
 .text.iap_entry
                0x00000000000015a4       0x24 ./src/sbl_iap.o
                0x00000000000015a4                iap_entry
 .text.execute_user_code
                0x00000000000015c8       0x5c ./src/sbl_iap.o
                0x00000000000015c8                execute_user_code
 .text.user_code_present
                0x0000000000001624       0xdc ./src/sbl_iap.o
                0x0000000000001624                user_code_present
 .text.check_isp_entry_pin
                0x0000000000001700       0x50 ./src/sbl_iap.o
                0x0000000000001700                check_isp_entry_pin
 .text.erase_user_flash
                0x0000000000001750       0x68 ./src/sbl_iap.o
                0x0000000000001750                erase_user_flash
 .text.SystemInit
                0x00000000000017b8       0xe4 /Users/sin/Documents/LPCxpresso/workspace/CMSISv2p00_LPC17xx/Debug/libCMSISv2p00_LPC17xx.a(system_LPC17xx.o)
                0x00000000000017b8                SystemInit
 .text._HandleRequest
                0x000000000000189c       0x50 /Users/sin/Documents/LPCxpresso/workspace/RDB1768cmsis2_usbstack/Debug/libRDB1768cmsis2_usbstack.a(usbcontrol.o)
 .text.StallControlPipe
                0x00000000000018ec       0x40 /Users/sin/Documents/LPCxpresso/workspace/RDB1768cmsis2_usbstack/Debug/libRDB1768cmsis2_usbstack.a(usbcontrol.o)
 .text.DataIn   0x000000000000192c       0x68 /Users/sin/Documents/LPCxpresso/workspace/RDB1768cmsis2_usbstack/Debug/libRDB1768cmsis2_usbstack.a(usbcontrol.o)
 .text.USBHandleControlTransfer
                0x0000000000001994      0x218 /Users/sin/Documents/LPCxpresso/workspace/RDB1768cmsis2_usbstack/Debug/libRDB1768cmsis2_usbstack.a(usbcontrol.o)
                0x0000000000001994                USBHandleControlTransfer
 .text.USBRegisterRequestHandler
                0x0000000000001bac       0x38 /Users/sin/Documents/LPCxpresso/workspace/RDB1768cmsis2_usbstack/Debug/libRDB1768cmsis2_usbstack.a(usbcontrol.o)
                0x0000000000001bac                USBRegisterRequestHandler
 .text.Wait4DevInt
                0x0000000000001be4       0x3c /Users/sin/Documents/LPCxpresso/workspace/RDB1768cmsis2_usbstack/Debug/libRDB1768cmsis2_usbstack.a(usbhw_lpc.o)
 .text.USBHwCmd
                0x0000000000001c20       0x40 /Users/sin/Documents/LPCxpresso/workspace/RDB1768cmsis2_usbstack/Debug/libRDB1768cmsis2_usbstack.a(usbhw_lpc.o)
 .text.USBHwCmdWrite
                0x0000000000001c60       0x3c /Users/sin/Documents/LPCxpresso/workspace/RDB1768cmsis2_usbstack/Debug/libRDB1768cmsis2_usbstack.a(usbhw_lpc.o)
 .text.USBHwCmdRead
                0x0000000000001c9c       0x48 /Users/sin/Documents/LPCxpresso/workspace/RDB1768cmsis2_usbstack/Debug/libRDB1768cmsis2_usbstack.a(usbhw_lpc.o)
 .text.USBHwEPRealize
                0x0000000000001ce4       0x60 /Users/sin/Documents/LPCxpresso/workspace/RDB1768cmsis2_usbstack/Debug/libRDB1768cmsis2_usbstack.a(usbhw_lpc.o)
 .text.USBHwEPEnable
                0x0000000000001d44       0x38 /Users/sin/Documents/LPCxpresso/workspace/RDB1768cmsis2_usbstack/Debug/libRDB1768cmsis2_usbstack.a(usbhw_lpc.o)
 .text.USBHwEPConfig
                0x0000000000001d7c       0x40 /Users/sin/Documents/LPCxpresso/workspace/RDB1768cmsis2_usbstack/Debug/libRDB1768cmsis2_usbstack.a(usbhw_lpc.o)
                0x0000000000001d7c                USBHwEPConfig
 .text.USBHwRegisterEPIntHandler
                0x0000000000001dbc       0x8c /Users/sin/Documents/LPCxpresso/workspace/RDB1768cmsis2_usbstack/Debug/libRDB1768cmsis2_usbstack.a(usbhw_lpc.o)
                0x0000000000001dbc                USBHwRegisterEPIntHandler
 .text.USBHwRegisterDevIntHandler
                0x0000000000001e48       0x3c /Users/sin/Documents/LPCxpresso/workspace/RDB1768cmsis2_usbstack/Debug/libRDB1768cmsis2_usbstack.a(usbhw_lpc.o)
                0x0000000000001e48                USBHwRegisterDevIntHandler
 .text.USBHwSetAddress
                0x0000000000001e84       0x24 /Users/sin/Documents/LPCxpresso/workspace/RDB1768cmsis2_usbstack/Debug/libRDB1768cmsis2_usbstack.a(usbhw_lpc.o)
                0x0000000000001e84                USBHwSetAddress
 .text.USBHwConnect
                0x0000000000001ea8       0x28 /Users/sin/Documents/LPCxpresso/workspace/RDB1768cmsis2_usbstack/Debug/libRDB1768cmsis2_usbstack.a(usbhw_lpc.o)
                0x0000000000001ea8                USBHwConnect
 .text.USBHwNakIntEnable
                0x0000000000001ed0       0x20 /Users/sin/Documents/LPCxpresso/workspace/RDB1768cmsis2_usbstack/Debug/libRDB1768cmsis2_usbstack.a(usbhw_lpc.o)
                0x0000000000001ed0                USBHwNakIntEnable
 .text.USBHwEPGetStatus
                0x0000000000001ef0       0x38 /Users/sin/Documents/LPCxpresso/workspace/RDB1768cmsis2_usbstack/Debug/libRDB1768cmsis2_usbstack.a(usbhw_lpc.o)
                0x0000000000001ef0                USBHwEPGetStatus
 .text.USBHwEPStall
                0x0000000000001f28       0x4c /Users/sin/Documents/LPCxpresso/workspace/RDB1768cmsis2_usbstack/Debug/libRDB1768cmsis2_usbstack.a(usbhw_lpc.o)
                0x0000000000001f28                USBHwEPStall
 .text.USBHwEPWrite
                0x0000000000001f74       0xc4 /Users/sin/Documents/LPCxpresso/workspace/RDB1768cmsis2_usbstack/Debug/libRDB1768cmsis2_usbstack.a(usbhw_lpc.o)
                0x0000000000001f74                USBHwEPWrite
 .text.USBHwEPRead
                0x0000000000002038       0xf8 /Users/sin/Documents/LPCxpresso/workspace/RDB1768cmsis2_usbstack/Debug/libRDB1768cmsis2_usbstack.a(usbhw_lpc.o)
                0x0000000000002038                USBHwEPRead
 .text.USBHwConfigDevice
                0x0000000000002130       0x28 /Users/sin/Documents/LPCxpresso/workspace/RDB1768cmsis2_usbstack/Debug/libRDB1768cmsis2_usbstack.a(usbhw_lpc.o)
                0x0000000000002130                USBHwConfigDevice
 .text.USBHwISR
                0x0000000000002158      0x194 /Users/sin/Documents/LPCxpresso/workspace/RDB1768cmsis2_usbstack/Debug/libRDB1768cmsis2_usbstack.a(usbhw_lpc.o)
                0x0000000000002158                USBHwISR
 .text.USBHwInit
                0x00000000000022ec      0x150 /Users/sin/Documents/LPCxpresso/workspace/RDB1768cmsis2_usbstack/Debug/libRDB1768cmsis2_usbstack.a(usbhw_lpc.o)
                0x00000000000022ec                USBHwInit
 .text.HandleUsbReset
                0x000000000000243c       0x14 /Users/sin/Documents/LPCxpresso/workspace/RDB1768cmsis2_usbstack/Debug/libRDB1768cmsis2_usbstack.a(usbinit.o)
 .text.USBInit  0x0000000000002450       0x6c /Users/sin/Documents/LPCxpresso/workspace/RDB1768cmsis2_usbstack/Debug/libRDB1768cmsis2_usbstack.a(usbinit.o)
                0x0000000000002450                USBInit
 .text.USBRegisterDescriptors
                0x00000000000024bc       0x20 /Users/sin/Documents/LPCxpresso/workspace/RDB1768cmsis2_usbstack/Debug/libRDB1768cmsis2_usbstack.a(usbstdreq.o)
                0x00000000000024bc                USBRegisterDescriptors
 .text.USBGetDescriptor
                0x00000000000024dc       0xb0 /Users/sin/Documents/LPCxpresso/workspace/RDB1768cmsis2_usbstack/Debug/libRDB1768cmsis2_usbstack.a(usbstdreq.o)
                0x00000000000024dc                USBGetDescriptor
 .text.USBSetConfiguration
                0x000000000000258c       0xcc /Users/sin/Documents/LPCxpresso/workspace/RDB1768cmsis2_usbstack/Debug/libRDB1768cmsis2_usbstack.a(usbstdreq.o)
 .text.HandleStdDeviceReq
                0x0000000000002658       0xf4 /Users/sin/Documents/LPCxpresso/workspace/RDB1768cmsis2_usbstack/Debug/libRDB1768cmsis2_usbstack.a(usbstdreq.o)
 .text.HandleStdInterfaceReq
                0x000000000000274c       0xb4 /Users/sin/Documents/LPCxpresso/workspace/RDB1768cmsis2_usbstack/Debug/libRDB1768cmsis2_usbstack.a(usbstdreq.o)
 .text.HandleStdEndPointReq
                0x0000000000002800       0xe4 /Users/sin/Documents/LPCxpresso/workspace/RDB1768cmsis2_usbstack/Debug/libRDB1768cmsis2_usbstack.a(usbstdreq.o)
 .text.USBHandleStandardRequest
                0x00000000000028e4       0x84 /Users/sin/Documents/LPCxpresso/workspace/RDB1768cmsis2_usbstack/Debug/libRDB1768cmsis2_usbstack.a(usbstdreq.o)
                0x00000000000028e4                USBHandleStandardRequest
 .text.ms_delay
                0x0000000000002968       0x34 /Users/sin/Documents/LPCxpresso/workspace/RDB1768cmsis2_LCDlib/Debug/libRDB1768cmsis2_LCDlib.a(lcd_driver.o)
                0x0000000000002968                ms_delay
 .text.LCDdriver_WriteData
                0x000000000000299c       0x44 /Users/sin/Documents/LPCxpresso/workspace/RDB1768cmsis2_LCDlib/Debug/libRDB1768cmsis2_LCDlib.a(lcd_driver.o)
                0x000000000000299c                LCDdriver_WriteData
 .text.LCDdriver_WriteCom
                0x00000000000029e0       0x44 /Users/sin/Documents/LPCxpresso/workspace/RDB1768cmsis2_LCDlib/Debug/libRDB1768cmsis2_LCDlib.a(lcd_driver.o)
                0x00000000000029e0                LCDdriver_WriteCom
 .text.LCDdriver_ConfigGPIOtoLCD
                0x0000000000002a24       0x94 /Users/sin/Documents/LPCxpresso/workspace/RDB1768cmsis2_LCDlib/Debug/libRDB1768cmsis2_LCDlib.a(lcd_driver.o)
                0x0000000000002a24                LCDdriver_ConfigGPIOtoLCD
 .text.LCDdriver_initialisation
                0x0000000000002ab8       0xf4 /Users/sin/Documents/LPCxpresso/workspace/RDB1768cmsis2_LCDlib/Debug/libRDB1768cmsis2_LCDlib.a(lcd_driver.o)
                0x0000000000002ab8                LCDdriver_initialisation
 .text.LCD_ClearScreen
                0x0000000000002bac       0x7c /Users/sin/Documents/LPCxpresso/workspace/RDB1768cmsis2_LCDlib/Debug/libRDB1768cmsis2_LCDlib.a(lcd_driver.o)
                0x0000000000002bac                LCD_ClearScreen
 .text.LCD_PrintWholeTerminal
                0x0000000000002c28       0x78 /Users/sin/Documents/LPCxpresso/workspace/RDB1768cmsis2_LCDlib/Debug/libRDB1768cmsis2_LCDlib.a(lcd_terminal.o)
                0x0000000000002c28                LCD_PrintWholeTerminal
 .text.LCD_ResetTerminal
                0x0000000000002ca0       0x78 /Users/sin/Documents/LPCxpresso/workspace/RDB1768cmsis2_LCDlib/Debug/libRDB1768cmsis2_LCDlib.a(lcd_terminal.o)
                0x0000000000002ca0                LCD_ResetTerminal
 .text.LCD_Print2Terminal
                0x0000000000002d18      0x2cc /Users/sin/Documents/LPCxpresso/workspace/RDB1768cmsis2_LCDlib/Debug/libRDB1768cmsis2_LCDlib.a(lcd_terminal.o)
                0x0000000000002d18                LCD_Print2Terminal
 .text.LCD_PrintString2Terminal
                0x0000000000002fe4      0x1c8 /Users/sin/Documents/LPCxpresso/workspace/RDB1768cmsis2_LCDlib/Debug/libRDB1768cmsis2_LCDlib.a(lcd_terminal.o)
                0x0000000000002fe4                LCD_PrintString2Terminal
 .text.LCD_WriteBitMap8x15
                0x00000000000031ac       0xfc /Users/sin/Documents/LPCxpresso/workspace/RDB1768cmsis2_LCDlib/Debug/libRDB1768cmsis2_LCDlib.a(lcd_text.o)
                0x00000000000031ac                LCD_WriteBitMap8x15
 .text.LCD_PrintChar
                0x00000000000032a8       0x5c /Users/sin/Documents/LPCxpresso/workspace/RDB1768cmsis2_LCDlib/Debug/libRDB1768cmsis2_LCDlib.a(lcd_text.o)
                0x00000000000032a8                LCD_PrintChar
 .text.__weak_main
                0x0000000000003304        0x4 /Applications/lpcxpresso_4.2.4/lpcxpresso/Tools/bin/../lib/gcc/arm-none-eabi/4.6.2/../../../../arm-none-eabi/lib/armv7-m/libcr_c.a(__weak__main.o)
                0x0000000000003304                __main
                0x0000000000003304                __weak_main
 .text.strlen   0x0000000000003308       0x4e /Applications/lpcxpresso_4.2.4/lpcxpresso/Tools/bin/../lib/gcc/arm-none-eabi/4.6.2/../../../../arm-none-eabi/lib/armv7-m/libcr_c.a(strlen.o)
                0x0000000000003308                strlen
 .text.memcpy   0x0000000000003356        0x4 /Applications/lpcxpresso_4.2.4/lpcxpresso/Tools/bin/../lib/gcc/arm-none-eabi/4.6.2/../../../../arm-none-eabi/lib/armv7-m/libcr_c.a(memcpy.o)
                0x0000000000003356                memcpy
 .text.memmove  0x000000000000335a        0x4 /Applications/lpcxpresso_4.2.4/lpcxpresso/Tools/bin/../lib/gcc/arm-none-eabi/4.6.2/../../../../arm-none-eabi/lib/armv7-m/libcr_c.a(memmove.o)
                0x000000000000335a                memmove
 .text.__aeabi_memcpy
                0x000000000000335e       0x26 /Applications/lpcxpresso_4.2.4/lpcxpresso/Tools/bin/../lib/gcc/arm-none-eabi/4.6.2/armv7-m/libcr_eabihelpers.a(memcpy.o)
                0x000000000000335e                __aeabi_memcpy
                0x000000000000335e                __aeabi_memcpy4
                0x000000000000335e                __aeabi_memcpy8
 .text.__aeabi_memmove
                0x0000000000003384       0x1c /Applications/lpcxpresso_4.2.4/lpcxpresso/Tools/bin/../lib/gcc/arm-none-eabi/4.6.2/armv7-m/libcr_eabihelpers.a(memcpy.o)
                0x0000000000003384                __aeabi_memmove8
                0x0000000000003384                __aeabi_memmove
                0x0000000000003384                __aeabi_memmove4
 *(.rodata .rodata.*)
 .rodata        0x00000000000033a0       0x60 ./src/diskimage.o
                0x00000000000033a0                BootSect
                0x00000000000033c0                RootDirEntry
 .rodata        0x0000000000003400       0x48 ./src/main_bootloader.o
 .rodata        0x0000000000003448       0x40 ./src/msc_scsi.o
 .rodata        0x0000000000003488       0x88 ./src/msc_usb_start.o
 .rodata        0x0000000000003510      0x170 ./src/sbl_iap.o
                0x0000000000003510                sector_start_map
                0x0000000000003588                sector_end_map
 .rodata        0x0000000000003680      0x6a0 /Users/sin/Documents/LPCxpresso/workspace/RDB1768cmsis2_LCDlib/Debug/libRDB1768cmsis2_LCDlib.a(system_fixed_be_8_15.o)
                0x0000000000003680                font_data_table
                0x0000000000003c20                font_index_table
                0x0000000000003d20                . = ALIGN (0x4)

.glue_7         0x0000000000003d20        0x0
 .glue_7        0x0000000000000000        0x0 linker stubs

.glue_7t        0x0000000000003d20        0x0
 .glue_7t       0x0000000000000000        0x0 linker stubs

.vfp11_veneer   0x0000000000003d20        0x0
 .vfp11_veneer  0x0000000000000000        0x0 linker stubs

.v4_bx          0x0000000000003d20        0x0
 .v4_bx         0x0000000000000000        0x0 linker stubs

.ARM.extab
 *(.ARM.extab* .gnu.linkonce.armextab.*)
                0x0000000000003d20                __exidx_start = .

.ARM.exidx
 *(.ARM.exidx* .gnu.linkonce.armexidx.*)
                0x0000000000003d20                __exidx_end = .
                0x0000000000003d20                _etext = .

.data_RAM2      0x000000002007c000        0x0 load address 0x0000000000003d20
 FILL mask 0xff
 *(.data.$RAM2*)
 *(.data.$RamAHB32*)
                0x000000002007c000                . = ALIGN (0x4)

.uninit_RESERVED
 *(.bss.$RESERVED*)

.data           0x0000000010000000        0x4 load address 0x0000000000003d20
 FILL mask 0xff
                0x0000000010000000                _data = .
 *(vtable)
 *(.data*)
 .data.SystemCoreClock
                0x0000000010000000        0x4 /Users/sin/Documents/LPCxpresso/workspace/CMSISv2p00_LPC17xx/Debug/libCMSISv2p00_LPC17xx.a(system_LPC17xx.o)
                0x0000000010000000                SystemCoreClock
                0x0000000010000004                . = ALIGN (0x4)
                0x0000000010000004                _edata = .

.bss_RAM2       0x000000002007c000        0x0
 *(.bss.$RAM2*)
 *(.bss.$RamAHB32*)
                0x000000002007c000                . = ALIGN (0x4)

.bss            0x0000000010000004      0xb94
                0x0000000010000004                _bss = .
 *(.bss*)
 .bss           0x0000000010000004       0x40 ./src/msc_bot.o
 .bss           0x0000000010000044      0x204 ./src/msc_scsi.o
 .bss           0x0000000010000248        0x4 ./src/msc_usb_start.o
 .bss           0x000000001000024c        0x8 ./src/sbl_iap.o
                0x000000001000024c                flash_address
                0x0000000010000250                byte_ctr
 .bss           0x0000000010000254       0x34 /Users/sin/Documents/LPCxpresso/workspace/RDB1768cmsis2_usbstack/Debug/libRDB1768cmsis2_usbstack.a(usbcontrol.o)
 .bss           0x0000000010000288       0x48 /Users/sin/Documents/LPCxpresso/workspace/RDB1768cmsis2_usbstack/Debug/libRDB1768cmsis2_usbstack.a(usbhw_lpc.o)
 .bss           0x00000000100002d0        0x8 /Users/sin/Documents/LPCxpresso/workspace/RDB1768cmsis2_usbstack/Debug/libRDB1768cmsis2_usbstack.a(usbinit.o)
 .bss           0x00000000100002d8        0xc /Users/sin/Documents/LPCxpresso/workspace/RDB1768cmsis2_usbstack/Debug/libRDB1768cmsis2_usbstack.a(usbstdreq.o)
 .bss           0x00000000100002e4       0x88 /Users/sin/Documents/LPCxpresso/workspace/RDB1768cmsis2_LCDlib/Debug/libRDB1768cmsis2_LCDlib.a(lcd_terminal.o)
 *(COMMON)
 COMMON         0x000000001000036c      0x600 ./src/diskimage.o
                0x000000001000036c                Fat_RootDir
 COMMON         0x000000001000096c        0x4 ./src/main_bootloader.o
                0x000000001000096c                user_flash_erased
 COMMON         0x0000000010000970      0x228 ./src/sbl_iap.o
                0x0000000010000970                param_table
                0x0000000010000984                result_table
                0x0000000010000998                flash_buf
                0x0000000010000b98                . = ALIGN (0x4)
                0x0000000010000b98                _ebss = .
                0x0000000010000b98                PROVIDE (end, .)
                0x0000000010000b98                PROVIDE (_pvHeapStart, .)
                0x0000000010007fe0                PROVIDE (_vStackTop, (__top_RamLoc32 - 0x0))
OUTPUT(RDB1768cmsis_usb_bootloader.axf elf32-littlearm)

.debug_info     0x0000000000000000     0x3fe8
 .debug_info    0x0000000000000000      0x27a ./src/blockdev_flash.o
 .debug_info    0x000000000000027a      0x2dd ./src/cr_startup_lpc176x.o
 .debug_info    0x0000000000000557       0xb7 ./src/diskimage.o
 .debug_info    0x000000000000060e      0x51d ./src/main_bootloader.o
 .debug_info    0x0000000000000b2b      0x388 ./src/msc_bot.o
 .debug_info    0x0000000000000eb3      0x2fc ./src/msc_scsi.o
 .debug_info    0x00000000000011af      0x1b0 ./src/msc_usb_start.o
 .debug_info    0x000000000000135f      0x6a6 ./src/sbl_iap.o
 .debug_info    0x0000000000001a05      0x38f /Users/sin/Documents/LPCxpresso/workspace/CMSISv2p00_LPC17xx/Debug/libCMSISv2p00_LPC17xx.a(system_LPC17xx.o)
 .debug_info    0x0000000000001d94      0x302 /Users/sin/Documents/LPCxpresso/workspace/RDB1768cmsis2_usbstack/Debug/libRDB1768cmsis2_usbstack.a(usbcontrol.o)
 .debug_info    0x0000000000002096     0x1014 /Users/sin/Documents/LPCxpresso/workspace/RDB1768cmsis2_usbstack/Debug/libRDB1768cmsis2_usbstack.a(usbhw_lpc.o)
 .debug_info    0x00000000000030aa       0xd5 /Users/sin/Documents/LPCxpresso/workspace/RDB1768cmsis2_usbstack/Debug/libRDB1768cmsis2_usbstack.a(usbinit.o)
 .debug_info    0x000000000000317f      0x40e /Users/sin/Documents/LPCxpresso/workspace/RDB1768cmsis2_usbstack/Debug/libRDB1768cmsis2_usbstack.a(usbstdreq.o)
 .debug_info    0x000000000000358d      0x507 /Users/sin/Documents/LPCxpresso/workspace/RDB1768cmsis2_LCDlib/Debug/libRDB1768cmsis2_LCDlib.a(lcd_driver.o)
 .debug_info    0x0000000000003a94      0x223 /Users/sin/Documents/LPCxpresso/workspace/RDB1768cmsis2_LCDlib/Debug/libRDB1768cmsis2_LCDlib.a(lcd_terminal.o)
 .debug_info    0x0000000000003cb7      0x2a9 /Users/sin/Documents/LPCxpresso/workspace/RDB1768cmsis2_LCDlib/Debug/libRDB1768cmsis2_LCDlib.a(lcd_text.o)
 .debug_info    0x0000000000003f60       0x88 /Users/sin/Documents/LPCxpresso/workspace/RDB1768cmsis2_LCDlib/Debug/libRDB1768cmsis2_LCDlib.a(system_fixed_be_8_15.o)

.debug_abbrev   0x0000000000000000     0x115b
 .debug_abbrev  0x0000000000000000       0xc6 ./src/blockdev_flash.o
 .debug_abbrev  0x00000000000000c6      0x12b ./src/cr_startup_lpc176x.o
 .debug_abbrev  0x00000000000001f1       0x54 ./src/diskimage.o
 .debug_abbrev  0x0000000000000245      0x130 ./src/main_bootloader.o
 .debug_abbrev  0x0000000000000375      0x15a ./src/msc_bot.o
 .debug_abbrev  0x00000000000004cf      0x121 ./src/msc_scsi.o
 .debug_abbrev  0x00000000000005f0       0xd0 ./src/msc_usb_start.o
 .debug_abbrev  0x00000000000006c0      0x1b3 ./src/sbl_iap.o
 .debug_abbrev  0x0000000000000873       0xe3 /Users/sin/Documents/LPCxpresso/workspace/CMSISv2p00_LPC17xx/Debug/libCMSISv2p00_LPC17xx.a(system_LPC17xx.o)
 .debug_abbrev  0x0000000000000956      0x110 /Users/sin/Documents/LPCxpresso/workspace/RDB1768cmsis2_usbstack/Debug/libRDB1768cmsis2_usbstack.a(usbcontrol.o)
 .debug_abbrev  0x0000000000000a66      0x221 /Users/sin/Documents/LPCxpresso/workspace/RDB1768cmsis2_usbstack/Debug/libRDB1768cmsis2_usbstack.a(usbhw_lpc.o)
 .debug_abbrev  0x0000000000000c87       0xa4 /Users/sin/Documents/LPCxpresso/workspace/RDB1768cmsis2_usbstack/Debug/libRDB1768cmsis2_usbstack.a(usbinit.o)
 .debug_abbrev  0x0000000000000d2b      0x15f /Users/sin/Documents/LPCxpresso/workspace/RDB1768cmsis2_usbstack/Debug/libRDB1768cmsis2_usbstack.a(usbstdreq.o)
 .debug_abbrev  0x0000000000000e8a      0x122 /Users/sin/Documents/LPCxpresso/workspace/RDB1768cmsis2_LCDlib/Debug/libRDB1768cmsis2_LCDlib.a(lcd_driver.o)
 .debug_abbrev  0x0000000000000fac       0x8d /Users/sin/Documents/LPCxpresso/workspace/RDB1768cmsis2_LCDlib/Debug/libRDB1768cmsis2_LCDlib.a(lcd_terminal.o)
 .debug_abbrev  0x0000000000001039       0xbd /Users/sin/Documents/LPCxpresso/workspace/RDB1768cmsis2_LCDlib/Debug/libRDB1768cmsis2_LCDlib.a(lcd_text.o)
 .debug_abbrev  0x00000000000010f6       0x65 /Users/sin/Documents/LPCxpresso/workspace/RDB1768cmsis2_LCDlib/Debug/libRDB1768cmsis2_LCDlib.a(system_fixed_be_8_15.o)

.debug_loc      0x0000000000000000     0x114b
 .debug_loc     0x0000000000000000       0xa8 ./src/blockdev_flash.o
 .debug_loc     0x00000000000000a8      0x102 ./src/cr_startup_lpc176x.o
 .debug_loc     0x00000000000001aa       0x70 ./src/main_bootloader.o
 .debug_loc     0x000000000000021a      0x1a8 ./src/msc_bot.o
 .debug_loc     0x00000000000003c2       0x9c ./src/msc_scsi.o
 .debug_loc     0x000000000000045e       0x64 ./src/msc_usb_start.o
 .debug_loc     0x00000000000004c2      0x218 ./src/sbl_iap.o
 .debug_loc     0x00000000000006da       0x20 /Users/sin/Documents/LPCxpresso/workspace/CMSISv2p00_LPC17xx/Debug/libCMSISv2p00_LPC17xx.a(system_LPC17xx.o)
 .debug_loc     0x00000000000006fa      0x118 /Users/sin/Documents/LPCxpresso/workspace/RDB1768cmsis2_usbstack/Debug/libRDB1768cmsis2_usbstack.a(usbcontrol.o)
 .debug_loc     0x0000000000000812      0x454 /Users/sin/Documents/LPCxpresso/workspace/RDB1768cmsis2_usbstack/Debug/libRDB1768cmsis2_usbstack.a(usbhw_lpc.o)
 .debug_loc     0x0000000000000c66       0x64 /Users/sin/Documents/LPCxpresso/workspace/RDB1768cmsis2_usbstack/Debug/libRDB1768cmsis2_usbstack.a(usbinit.o)
 .debug_loc     0x0000000000000cca      0x1c0 /Users/sin/Documents/LPCxpresso/workspace/RDB1768cmsis2_usbstack/Debug/libRDB1768cmsis2_usbstack.a(usbstdreq.o)
 .debug_loc     0x0000000000000e8a      0x138 /Users/sin/Documents/LPCxpresso/workspace/RDB1768cmsis2_LCDlib/Debug/libRDB1768cmsis2_LCDlib.a(lcd_driver.o)
 .debug_loc     0x0000000000000fc2       0xe0 /Users/sin/Documents/LPCxpresso/workspace/RDB1768cmsis2_LCDlib/Debug/libRDB1768cmsis2_LCDlib.a(lcd_terminal.o)
 .debug_loc     0x00000000000010a2       0xa9 /Users/sin/Documents/LPCxpresso/workspace/RDB1768cmsis2_LCDlib/Debug/libRDB1768cmsis2_LCDlib.a(lcd_text.o)

.debug_aranges  0x0000000000000000      0x440
 .debug_aranges
                0x0000000000000000       0x30 ./src/blockdev_flash.o
 .debug_aranges
                0x0000000000000030       0x80 ./src/cr_startup_lpc176x.o
 .debug_aranges
                0x00000000000000b0       0x28 ./src/main_bootloader.o
 .debug_aranges
                0x00000000000000d8       0x58 ./src/msc_bot.o
 .debug_aranges
                0x0000000000000130       0x30 ./src/msc_scsi.o
 .debug_aranges
                0x0000000000000160       0x28 ./src/msc_usb_start.o
 .debug_aranges
                0x0000000000000188       0x68 ./src/sbl_iap.o
 .debug_aranges
                0x00000000000001f0       0x28 /Users/sin/Documents/LPCxpresso/workspace/CMSISv2p00_LPC17xx/Debug/libCMSISv2p00_LPC17xx.a(system_LPC17xx.o)
 .debug_aranges
                0x0000000000000218       0x40 /Users/sin/Documents/LPCxpresso/workspace/RDB1768cmsis2_usbstack/Debug/libRDB1768cmsis2_usbstack.a(usbcontrol.o)
 .debug_aranges
                0x0000000000000258       0xb8 /Users/sin/Documents/LPCxpresso/workspace/RDB1768cmsis2_usbstack/Debug/libRDB1768cmsis2_usbstack.a(usbhw_lpc.o)
 .debug_aranges
                0x0000000000000310       0x28 /Users/sin/Documents/LPCxpresso/workspace/RDB1768cmsis2_usbstack/Debug/libRDB1768cmsis2_usbstack.a(usbinit.o)
 .debug_aranges
                0x0000000000000338       0x58 /Users/sin/Documents/LPCxpresso/workspace/RDB1768cmsis2_usbstack/Debug/libRDB1768cmsis2_usbstack.a(usbstdreq.o)
 .debug_aranges
                0x0000000000000390       0x48 /Users/sin/Documents/LPCxpresso/workspace/RDB1768cmsis2_LCDlib/Debug/libRDB1768cmsis2_LCDlib.a(lcd_driver.o)
 .debug_aranges
                0x00000000000003d8       0x38 /Users/sin/Documents/LPCxpresso/workspace/RDB1768cmsis2_LCDlib/Debug/libRDB1768cmsis2_LCDlib.a(lcd_terminal.o)
 .debug_aranges
                0x0000000000000410       0x30 /Users/sin/Documents/LPCxpresso/workspace/RDB1768cmsis2_LCDlib/Debug/libRDB1768cmsis2_LCDlib.a(lcd_text.o)

.debug_ranges   0x0000000000000000      0x350
 .debug_ranges  0x0000000000000000       0x20 ./src/blockdev_flash.o
 .debug_ranges  0x0000000000000020       0x70 ./src/cr_startup_lpc176x.o
 .debug_ranges  0x0000000000000090       0x18 ./src/main_bootloader.o
 .debug_ranges  0x00000000000000a8       0x48 ./src/msc_bot.o
 .debug_ranges  0x00000000000000f0       0x20 ./src/msc_scsi.o
 .debug_ranges  0x0000000000000110       0x18 ./src/msc_usb_start.o
 .debug_ranges  0x0000000000000128       0x58 ./src/sbl_iap.o
 .debug_ranges  0x0000000000000180       0x18 /Users/sin/Documents/LPCxpresso/workspace/CMSISv2p00_LPC17xx/Debug/libCMSISv2p00_LPC17xx.a(system_LPC17xx.o)
 .debug_ranges  0x0000000000000198       0x30 /Users/sin/Documents/LPCxpresso/workspace/RDB1768cmsis2_usbstack/Debug/libRDB1768cmsis2_usbstack.a(usbcontrol.o)
 .debug_ranges  0x00000000000001c8       0xa8 /Users/sin/Documents/LPCxpresso/workspace/RDB1768cmsis2_usbstack/Debug/libRDB1768cmsis2_usbstack.a(usbhw_lpc.o)
 .debug_ranges  0x0000000000000270       0x18 /Users/sin/Documents/LPCxpresso/workspace/RDB1768cmsis2_usbstack/Debug/libRDB1768cmsis2_usbstack.a(usbinit.o)
 .debug_ranges  0x0000000000000288       0x48 /Users/sin/Documents/LPCxpresso/workspace/RDB1768cmsis2_usbstack/Debug/libRDB1768cmsis2_usbstack.a(usbstdreq.o)
 .debug_ranges  0x00000000000002d0       0x38 /Users/sin/Documents/LPCxpresso/workspace/RDB1768cmsis2_LCDlib/Debug/libRDB1768cmsis2_LCDlib.a(lcd_driver.o)
 .debug_ranges  0x0000000000000308       0x28 /Users/sin/Documents/LPCxpresso/workspace/RDB1768cmsis2_LCDlib/Debug/libRDB1768cmsis2_LCDlib.a(lcd_terminal.o)
 .debug_ranges  0x0000000000000330       0x20 /Users/sin/Documents/LPCxpresso/workspace/RDB1768cmsis2_LCDlib/Debug/libRDB1768cmsis2_LCDlib.a(lcd_text.o)

.debug_line     0x0000000000000000     0x3e81
 .debug_line    0x0000000000000000      0x13b ./src/blockdev_flash.o
 .debug_line    0x000000000000013b      0x3d7 ./src/cr_startup_lpc176x.o
 .debug_line    0x0000000000000512       0x93 ./src/diskimage.o
 .debug_line    0x00000000000005a5      0x54e ./src/main_bootloader.o
 .debug_line    0x0000000000000af3      0x47d ./src/msc_bot.o
 .debug_line    0x0000000000000f70      0x419 ./src/msc_scsi.o
 .debug_line    0x0000000000001389      0x409 ./src/msc_usb_start.o
 .debug_line    0x0000000000001792      0x622 ./src/sbl_iap.o
 .debug_line    0x0000000000001db4      0x3fb /Users/sin/Documents/LPCxpresso/workspace/CMSISv2p00_LPC17xx/Debug/libCMSISv2p00_LPC17xx.a(system_LPC17xx.o)
 .debug_line    0x00000000000021af      0x3c4 /Users/sin/Documents/LPCxpresso/workspace/RDB1768cmsis2_usbstack/Debug/libRDB1768cmsis2_usbstack.a(usbcontrol.o)
 .debug_line    0x0000000000002573      0x660 /Users/sin/Documents/LPCxpresso/workspace/RDB1768cmsis2_usbstack/Debug/libRDB1768cmsis2_usbstack.a(usbhw_lpc.o)
 .debug_line    0x0000000000002bd3      0x34f /Users/sin/Documents/LPCxpresso/workspace/RDB1768cmsis2_usbstack/Debug/libRDB1768cmsis2_usbstack.a(usbinit.o)
 .debug_line    0x0000000000002f22      0x43b /Users/sin/Documents/LPCxpresso/workspace/RDB1768cmsis2_usbstack/Debug/libRDB1768cmsis2_usbstack.a(usbstdreq.o)
 .debug_line    0x000000000000335d      0x4ed /Users/sin/Documents/LPCxpresso/workspace/RDB1768cmsis2_LCDlib/Debug/libRDB1768cmsis2_LCDlib.a(lcd_driver.o)
 .debug_line    0x000000000000384a      0x4c3 /Users/sin/Documents/LPCxpresso/workspace/RDB1768cmsis2_LCDlib/Debug/libRDB1768cmsis2_LCDlib.a(lcd_terminal.o)
 .debug_line    0x0000000000003d0d      0x136 /Users/sin/Documents/LPCxpresso/workspace/RDB1768cmsis2_LCDlib/Debug/libRDB1768cmsis2_LCDlib.a(lcd_text.o)
 .debug_line    0x0000000000003e43       0x3e /Users/sin/Documents/LPCxpresso/workspace/RDB1768cmsis2_LCDlib/Debug/libRDB1768cmsis2_LCDlib.a(system_fixed_be_8_15.o)

.debug_macinfo  0x0000000000000000    0x51354
 .debug_macinfo
                0x0000000000000000     0x2ca9 ./src/blockdev_flash.o
 .debug_macinfo
                0x0000000000002ca9     0x3d45 ./src/cr_startup_lpc176x.o
 .debug_macinfo
                0x00000000000069ee     0x244c ./src/diskimage.o
 .debug_macinfo
                0x0000000000008e3a     0x93b4 ./src/main_bootloader.o
 .debug_macinfo
                0x00000000000121ee     0x32a5 ./src/msc_bot.o
 .debug_macinfo
                0x0000000000015493     0x2e17 ./src/msc_scsi.o
 .debug_macinfo
                0x00000000000182aa     0x47b6 ./src/msc_usb_start.o
 .debug_macinfo
                0x000000000001ca60     0x923b ./src/sbl_iap.o
 .debug_macinfo
                0x0000000000025c9b     0x8531 /Users/sin/Documents/LPCxpresso/workspace/CMSISv2p00_LPC17xx/Debug/libCMSISv2p00_LPC17xx.a(system_LPC17xx.o)
 .debug_macinfo
                0x000000000002e1cc     0x31f5 /Users/sin/Documents/LPCxpresso/workspace/RDB1768cmsis2_usbstack/Debug/libRDB1768cmsis2_usbstack.a(usbcontrol.o)
 .debug_macinfo
                0x00000000000313c1     0x9216 /Users/sin/Documents/LPCxpresso/workspace/RDB1768cmsis2_usbstack/Debug/libRDB1768cmsis2_usbstack.a(usbhw_lpc.o)
 .debug_macinfo
                0x000000000003a5d7     0x31c5 /Users/sin/Documents/LPCxpresso/workspace/RDB1768cmsis2_usbstack/Debug/libRDB1768cmsis2_usbstack.a(usbinit.o)
 .debug_macinfo
                0x000000000003d79c     0x32bd /Users/sin/Documents/LPCxpresso/workspace/RDB1768cmsis2_usbstack/Debug/libRDB1768cmsis2_usbstack.a(usbstdreq.o)
 .debug_macinfo
                0x0000000000040a59     0x8ae0 /Users/sin/Documents/LPCxpresso/workspace/RDB1768cmsis2_LCDlib/Debug/libRDB1768cmsis2_LCDlib.a(lcd_driver.o)
 .debug_macinfo
                0x0000000000049539     0x3135 /Users/sin/Documents/LPCxpresso/workspace/RDB1768cmsis2_LCDlib/Debug/libRDB1768cmsis2_LCDlib.a(lcd_terminal.o)
 .debug_macinfo
                0x000000000004c66e     0x2a3d /Users/sin/Documents/LPCxpresso/workspace/RDB1768cmsis2_LCDlib/Debug/libRDB1768cmsis2_LCDlib.a(lcd_text.o)
 .debug_macinfo
                0x000000000004f0ab     0x22a9 /Users/sin/Documents/LPCxpresso/workspace/RDB1768cmsis2_LCDlib/Debug/libRDB1768cmsis2_LCDlib.a(system_fixed_be_8_15.o)

.debug_str      0x0000000000000000     0x1810
 .debug_str     0x0000000000000000      0x185 ./src/blockdev_flash.o
                                        0x1a9 (size before relaxing)
 .debug_str     0x0000000000000185      0x1b0 ./src/cr_startup_lpc176x.o
                                        0x28f (size before relaxing)
 .debug_str     0x0000000000000335       0x20 ./src/diskimage.o
                                        0x10b (size before relaxing)
 .debug_str     0x0000000000000355      0x195 ./src/main_bootloader.o
                                        0x318 (size before relaxing)
 .debug_str     0x00000000000004ea      0x16d ./src/msc_bot.o
                                        0x27c (size before relaxing)
 .debug_str     0x0000000000000657       0xee ./src/msc_scsi.o
                                        0x1f1 (size before relaxing)
 .debug_str     0x0000000000000745       0x96 ./src/msc_usb_start.o
                                        0x1ca (size before relaxing)
 .debug_str     0x00000000000007db      0x241 ./src/sbl_iap.o
                                        0x3bc (size before relaxing)
 .debug_str     0x0000000000000a1c      0x1bc /Users/sin/Documents/LPCxpresso/workspace/CMSISv2p00_LPC17xx/Debug/libCMSISv2p00_LPC17xx.a(system_LPC17xx.o)
                                        0x2b6 (size before relaxing)
 .debug_str     0x0000000000000bd8       0xf5 /Users/sin/Documents/LPCxpresso/workspace/RDB1768cmsis2_usbstack/Debug/libRDB1768cmsis2_usbstack.a(usbcontrol.o)
                                        0x217 (size before relaxing)
 .debug_str     0x0000000000000ccd      0x700 /Users/sin/Documents/LPCxpresso/workspace/RDB1768cmsis2_usbstack/Debug/libRDB1768cmsis2_usbstack.a(usbhw_lpc.o)
                                        0x9b2 (size before relaxing)
 .debug_str     0x00000000000013cd       0x40 /Users/sin/Documents/LPCxpresso/workspace/RDB1768cmsis2_usbstack/Debug/libRDB1768cmsis2_usbstack.a(usbinit.o)
                                        0x125 (size before relaxing)
 .debug_str     0x000000000000140d      0x167 /Users/sin/Documents/LPCxpresso/workspace/RDB1768cmsis2_usbstack/Debug/libRDB1768cmsis2_usbstack.a(usbstdreq.o)
                                        0x2be (size before relaxing)
 .debug_str     0x0000000000001574       0xef /Users/sin/Documents/LPCxpresso/workspace/RDB1768cmsis2_LCDlib/Debug/libRDB1768cmsis2_LCDlib.a(lcd_driver.o)
                                        0x315 (size before relaxing)
 .debug_str     0x0000000000001663       0xeb /Users/sin/Documents/LPCxpresso/workspace/RDB1768cmsis2_LCDlib/Debug/libRDB1768cmsis2_LCDlib.a(lcd_terminal.o)
                                        0x1bc (size before relaxing)
 .debug_str     0x000000000000174e       0xa4 /Users/sin/Documents/LPCxpresso/workspace/RDB1768cmsis2_LCDlib/Debug/libRDB1768cmsis2_LCDlib.a(lcd_text.o)
                                        0x170 (size before relaxing)
 .debug_str     0x00000000000017f2       0x1e /Users/sin/Documents/LPCxpresso/workspace/RDB1768cmsis2_LCDlib/Debug/libRDB1768cmsis2_LCDlib.a(system_fixed_be_8_15.o)
                                         0xe8 (size before relaxing)

.comment        0x0000000000000000       0x9a
 .comment       0x0000000000000000       0x70 ./src/blockdev_flash.o
                                         0x71 (size before relaxing)
 .comment       0x0000000000000000       0x71 ./src/cr_startup_lpc176x.o
 .comment       0x0000000000000000       0x71 ./src/diskimage.o
 .comment       0x0000000000000000       0x71 ./src/main_bootloader.o
 .comment       0x0000000000000000       0x71 ./src/msc_bot.o
 .comment       0x0000000000000000       0x71 ./src/msc_scsi.o
 .comment       0x0000000000000000       0x71 ./src/msc_usb_start.o
 .comment       0x0000000000000000       0x71 ./src/sbl_iap.o
 .comment       0x0000000000000000       0x71 /Users/sin/Documents/LPCxpresso/workspace/CMSISv2p00_LPC17xx/Debug/libCMSISv2p00_LPC17xx.a(system_LPC17xx.o)
 .comment       0x0000000000000000       0x71 /Users/sin/Documents/LPCxpresso/workspace/RDB1768cmsis2_usbstack/Debug/libRDB1768cmsis2_usbstack.a(usbcontrol.o)
 .comment       0x0000000000000000       0x71 /Users/sin/Documents/LPCxpresso/workspace/RDB1768cmsis2_usbstack/Debug/libRDB1768cmsis2_usbstack.a(usbhw_lpc.o)
 .comment       0x0000000000000000       0x71 /Users/sin/Documents/LPCxpresso/workspace/RDB1768cmsis2_usbstack/Debug/libRDB1768cmsis2_usbstack.a(usbinit.o)
 .comment       0x0000000000000000       0x71 /Users/sin/Documents/LPCxpresso/workspace/RDB1768cmsis2_usbstack/Debug/libRDB1768cmsis2_usbstack.a(usbstdreq.o)
 .comment       0x0000000000000000       0x71 /Users/sin/Documents/LPCxpresso/workspace/RDB1768cmsis2_LCDlib/Debug/libRDB1768cmsis2_LCDlib.a(lcd_driver.o)
 .comment       0x0000000000000000       0x71 /Users/sin/Documents/LPCxpresso/workspace/RDB1768cmsis2_LCDlib/Debug/libRDB1768cmsis2_LCDlib.a(lcd_terminal.o)
 .comment       0x0000000000000000       0x71 /Users/sin/Documents/LPCxpresso/workspace/RDB1768cmsis2_LCDlib/Debug/libRDB1768cmsis2_LCDlib.a(lcd_text.o)
 .comment       0x0000000000000000       0x71 /Users/sin/Documents/LPCxpresso/workspace/RDB1768cmsis2_LCDlib/Debug/libRDB1768cmsis2_LCDlib.a(system_fixed_be_8_15.o)
 .comment       0x0000000000000070       0x2a /Applications/lpcxpresso_4.2.4/lpcxpresso/Tools/bin/../lib/gcc/arm-none-eabi/4.6.2/../../../../arm-none-eabi/lib/armv7-m/libcr_c.a(__weak__main.o)
                                         0x2b (size before relaxing)
 .comment       0x0000000000000000       0x2b /Applications/lpcxpresso_4.2.4/lpcxpresso/Tools/bin/../lib/gcc/arm-none-eabi/4.6.2/../../../../arm-none-eabi/lib/armv7-m/libcr_c.a(strlen.o)
 .comment       0x0000000000000000       0x2b /Applications/lpcxpresso_4.2.4/lpcxpresso/Tools/bin/../lib/gcc/arm-none-eabi/4.6.2/../../../../arm-none-eabi/lib/armv7-m/libcr_c.a(memcpy.o)
 .comment       0x0000000000000000       0x2b /Applications/lpcxpresso_4.2.4/lpcxpresso/Tools/bin/../lib/gcc/arm-none-eabi/4.6.2/../../../../arm-none-eabi/lib/armv7-m/libcr_c.a(memmove.o)

.ARM.attributes
                0x0000000000000000       0x31
 .ARM.attributes
                0x0000000000000000       0x33 ./src/blockdev_flash.o
 .ARM.attributes
                0x0000000000000033       0x33 ./src/cr_startup_lpc176x.o
 .ARM.attributes
                0x0000000000000066       0x33 ./src/diskimage.o
 .ARM.attributes
                0x0000000000000099       0x33 ./src/main_bootloader.o
 .ARM.attributes
                0x00000000000000cc       0x33 ./src/msc_bot.o
 .ARM.attributes
                0x00000000000000ff       0x33 ./src/msc_scsi.o
 .ARM.attributes
                0x0000000000000132       0x33 ./src/msc_usb_start.o
 .ARM.attributes
                0x0000000000000165       0x33 ./src/sbl_iap.o
 .ARM.attributes
                0x0000000000000198       0x33 /Users/sin/Documents/LPCxpresso/workspace/CMSISv2p00_LPC17xx/Debug/libCMSISv2p00_LPC17xx.a(system_LPC17xx.o)
 .ARM.attributes
                0x00000000000001cb       0x33 /Users/sin/Documents/LPCxpresso/workspace/RDB1768cmsis2_usbstack/Debug/libRDB1768cmsis2_usbstack.a(usbcontrol.o)
 .ARM.attributes
                0x00000000000001fe       0x33 /Users/sin/Documents/LPCxpresso/workspace/RDB1768cmsis2_usbstack/Debug/libRDB1768cmsis2_usbstack.a(usbhw_lpc.o)
 .ARM.attributes
                0x0000000000000231       0x33 /Users/sin/Documents/LPCxpresso/workspace/RDB1768cmsis2_usbstack/Debug/libRDB1768cmsis2_usbstack.a(usbinit.o)
 .ARM.attributes
                0x0000000000000264       0x33 /Users/sin/Documents/LPCxpresso/workspace/RDB1768cmsis2_usbstack/Debug/libRDB1768cmsis2_usbstack.a(usbstdreq.o)
 .ARM.attributes
                0x0000000000000297       0x33 /Users/sin/Documents/LPCxpresso/workspace/RDB1768cmsis2_LCDlib/Debug/libRDB1768cmsis2_LCDlib.a(lcd_driver.o)
 .ARM.attributes
                0x00000000000002ca       0x33 /Users/sin/Documents/LPCxpresso/workspace/RDB1768cmsis2_LCDlib/Debug/libRDB1768cmsis2_LCDlib.a(lcd_terminal.o)
 .ARM.attributes
                0x00000000000002fd       0x33 /Users/sin/Documents/LPCxpresso/workspace/RDB1768cmsis2_LCDlib/Debug/libRDB1768cmsis2_LCDlib.a(lcd_text.o)
 .ARM.attributes
                0x0000000000000330       0x33 /Users/sin/Documents/LPCxpresso/workspace/RDB1768cmsis2_LCDlib/Debug/libRDB1768cmsis2_LCDlib.a(system_fixed_be_8_15.o)
 .ARM.attributes
                0x0000000000000363       0x31 /Applications/lpcxpresso_4.2.4/lpcxpresso/Tools/bin/../lib/gcc/arm-none-eabi/4.6.2/../../../../arm-none-eabi/lib/armv7-m/libcr_c.a(__weak__main.o)
 .ARM.attributes
                0x0000000000000394       0x31 /Applications/lpcxpresso_4.2.4/lpcxpresso/Tools/bin/../lib/gcc/arm-none-eabi/4.6.2/../../../../arm-none-eabi/lib/armv7-m/libcr_c.a(strlen.o)
 .ARM.attributes
                0x00000000000003c5       0x31 /Applications/lpcxpresso_4.2.4/lpcxpresso/Tools/bin/../lib/gcc/arm-none-eabi/4.6.2/../../../../arm-none-eabi/lib/armv7-m/libcr_c.a(memcpy.o)
 .ARM.attributes
                0x00000000000003f6       0x31 /Applications/lpcxpresso_4.2.4/lpcxpresso/Tools/bin/../lib/gcc/arm-none-eabi/4.6.2/../../../../arm-none-eabi/lib/armv7-m/libcr_c.a(memmove.o)
 .ARM.attributes
                0x0000000000000427       0x21 /Applications/lpcxpresso_4.2.4/lpcxpresso/Tools/bin/../lib/gcc/arm-none-eabi/4.6.2/armv7-m/libcr_eabihelpers.a(division.o)
 .ARM.attributes
                0x0000000000000448       0x21 /Applications/lpcxpresso_4.2.4/lpcxpresso/Tools/bin/../lib/gcc/arm-none-eabi/4.6.2/armv7-m/libcr_eabihelpers.a(memcpy.o)

.debug_frame    0x0000000000000000      0xb08
 .debug_frame   0x0000000000000000       0x68 ./src/blockdev_flash.o
 .debug_frame   0x0000000000000068       0xf4 ./src/cr_startup_lpc176x.o
 .debug_frame   0x000000000000015c       0x50 ./src/main_bootloader.o
 .debug_frame   0x00000000000001ac      0x100 ./src/msc_bot.o
 .debug_frame   0x00000000000002ac       0x64 ./src/msc_scsi.o
 .debug_frame   0x0000000000000310       0x4c ./src/msc_usb_start.o
 .debug_frame   0x000000000000035c      0x148 ./src/sbl_iap.o
 .debug_frame   0x00000000000004a4       0x3c /Users/sin/Documents/LPCxpresso/workspace/CMSISv2p00_LPC17xx/Debug/libCMSISv2p00_LPC17xx.a(system_LPC17xx.o)
 .debug_frame   0x00000000000004e0       0xac /Users/sin/Documents/LPCxpresso/workspace/RDB1768cmsis2_usbstack/Debug/libRDB1768cmsis2_usbstack.a(usbcontrol.o)
 .debug_frame   0x000000000000058c      0x27c /Users/sin/Documents/LPCxpresso/workspace/RDB1768cmsis2_usbstack/Debug/libRDB1768cmsis2_usbstack.a(usbhw_lpc.o)
 .debug_frame   0x0000000000000808       0x48 /Users/sin/Documents/LPCxpresso/workspace/RDB1768cmsis2_usbstack/Debug/libRDB1768cmsis2_usbstack.a(usbinit.o)
 .debug_frame   0x0000000000000850      0x100 /Users/sin/Documents/LPCxpresso/workspace/RDB1768cmsis2_usbstack/Debug/libRDB1768cmsis2_usbstack.a(usbstdreq.o)
 .debug_frame   0x0000000000000950       0xb8 /Users/sin/Documents/LPCxpresso/workspace/RDB1768cmsis2_LCDlib/Debug/libRDB1768cmsis2_LCDlib.a(lcd_driver.o)
 .debug_frame   0x0000000000000a08       0x90 /Users/sin/Documents/LPCxpresso/workspace/RDB1768cmsis2_LCDlib/Debug/libRDB1768cmsis2_LCDlib.a(lcd_terminal.o)
 .debug_frame   0x0000000000000a98       0x70 /Users/sin/Documents/LPCxpresso/workspace/RDB1768cmsis2_LCDlib/Debug/libRDB1768cmsis2_LCDlib.a(lcd_text.o)
