Archive member included because of file (symbol)

/home/nxp/Desktop/linuxtest1/CMSISv1p30_LPC13xx/Debug/libCMSISv1p30_LPC13xx.a(system_LPC13xx.o)
                              ./src/cr_startup_lpc13.o (SystemInit)

Allocating common symbols
Common symbol       size              file

I2CReadLength       0x4               ./src/i2cslave.o
I2CWrBuffer         0x6               ./src/i2cslave.o
I2CMode             0x4               ./src/i2cslave.o
I2CWriteLength      0x4               ./src/i2cslave.o
I2CRdBuffer         0x6               ./src/i2cslave.o

Discarded input sections

 .text          0x00000000        0x0 ./src/cr_startup_lpc13.o
 .data          0x00000000        0x0 ./src/cr_startup_lpc13.o
 .bss           0x00000000        0x0 ./src/cr_startup_lpc13.o
 .text          0x00000000        0x0 ./src/i2cslave.o
 .data          0x00000000        0x0 ./src/i2cslave.o
 .text          0x00000000        0x0 ./src/i2cslvtst.o
 .data          0x00000000        0x0 ./src/i2cslvtst.o
 .bss           0x00000000        0x0 ./src/i2cslvtst.o
 .text          0x00000000        0x0 /home/nxp/Desktop/linuxtest1/CMSISv1p30_LPC13xx/Debug/libCMSISv1p30_LPC13xx.a(system_LPC13xx.o)
 .data          0x00000000        0x4 /home/nxp/Desktop/linuxtest1/CMSISv1p30_LPC13xx/Debug/libCMSISv1p30_LPC13xx.a(system_LPC13xx.o)
 .bss           0x00000000        0x0 /home/nxp/Desktop/linuxtest1/CMSISv1p30_LPC13xx/Debug/libCMSISv1p30_LPC13xx.a(system_LPC13xx.o)
 .text.SystemCoreClockUpdate
                0x00000000      0x358 /home/nxp/Desktop/linuxtest1/CMSISv1p30_LPC13xx/Debug/libCMSISv1p30_LPC13xx.a(system_LPC13xx.o)

Memory Configuration

Name             Origin             Length             Attributes
MFlash32         0x00000000         0x00008000         xr
RamLoc8          0x10000000         0x00002000         xrw
*default*        0x00000000         0xffffffff

Linker script and memory map

LOAD ./src/cr_startup_lpc13.o
LOAD ./src/i2cslave.o
LOAD ./src/i2cslvtst.o
LOAD /home/nxp/Desktop/linuxtest1/CMSISv1p30_LPC13xx/Debug/libCMSISv1p30_LPC13xx.a
START GROUP
LOAD /usr/local/LPCXpresso/tools/bin/../lib/gcc/arm-none-eabi/4.4.1/../../../../arm-none-eabi/lib/thumb2/libcr_semihost.a
LOAD /usr/local/LPCXpresso/tools/bin/../lib/gcc/arm-none-eabi/4.4.1/../../../../arm-none-eabi/lib/thumb2/libcr_c.a
LOAD /usr/local/LPCXpresso/tools/bin/../lib/gcc/arm-none-eabi/4.4.1/thumb2/libcr_eabihelpers.a
END GROUP
                0x00008000                __top_MFlash32 = 0x8000
                0x10002000                __top_RamLoc8 = 0x10002000

.text           0x00000000      0x77c
 *(.isr_vector)
 .isr_vector    0x00000000      0x124 ./src/cr_startup_lpc13.o
                0x00000000                g_pfnVectors
 *(.text*)
 .text.Reset_Handler
                0x00000124       0x78 ./src/cr_startup_lpc13.o
                0x00000124                Reset_Handler
                0x00000124                ResetISR
 .text.NMI_Handler
                0x0000019c        0x8 ./src/cr_startup_lpc13.o
                0x0000019c                NMI_Handler
 .text.HardFault_Handler
                0x000001a4        0x8 ./src/cr_startup_lpc13.o
                0x000001a4                HardFault_Handler
 .text.MemManage_Handler
                0x000001ac        0x8 ./src/cr_startup_lpc13.o
                0x000001ac                MemManage_Handler
 .text.BusFault_Handler
                0x000001b4        0x8 ./src/cr_startup_lpc13.o
                0x000001b4                BusFault_Handler
 .text.UsageFault_Handler
                0x000001bc        0x8 ./src/cr_startup_lpc13.o
                0x000001bc                UsageFault_Handler
 .text.SVCall_Handler
                0x000001c4        0x8 ./src/cr_startup_lpc13.o
                0x000001c4                SVCall_Handler
 .text.DebugMon_Handler
                0x000001cc        0x8 ./src/cr_startup_lpc13.o
                0x000001cc                DebugMon_Handler
 .text.PendSV_Handler
                0x000001d4        0x8 ./src/cr_startup_lpc13.o
                0x000001d4                PendSV_Handler
 .text.SysTick_Handler
                0x000001dc        0x8 ./src/cr_startup_lpc13.o
                0x000001dc                SysTick_Handler
 .text.IntDefaultHandler
                0x000001e4        0x8 ./src/cr_startup_lpc13.o
                0x000001e4                TIMER16_0_IRQHandler
                0x000001e4                UART_IRQHandler
                0x000001e4                TIMER32_0_IRQHandler
                0x000001e4                TIMER32_1_IRQHandler
                0x000001e4                PIOINT1_IRQHandler
                0x000001e4                SSP_IRQHandler
                0x000001e4                TIMER16_1_IRQHandler
                0x000001e4                USB_FIQHandler
                0x000001e4                ADC_IRQHandler
                0x000001e4                PIOINT2_IRQHandler
                0x000001e4                USB_IRQHandler
                0x000001e4                BOD_IRQHandler
                0x000001e4                WAKEUP_IRQHandler
                0x000001e4                PIOINT0_IRQHandler
                0x000001e4                WDT_IRQHandler
                0x000001e4                PIOINT3_IRQHandler
                0x000001e4                FMC_IRQHandler
 .text.NVIC_EnableIRQ
                0x000001ec       0x38 ./src/i2cslave.o
 .text.I2C_IRQHandler
                0x00000224      0x1f4 ./src/i2cslave.o
                0x00000224                I2C_IRQHandler
 .text.I2CSlaveInit
                0x00000418      0x114 ./src/i2cslave.o
                0x00000418                I2CSlaveInit
 .text.main     0x0000052c       0x4c ./src/i2cslvtst.o
                0x0000052c                main
 .text.__NOP    0x00000578        0xc /home/nxp/Desktop/linuxtest1/CMSISv1p30_LPC13xx/Debug/libCMSISv1p30_LPC13xx.a(system_LPC13xx.o)
 .text.SystemInit
                0x00000584      0x1f8 /home/nxp/Desktop/linuxtest1/CMSISv1p30_LPC13xx/Debug/libCMSISv1p30_LPC13xx.a(system_LPC13xx.o)
                0x00000584                SystemInit
 *(.rodata*)

.glue_7         0x0000077c        0x0
 .glue_7        0x00000000        0x0 linker stubs

.glue_7t        0x0000077c        0x0
 .glue_7t       0x00000000        0x0 linker stubs

.vfp11_veneer   0x0000077c        0x0
 .vfp11_veneer  0x00000000        0x0 linker stubs

.v4_bx          0x0000077c        0x0
 .v4_bx         0x00000000        0x0 linker stubs

.ARM.extab
 *(.ARM.extab* .gnu.linkonce.armextab.*)
                0x0000077c                __exidx_start = .

.ARM.exidx
 *(.ARM.exidx* .gnu.linkonce.armexidx.*)
                0x0000077c                __exidx_end = .
                0x0000077c                _etext = .

.data           0x10000000        0x0 load address 0x0000077c
                0x10000000                _data = .
 *(vtable)
 *(.data*)
                0x10000000                _edata = .

.bss            0x10000000       0x2a load address 0x0000077c
                0x10000000                _bss = .
 *(.bss*)
 .bss           0x10000000       0x10 ./src/i2cslave.o
                0x10000000                I2CMasterState
                0x10000004                I2CSlaveState
                0x10000008                RdIndex
                0x1000000c                WrIndex
 *(COMMON)
 COMMON         0x10000010       0x1a ./src/i2cslave.o
                0x10000010                I2CReadLength
                0x10000014                I2CWrBuffer
                0x1000001c                I2CMode
                0x10000020                I2CWriteLength
                0x10000024                I2CRdBuffer
                0x1000002a                _ebss = .

.cr_heap        0x1000002a        0x0 load address 0x0000077c
                0x1000002a                end = .
                0x1000002a                _pvHeapStart = .
                0x10002000                _vRamTop = __top_RamLoc8
                0x10002000                _vStackTop = (_vRamTop - 0x0)
OUTPUT(i2cslave.axf elf32-littlearm)

.debug_abbrev   0x00000000      0x3d7
 .debug_abbrev  0x00000000       0xdf ./src/cr_startup_lpc13.o
 .debug_abbrev  0x000000df      0x169 ./src/i2cslave.o
 .debug_abbrev  0x00000248       0xa7 ./src/i2cslvtst.o
 .debug_abbrev  0x000002ef       0xe8 /home/nxp/Desktop/linuxtest1/CMSISv1p30_LPC13xx/Debug/libCMSISv1p30_LPC13xx.a(system_LPC13xx.o)

.debug_info     0x00000000     0x1485
 .debug_info    0x00000000      0x1ed ./src/cr_startup_lpc13.o
 .debug_info    0x000001ed      0xc4d ./src/i2cslave.o
 .debug_info    0x00000e3a       0xfe ./src/i2cslvtst.o
 .debug_info    0x00000f38      0x54d /home/nxp/Desktop/linuxtest1/CMSISv1p30_LPC13xx/Debug/libCMSISv1p30_LPC13xx.a(system_LPC13xx.o)

.debug_line     0x00000000      0x609
 .debug_line    0x00000000      0x1b7 ./src/cr_startup_lpc13.o
 .debug_line    0x000001b7      0x185 ./src/i2cslave.o
 .debug_line    0x0000033c      0x131 ./src/i2cslvtst.o
 .debug_line    0x0000046d      0x19c /home/nxp/Desktop/linuxtest1/CMSISv1p30_LPC13xx/Debug/libCMSISv1p30_LPC13xx.a(system_LPC13xx.o)

.debug_macinfo  0x00000000    0x108bf
 .debug_macinfo
                0x00000000     0x15a1 ./src/cr_startup_lpc13.o
 .debug_macinfo
                0x000015a1     0x50d0 ./src/i2cslave.o
 .debug_macinfo
                0x00006671     0x50d0 ./src/i2cslvtst.o
 .debug_macinfo
                0x0000b741     0x517e /home/nxp/Desktop/linuxtest1/CMSISv1p30_LPC13xx/Debug/libCMSISv1p30_LPC13xx.a(system_LPC13xx.o)

.debug_loc      0x00000000      0x34e
 .debug_loc     0x00000000      0x1e5 ./src/cr_startup_lpc13.o
 .debug_loc     0x000001e5       0x99 ./src/i2cslave.o
 .debug_loc     0x0000027e       0x37 ./src/i2cslvtst.o
 .debug_loc     0x000002b5       0x99 /home/nxp/Desktop/linuxtest1/CMSISv1p30_LPC13xx/Debug/libCMSISv1p30_LPC13xx.a(system_LPC13xx.o)

.debug_pubnames
                0x00000000      0x21a
 .debug_pubnames
                0x00000000       0xec ./src/cr_startup_lpc13.o
 .debug_pubnames
                0x000000ec       0xc4 ./src/i2cslave.o
 .debug_pubnames
                0x000001b0       0x1b ./src/i2cslvtst.o
 .debug_pubnames
                0x000001cb       0x4f /home/nxp/Desktop/linuxtest1/CMSISv1p30_LPC13xx/Debug/libCMSISv1p30_LPC13xx.a(system_LPC13xx.o)

.debug_aranges  0x00000000       0xf0
 .debug_aranges
                0x00000000       0x70 ./src/cr_startup_lpc13.o
 .debug_aranges
                0x00000070       0x30 ./src/i2cslave.o
 .debug_aranges
                0x000000a0       0x20 ./src/i2cslvtst.o
 .debug_aranges
                0x000000c0       0x30 /home/nxp/Desktop/linuxtest1/CMSISv1p30_LPC13xx/Debug/libCMSISv1p30_LPC13xx.a(system_LPC13xx.o)

.debug_ranges   0x00000000       0xd0
 .debug_ranges  0x00000000       0x68 ./src/cr_startup_lpc13.o
 .debug_ranges  0x00000068       0x28 ./src/i2cslave.o
 .debug_ranges  0x00000090       0x18 ./src/i2cslvtst.o
 .debug_ranges  0x000000a8       0x28 /home/nxp/Desktop/linuxtest1/CMSISv1p30_LPC13xx/Debug/libCMSISv1p30_LPC13xx.a(system_LPC13xx.o)

.debug_str      0x00000000      0xb06
 .debug_str     0x00000000      0x190 ./src/cr_startup_lpc13.o
                                0x1c4 (size before relaxing)
 .debug_str     0x00000190      0x8d1 ./src/i2cslave.o
                                0x997 (size before relaxing)
 .debug_str     0x00000a61       0x18 ./src/i2cslvtst.o
                                0x10c (size before relaxing)
 .debug_str     0x00000a79       0x8d /home/nxp/Desktop/linuxtest1/CMSISv1p30_LPC13xx/Debug/libCMSISv1p30_LPC13xx.a(system_LPC13xx.o)
                                0x3e1 (size before relaxing)

.comment        0x00000000       0xac
 .comment       0x00000000       0x2b ./src/cr_startup_lpc13.o
 .comment       0x0000002b       0x2b ./src/i2cslave.o
 .comment       0x00000056       0x2b ./src/i2cslvtst.o
 .comment       0x00000081       0x2b /home/nxp/Desktop/linuxtest1/CMSISv1p30_LPC13xx/Debug/libCMSISv1p30_LPC13xx.a(system_LPC13xx.o)

.ARM.attributes
                0x00000000       0x31
 .ARM.attributes
                0x00000000       0x31 ./src/cr_startup_lpc13.o
 .ARM.attributes
                0x00000031       0x31 ./src/i2cslave.o
 .ARM.attributes
                0x00000062       0x31 ./src/i2cslvtst.o
 .ARM.attributes
                0x00000093       0x31 /home/nxp/Desktop/linuxtest1/CMSISv1p30_LPC13xx/Debug/libCMSISv1p30_LPC13xx.a(system_LPC13xx.o)

.debug_frame    0x00000000      0x218
 .debug_frame   0x00000000      0x120 ./src/cr_startup_lpc13.o
 .debug_frame   0x00000120       0x64 ./src/i2cslave.o
 .debug_frame   0x00000184       0x30 ./src/i2cslvtst.o
 .debug_frame   0x000001b4       0x64 /home/nxp/Desktop/linuxtest1/CMSISv1p30_LPC13xx/Debug/libCMSISv1p30_LPC13xx.a(system_LPC13xx.o)
