Archive member included because of file (symbol)

/home/nxp/Desktop/linuxtest1/CMSISv1p30_LPC13xx/Debug/libCMSISv1p30_LPC13xx.a(system_LPC13xx.o)
                              ./src/cr_startup_lpc13.o (SystemInit)

Allocating common symbols
Common symbol       size              file

DeviceInfo          0x8               ./src/usbhidrom_main.o
HidDevInfo          0x18              ./src/usbhidrom_main.o

Discarded input sections

 .text          0x00000000        0x0 ./src/cr_startup_lpc13.o
 .data          0x00000000        0x0 ./src/cr_startup_lpc13.o
 .bss           0x00000000        0x0 ./src/cr_startup_lpc13.o
 .text          0x00000000        0x0 ./src/gpio.o
 .data          0x00000000        0x0 ./src/gpio.o
 .bss           0x00000000        0x0 ./src/gpio.o
 .text.NVIC_EnableIRQ
                0x00000000       0x38 ./src/gpio.o
 .rodata        0x00000000       0x10 ./src/gpio.o
 .text.GPIOInit
                0x00000000       0x44 ./src/gpio.o
 .text.GPIOSetInterrupt
                0x00000000      0x54c ./src/gpio.o
 .text.GPIOIntEnable
                0x00000000       0xf8 ./src/gpio.o
 .text.GPIOIntDisable
                0x00000000      0x108 ./src/gpio.o
 .text.GPIOIntStatus
                0x00000000       0xf0 ./src/gpio.o
 .text.GPIOIntClear
                0x00000000       0xf8 ./src/gpio.o
 .text          0x00000000        0x0 ./src/usbdesc.o
 .data          0x00000000        0x0 ./src/usbdesc.o
 .bss           0x00000000        0x0 ./src/usbdesc.o
 .text          0x00000000        0x0 ./src/usbhidrom_main.o
 .bss           0x00000000        0x0 ./src/usbhidrom_main.o
 .text          0x00000000        0x0 /home/nxp/Desktop/linuxtest1/CMSISv1p30_LPC13xx/Debug/libCMSISv1p30_LPC13xx.a(system_LPC13xx.o)
 .data          0x00000000        0x4 /home/nxp/Desktop/linuxtest1/CMSISv1p30_LPC13xx/Debug/libCMSISv1p30_LPC13xx.a(system_LPC13xx.o)
 .bss           0x00000000        0x0 /home/nxp/Desktop/linuxtest1/CMSISv1p30_LPC13xx/Debug/libCMSISv1p30_LPC13xx.a(system_LPC13xx.o)
 .text.SystemCoreClockUpdate
                0x00000000      0x358 /home/nxp/Desktop/linuxtest1/CMSISv1p30_LPC13xx/Debug/libCMSISv1p30_LPC13xx.a(system_LPC13xx.o)

Memory Configuration

Name             Origin             Length             Attributes
MFlash32         0x00000000         0x00008000         xr
RamLoc8          0x10000180         0x00001e80         xrw
*default*        0x00000000         0xffffffff

Linker script and memory map

LOAD ./src/cr_startup_lpc13.o
LOAD ./src/gpio.o
LOAD ./src/usbdesc.o
LOAD ./src/usbhidrom_main.o
LOAD /home/nxp/Desktop/linuxtest1/CMSISv1p30_LPC13xx/Debug/libCMSISv1p30_LPC13xx.a
START GROUP
LOAD /usr/local/LPCXpresso/tools/bin/../lib/gcc/arm-none-eabi/4.4.1/../../../../arm-none-eabi/lib/thumb2/libcr_c.a
LOAD /usr/local/LPCXpresso/tools/bin/../lib/gcc/arm-none-eabi/4.4.1/../../../../arm-none-eabi/lib/thumb2/libcr_semihost.a
LOAD /usr/local/LPCXpresso/tools/bin/../lib/gcc/arm-none-eabi/4.4.1/thumb2/libcr_eabihelpers.a
END GROUP
                0x00008000                __top_MFlash32 = 0x8000
                0x10002000                __top_RamLoc8 = 0x10002000

.text           0x00000000      0x8dc
 *(.isr_vector)
 .isr_vector    0x00000000      0x124 ./src/cr_startup_lpc13.o
                0x00000000                g_pfnVectors
 *(.text*)
 .text.Reset_Handler
                0x00000124       0x88 ./src/cr_startup_lpc13.o
                0x00000124                Reset_Handler
                0x00000124                ResetISR
 .text.NMI_Handler
                0x000001ac        0x8 ./src/cr_startup_lpc13.o
                0x000001ac                NMI_Handler
 .text.HardFault_Handler
                0x000001b4        0x8 ./src/cr_startup_lpc13.o
                0x000001b4                HardFault_Handler
 .text.MemManage_Handler
                0x000001bc        0x8 ./src/cr_startup_lpc13.o
                0x000001bc                MemManage_Handler
 .text.BusFault_Handler
                0x000001c4        0x8 ./src/cr_startup_lpc13.o
                0x000001c4                BusFault_Handler
 .text.UsageFault_Handler
                0x000001cc        0x8 ./src/cr_startup_lpc13.o
                0x000001cc                UsageFault_Handler
 .text.SVCall_Handler
                0x000001d4        0x8 ./src/cr_startup_lpc13.o
                0x000001d4                SVCall_Handler
 .text.DebugMon_Handler
                0x000001dc        0x8 ./src/cr_startup_lpc13.o
                0x000001dc                DebugMon_Handler
 .text.PendSV_Handler
                0x000001e4        0x8 ./src/cr_startup_lpc13.o
                0x000001e4                PendSV_Handler
 .text.SysTick_Handler
                0x000001ec        0x8 ./src/cr_startup_lpc13.o
                0x000001ec                SysTick_Handler
 .text.IntDefaultHandler
                0x000001f4        0x8 ./src/cr_startup_lpc13.o
                0x000001f4                TIMER16_0_IRQHandler
                0x000001f4                UART_IRQHandler
                0x000001f4                TIMER32_0_IRQHandler
                0x000001f4                TIMER32_1_IRQHandler
                0x000001f4                PIOINT1_IRQHandler
                0x000001f4                SSP_IRQHandler
                0x000001f4                TIMER16_1_IRQHandler
                0x000001f4                USB_FIQHandler
                0x000001f4                ADC_IRQHandler
                0x000001f4                PIOINT2_IRQHandler
                0x000001f4                BOD_IRQHandler
                0x000001f4                WAKEUP_IRQHandler
                0x000001f4                PIOINT0_IRQHandler
                0x000001f4                I2C_IRQHandler
                0x000001f4                WDT_IRQHandler
                0x000001f4                PIOINT3_IRQHandler
                0x000001f4                FMC_IRQHandler
 .text.__WFI    0x000001fc        0xc ./src/usbhidrom_main.o
 .text.GPIOSetValue
                0x00000208       0x3c ./src/usbhidrom_main.o
 .text.GPIOSetDir
                0x00000244       0x90 ./src/usbhidrom_main.o
 .text.GetInReport
                0x000002d4      0x12c ./src/usbhidrom_main.o
                0x000002d4                GetInReport
 .text.SetOutReport
                0x00000400       0x74 ./src/usbhidrom_main.o
                0x00000400                SetOutReport
 .text.main     0x00000474      0x1cc ./src/usbhidrom_main.o
                0x00000474                main
 .text.USB_IRQHandler
                0x00000640       0x18 ./src/usbhidrom_main.o
                0x00000640                USB_IRQHandler
 .text.__NOP    0x00000658        0xc /home/nxp/Desktop/linuxtest1/CMSISv1p30_LPC13xx/Debug/libCMSISv1p30_LPC13xx.a(system_LPC13xx.o)
 .text.SystemInit
                0x00000664      0x1f8 /home/nxp/Desktop/linuxtest1/CMSISv1p30_LPC13xx/Debug/libCMSISv1p30_LPC13xx.a(system_LPC13xx.o)
                0x00000664                SystemInit
 *(.rodata*)
 .rodata        0x0000085c       0x70 ./src/usbdesc.o
                0x0000085c                USB_StringDescriptor
 .rodata        0x000008cc       0x10 ./src/usbhidrom_main.o

.glue_7         0x000008dc        0x0
 .glue_7        0x00000000        0x0 linker stubs

.glue_7t        0x000008dc        0x0
 .glue_7t       0x00000000        0x0 linker stubs

.vfp11_veneer   0x000008dc        0x0
 .vfp11_veneer  0x00000000        0x0 linker stubs

.v4_bx          0x000008dc        0x0
 .v4_bx         0x00000000        0x0 linker stubs

.ARM.extab
 *(.ARM.extab* .gnu.linkonce.armextab.*)
                0x000008dc                __exidx_start = .

.ARM.exidx
 *(.ARM.exidx* .gnu.linkonce.armexidx.*)
                0x000008dc                __exidx_end = .
                0x000008dc                _etext = .

.data           0x10000180        0x4 load address 0x000008dc
                0x10000180                _data = .
 *(vtable)
 *(.data*)
 .data          0x10000180        0x4 ./src/usbhidrom_main.o
                0x10000180                rom
                0x10000184                _edata = .

.bss            0x10000184       0x20 load address 0x000008e0
                0x10000184                _bss = .
 *(.bss*)
 *(COMMON)
 COMMON         0x10000184       0x20 ./src/usbhidrom_main.o
                0x10000184                DeviceInfo
                0x1000018c                HidDevInfo
                0x100001a4                _ebss = .

.cr_heap        0x100001a4        0x0
                0x100001a4                end = .
                0x100001a4                _pvHeapStart = .
                0x10002000                _vRamTop = __top_RamLoc8
                0x10001ff0                _vStackTop = (_vRamTop - 0x10)
OUTPUT(usbhid_rom.axf elf32-littlearm)

.debug_abbrev   0x00000000      0x648
 .debug_abbrev  0x00000000       0xdf ./src/cr_startup_lpc13.o
 .debug_abbrev  0x000000df      0x1d9 ./src/gpio.o
 .debug_abbrev  0x000002b8       0x84 ./src/usbdesc.o
 .debug_abbrev  0x0000033c      0x224 ./src/usbhidrom_main.o
 .debug_abbrev  0x00000560       0xe8 /home/nxp/Desktop/linuxtest1/CMSISv1p30_LPC13xx/Debug/libCMSISv1p30_LPC13xx.a(system_LPC13xx.o)

.debug_info     0x00000000     0x1c04
 .debug_info    0x00000000      0x1ed ./src/cr_startup_lpc13.o
 .debug_info    0x000001ed      0xa80 ./src/gpio.o
 .debug_info    0x00000c6d       0xb8 ./src/usbdesc.o
 .debug_info    0x00000d25      0x992 ./src/usbhidrom_main.o
 .debug_info    0x000016b7      0x54d /home/nxp/Desktop/linuxtest1/CMSISv1p30_LPC13xx/Debug/libCMSISv1p30_LPC13xx.a(system_LPC13xx.o)

.debug_line     0x00000000      0x927
 .debug_line    0x00000000      0x1b9 ./src/cr_startup_lpc13.o
 .debug_line    0x000001b9      0x231 ./src/gpio.o
 .debug_line    0x000003ea      0x15d ./src/usbdesc.o
 .debug_line    0x00000547      0x244 ./src/usbhidrom_main.o
 .debug_line    0x0000078b      0x19c /home/nxp/Desktop/linuxtest1/CMSISv1p30_LPC13xx/Debug/libCMSISv1p30_LPC13xx.a(system_LPC13xx.o)

.debug_macinfo  0x00000000    0x16ee9
 .debug_macinfo
                0x00000000     0x15a1 ./src/cr_startup_lpc13.o
 .debug_macinfo
                0x000015a1     0x4e38 ./src/gpio.o
 .debug_macinfo
                0x000063d9     0x5c4b ./src/usbdesc.o
 .debug_macinfo
                0x0000c024     0x5d47 ./src/usbhidrom_main.o
 .debug_macinfo
                0x00011d6b     0x517e /home/nxp/Desktop/linuxtest1/CMSISv1p30_LPC13xx/Debug/libCMSISv1p30_LPC13xx.a(system_LPC13xx.o)

.debug_loc      0x00000000      0x55c
 .debug_loc     0x00000000      0x1e5 ./src/cr_startup_lpc13.o
 .debug_loc     0x000001e5      0x175 ./src/gpio.o
 .debug_loc     0x0000035a      0x169 ./src/usbhidrom_main.o
 .debug_loc     0x000004c3       0x99 /home/nxp/Desktop/linuxtest1/CMSISv1p30_LPC13xx/Debug/libCMSISv1p30_LPC13xx.a(system_LPC13xx.o)

.debug_pubnames
                0x00000000      0x257
 .debug_pubnames
                0x00000000       0xec ./src/cr_startup_lpc13.o
 .debug_pubnames
                0x000000ec       0x7c ./src/gpio.o
 .debug_pubnames
                0x00000168       0x2b ./src/usbdesc.o
 .debug_pubnames
                0x00000193       0x75 ./src/usbhidrom_main.o
 .debug_pubnames
                0x00000208       0x4f /home/nxp/Desktop/linuxtest1/CMSISv1p30_LPC13xx/Debug/libCMSISv1p30_LPC13xx.a(system_LPC13xx.o)

.debug_aranges  0x00000000      0x140
 .debug_aranges
                0x00000000       0x70 ./src/cr_startup_lpc13.o
 .debug_aranges
                0x00000070       0x50 ./src/gpio.o
 .debug_aranges
                0x000000c0       0x50 ./src/usbhidrom_main.o
 .debug_aranges
                0x00000110       0x30 /home/nxp/Desktop/linuxtest1/CMSISv1p30_LPC13xx/Debug/libCMSISv1p30_LPC13xx.a(system_LPC13xx.o)

.debug_ranges   0x00000000      0x120
 .debug_ranges  0x00000000       0x68 ./src/cr_startup_lpc13.o
 .debug_ranges  0x00000068       0x48 ./src/gpio.o
 .debug_ranges  0x000000b0       0x48 ./src/usbhidrom_main.o
 .debug_ranges  0x000000f8       0x28 /home/nxp/Desktop/linuxtest1/CMSISv1p30_LPC13xx/Debug/libCMSISv1p30_LPC13xx.a(system_LPC13xx.o)

.debug_str      0x00000000      0xad5
 .debug_str     0x00000000      0x192 ./src/cr_startup_lpc13.o
                                0x1c6 (size before relaxing)
 .debug_str     0x00000192      0x71d ./src/gpio.o
                                0x7e0 (size before relaxing)
 .debug_str     0x000008af       0x26 ./src/usbdesc.o
                                 0xf9 (size before relaxing)
 .debug_str     0x000008d5      0x173 ./src/usbhidrom_main.o
                                0x577 (size before relaxing)
 .debug_str     0x00000a48       0x8d /home/nxp/Desktop/linuxtest1/CMSISv1p30_LPC13xx/Debug/libCMSISv1p30_LPC13xx.a(system_LPC13xx.o)
                                0x3e1 (size before relaxing)

.comment        0x00000000       0xd7
 .comment       0x00000000       0x2b ./src/cr_startup_lpc13.o
 .comment       0x0000002b       0x2b ./src/gpio.o
 .comment       0x00000056       0x2b ./src/usbdesc.o
 .comment       0x00000081       0x2b ./src/usbhidrom_main.o
 .comment       0x000000ac       0x2b /home/nxp/Desktop/linuxtest1/CMSISv1p30_LPC13xx/Debug/libCMSISv1p30_LPC13xx.a(system_LPC13xx.o)

.ARM.attributes
                0x00000000       0x31
 .ARM.attributes
                0x00000000       0x31 ./src/cr_startup_lpc13.o
 .ARM.attributes
                0x00000031       0x31 ./src/gpio.o
 .ARM.attributes
                0x00000062       0x31 ./src/usbdesc.o
 .ARM.attributes
                0x00000093       0x31 ./src/usbhidrom_main.o
 .ARM.attributes
                0x000000c4       0x31 /home/nxp/Desktop/linuxtest1/CMSISv1p30_LPC13xx/Debug/libCMSISv1p30_LPC13xx.a(system_LPC13xx.o)

.debug_frame    0x00000000      0x330
 .debug_frame   0x00000000      0x120 ./src/cr_startup_lpc13.o
 .debug_frame   0x00000120       0xd4 ./src/gpio.o
 .debug_frame   0x000001f4       0xd8 ./src/usbhidrom_main.o
 .debug_frame   0x000002cc       0x64 /home/nxp/Desktop/linuxtest1/CMSISv1p30_LPC13xx/Debug/libCMSISv1p30_LPC13xx.a(system_LPC13xx.o)
