Archive member included because of file (symbol)

/Users/sin/Documents/LPCxpresso/workspace/CMSISv2p10_LPC18xx_DriverLib/Debug/libCMSISv2p10_LPC18xx_DriverLib.a(lpc18xx_cgu.o)
                              ./src/main.o (CGU_Init)
/Users/sin/Documents/LPCxpresso/workspace/CMSISv2p10_LPC18xx_DriverLib/Debug/libCMSISv2p10_LPC18xx_DriverLib.a(lpc18xx_scu.o)
                              ./src/main.o (scu_pinmux)
/Users/sin/Documents/LPCxpresso/workspace/CMSISv2p10_LPC18xx_DriverLib/Debug/libCMSISv2p10_LPC18xx_DriverLib.a(lpc18xx_uart.o)
                              ./src/main.o (UART_Init)
/Users/sin/Documents/LPCxpresso/workspace/CMSISv2p10_LPC18xx_DriverLib/Debug/libCMSISv2p10_LPC18xx_DriverLib.a(system_LPC18xx.o)
                              ./src/cr_startup_lpc18xx.o (SystemInit)
/Applications/redsuite_4.3.0_1033/redsuite/tools/bin/../lib/gcc/arm-none-eabi/4.6.2/../../../../arm-none-eabi/lib/armv7-m/libcr_c.a(__weak__main.o)
                              ./src/cr_startup_lpc18xx.o (__main)
/Applications/redsuite_4.3.0_1033/redsuite/tools/bin/../lib/gcc/arm-none-eabi/4.6.2/armv7-m/libcr_eabihelpers.a(division.o)
                              /Users/sin/Documents/LPCxpresso/workspace/CMSISv2p10_LPC18xx_DriverLib/Debug/libCMSISv2p10_LPC18xx_DriverLib.a(lpc18xx_uart.o) (__aeabi_uldivmod)

Allocating common symbols
Common symbol       size              file

rb                  0x210             ./src/main.o
TxIntStat           0x1               ./src/main.o

Discarded input sections

 .text          0x0000000000000000        0x0 ./src/cr_startup_lpc18xx.o
 .data          0x0000000000000000        0x0 ./src/cr_startup_lpc18xx.o
 .bss           0x0000000000000000        0x0 ./src/cr_startup_lpc18xx.o
 .text          0x0000000000000000        0x0 ./src/main.o
 .data          0x0000000000000000        0x0 ./src/main.o
 .bss           0x0000000000000000        0x0 ./src/main.o
 .crp           0x0000000000000000        0x4 ./src/main.o
 .text          0x0000000000000000        0x0 /Users/sin/Documents/LPCxpresso/workspace/CMSISv2p10_LPC18xx_DriverLib/Debug/libCMSISv2p10_LPC18xx_DriverLib.a(lpc18xx_cgu.o)
 .data          0x0000000000000000        0x0 /Users/sin/Documents/LPCxpresso/workspace/CMSISv2p10_LPC18xx_DriverLib/Debug/libCMSISv2p10_LPC18xx_DriverLib.a(lpc18xx_cgu.o)
 .bss           0x0000000000000000        0x0 /Users/sin/Documents/LPCxpresso/workspace/CMSISv2p10_LPC18xx_DriverLib/Debug/libCMSISv2p10_LPC18xx_DriverLib.a(lpc18xx_cgu.o)
 .text.CGU_ConfigPWR
                0x0000000000000000      0x59c /Users/sin/Documents/LPCxpresso/workspace/CMSISv2p10_LPC18xx_DriverLib/Debug/libCMSISv2p10_LPC18xx_DriverLib.a(lpc18xx_cgu.o)
 .text.CGU_SetDIV
                0x0000000000000000       0x84 /Users/sin/Documents/LPCxpresso/workspace/CMSISv2p10_LPC18xx_DriverLib/Debug/libCMSISv2p10_LPC18xx_DriverLib.a(lpc18xx_cgu.o)
 .text.CGU_SetPLL0
                0x0000000000000000       0x60 /Users/sin/Documents/LPCxpresso/workspace/CMSISv2p10_LPC18xx_DriverLib/Debug/libCMSISv2p10_LPC18xx_DriverLib.a(lpc18xx_cgu.o)
 .text.CGU_GetBaseStatus
                0x0000000000000000      0x180 /Users/sin/Documents/LPCxpresso/workspace/CMSISv2p10_LPC18xx_DriverLib/Debug/libCMSISv2p10_LPC18xx_DriverLib.a(lpc18xx_cgu.o)
 .text.CGU_FrequencyMonitor
                0x0000000000000000      0x138 /Users/sin/Documents/LPCxpresso/workspace/CMSISv2p10_LPC18xx_DriverLib/Debug/libCMSISv2p10_LPC18xx_DriverLib.a(lpc18xx_cgu.o)
 .text.CGU_RealFrequencyCompare
                0x0000000000000000       0x74 /Users/sin/Documents/LPCxpresso/workspace/CMSISv2p10_LPC18xx_DriverLib/Debug/libCMSISv2p10_LPC18xx_DriverLib.a(lpc18xx_cgu.o)
 .text          0x0000000000000000        0x0 /Users/sin/Documents/LPCxpresso/workspace/CMSISv2p10_LPC18xx_DriverLib/Debug/libCMSISv2p10_LPC18xx_DriverLib.a(lpc18xx_scu.o)
 .data          0x0000000000000000        0x0 /Users/sin/Documents/LPCxpresso/workspace/CMSISv2p10_LPC18xx_DriverLib/Debug/libCMSISv2p10_LPC18xx_DriverLib.a(lpc18xx_scu.o)
 .bss           0x0000000000000000        0x0 /Users/sin/Documents/LPCxpresso/workspace/CMSISv2p10_LPC18xx_DriverLib/Debug/libCMSISv2p10_LPC18xx_DriverLib.a(lpc18xx_scu.o)
 .text          0x0000000000000000        0x0 /Users/sin/Documents/LPCxpresso/workspace/CMSISv2p10_LPC18xx_DriverLib/Debug/libCMSISv2p10_LPC18xx_DriverLib.a(lpc18xx_uart.o)
 .data          0x0000000000000000        0x0 /Users/sin/Documents/LPCxpresso/workspace/CMSISv2p10_LPC18xx_DriverLib/Debug/libCMSISv2p10_LPC18xx_DriverLib.a(lpc18xx_uart.o)
 .bss           0x0000000000000000        0x0 /Users/sin/Documents/LPCxpresso/workspace/CMSISv2p10_LPC18xx_DriverLib/Debug/libCMSISv2p10_LPC18xx_DriverLib.a(lpc18xx_uart.o)
 .text.UART_ForceBreak
                0x0000000000000000       0x80 /Users/sin/Documents/LPCxpresso/workspace/CMSISv2p10_LPC18xx_DriverLib/Debug/libCMSISv2p10_LPC18xx_DriverLib.a(lpc18xx_uart.o)
 .text.UART_GetLineStatus
                0x0000000000000000       0x7c /Users/sin/Documents/LPCxpresso/workspace/CMSISv2p10_LPC18xx_DriverLib/Debug/libCMSISv2p10_LPC18xx_DriverLib.a(lpc18xx_uart.o)
 .text.UART_ABCmd
                0x0000000000000000      0x14c /Users/sin/Documents/LPCxpresso/workspace/CMSISv2p10_LPC18xx_DriverLib/Debug/libCMSISv2p10_LPC18xx_DriverLib.a(lpc18xx_uart.o)
 .text.UART_IrDAInvtInputCmd
                0x0000000000000000       0x74 /Users/sin/Documents/LPCxpresso/workspace/CMSISv2p10_LPC18xx_DriverLib/Debug/libCMSISv2p10_LPC18xx_DriverLib.a(lpc18xx_uart.o)
 .text.UART_IrDACmd
                0x0000000000000000       0x70 /Users/sin/Documents/LPCxpresso/workspace/CMSISv2p10_LPC18xx_DriverLib/Debug/libCMSISv2p10_LPC18xx_DriverLib.a(lpc18xx_uart.o)
 .text.UART_IrDAPulseDivConfig
                0x0000000000000000       0xa0 /Users/sin/Documents/LPCxpresso/workspace/CMSISv2p10_LPC18xx_DriverLib/Debug/libCMSISv2p10_LPC18xx_DriverLib.a(lpc18xx_uart.o)
 .text.UART_FullModemForcePinState
                0x0000000000000000       0xc0 /Users/sin/Documents/LPCxpresso/workspace/CMSISv2p10_LPC18xx_DriverLib/Debug/libCMSISv2p10_LPC18xx_DriverLib.a(lpc18xx_uart.o)
 .text.UART_FullModemConfigMode
                0x0000000000000000       0xc8 /Users/sin/Documents/LPCxpresso/workspace/CMSISv2p10_LPC18xx_DriverLib/Debug/libCMSISv2p10_LPC18xx_DriverLib.a(lpc18xx_uart.o)
 .text.UART_FullModemGetStatus
                0x0000000000000000       0x38 /Users/sin/Documents/LPCxpresso/workspace/CMSISv2p10_LPC18xx_DriverLib/Debug/libCMSISv2p10_LPC18xx_DriverLib.a(lpc18xx_uart.o)
 .text.UART_RS485Config
                0x0000000000000000      0x204 /Users/sin/Documents/LPCxpresso/workspace/CMSISv2p10_LPC18xx_DriverLib/Debug/libCMSISv2p10_LPC18xx_DriverLib.a(lpc18xx_uart.o)
 .text.UART_RS485ReceiverCmd
                0x0000000000000000       0x68 /Users/sin/Documents/LPCxpresso/workspace/CMSISv2p10_LPC18xx_DriverLib/Debug/libCMSISv2p10_LPC18xx_DriverLib.a(lpc18xx_uart.o)
 .text.UART_RS485Send
                0x0000000000000000       0xf8 /Users/sin/Documents/LPCxpresso/workspace/CMSISv2p10_LPC18xx_DriverLib/Debug/libCMSISv2p10_LPC18xx_DriverLib.a(lpc18xx_uart.o)
 .text.UART_RS485SendSlvAddr
                0x0000000000000000       0x28 /Users/sin/Documents/LPCxpresso/workspace/CMSISv2p10_LPC18xx_DriverLib/Debug/libCMSISv2p10_LPC18xx_DriverLib.a(lpc18xx_uart.o)
 .text.UART_RS485SendData
                0x0000000000000000       0x28 /Users/sin/Documents/LPCxpresso/workspace/CMSISv2p10_LPC18xx_DriverLib/Debug/libCMSISv2p10_LPC18xx_DriverLib.a(lpc18xx_uart.o)
 .text          0x0000000000000000        0x0 /Users/sin/Documents/LPCxpresso/workspace/CMSISv2p10_LPC18xx_DriverLib/Debug/libCMSISv2p10_LPC18xx_DriverLib.a(system_LPC18xx.o)
 .data          0x0000000000000000        0x0 /Users/sin/Documents/LPCxpresso/workspace/CMSISv2p10_LPC18xx_DriverLib/Debug/libCMSISv2p10_LPC18xx_DriverLib.a(system_LPC18xx.o)
 .bss           0x0000000000000000        0x0 /Users/sin/Documents/LPCxpresso/workspace/CMSISv2p10_LPC18xx_DriverLib/Debug/libCMSISv2p10_LPC18xx_DriverLib.a(system_LPC18xx.o)
 .text          0x0000000000000000        0x0 /Applications/redsuite_4.3.0_1033/redsuite/tools/bin/../lib/gcc/arm-none-eabi/4.6.2/../../../../arm-none-eabi/lib/armv7-m/libcr_c.a(__weak__main.o)
 .data          0x0000000000000000        0x0 /Applications/redsuite_4.3.0_1033/redsuite/tools/bin/../lib/gcc/arm-none-eabi/4.6.2/../../../../arm-none-eabi/lib/armv7-m/libcr_c.a(__weak__main.o)
 .bss           0x0000000000000000        0x0 /Applications/redsuite_4.3.0_1033/redsuite/tools/bin/../lib/gcc/arm-none-eabi/4.6.2/../../../../arm-none-eabi/lib/armv7-m/libcr_c.a(__weak__main.o)
 .text          0x0000000000000000        0x0 /Applications/redsuite_4.3.0_1033/redsuite/tools/bin/../lib/gcc/arm-none-eabi/4.6.2/armv7-m/libcr_eabihelpers.a(division.o)
 .data          0x0000000000000000        0x0 /Applications/redsuite_4.3.0_1033/redsuite/tools/bin/../lib/gcc/arm-none-eabi/4.6.2/armv7-m/libcr_eabihelpers.a(division.o)
 .bss           0x0000000000000000        0x0 /Applications/redsuite_4.3.0_1033/redsuite/tools/bin/../lib/gcc/arm-none-eabi/4.6.2/armv7-m/libcr_eabihelpers.a(division.o)
 .text.__aeabi_division_idiv
                0x0000000000000000       0x10 /Applications/redsuite_4.3.0_1033/redsuite/tools/bin/../lib/gcc/arm-none-eabi/4.6.2/armv7-m/libcr_eabihelpers.a(division.o)
 .text.__aeabi_division_idivmod
                0x0000000000000000       0x16 /Applications/redsuite_4.3.0_1033/redsuite/tools/bin/../lib/gcc/arm-none-eabi/4.6.2/armv7-m/libcr_eabihelpers.a(division.o)
 .text.__aeabi_division_uidiv
                0x0000000000000000       0x10 /Applications/redsuite_4.3.0_1033/redsuite/tools/bin/../lib/gcc/arm-none-eabi/4.6.2/armv7-m/libcr_eabihelpers.a(division.o)
 .text.__aeabi_division_uidivmod
                0x0000000000000000       0x16 /Applications/redsuite_4.3.0_1033/redsuite/tools/bin/../lib/gcc/arm-none-eabi/4.6.2/armv7-m/libcr_eabihelpers.a(division.o)
 .text.__aeabi_division_ldivmod
                0x0000000000000000       0x26 /Applications/redsuite_4.3.0_1033/redsuite/tools/bin/../lib/gcc/arm-none-eabi/4.6.2/armv7-m/libcr_eabihelpers.a(division.o)
 .text.__aeabi_division_ldiv0
                0x0000000000000000        0x2 /Applications/redsuite_4.3.0_1033/redsuite/tools/bin/../lib/gcc/arm-none-eabi/4.6.2/armv7-m/libcr_eabihelpers.a(division.o)

Memory Configuration

Name             Origin             Length             Attributes
RamLoc96         0x0000000010000000 0x0000000000018000 xrw
RamLoc40         0x0000000010080000 0x000000000000a000 xrw
RamAHB32         0x0000000020000000 0x0000000000008000 xrw
RamAHB16         0x0000000020008000 0x0000000000004000 xrw
RamAHB_ETB16     0x000000002000c000 0x0000000000004000 xrw
*default*        0x0000000000000000 0xffffffffffffffff

Linker script and memory map

LOAD ./src/cr_startup_lpc18xx.o
LOAD ./src/main.o
LOAD /Users/sin/Documents/LPCxpresso/workspace/CMSISv2p10_LPC18xx_DriverLib/Debug/libCMSISv2p10_LPC18xx_DriverLib.a
START GROUP
LOAD /Applications/redsuite_4.3.0_1033/redsuite/tools/bin/../lib/gcc/arm-none-eabi/4.6.2/../../../../arm-none-eabi/lib/armv7-m/libcr_c.a
LOAD /Applications/redsuite_4.3.0_1033/redsuite/tools/bin/../lib/gcc/arm-none-eabi/4.6.2/armv7-m/libcr_eabihelpers.a
END GROUP
                0x0000000010018000                __top_RamLoc96 = 0x10018000
                0x000000001008a000                __top_RamLoc40 = 0x1008a000
                0x0000000020008000                __top_RamAHB32 = 0x20008000
                0x000000002000c000                __top_RamAHB16 = 0x2000c000
                0x0000000020010000                __top_RamAHB_ETB16 = 0x20010000

.text           0x0000000010000000     0x26cc
 FILL mask 0xff
 *(.isr_vector)
 .isr_vector    0x0000000010000000      0x114 ./src/cr_startup_lpc18xx.o
                0x0000000010000000                g_pfnVectors
                0x0000000010000114                . = ALIGN (0x4)
                0x0000000010000114                __section_table_start = .
                0x0000000010000114                __data_section_table = .
                0x0000000010000114        0x4 LONG 0x100026cc LOADADDR (.data)
                0x0000000010000118        0x4 LONG 0x100026cc ADDR (.data)
                0x000000001000011c        0x4 LONG 0x134 SIZEOF (.data)
                0x0000000010000120        0x4 LONG 0x100026cc LOADADDR (.data_RAM2)
                0x0000000010000124        0x4 LONG 0x10080000 ADDR (.data_RAM2)
                0x0000000010000128        0x4 LONG 0x0 SIZEOF (.data_RAM2)
                0x000000001000012c        0x4 LONG 0x100026cc LOADADDR (.data_RAM3)
                0x0000000010000130        0x4 LONG 0x20000000 ADDR (.data_RAM3)
                0x0000000010000134        0x4 LONG 0x0 SIZEOF (.data_RAM3)
                0x0000000010000138        0x4 LONG 0x100026cc LOADADDR (.data_RAM4)
                0x000000001000013c        0x4 LONG 0x20008000 ADDR (.data_RAM4)
                0x0000000010000140        0x4 LONG 0x0 SIZEOF (.data_RAM4)
                0x0000000010000144        0x4 LONG 0x100026cc LOADADDR (.data_RAM5)
                0x0000000010000148        0x4 LONG 0x2000c000 ADDR (.data_RAM5)
                0x000000001000014c        0x4 LONG 0x0 SIZEOF (.data_RAM5)
                0x0000000010000150                __data_section_table_end = .
                0x0000000010000150                __bss_section_table = .
                0x0000000010000150        0x4 LONG 0x10002800 ADDR (.bss)
                0x0000000010000154        0x4 LONG 0x214 SIZEOF (.bss)
                0x0000000010000158        0x4 LONG 0x10080000 ADDR (.bss_RAM2)
                0x000000001000015c        0x4 LONG 0x0 SIZEOF (.bss_RAM2)
                0x0000000010000160        0x4 LONG 0x20000000 ADDR (.bss_RAM3)
                0x0000000010000164        0x4 LONG 0x0 SIZEOF (.bss_RAM3)
                0x0000000010000168        0x4 LONG 0x20008000 ADDR (.bss_RAM4)
                0x000000001000016c        0x4 LONG 0x0 SIZEOF (.bss_RAM4)
                0x0000000010000170        0x4 LONG 0x2000c000 ADDR (.bss_RAM5)
                0x0000000010000174        0x4 LONG 0x0 SIZEOF (.bss_RAM5)
                0x0000000010000178                __bss_section_table_end = .
                0x0000000010000178                __section_table_end = .
 *(.after_vectors*)
 .after_vectors
                0x0000000010000178       0x36 ./src/cr_startup_lpc18xx.o
                0x0000000010000178                NMI_Handler
                0x000000001000017a                HardFault_Handler
                0x000000001000017c                MemManage_Handler
                0x000000001000017e                BusFault_Handler
                0x0000000010000180                UsageFault_Handler
                0x0000000010000182                SVC_Handler
                0x0000000010000184                DebugMon_Handler
                0x0000000010000186                PendSV_Handler
                0x0000000010000188                SysTick_Handler
                0x000000001000018a                data_init
                0x000000001000019c                bss_init
                0x00000000100001ac                SGPIO_IRQHandler
                0x00000000100001ac                ADC0_IRQHandler
                0x00000000100001ac                GPIO6_IRQHandler
                0x00000000100001ac                IntDefaultHandler
                0x00000000100001ac                GPIO1_IRQHandler
                0x00000000100001ac                SSP0_IRQHandler
                0x00000000100001ac                ADC1_IRQHandler
                0x00000000100001ac                RTC_IRQHandler
                0x00000000100001ac                TIMER0_IRQHandler
                0x00000000100001ac                LCD_IRQHandler
                0x00000000100001ac                TIMER1_IRQHandler
                0x00000000100001ac                UART2_IRQHandler
                0x00000000100001ac                GPIO2_IRQHandler
                0x00000000100001ac                I2S1_IRQHandler
                0x00000000100001ac                SSP1_IRQHandler
                0x00000000100001ac                USB0_IRQHandler
                0x00000000100001ac                GPIO3_IRQHandler
                0x00000000100001ac                SCT_IRQHandler
                0x00000000100001ac                WDT_IRQHandler
                0x00000000100001ac                GPIO7_IRQHandler
                0x00000000100001ac                SPIFI_IRQHandler
                0x00000000100001ac                QEI_IRQHandler
                0x00000000100001ac                ETH_IRQHandler
                0x00000000100001ac                CAN0_IRQHandler
                0x00000000100001ac                GINT0_IRQHandler
                0x00000000100001ac                DAC_IRQHandler
                0x00000000100001ac                GPIO0_IRQHandler
                0x00000000100001ac                DMA_IRQHandler
                0x00000000100001ac                EVRT_IRQHandler
                0x00000000100001ac                UART3_IRQHandler
                0x00000000100001ac                MCPWM_IRQHandler
                0x00000000100001ac                GINT1_IRQHandler
                0x00000000100001ac                TIMER2_IRQHandler
                0x00000000100001ac                GPIO4_IRQHandler
                0x00000000100001ac                RIT_IRQHandler
                0x00000000100001ac                I2C0_IRQHandler
                0x00000000100001ac                SDIO_IRQHandler
                0x00000000100001ac                ATIMER_IRQHandler
                0x00000000100001ac                I2C1_IRQHandler
                0x00000000100001ac                GPIO5_IRQHandler
                0x00000000100001ac                CAN1_IRQHandler
                0x00000000100001ac                USB1_IRQHandler
                0x00000000100001ac                I2S0_IRQHandler
                0x00000000100001ac                TIMER3_IRQHandler
 *(.text*)
 *fill*         0x00000000100001ae        0x2 00
 .text.ResetISR
                0x00000000100001b0       0x84 ./src/cr_startup_lpc18xx.o
                0x00000000100001b0                ResetISR
 .text.NVIC_EnableIRQ
                0x0000000010000234       0x38 ./src/main.o
 .text.NVIC_SetPriority
                0x000000001000026c       0x5c ./src/main.o
 .text.UART0_IRQHandler
                0x00000000100002c8       0x68 ./src/main.o
                0x00000000100002c8                UART0_IRQHandler
 .text.UART1_IRQHandler
                0x0000000010000330       0x68 ./src/main.o
                0x0000000010000330                UART1_IRQHandler
 .text.UART_IntReceive
                0x0000000010000398       0x94 ./src/main.o
                0x0000000010000398                UART_IntReceive
 .text.UART_IntTransmit
                0x000000001000042c      0x100 ./src/main.o
                0x000000001000042c                UART_IntTransmit
 .text.UART_IntErr
                0x000000001000052c       0x10 ./src/main.o
                0x000000001000052c                UART_IntErr
 .text.UARTSend
                0x000000001000053c       0xd0 ./src/main.o
                0x000000001000053c                UARTSend
 .text.UARTReceive
                0x000000001000060c       0xb8 ./src/main.o
                0x000000001000060c                UARTReceive
 .text.print_menu
                0x00000000100006c4       0x54 ./src/main.o
                0x00000000100006c4                print_menu
 .text.c_entry  0x0000000010000718      0x1cc ./src/main.o
                0x0000000010000718                c_entry
 .text.main     0x00000000100008e4       0x10 ./src/main.o
                0x00000000100008e4                main
 .text.check_failed
                0x00000000100008f4        0xc ./src/main.o
                0x00000000100008f4                check_failed
 .text.CGU_Init
                0x0000000010000900       0x54 /Users/sin/Documents/LPCxpresso/workspace/CMSISv2p10_LPC18xx_DriverLib/Debug/libCMSISv2p10_LPC18xx_DriverLib.a(lpc18xx_cgu.o)
                0x0000000010000900                CGU_Init
 .text.CGU_GetPCLKFrequency
                0x0000000010000954      0x204 /Users/sin/Documents/LPCxpresso/workspace/CMSISv2p10_LPC18xx_DriverLib/Debug/libCMSISv2p10_LPC18xx_DriverLib.a(lpc18xx_cgu.o)
                0x0000000010000954                CGU_GetPCLKFrequency
 .text.CGU_UpdateClock
                0x0000000010000b58      0x170 /Users/sin/Documents/LPCxpresso/workspace/CMSISv2p10_LPC18xx_DriverLib/Debug/libCMSISv2p10_LPC18xx_DriverLib.a(lpc18xx_cgu.o)
                0x0000000010000b58                CGU_UpdateClock
 .text.CGU_SetXTALOSC
                0x0000000010000cc8       0x7c /Users/sin/Documents/LPCxpresso/workspace/CMSISv2p10_LPC18xx_DriverLib/Debug/libCMSISv2p10_LPC18xx_DriverLib.a(lpc18xx_cgu.o)
                0x0000000010000cc8                CGU_SetXTALOSC
 .text.CGU_EnableEntity
                0x0000000010000d44      0x1fc /Users/sin/Documents/LPCxpresso/workspace/CMSISv2p10_LPC18xx_DriverLib/Debug/libCMSISv2p10_LPC18xx_DriverLib.a(lpc18xx_cgu.o)
                0x0000000010000d44                CGU_EnableEntity
 .text.CGU_EntityConnect
                0x0000000010000f40      0x104 /Users/sin/Documents/LPCxpresso/workspace/CMSISv2p10_LPC18xx_DriverLib/Debug/libCMSISv2p10_LPC18xx_DriverLib.a(lpc18xx_cgu.o)
                0x0000000010000f40                CGU_EntityConnect
 .text.CGU_SetPLL1
                0x0000000010001044      0x13c /Users/sin/Documents/LPCxpresso/workspace/CMSISv2p10_LPC18xx_DriverLib/Debug/libCMSISv2p10_LPC18xx_DriverLib.a(lpc18xx_cgu.o)
                0x0000000010001044                CGU_SetPLL1
 .text.scu_pinmux
                0x0000000010001180       0x4c /Users/sin/Documents/LPCxpresso/workspace/CMSISv2p10_LPC18xx_DriverLib/Debug/libCMSISv2p10_LPC18xx_DriverLib.a(lpc18xx_scu.o)
                0x0000000010001180                scu_pinmux
 .text.uart_set_divisors
                0x00000000100011cc      0x2ec /Users/sin/Documents/LPCxpresso/workspace/CMSISv2p10_LPC18xx_DriverLib/Debug/libCMSISv2p10_LPC18xx_DriverLib.a(lpc18xx_uart.o)
 .text.UART_Init
                0x00000000100014b8      0x378 /Users/sin/Documents/LPCxpresso/workspace/CMSISv2p10_LPC18xx_DriverLib/Debug/libCMSISv2p10_LPC18xx_DriverLib.a(lpc18xx_uart.o)
                0x00000000100014b8                UART_Init
 .text.UART_DeInit
                0x0000000010001830       0x64 /Users/sin/Documents/LPCxpresso/workspace/CMSISv2p10_LPC18xx_DriverLib/Debug/libCMSISv2p10_LPC18xx_DriverLib.a(lpc18xx_uart.o)
                0x0000000010001830                UART_DeInit
 .text.UART_ConfigStructInit
                0x0000000010001894       0x34 /Users/sin/Documents/LPCxpresso/workspace/CMSISv2p10_LPC18xx_DriverLib/Debug/libCMSISv2p10_LPC18xx_DriverLib.a(lpc18xx_uart.o)
                0x0000000010001894                UART_ConfigStructInit
 .text.UART_SendByte
                0x00000000100018c8       0x78 /Users/sin/Documents/LPCxpresso/workspace/CMSISv2p10_LPC18xx_DriverLib/Debug/libCMSISv2p10_LPC18xx_DriverLib.a(lpc18xx_uart.o)
                0x00000000100018c8                UART_SendByte
 .text.UART_ReceiveByte
                0x0000000010001940       0x78 /Users/sin/Documents/LPCxpresso/workspace/CMSISv2p10_LPC18xx_DriverLib/Debug/libCMSISv2p10_LPC18xx_DriverLib.a(lpc18xx_uart.o)
                0x0000000010001940                UART_ReceiveByte
 .text.UART_Send
                0x00000000100019b8      0x108 /Users/sin/Documents/LPCxpresso/workspace/CMSISv2p10_LPC18xx_DriverLib/Debug/libCMSISv2p10_LPC18xx_DriverLib.a(lpc18xx_uart.o)
                0x00000000100019b8                UART_Send
 .text.UART_Receive
                0x0000000010001ac0       0xd4 /Users/sin/Documents/LPCxpresso/workspace/CMSISv2p10_LPC18xx_DriverLib/Debug/libCMSISv2p10_LPC18xx_DriverLib.a(lpc18xx_uart.o)
                0x0000000010001ac0                UART_Receive
 .text.UART_IntConfig
                0x0000000010001b94      0x1c8 /Users/sin/Documents/LPCxpresso/workspace/CMSISv2p10_LPC18xx_DriverLib/Debug/libCMSISv2p10_LPC18xx_DriverLib.a(lpc18xx_uart.o)
                0x0000000010001b94                UART_IntConfig
 .text.UART_CheckBusy
                0x0000000010001d5c       0x2c /Users/sin/Documents/LPCxpresso/workspace/CMSISv2p10_LPC18xx_DriverLib/Debug/libCMSISv2p10_LPC18xx_DriverLib.a(lpc18xx_uart.o)
                0x0000000010001d5c                UART_CheckBusy
 .text.UART_FIFOConfig
                0x0000000010001d88      0x180 /Users/sin/Documents/LPCxpresso/workspace/CMSISv2p10_LPC18xx_DriverLib/Debug/libCMSISv2p10_LPC18xx_DriverLib.a(lpc18xx_uart.o)
                0x0000000010001d88                UART_FIFOConfig
 .text.UART_FIFOConfigStructInit
                0x0000000010001f08       0x34 /Users/sin/Documents/LPCxpresso/workspace/CMSISv2p10_LPC18xx_DriverLib/Debug/libCMSISv2p10_LPC18xx_DriverLib.a(lpc18xx_uart.o)
                0x0000000010001f08                UART_FIFOConfigStructInit
 .text.UART_TxCmd
                0x0000000010001f3c       0xd0 /Users/sin/Documents/LPCxpresso/workspace/CMSISv2p10_LPC18xx_DriverLib/Debug/libCMSISv2p10_LPC18xx_DriverLib.a(lpc18xx_uart.o)
                0x0000000010001f3c                UART_TxCmd
 .text.SystemInit
                0x000000001000200c       0x48 /Users/sin/Documents/LPCxpresso/workspace/CMSISv2p10_LPC18xx_DriverLib/Debug/libCMSISv2p10_LPC18xx_DriverLib.a(system_LPC18xx.o)
                0x000000001000200c                SystemInit
 .text.__weak_main
                0x0000000010002054        0x4 /Applications/redsuite_4.3.0_1033/redsuite/tools/bin/../lib/gcc/arm-none-eabi/4.6.2/../../../../arm-none-eabi/lib/armv7-m/libcr_c.a(__weak__main.o)
                0x0000000010002054                __main
                0x0000000010002054                __weak_main
 .text.__aeabi_division_uldivmod
                0x0000000010002058      0x174 /Applications/redsuite_4.3.0_1033/redsuite/tools/bin/../lib/gcc/arm-none-eabi/4.6.2/armv7-m/libcr_eabihelpers.a(division.o)
                0x0000000010002058                __aeabi_uldivmod
                0x000000001000205c                __bhs_ldivmod1
 .text.__aeabi_division_idiv0
                0x00000000100021cc        0x2 /Applications/redsuite_4.3.0_1033/redsuite/tools/bin/../lib/gcc/arm-none-eabi/4.6.2/armv7-m/libcr_eabihelpers.a(division.o)
                0x00000000100021cc                __aeabi_idiv0
 *(.rodata .rodata.*)
 *fill*         0x00000000100021ce        0x2 00
 .rodata.CGU_Entity_ControlReg_Offset
                0x00000000100021d0       0x5c /Users/sin/Documents/LPCxpresso/workspace/CMSISv2p10_LPC18xx_DriverLib/Debug/libCMSISv2p10_LPC18xx_DriverLib.a(lpc18xx_cgu.o)
                0x00000000100021d0                CGU_Entity_ControlReg_Offset
 .rodata.CGU_ConnectAlloc_Tbl
                0x000000001000222c      0x300 /Users/sin/Documents/LPCxpresso/workspace/CMSISv2p10_LPC18xx_DriverLib/Debug/libCMSISv2p10_LPC18xx_DriverLib.a(lpc18xx_cgu.o)
                0x000000001000222c                CGU_ConnectAlloc_Tbl
 .rodata.CGU_PERIPHERAL_Info
                0x000000001000252c      0x188 /Users/sin/Documents/LPCxpresso/workspace/CMSISv2p10_LPC18xx_DriverLib/Debug/libCMSISv2p10_LPC18xx_DriverLib.a(lpc18xx_cgu.o)
                0x000000001000252c                CGU_PERIPHERAL_Info
 .rodata        0x00000000100026b4       0x18 /Users/sin/Documents/LPCxpresso/workspace/CMSISv2p10_LPC18xx_DriverLib/Debug/libCMSISv2p10_LPC18xx_DriverLib.a(lpc18xx_uart.o)
                0x00000000100026cc                . = ALIGN (0x4)

.glue_7         0x00000000100026cc        0x0
 .glue_7        0x0000000000000000        0x0 linker stubs

.glue_7t        0x00000000100026cc        0x0
 .glue_7t       0x0000000000000000        0x0 linker stubs

.vfp11_veneer   0x00000000100026cc        0x0
 .vfp11_veneer  0x0000000000000000        0x0 linker stubs

.v4_bx          0x00000000100026cc        0x0
 .v4_bx         0x0000000000000000        0x0 linker stubs

.ARM.extab
 *(.ARM.extab* .gnu.linkonce.armextab.*)
                0x00000000100026cc                __exidx_start = .

.ARM.exidx
 *(.ARM.exidx* .gnu.linkonce.armexidx.*)
                0x00000000100026cc                __exidx_end = .
                0x00000000100026cc                _etext = .

.data_RAM2      0x0000000010080000        0x0 load address 0x00000000100026cc
 FILL mask 0xff
 *(.data.$RAM2*)
 *(.data.$RamLoc40*)
                0x0000000010080000                . = ALIGN (0x4)

.data_RAM3      0x0000000020000000        0x0 load address 0x00000000100026cc
 FILL mask 0xff
 *(.data.$RAM3*)
 *(.data.$RamAHB32*)
                0x0000000020000000                . = ALIGN (0x4)

.data_RAM4      0x0000000020008000        0x0 load address 0x00000000100026cc
 FILL mask 0xff
 *(.data.$RAM4*)
 *(.data.$RamAHB16*)
                0x0000000020008000                . = ALIGN (0x4)

.data_RAM5      0x000000002000c000        0x0 load address 0x00000000100026cc
 FILL mask 0xff
 *(.data.$RAM5*)
 *(.data.$RamAHB_ETB16*)
                0x000000002000c000                . = ALIGN (0x4)

.uninit_RESERVED
                0x00000000100026cc        0x0
 *(.bss.$RESERVED*)
                0x00000000100026cc                . = ALIGN (0x4)
                0x00000000100026cc                _end_uninit_RESERVED = .

.data           0x00000000100026cc      0x134
 FILL mask 0xff
                0x00000000100026cc                _data = .
 *(vtable)
 *(.data*)
 .data.menu2    0x00000000100026cc       0xd0 ./src/main.o
                0x00000000100026cc                menu2
 .data.menu3    0x000000001000279c       0x1c ./src/main.o
                0x000000001000279c                menu3
 .data.CGU_ClockSourceFrequency
                0x00000000100027b8       0x44 /Users/sin/Documents/LPCxpresso/workspace/CMSISv2p10_LPC18xx_DriverLib/Debug/libCMSISv2p10_LPC18xx_DriverLib.a(lpc18xx_cgu.o)
                0x00000000100027b8                CGU_ClockSourceFrequency
 .data.SystemCoreClock
                0x00000000100027fc        0x4 /Users/sin/Documents/LPCxpresso/workspace/CMSISv2p10_LPC18xx_DriverLib/Debug/libCMSISv2p10_LPC18xx_DriverLib.a(system_LPC18xx.o)
                0x00000000100027fc                SystemCoreClock
                0x0000000010002800                . = ALIGN (0x4)
                0x0000000010002800                _edata = .

.bss_RAM2       0x0000000010080000        0x0
 *(.bss.$RAM2*)
 *(.bss.$RamLoc40*)
                0x0000000010080000                . = ALIGN (0x4)

.bss_RAM3       0x0000000020000000        0x0
 *(.bss.$RAM3*)
 *(.bss.$RamAHB32*)
                0x0000000020000000                . = ALIGN (0x4)

.bss_RAM4       0x0000000020008000        0x0
 *(.bss.$RAM4*)
 *(.bss.$RamAHB16*)
                0x0000000020008000                . = ALIGN (0x4)

.bss_RAM5       0x000000002000c000        0x0
 *(.bss.$RAM5*)
 *(.bss.$RamAHB_ETB16*)
                0x000000002000c000                . = ALIGN (0x4)

.bss            0x0000000010002800      0x214
                0x0000000010002800                _bss = .
 *(.bss*)
 *(COMMON)
 COMMON         0x0000000010002800      0x211 ./src/main.o
                0x0000000010002800                rb
                0x0000000010002a10                TxIntStat
                0x0000000010002a14                . = ALIGN (0x4)
 *fill*         0x0000000010002a11        0x3 00
                0x0000000010002a14                _ebss = .
                0x0000000010002a14                PROVIDE (end, .)
                0x0000000010002a14                PROVIDE (_pvHeapStart, .)
                0x0000000010018000                PROVIDE (_vStackTop, (__top_RamLoc96 - 0x0))
OUTPUT(LPC1830_Xplorer_UartInt.axf elf32-littlearm)

.debug_info     0x0000000000000000     0x41ce
 .debug_info    0x0000000000000000      0x36e ./src/cr_startup_lpc18xx.o
 .debug_info    0x000000000000036e      0xdcb ./src/main.o
 .debug_info    0x0000000000001139     0x1598 /Users/sin/Documents/LPCxpresso/workspace/CMSISv2p10_LPC18xx_DriverLib/Debug/libCMSISv2p10_LPC18xx_DriverLib.a(lpc18xx_cgu.o)
 .debug_info    0x00000000000026d1      0x123 /Users/sin/Documents/LPCxpresso/workspace/CMSISv2p10_LPC18xx_DriverLib/Debug/libCMSISv2p10_LPC18xx_DriverLib.a(lpc18xx_scu.o)
 .debug_info    0x00000000000027f4     0x1284 /Users/sin/Documents/LPCxpresso/workspace/CMSISv2p10_LPC18xx_DriverLib/Debug/libCMSISv2p10_LPC18xx_DriverLib.a(lpc18xx_uart.o)
 .debug_info    0x0000000000003a78      0x756 /Users/sin/Documents/LPCxpresso/workspace/CMSISv2p10_LPC18xx_DriverLib/Debug/libCMSISv2p10_LPC18xx_DriverLib.a(system_LPC18xx.o)

.debug_abbrev   0x0000000000000000      0x904
 .debug_abbrev  0x0000000000000000      0x16e ./src/cr_startup_lpc18xx.o
 .debug_abbrev  0x000000000000016e      0x254 ./src/main.o
 .debug_abbrev  0x00000000000003c2      0x1df /Users/sin/Documents/LPCxpresso/workspace/CMSISv2p10_LPC18xx_DriverLib/Debug/libCMSISv2p10_LPC18xx_DriverLib.a(lpc18xx_cgu.o)
 .debug_abbrev  0x00000000000005a1       0xa0 /Users/sin/Documents/LPCxpresso/workspace/CMSISv2p10_LPC18xx_DriverLib/Debug/libCMSISv2p10_LPC18xx_DriverLib.a(lpc18xx_scu.o)
 .debug_abbrev  0x0000000000000641      0x1c3 /Users/sin/Documents/LPCxpresso/workspace/CMSISv2p10_LPC18xx_DriverLib/Debug/libCMSISv2p10_LPC18xx_DriverLib.a(lpc18xx_uart.o)
 .debug_abbrev  0x0000000000000804      0x100 /Users/sin/Documents/LPCxpresso/workspace/CMSISv2p10_LPC18xx_DriverLib/Debug/libCMSISv2p10_LPC18xx_DriverLib.a(system_LPC18xx.o)

.debug_loc      0x0000000000000000      0xd44
 .debug_loc     0x0000000000000000      0x176 ./src/cr_startup_lpc18xx.o
 .debug_loc     0x0000000000000176      0x2c0 ./src/main.o
 .debug_loc     0x0000000000000436      0x2c0 /Users/sin/Documents/LPCxpresso/workspace/CMSISv2p10_LPC18xx_DriverLib/Debug/libCMSISv2p10_LPC18xx_DriverLib.a(lpc18xx_cgu.o)
 .debug_loc     0x00000000000006f6       0x38 /Users/sin/Documents/LPCxpresso/workspace/CMSISv2p10_LPC18xx_DriverLib/Debug/libCMSISv2p10_LPC18xx_DriverLib.a(lpc18xx_scu.o)
 .debug_loc     0x000000000000072e      0x5ea /Users/sin/Documents/LPCxpresso/workspace/CMSISv2p10_LPC18xx_DriverLib/Debug/libCMSISv2p10_LPC18xx_DriverLib.a(lpc18xx_uart.o)
 .debug_loc     0x0000000000000d18       0x2c /Users/sin/Documents/LPCxpresso/workspace/CMSISv2p10_LPC18xx_DriverLib/Debug/libCMSISv2p10_LPC18xx_DriverLib.a(system_LPC18xx.o)

.debug_aranges  0x0000000000000000      0x2b0
 .debug_aranges
                0x0000000000000000       0x80 ./src/cr_startup_lpc18xx.o
 .debug_aranges
                0x0000000000000080       0x80 ./src/main.o
 .debug_aranges
                0x0000000000000100       0x80 /Users/sin/Documents/LPCxpresso/workspace/CMSISv2p10_LPC18xx_DriverLib/Debug/libCMSISv2p10_LPC18xx_DriverLib.a(lpc18xx_cgu.o)
 .debug_aranges
                0x0000000000000180       0x20 /Users/sin/Documents/LPCxpresso/workspace/CMSISv2p10_LPC18xx_DriverLib/Debug/libCMSISv2p10_LPC18xx_DriverLib.a(lpc18xx_scu.o)
 .debug_aranges
                0x00000000000001a0       0xf0 /Users/sin/Documents/LPCxpresso/workspace/CMSISv2p10_LPC18xx_DriverLib/Debug/libCMSISv2p10_LPC18xx_DriverLib.a(lpc18xx_uart.o)
 .debug_aranges
                0x0000000000000290       0x20 /Users/sin/Documents/LPCxpresso/workspace/CMSISv2p10_LPC18xx_DriverLib/Debug/libCMSISv2p10_LPC18xx_DriverLib.a(system_LPC18xx.o)

.debug_ranges   0x0000000000000000      0x250
 .debug_ranges  0x0000000000000000       0x70 ./src/cr_startup_lpc18xx.o
 .debug_ranges  0x0000000000000070       0x70 ./src/main.o
 .debug_ranges  0x00000000000000e0       0x70 /Users/sin/Documents/LPCxpresso/workspace/CMSISv2p10_LPC18xx_DriverLib/Debug/libCMSISv2p10_LPC18xx_DriverLib.a(lpc18xx_cgu.o)
 .debug_ranges  0x0000000000000150       0x10 /Users/sin/Documents/LPCxpresso/workspace/CMSISv2p10_LPC18xx_DriverLib/Debug/libCMSISv2p10_LPC18xx_DriverLib.a(lpc18xx_scu.o)
 .debug_ranges  0x0000000000000160       0xe0 /Users/sin/Documents/LPCxpresso/workspace/CMSISv2p10_LPC18xx_DriverLib/Debug/libCMSISv2p10_LPC18xx_DriverLib.a(lpc18xx_uart.o)
 .debug_ranges  0x0000000000000240       0x10 /Users/sin/Documents/LPCxpresso/workspace/CMSISv2p10_LPC18xx_DriverLib/Debug/libCMSISv2p10_LPC18xx_DriverLib.a(system_LPC18xx.o)

.debug_line     0x0000000000000000     0x23f7
 .debug_line    0x0000000000000000      0x441 ./src/cr_startup_lpc18xx.o
 .debug_line    0x0000000000000441      0x680 ./src/main.o
 .debug_line    0x0000000000000ac1      0x6bb /Users/sin/Documents/LPCxpresso/workspace/CMSISv2p10_LPC18xx_DriverLib/Debug/libCMSISv2p10_LPC18xx_DriverLib.a(lpc18xx_cgu.o)
 .debug_line    0x000000000000117c      0x3df /Users/sin/Documents/LPCxpresso/workspace/CMSISv2p10_LPC18xx_DriverLib/Debug/libCMSISv2p10_LPC18xx_DriverLib.a(lpc18xx_scu.o)
 .debug_line    0x000000000000155b      0xad7 /Users/sin/Documents/LPCxpresso/workspace/CMSISv2p10_LPC18xx_DriverLib/Debug/libCMSISv2p10_LPC18xx_DriverLib.a(lpc18xx_uart.o)
 .debug_line    0x0000000000002032      0x3c5 /Users/sin/Documents/LPCxpresso/workspace/CMSISv2p10_LPC18xx_DriverLib/Debug/libCMSISv2p10_LPC18xx_DriverLib.a(system_LPC18xx.o)

.debug_macinfo  0x0000000000000000    0x340d6
 .debug_macinfo
                0x0000000000000000     0x7d59 ./src/cr_startup_lpc18xx.o
 .debug_macinfo
                0x0000000000007d59     0xa40a ./src/main.o
 .debug_macinfo
                0x0000000000012163     0x84ee /Users/sin/Documents/LPCxpresso/workspace/CMSISv2p10_LPC18xx_DriverLib/Debug/libCMSISv2p10_LPC18xx_DriverLib.a(lpc18xx_cgu.o)
 .debug_macinfo
                0x000000000001a651     0x808d /Users/sin/Documents/LPCxpresso/workspace/CMSISv2p10_LPC18xx_DriverLib/Debug/libCMSISv2p10_LPC18xx_DriverLib.a(lpc18xx_scu.o)
 .debug_macinfo
                0x00000000000226de     0x9d32 /Users/sin/Documents/LPCxpresso/workspace/CMSISv2p10_LPC18xx_DriverLib/Debug/libCMSISv2p10_LPC18xx_DriverLib.a(lpc18xx_uart.o)
 .debug_macinfo
                0x000000000002c410     0x7cc6 /Users/sin/Documents/LPCxpresso/workspace/CMSISv2p10_LPC18xx_DriverLib/Debug/libCMSISv2p10_LPC18xx_DriverLib.a(system_LPC18xx.o)

.debug_str      0x0000000000000000     0x2716
 .debug_str     0x0000000000000000      0x295 ./src/cr_startup_lpc18xx.o
                                        0x2ca (size before relaxing)
 .debug_str     0x0000000000000295      0x84d ./src/main.o
                                        0x989 (size before relaxing)
 .debug_str     0x0000000000000ae2     0x129c /Users/sin/Documents/LPCxpresso/workspace/CMSISv2p10_LPC18xx_DriverLib/Debug/libCMSISv2p10_LPC18xx_DriverLib.a(lpc18xx_cgu.o)
                                       0x13fa (size before relaxing)
 .debug_str     0x0000000000001d7e       0x38 /Users/sin/Documents/LPCxpresso/workspace/CMSISv2p10_LPC18xx_DriverLib/Debug/libCMSISv2p10_LPC18xx_DriverLib.a(lpc18xx_scu.o)
                                        0x172 (size before relaxing)
 .debug_str     0x0000000000001db6      0x640 /Users/sin/Documents/LPCxpresso/workspace/CMSISv2p10_LPC18xx_DriverLib/Debug/libCMSISv2p10_LPC18xx_DriverLib.a(lpc18xx_uart.o)
                                       0x104f (size before relaxing)
 .debug_str     0x00000000000023f6      0x320 /Users/sin/Documents/LPCxpresso/workspace/CMSISv2p10_LPC18xx_DriverLib/Debug/libCMSISv2p10_LPC18xx_DriverLib.a(system_LPC18xx.o)
                                        0x525 (size before relaxing)

.comment        0x0000000000000000       0x9a
 .comment       0x0000000000000000       0x70 ./src/cr_startup_lpc18xx.o
                                         0x71 (size before relaxing)
 .comment       0x0000000000000000       0x71 ./src/main.o
 .comment       0x0000000000000000       0x71 /Users/sin/Documents/LPCxpresso/workspace/CMSISv2p10_LPC18xx_DriverLib/Debug/libCMSISv2p10_LPC18xx_DriverLib.a(lpc18xx_cgu.o)
 .comment       0x0000000000000000       0x71 /Users/sin/Documents/LPCxpresso/workspace/CMSISv2p10_LPC18xx_DriverLib/Debug/libCMSISv2p10_LPC18xx_DriverLib.a(lpc18xx_scu.o)
 .comment       0x0000000000000000       0x71 /Users/sin/Documents/LPCxpresso/workspace/CMSISv2p10_LPC18xx_DriverLib/Debug/libCMSISv2p10_LPC18xx_DriverLib.a(lpc18xx_uart.o)
 .comment       0x0000000000000000       0x71 /Users/sin/Documents/LPCxpresso/workspace/CMSISv2p10_LPC18xx_DriverLib/Debug/libCMSISv2p10_LPC18xx_DriverLib.a(system_LPC18xx.o)
 .comment       0x0000000000000070       0x2a /Applications/redsuite_4.3.0_1033/redsuite/tools/bin/../lib/gcc/arm-none-eabi/4.6.2/../../../../arm-none-eabi/lib/armv7-m/libcr_c.a(__weak__main.o)
                                         0x2b (size before relaxing)

.ARM.attributes
                0x0000000000000000       0x31
 .ARM.attributes
                0x0000000000000000       0x33 ./src/cr_startup_lpc18xx.o
 .ARM.attributes
                0x0000000000000033       0x33 ./src/main.o
 .ARM.attributes
                0x0000000000000066       0x33 /Users/sin/Documents/LPCxpresso/workspace/CMSISv2p10_LPC18xx_DriverLib/Debug/libCMSISv2p10_LPC18xx_DriverLib.a(lpc18xx_cgu.o)
 .ARM.attributes
                0x0000000000000099       0x33 /Users/sin/Documents/LPCxpresso/workspace/CMSISv2p10_LPC18xx_DriverLib/Debug/libCMSISv2p10_LPC18xx_DriverLib.a(lpc18xx_scu.o)
 .ARM.attributes
                0x00000000000000cc       0x33 /Users/sin/Documents/LPCxpresso/workspace/CMSISv2p10_LPC18xx_DriverLib/Debug/libCMSISv2p10_LPC18xx_DriverLib.a(lpc18xx_uart.o)
 .ARM.attributes
                0x00000000000000ff       0x33 /Users/sin/Documents/LPCxpresso/workspace/CMSISv2p10_LPC18xx_DriverLib/Debug/libCMSISv2p10_LPC18xx_DriverLib.a(system_LPC18xx.o)
 .ARM.attributes
                0x0000000000000132       0x31 /Applications/redsuite_4.3.0_1033/redsuite/tools/bin/../lib/gcc/arm-none-eabi/4.6.2/../../../../arm-none-eabi/lib/armv7-m/libcr_c.a(__weak__main.o)
 .ARM.attributes
                0x0000000000000163       0x21 /Applications/redsuite_4.3.0_1033/redsuite/tools/bin/../lib/gcc/arm-none-eabi/4.6.2/armv7-m/libcr_eabihelpers.a(division.o)

.debug_frame    0x0000000000000000      0x7d4
 .debug_frame   0x0000000000000000       0xf4 ./src/cr_startup_lpc18xx.o
 .debug_frame   0x00000000000000f4      0x198 ./src/main.o
 .debug_frame   0x000000000000028c      0x184 /Users/sin/Documents/LPCxpresso/workspace/CMSISv2p10_LPC18xx_DriverLib/Debug/libCMSISv2p10_LPC18xx_DriverLib.a(lpc18xx_cgu.o)
 .debug_frame   0x0000000000000410       0x2c /Users/sin/Documents/LPCxpresso/workspace/CMSISv2p10_LPC18xx_DriverLib/Debug/libCMSISv2p10_LPC18xx_DriverLib.a(lpc18xx_scu.o)
 .debug_frame   0x000000000000043c      0x36c /Users/sin/Documents/LPCxpresso/workspace/CMSISv2p10_LPC18xx_DriverLib/Debug/libCMSISv2p10_LPC18xx_DriverLib.a(lpc18xx_uart.o)
 .debug_frame   0x00000000000007a8       0x2c /Users/sin/Documents/LPCxpresso/workspace/CMSISv2p10_LPC18xx_DriverLib/Debug/libCMSISv2p10_LPC18xx_DriverLib.a(system_LPC18xx.o)
